07-23 01:12:11.395  2516  2760 D OplusSignalSmooth/0: onSignalStrengthResultExt,oldSignalStrength:SignalStrength:{mCdma=CellSignalStrengthCdma: cdmaDbm=2147483647 cdmaEcio=2147483647 evdoDbm=2147483647 evdoEcio=2147483647 evdoSnr=2147483647 level=0,mGsm=CellSignalStrengthGsm: rssi=-79 ber=99 mTa=2147483647 mLevel=4,mWcdma=CellSignalStrengthWcdma: ss=2147483647 ber=2147483647 rscp=2147483647 ecno=2147483647 level=0,mTdscdma=CellSignalStrengthTdscdma: rssi=2147483647 ber=2147483647 rscp=2147483647 level=0,mLte=CellSignalStrengthLte: rssi=2147483647 rsrp=2147483647 rsrq=2147483647 rssnr=2147483647 cqiTableIndex=2147483647 cqi=2147483647 ta=2147483647 level=0 parametersUseForLevel=1,mNr=CellSignalStrengthNr:{ csiRsrp = 2147483647 csiRsrq = 2147483647 csiCqiTableIndex = 2147483647 csiCqiReport = [] ssRsrp = 2147483647 ssRsrq = 2147483647 ssSinr = 2147483647 level = 0 parametersUseForLevel = 1 timingAdvance = 2147483647 },primary=CellSignalStrengthGsm}
07-23 01:12:11.395  2516  2760 D OplusSignalSmooth/0: mOrigSignalStrength:SignalStrength:{mCdma=CellSignalStrengthCdma: cdmaDbm=2147483647 cdmaEcio=2147483647 evdoDbm=2147483647 evdoEcio=2147483647 evdoSnr=2147483647 level=0,mGsm=CellSignalStrengthGsm: rssi=-77 ber=99 mTa=2147483647 mLevel=4,mWcdma=CellSignalStrengthWcdma: ss=2147483647 ber=2147483647 rscp=2147483647 ecno=2147483647 level=0,mTdscdma=CellSignalStrengthTdscdma: rssi=2147483647 ber=2147483647 rscp=2147483647 level=0,mLte=CellSignalStrengthLte: rssi=2147483647 rsrp=2147483647 rsrq=2147483647 rssnr=2147483647 cqiTableIndex=2147483647 cqi=2147483647 ta=2147483647 level=0 parametersUseForLevel=1,mNr=CellSignalStrengthNr:{ csiRsrp = 2147483647 csiRsrq = 2147483647 csiCqiTableIndex = 2147483647 csiCqiReport = [] ssRsrp = 2147483647 ssRsrq = 2147483647 ssSinr = 2147483647 level = 0 parametersUseForLevel = 1 timingAdvance = 2147483647 },primary=CellSignalStrengthGsm}
07-23 01:12:11.395  2516  2760 D OplusSignalSmooth/0: no service fix signal...
07-23 01:12:11.399  2516  2760 D OplusSignalSmooth/0: notifySignalStrength, mSignalStrength: SignalStrength:{mCdma=CellSignalStrengthCdma: cdmaDbm=2147483647 cdmaEcio=2147483647 evdoDbm=2147483647 evdoEcio=2147483647 evdoSnr=2147483647 level=0,mGsm=CellSignalStrengthGsm: rssi=-77 ber=99 mTa=2147483647 mLevel=4,mWcdma=CellSignalStrengthWcdma: ss=2147483647 ber=2147483647 rscp=2147483647 ecno=2147483647 level=0,mTdscdma=CellSignalStrengthTdscdma: rssi=2147483647 ber=2147483647 rscp=2147483647 level=0,mLte=CellSignalStrengthLte: rssi=2147483647 rsrp=2147483647 rsrq=2147483647 rssnr=2147483647 cqiTableIndex=2147483647 cqi=2147483647 ta=2147483647 level=0 parametersUseForLevel=1,mNr=CellSignalStrengthNr:{ csiRsrp = 2147483647 csiRsrq = 2147483647 csiCqiTableIndex = 2147483647 csiCqiReport = [] ssRsrp = 2147483647 ssRsrq = 2147483647 ssSinr = 2147483647 level = 0 parametersUseForLevel = 1 timingAdvance = 2147483647 },primary=CellSignalStrengthGsm}
07-23 01:12:36.801  2516  2760 D OplusSignalSmooth/0: EventHandler:1
07-23 01:12:36.808  2516  2760 D OplusSignalSmooth/1: EventHandler:1
07-23 01:12:36.894  2516  2516 D DeviceStateMonitor: shouldEnableSignalStrengthReports, mIsAlwaysSignalStrengthReportingEnabled:false mIsCharging:false mIsScreenOn:falsemIsRadioOntrue
07-23 01:12:36.897  2516  2516 D DeviceStateMonitor: shouldEnableSignalStrengthReports, mIsAlwaysSignalStrengthReportingEnabled:false mIsCharging:false mIsScreenOn:falsemIsRadioOnfalse
07-23 01:12:36.910  2516  2516 D RILJ    : [0532]> SET_SIGNAL_STRENGTH_REPORTING_CRITERIA [PHONE0]
07-23 01:12:36.912  2516  2516 D SSCtr   : setSignalStrengthReportingCriteria consolidatedSignalThresholdInfos=[SignalThresholdInfo{mRan=1 mSignalMeasurementType=1 mHysteresisMs=3000 mHysteresisDb=2 mThresholds=[] mIsEnabled=false}, SignalThresholdInfo{mRan=2 mSignalMeasurementType=2 mHysteresisMs=3000 mHysteresisDb=2 mThresholds=[] mIsEnabled=false}, SignalThresholdInfo{mRan=3 mSignalMeasurementType=3 mHysteresisMs=3000 mHysteresisDb=2 mThresholds=[] mIsEnabled=false}, SignalThresholdInfo{mRan=3 mSignalMeasurementType=4 mHysteresisMs=3000 mHysteresisDb=2 mThresholds=[] mIsEnabled=false}, SignalThresholdInfo{mRan=3 mSignalMeasurementType=5 mHysteresisMs=3000 mHysteresisDb=2 mThresholds=[] mIsEnabled=false}, SignalThresholdInfo{mRan=6 mSignalMeasurementType=6 mHysteresisMs=3000 mHysteresisDb=2 mThresholds=[] mIsEnabled=false}, SignalThresholdInfo{mRan=6 mSignalMeasurementType=7 mHysteresisMs=3000 mHysteresisDb=2 mThresholds=[] mIsEnabled=false}, SignalThresholdInfo{mRan=6 mSignalMeasurementType=8 mHysteresisMs=3000 mHysteresisDb=2 mThresholds=[] mIsEnabled=false}, SignalThresholdInfo{mRan=2 mSignalMeasurementType=9 mHysteresisMs=3000 mHysteresisDb=2 mThresholds=[] mIsEnabled=false}]
07-23 01:12:37.244  2516  2745 D RILJ    : [0532]< SET_SIGNAL_STRENGTH_REPORTING_CRITERIA  [PHONE0]
07-23 01:12:37.323  2516  2516 D OplusSignalSmooth/0: oemOosDelayState should not delay oos
07-23 01:12:37.323  2516  2516 D OplusSignalSmooth/0: oemOosDelayState: mOosDelayState = 0, oldstate=0, mSimState = 1, isOos=true, isOosInVowifi:false, mRadioResetState = 0
07-23 01:12:40.212  1487  1681 E RILMUXD : 3275:thread_serial_device_read(): Interrupt signal EINTR caught
07-23 01:12:43.124  1487  1681 E RILMUXD : 3275:thread_serial_device_read(): Interrupt signal EINTR caught
07-23 01:12:44.577  1487  1681 E RILMUXD : 3275:thread_serial_device_read(): Interrupt signal EINTR caught
07-23 01:12:45.955  1487  1681 E RILMUXD : 3275:thread_serial_device_read(): Interrupt signal EINTR caught
07-23 01:12:46.905  1487  1681 E RILMUXD : 3275:thread_serial_device_read(): Interrupt signal EINTR caught
07-23 01:12:48.345  1487  1681 E RILMUXD : 3275:thread_serial_device_read(): Interrupt signal EINTR caught
07-23 01:12:49.893  1487  1681 E RILMUXD : 3275:thread_serial_device_read(): Interrupt signal EINTR caught
07-23 01:13:15.174  1487  1681 E RILMUXD : 3275:thread_serial_device_read(): Interrupt signal EINTR caught
07-23 01:13:23.363  1487  1681 E RILMUXD : 3275:thread_serial_device_read(): Interrupt signal EINTR caught
07-23 01:13:26.445  1487  1681 E RILMUXD : 3275:thread_serial_device_read(): Interrupt signal EINTR caught
07-23 01:13:27.621  1487  1681 E RILMUXD : 3275:thread_serial_device_read(): Interrupt signal EINTR caught
07-23 01:13:38.531  1487  1681 E RILMUXD : 3275:thread_serial_device_read(): Interrupt signal EINTR caught
07-23 01:13:39.993  1487  1681 E RILMUXD : 3275:thread_serial_device_read(): Interrupt signal EINTR caught
07-23 01:13:40.484  1487  1681 E RILMUXD : 3275:thread_serial_device_read(): Interrupt signal EINTR caught
07-23 01:13:47.127  1487  1681 E RILMUXD : 3275:thread_serial_device_read(): Interrupt signal EINTR caught
07-23 01:13:48.146  1487  1681 E RILMUXD : 3275:thread_serial_device_read(): Interrupt signal EINTR caught
07-23 01:13:52.048  1487  1681 E RILMUXD : 3275:thread_serial_device_read(): Interrupt signal EINTR caught
07-23 01:14:53.083  1487  1681 E RILMUXD : 3275:thread_serial_device_read(): Interrupt signal EINTR caught
07-23 01:14:55.357  1487  1681 E RILMUXD : 3275:thread_serial_device_read(): Interrupt signal EINTR caught
07-23 01:14:56.031  1487  1681 E RILMUXD : 3275:thread_serial_device_read(): Interrupt signal EINTR caught
07-23 01:14:57.392  1487  1681 E RILMUXD : 3275:thread_serial_device_read(): Interrupt signal EINTR caught
07-23 01:14:59.637  1487  1681 E RILMUXD : 3275:thread_serial_device_read(): Interrupt signal EINTR caught
07-23 01:15:00.326  1487  1681 E RILMUXD : 3275:thread_serial_device_read(): Interrupt signal EINTR caught
07-23 01:15:02.300  1487  1681 E RILMUXD : 3275:thread_serial_device_read(): Interrupt signal EINTR caught
07-23 01:15:04.956  1487  1681 E RILMUXD : 3275:thread_serial_device_read(): Interrupt signal EINTR caught
07-23 01:15:05.994  1487  1681 E RILMUXD : 3275:thread_serial_device_read(): Interrupt signal EINTR caught
07-23 01:15:10.086  1487  1681 E RILMUXD : 3275:thread_serial_device_read(): Interrupt signal EINTR caught
07-23 01:15:10.764  1487  1681 E RILMUXD : 3275:thread_serial_device_read(): Interrupt signal EINTR caught
07-23 01:15:13.484  1487  1681 E RILMUXD : 3275:thread_serial_device_read(): Interrupt signal EINTR caught
07-23 01:15:14.718  1487  1681 E RILMUXD : 3275:thread_serial_device_read(): Interrupt signal EINTR caught
07-23 01:15:17.665  1487  1681 E RILMUXD : 3275:thread_serial_device_read(): Interrupt signal EINTR caught
07-23 01:15:18.113  1487  1681 E RILMUXD : 3275:thread_serial_device_read(): Interrupt signal EINTR caught
07-23 01:15:21.148  1487  1681 E RILMUXD : 3275:thread_serial_device_read(): Interrupt signal EINTR caught
07-23 01:15:26.053  1487  1681 E RILMUXD : 3275:thread_serial_device_read(): Interrupt signal EINTR caught
07-23 01:15:29.742  1487  1681 E RILMUXD : 3275:thread_serial_device_read(): Interrupt signal EINTR caught
07-23 01:15:31.380  1487  1681 E RILMUXD : 3275:thread_serial_device_read(): Interrupt signal EINTR caught
07-23 01:15:31.815  1487  1681 E RILMUXD : 3275:thread_serial_device_read(): Interrupt signal EINTR caught
07-23 01:15:32.467  1487  1681 E RILMUXD : 3275:thread_serial_device_read(): Interrupt signal EINTR caught
07-23 01:15:35.271  1487  1681 E RILMUXD : 3275:thread_serial_device_read(): Interrupt signal EINTR caught
07-23 01:15:35.991  1487  1681 E RILMUXD : 3275:thread_serial_device_read(): Interrupt signal EINTR caught
07-23 01:15:36.458  1487  1681 E RILMUXD : 3275:thread_serial_device_read(): Interrupt signal EINTR caught
07-23 01:15:41.422  1487  1681 E RILMUXD : 3275:thread_serial_device_read(): Interrupt signal EINTR caught
07-23 01:15:45.507  1487  1681 E RILMUXD : 3275:thread_serial_device_read(): Interrupt signal EINTR caught
07-23 01:15:59.638  1487  1681 E RILMUXD : 3275:thread_serial_device_read(): Interrupt signal EINTR caught
07-23 01:16:02.298  1487  1681 E RILMUXD : 3275:thread_serial_device_read(): Interrupt signal EINTR caught
07-23 01:16:03.005  1487  1681 E RILMUXD : 3275:thread_serial_device_read(): Interrupt signal EINTR caught
07-23 01:16:04.049  1487  1681 E RILMUXD : 3275:thread_serial_device_read(): Interrupt signal EINTR caught
07-23 01:16:10.506  1487  1681 E RILMUXD : 3275:thread_serial_device_read(): Interrupt signal EINTR caught
07-23 01:16:21.550  1487  1681 E RILMUXD : 3275:thread_serial_device_read(): Interrupt signal EINTR caught
07-23 01:16:24.015  1487  1681 E RILMUXD : 3275:thread_serial_device_read(): Interrupt signal EINTR caught
07-23 01:16:25.468  1487  1681 E RILMUXD : 3275:thread_serial_device_read(): Interrupt signal EINTR caught
07-23 01:16:26.484  1487  1681 E RILMUXD : 3275:thread_serial_device_read(): Interrupt signal EINTR caught
07-23 01:16:31.320  1487  1681 E RILMUXD : 3275:thread_serial_device_read(): Interrupt signal EINTR caught
07-23 01:16:45.248  1487  1681 E RILMUXD : 3275:thread_serial_device_read(): Interrupt signal EINTR caught
07-23 01:16:50.603  1487  1681 E RILMUXD : 3275:thread_serial_device_read(): Interrupt signal EINTR caught
07-23 01:16:52.657  1487  1681 E RILMUXD : 3275:thread_serial_device_read(): Interrupt signal EINTR caught
07-23 01:16:53.115  1487  1681 E RILMUXD : 3275:thread_serial_device_read(): Interrupt signal EINTR caught
07-23 01:16:58.167  1487  1681 E RILMUXD : 3275:thread_serial_device_read(): Interrupt signal EINTR caught
07-23 01:16:58.613  1487  1681 E RILMUXD : 3275:thread_serial_device_read(): Interrupt signal EINTR caught
07-23 01:17:01.710  1487  1681 E RILMUXD : 3275:thread_serial_device_read(): Interrupt signal EINTR caught
07-23 01:17:02.135  1487  1681 E RILMUXD : 3275:thread_serial_device_read(): Interrupt signal EINTR caught
07-23 01:17:03.295  1487  1681 E RILMUXD : 3275:thread_serial_device_read(): Interrupt signal EINTR caught
07-23 01:17:03.881  1487  1681 E RILMUXD : 3275:thread_serial_device_read(): Interrupt signal EINTR caught
07-23 01:17:05.596  1487  1681 E RILMUXD : 3275:thread_serial_device_read(): Interrupt signal EINTR caught
07-23 01:17:16.621  1487  1681 E RILMUXD : 3275:thread_serial_device_read(): Interrupt signal EINTR caught
07-23 01:17:29.958  1487  1681 E RILMUXD : 3275:thread_serial_device_read(): Interrupt signal EINTR caught
07-23 01:17:30.387  1487  1681 E RILMUXD : 3275:thread_serial_device_read(): Interrupt signal EINTR caught
07-23 01:17:32.426  1487  1681 E RILMUXD : 3275:thread_serial_device_read(): Interrupt signal EINTR caught
07-23 01:17:32.839  1487  1681 E RILMUXD : 3275:thread_serial_device_read(): Interrupt signal EINTR caught
07-23 01:17:40.614  1487  1681 E RILMUXD : 3275:thread_serial_device_read(): Interrupt signal EINTR caught
07-23 01:17:51.262  1487  1681 E RILMUXD : 3275:thread_serial_device_read(): Interrupt signal EINTR caught
07-23 01:17:51.690  1487  1681 E RILMUXD : 3275:thread_serial_device_read(): Interrupt signal EINTR caught
07-23 01:18:27.724  1487  1681 E RILMUXD : 3275:thread_serial_device_read(): Interrupt signal EINTR caught
07-23 01:18:28.143  1487  1681 E RILMUXD : 3275:thread_serial_device_read(): Interrupt signal EINTR caught
07-23 01:18:38.246  1487  1681 E RILMUXD : 3275:thread_serial_device_read(): Interrupt signal EINTR caught
07-23 01:18:38.650  1708  1738 D RtcMwi  : [0] onHandleRequest: request id 60527 is RFX_MSG_REQUEST_SET_WIFI_SIGNAL_LEVEL
07-23 01:18:38.665  1708  1738 D RtcMwi  : [0] onHandleResponse, handle RFX_MSG_REQUEST_SET_WIFI_SIGNAL_LEVEL
07-23 01:19:33.229  1487  1681 E RILMUXD : 3275:thread_serial_device_read(): Interrupt signal EINTR caught
07-23 01:20:56.161  1487  1681 E RILMUXD : 3275:thread_serial_device_read(): Interrupt signal EINTR caught
07-23 01:21:01.496  1487  1681 E RILMUXD : 3275:thread_serial_device_read(): Interrupt signal EINTR caught
07-23 01:21:05.195  1487  1681 E RILMUXD : 3275:thread_serial_device_read(): Interrupt signal EINTR caught
07-23 01:21:06.631  1487  1681 E RILMUXD : 3275:thread_serial_device_read(): Interrupt signal EINTR caught
07-23 01:21:17.686  1487  1681 E RILMUXD : 3275:thread_serial_device_read(): Interrupt signal EINTR caught
07-23 01:21:18.720  1487  1681 E RILMUXD : 3275:thread_serial_device_read(): Interrupt signal EINTR caught
07-23 01:21:22.626  1487  1681 E RILMUXD : 3275:thread_serial_device_read(): Interrupt signal EINTR caught
07-23 01:21:23.818  1487  1681 E RILMUXD : 3275:thread_serial_device_read(): Interrupt signal EINTR caught
07-23 01:21:27.704  1487  1681 E RILMUXD : 3275:thread_serial_device_read(): Interrupt signal EINTR caught
07-23 01:21:31.391  1487  1681 E RILMUXD : 3275:thread_serial_device_read(): Interrupt signal EINTR caught
07-23 01:21:33.036  1487  1681 E RILMUXD : 3275:thread_serial_device_read(): Interrupt signal EINTR caught
07-23 01:21:35.486  1487  1681 E RILMUXD : 3275:thread_serial_device_read(): Interrupt signal EINTR caught
07-23 01:21:41.862  1487  1681 E RILMUXD : 3275:thread_serial_device_read(): Interrupt signal EINTR caught
07-23 01:21:42.747  1487  1681 E RILMUXD : 3275:thread_serial_device_read(): Interrupt signal EINTR caught
07-23 01:21:55.160  1487  1681 E RILMUXD : 3275:thread_serial_device_read(): Interrupt signal EINTR caught
07-23 01:21:55.805  1487  1681 E RILMUXD : 3275:thread_serial_device_read(): Interrupt signal EINTR caught
07-23 01:21:56.793  1487  1681 E RILMUXD : 3275:thread_serial_device_read(): Interrupt signal EINTR caught
07-23 01:21:57.225  1487  1681 E RILMUXD : 3275:thread_serial_device_read(): Interrupt signal EINTR caught
07-23 01:21:59.064  1487  1681 E RILMUXD : 3275:thread_serial_device_read(): Interrupt signal EINTR caught
07-23 01:21:59.493  1487  1681 E RILMUXD : 3275:thread_serial_device_read(): Interrupt signal EINTR caught
07-23 01:22:00.049  1487  1681 E RILMUXD : 3275:thread_serial_device_read(): Interrupt signal EINTR caught
07-23 01:22:09.901  1487  1681 E RILMUXD : 3275:thread_serial_device_read(): Interrupt signal EINTR caught
07-23 01:22:24.242  1487  1681 E RILMUXD : 3275:thread_serial_device_read(): Interrupt signal EINTR caught
07-23 01:22:25.929  1487  1681 E RILMUXD : 3275:thread_serial_device_read(): Interrupt signal EINTR caught
07-23 01:22:26.349  1487  1681 E RILMUXD : 3275:thread_serial_device_read(): Interrupt signal EINTR caught
07-23 01:22:28.148  1487  1681 E RILMUXD : 3275:thread_serial_device_read(): Interrupt signal EINTR caught
07-23 01:22:30.354  1487  1681 E RILMUXD : 3275:thread_serial_device_read(): Interrupt signal EINTR caught
07-23 01:22:32.657  1487  1681 E RILMUXD : 3275:thread_serial_device_read(): Interrupt signal EINTR caught
07-23 01:22:40.642  1487  1681 E RILMUXD : 3275:thread_serial_device_read(): Interrupt signal EINTR caught
07-23 01:22:41.056  1487  1681 E RILMUXD : 3275:thread_serial_device_read(): Interrupt signal EINTR caught
07-23 01:22:44.135  1487  1681 E RILMUXD : 3275:thread_serial_device_read(): Interrupt signal EINTR caught
07-23 01:22:50.054  1487  1681 E RILMUXD : 3275:thread_serial_device_read(): Interrupt signal EINTR caught
07-23 01:22:51.671  1487  1681 E RILMUXD : 3275:thread_serial_device_read(): Interrupt signal EINTR caught
07-23 01:22:56.207  1487  1681 E RILMUXD : 3275:thread_serial_device_read(): Interrupt signal EINTR caught
07-23 01:23:00.894  1487  1681 E RILMUXD : 3275:thread_serial_device_read(): Interrupt signal EINTR caught
07-23 01:23:01.838  1487  1681 E RILMUXD : 3275:thread_serial_device_read(): Interrupt signal EINTR caught
07-23 01:23:02.942  1487  1681 E RILMUXD : 3275:thread_serial_device_read(): Interrupt signal EINTR caught
07-23 01:23:03.306  1487  1681 E RILMUXD : 3275:thread_serial_device_read(): Interrupt signal EINTR caught
07-23 01:23:04.130  1487  1681 E RILMUXD : 3275:thread_serial_device_read(): Interrupt signal EINTR caught
07-23 01:23:08.426  1487  1681 E RILMUXD : 3275:thread_serial_device_read(): Interrupt signal EINTR caught
07-23 01:23:10.538  1487  1681 E RILMUXD : 3275:thread_serial_device_read(): Interrupt signal EINTR caught
07-23 01:23:13.451  1487  1681 E RILMUXD : 3275:thread_serial_device_read(): Interrupt signal EINTR caught
07-23 01:23:13.857  1487  1681 E RILMUXD : 3275:thread_serial_device_read(): Interrupt signal EINTR caught
07-23 01:23:16.472  1487  1681 E RILMUXD : 3275:thread_serial_device_read(): Interrupt signal EINTR caught
07-23 01:23:21.593  1487  1681 E RILMUXD : 3275:thread_serial_device_read(): Interrupt signal EINTR caught
07-23 01:23:22.008  1487  1681 E RILMUXD : 3275:thread_serial_device_read(): Interrupt signal EINTR caught
07-23 01:23:23.421  1487  1681 E RILMUXD : 3275:thread_serial_device_read(): Interrupt signal EINTR caught
07-23 01:23:26.705  1487  1681 E RILMUXD : 3275:thread_serial_device_read(): Interrupt signal EINTR caught
07-23 01:23:27.143  1487  1681 E RILMUXD : 3275:thread_serial_device_read(): Interrupt signal EINTR caught
07-23 01:23:27.497  1487  1681 E RILMUXD : 3275:thread_serial_device_read(): Interrupt signal EINTR caught
07-23 01:23:30.611  1487  1681 E RILMUXD : 3275:thread_serial_device_read(): Interrupt signal EINTR caught
07-23 01:23:31.169  1487  1681 E RILMUXD : 3275:thread_serial_device_read(): Interrupt signal EINTR caught
07-23 01:23:36.143  1487  1681 E RILMUXD : 3275:thread_serial_device_read(): Interrupt signal EINTR caught
07-23 01:23:36.566  1487  1681 E RILMUXD : 3275:thread_serial_device_read(): Interrupt signal EINTR caught
07-23 01:23:37.741  1487  1681 E RILMUXD : 3275:thread_serial_device_read(): Interrupt signal EINTR caught
07-23 01:23:50.893  1487  1681 E RILMUXD : 3275:thread_serial_device_read(): Interrupt signal EINTR caught
07-23 01:23:51.330  1487  1681 E RILMUXD : 3275:thread_serial_device_read(): Interrupt signal EINTR caught
07-23 01:24:27.961  1487  1681 E RILMUXD : 3275:thread_serial_device_read(): Interrupt signal EINTR caught
07-23 01:24:32.870  1487  1681 E RILMUXD : 3275:thread_serial_device_read(): Interrupt signal EINTR caught
07-23 01:24:33.307  1487  1681 E RILMUXD : 3275:thread_serial_device_read(): Interrupt signal EINTR caught
07-23 01:24:44.963  1487  1681 E RILMUXD : 3275:thread_serial_device_read(): Interrupt signal EINTR caught
07-23 01:24:45.380  1487  1681 E RILMUXD : 3275:thread_serial_device_read(): Interrupt signal EINTR caught
07-23 01:24:53.563  1487  1681 E RILMUXD : 3275:thread_serial_device_read(): Interrupt signal EINTR caught
07-23 01:24:53.963  1487  1681 E RILMUXD : 3275:thread_serial_device_read(): Interrupt signal EINTR caught
07-23 01:24:59.907  1487  1681 E RILMUXD : 3275:thread_serial_device_read(): Interrupt signal EINTR caught
07-23 01:25:01.234  1487  1681 E RILMUXD : 3275:thread_serial_device_read(): Interrupt signal EINTR caught
07-23 01:25:02.974  1487  1681 E RILMUXD : 3275:thread_serial_device_read(): Interrupt signal EINTR caught
07-23 01:25:06.661  1487  1681 E RILMUXD : 3275:thread_serial_device_read(): Interrupt signal EINTR caught
07-23 01:25:07.096  1487  1681 E RILMUXD : 3275:thread_serial_device_read(): Interrupt signal EINTR caught
07-23 01:25:07.736  1487  1681 E RILMUXD : 3275:thread_serial_device_read(): Interrupt signal EINTR caught
07-23 01:25:09.743  1487  1681 E RILMUXD : 3275:thread_serial_device_read(): Interrupt signal EINTR caught
07-23 01:25:10.159  1487  1681 E RILMUXD : 3275:thread_serial_device_read(): Interrupt signal EINTR caught
07-23 01:25:18.745  1487  1681 E RILMUXD : 3275:thread_serial_device_read(): Interrupt signal EINTR caught
07-23 01:25:34.513  1487  1681 E RILMUXD : 3275:thread_serial_device_read(): Interrupt signal EINTR caught
07-23 01:25:35.687  1487  1681 E RILMUXD : 3275:thread_serial_device_read(): Interrupt signal EINTR caught
07-23 01:26:12.393  1487  1681 E RILMUXD : 3275:thread_serial_device_read(): Interrupt signal EINTR caught
07-23 01:26:26.326  1487  1681 E RILMUXD : 3275:thread_serial_device_read(): Interrupt signal EINTR caught
07-23 01:26:44.253  1487  1681 E RILMUXD : 3275:thread_serial_device_read(): Interrupt signal EINTR caught
07-23 01:27:37.604  1487  1681 E RILMUXD : 3275:thread_serial_device_read(): Interrupt signal EINTR caught
07-23 01:27:38.667  1487  1681 E RILMUXD : 3275:thread_serial_device_read(): Interrupt signal EINTR caught
07-23 01:27:39.164  1487  1681 E RILMUXD : 3275:thread_serial_device_read(): Interrupt signal EINTR caught
07-23 01:27:48.046  1487  1681 E RILMUXD : 3275:thread_serial_device_read(): Interrupt signal EINTR caught
07-23 01:27:48.463  1487  1681 E RILMUXD : 3275:thread_serial_device_read(): Interrupt signal EINTR caught
07-23 01:27:48.837  1487  1681 E RILMUXD : 3275:thread_serial_device_read(): Interrupt signal EINTR caught
07-23 01:27:49.447  1487  1681 E RILMUXD : 3275:thread_serial_device_read(): Interrupt signal EINTR caught
07-23 01:27:50.427  1487  1681 E RILMUXD : 3275:thread_serial_device_read(): Interrupt signal EINTR caught
07-23 01:28:19.178  1487  1681 E RILMUXD : 3275:thread_serial_device_read(): Interrupt signal EINTR caught
07-23 01:28:25.108  1487  1681 E RILMUXD : 3275:thread_serial_device_read(): Interrupt signal EINTR caught
07-23 01:28:26.940  1487  1681 E RILMUXD : 3275:thread_serial_device_read(): Interrupt signal EINTR caught
07-23 01:28:29.216  1487  1681 E RILMUXD : 3275:thread_serial_device_read(): Interrupt signal EINTR caught
07-23 01:28:29.633  1487  1681 E RILMUXD : 3275:thread_serial_device_read(): Interrupt signal EINTR caught
07-23 01:28:30.015  1487  1681 E RILMUXD : 3275:thread_serial_device_read(): Interrupt signal EINTR caught
07-23 01:28:30.591  1487  1681 E RILMUXD : 3275:thread_serial_device_read(): Interrupt signal EINTR caught
07-23 01:28:31.679  1487  1681 E RILMUXD : 3275:thread_serial_device_read(): Interrupt signal EINTR caught
07-23 01:28:34.748  1487  1681 E RILMUXD : 3275:thread_serial_device_read(): Interrupt signal EINTR caught
07-23 01:28:35.197  1487  1681 E RILMUXD : 3275:thread_serial_device_read(): Interrupt signal EINTR caught
07-23 01:28:35.580  1487  1681 E RILMUXD : 3275:thread_serial_device_read(): Interrupt signal EINTR caught
07-23 01:28:36.457  1487  1681 E RILMUXD : 3275:thread_serial_device_read(): Interrupt signal EINTR caught
07-23 01:28:37.709  1487  1681 E RILMUXD : 3275:thread_serial_device_read(): Interrupt signal EINTR caught
07-23 01:28:41.092  1487  1681 E RILMUXD : 3275:thread_serial_device_read(): Interrupt signal EINTR caught
07-23 01:28:48.459  1487  1681 E RILMUXD : 3275:thread_serial_device_read(): Interrupt signal EINTR caught
07-23 01:28:48.893  1487  1681 E RILMUXD : 3275:thread_serial_device_read(): Interrupt signal EINTR caught
07-23 01:28:53.807  1487  1681 E RILMUXD : 3275:thread_serial_device_read(): Interrupt signal EINTR caught
07-23 01:28:54.220  1487  1681 E RILMUXD : 3275:thread_serial_device_read(): Interrupt signal EINTR caught
07-23 01:29:00.138  1487  1681 E RILMUXD : 3275:thread_serial_device_read(): Interrupt signal EINTR caught
07-23 01:29:04.424  1487  1681 E RILMUXD : 3275:thread_serial_device_read(): Interrupt signal EINTR caught
07-23 01:29:04.845  1487  1681 E RILMUXD : 3275:thread_serial_device_read(): Interrupt signal EINTR caught
07-23 01:29:18.561  1487  1681 E RILMUXD : 3275:thread_serial_device_read(): Interrupt signal EINTR caught
07-23 01:29:23.274  1487  1681 E RILMUXD : 3275:thread_serial_device_read(): Interrupt signal EINTR caught
07-23 01:29:23.694  1487  1681 E RILMUXD : 3275:thread_serial_device_read(): Interrupt signal EINTR caught
07-23 01:29:27.592  1487  1681 E RILMUXD : 3275:thread_serial_device_read(): Interrupt signal EINTR caught
07-23 01:29:32.691  1487  1681 E RILMUXD : 3275:thread_serial_device_read(): Interrupt signal EINTR caught
07-23 01:29:35.362  1487  1681 E RILMUXD : 3275:thread_serial_device_read(): Interrupt signal EINTR caught
07-23 01:29:37.586  1487  1681 E RILMUXD : 3275:thread_serial_device_read(): Interrupt signal EINTR caught
07-23 01:29:38.894  1487  1681 E RILMUXD : 3275:thread_serial_device_read(): Interrupt signal EINTR caught
07-23 01:29:44.172  1487  1681 E RILMUXD : 3275:thread_serial_device_read(): Interrupt signal EINTR caught
07-23 01:29:46.421  1487  1681 E RILMUXD : 3275:thread_serial_device_read(): Interrupt signal EINTR caught
07-23 01:29:51.607  1487  1681 E RILMUXD : 3275:thread_serial_device_read(): Interrupt signal EINTR caught
07-23 01:29:53.384  1487  1681 E RILMUXD : 3275:thread_serial_device_read(): Interrupt signal EINTR caught
07-23 01:29:58.602  1487  1681 E RILMUXD : 3275:thread_serial_device_read(): Interrupt signal EINTR caught
07-23 01:30:00.237  1487  1681 E RILMUXD : 3275:thread_serial_device_read(): Interrupt signal EINTR caught
07-23 01:30:02.450  1487  1681 E RILMUXD : 3275:thread_serial_device_read(): Interrupt signal EINTR caught
07-23 01:30:03.993  1487  1681 E RILMUXD : 3275:thread_serial_device_read(): Interrupt signal EINTR caught
07-23 01:30:06.492  1487  1681 E RILMUXD : 3275:thread_serial_device_read(): Interrupt signal EINTR caught
07-23 01:30:09.347  1487  1681 E RILMUXD : 3275:thread_serial_device_read(): Interrupt signal EINTR caught
07-23 01:30:10.465  1487  1681 E RILMUXD : 3275:thread_serial_device_read(): Interrupt signal EINTR caught
07-23 01:30:12.002  1487  1681 E RILMUXD : 3275:thread_serial_device_read(): Interrupt signal EINTR caught
07-23 01:30:15.076  1487  1681 E RILMUXD : 3275:thread_serial_device_read(): Interrupt signal EINTR caught
07-23 01:30:15.641  1487  1681 E RILMUXD : 3275:thread_serial_device_read(): Interrupt signal EINTR caught
07-23 01:30:17.550  1487  1681 E RILMUXD : 3275:thread_serial_device_read(): Interrupt signal EINTR caught
07-23 01:30:17.983  1487  1681 E RILMUXD : 3275:thread_serial_device_read(): Interrupt signal EINTR caught
07-23 01:30:20.782  1487  1681 E RILMUXD : 3275:thread_serial_device_read(): Interrupt signal EINTR caught
07-23 01:30:22.873  1487  1681 E RILMUXD : 3275:thread_serial_device_read(): Interrupt signal EINTR caught
07-23 01:30:23.724  1487  1681 E RILMUXD : 3275:thread_serial_device_read(): Interrupt signal EINTR caught
07-23 01:30:25.546  1487  1681 E RILMUXD : 3275:thread_serial_device_read(): Interrupt signal EINTR caught
07-23 01:30:25.977  1487  1681 E RILMUXD : 3275:thread_serial_device_read(): Interrupt signal EINTR caught
07-23 01:30:26.620  1487  1681 E RILMUXD : 3275:thread_serial_device_read(): Interrupt signal EINTR caught
07-23 01:30:30.249  1487  1681 E RILMUXD : 3275:thread_serial_device_read(): Interrupt signal EINTR caught
07-23 01:30:33.536  1487  1681 E RILMUXD : 3275:thread_serial_device_read(): Interrupt signal EINTR caught
07-23 01:30:35.984  1487  1681 E RILMUXD : 3275:thread_serial_device_read(): Interrupt signal EINTR caught
07-23 01:30:44.583  1487  1681 E RILMUXD : 3275:thread_serial_device_read(): Interrupt signal EINTR caught
07-23 01:30:46.081  1487  1681 E RILMUXD : 3275:thread_serial_device_read(): Interrupt signal EINTR caught
07-23 01:30:50.514  1487  1681 E RILMUXD : 3275:thread_serial_device_read(): Interrupt signal EINTR caught
07-23 01:30:51.091  1487  1681 E RILMUXD : 3275:thread_serial_device_read(): Interrupt signal EINTR caught
07-23 01:30:59.542  1487  1681 E RILMUXD : 3275:thread_serial_device_read(): Interrupt signal EINTR caught
07-23 01:31:00.524  1487  1681 E RILMUXD : 3275:thread_serial_device_read(): Interrupt signal EINTR caught
07-23 01:31:01.747  1487  1681 E RILMUXD : 3275:thread_serial_device_read(): Interrupt signal EINTR caught
07-23 01:31:05.876  1487  1681 E RILMUXD : 3275:thread_serial_device_read(): Interrupt signal EINTR caught
07-23 01:31:06.308  1487  1681 E RILMUXD : 3275:thread_serial_device_read(): Interrupt signal EINTR caught
07-23 01:31:08.759  1487  1681 E RILMUXD : 3275:thread_serial_device_read(): Interrupt signal EINTR caught
07-23 01:31:09.198  1487  1681 E RILMUXD : 3275:thread_serial_device_read(): Interrupt signal EINTR caught
07-23 01:31:10.187  1487  1681 E RILMUXD : 3275:thread_serial_device_read(): Interrupt signal EINTR caught
07-23 01:31:19.402  1487  1681 E RILMUXD : 3275:thread_serial_device_read(): Interrupt signal EINTR caught
07-23 01:31:19.842  1487  1681 E RILMUXD : 3275:thread_serial_device_read(): Interrupt signal EINTR caught
07-23 01:31:25.747  1487  1681 E RILMUXD : 3275:thread_serial_device_read(): Interrupt signal EINTR caught
07-23 01:31:31.681  1487  1681 E RILMUXD : 3275:thread_serial_device_read(): Interrupt signal EINTR caught
07-23 01:31:32.090  1487  1681 E RILMUXD : 3275:thread_serial_device_read(): Interrupt signal EINTR caught
07-23 01:31:32.593  1487  1681 E RILMUXD : 3275:thread_serial_device_read(): Interrupt signal EINTR caught
07-23 01:31:33.886  1487  1681 E RILMUXD : 3275:thread_serial_device_read(): Interrupt signal EINTR caught
07-23 01:31:37.424  1487  1681 E RILMUXD : 3275:thread_serial_device_read(): Interrupt signal EINTR caught
07-23 01:31:37.850  1487  1681 E RILMUXD : 3275:thread_serial_device_read(): Interrupt signal EINTR caught
07-23 01:31:42.555  1487  1681 E RILMUXD : 3275:thread_serial_device_read(): Interrupt signal EINTR caught
07-23 01:31:42.985  1487  1681 E RILMUXD : 3275:thread_serial_device_read(): Interrupt signal EINTR caught
07-23 01:31:43.653  1487  1681 E RILMUXD : 3275:thread_serial_device_read(): Interrupt signal EINTR caught
07-23 01:31:50.307  1487  1681 E RILMUXD : 3275:thread_serial_device_read(): Interrupt signal EINTR caught
07-23 01:31:51.837  1487  1681 E RILMUXD : 3275:thread_serial_device_read(): Interrupt signal EINTR caught
07-23 01:31:55.130  1487  1681 E RILMUXD : 3275:thread_serial_device_read(): Interrupt signal EINTR caught
07-23 01:31:55.765  1487  1681 E RILMUXD : 3275:thread_serial_device_read(): Interrupt signal EINTR caught
07-23 01:31:59.729  1487  1681 E RILMUXD : 3275:thread_serial_device_read(): Interrupt signal EINTR caught
07-23 01:32:00.167  1487  1681 E RILMUXD : 3275:thread_serial_device_read(): Interrupt signal EINTR caught
07-23 01:32:04.861  1487  1681 E RILMUXD : 3275:thread_serial_device_read(): Interrupt signal EINTR caught
07-23 01:32:32.241  1487  1681 E RILMUXD : 3275:thread_serial_device_read(): Interrupt signal EINTR caught
07-23 01:32:32.494  1487  1681 E RILMUXD : 3275:thread_serial_device_read(): Interrupt signal EINTR caught
07-23 01:32:33.450  1487  1681 E RILMUXD : 3275:thread_serial_device_read(): Interrupt signal EINTR caught
07-23 01:32:37.028  1487  1681 E RILMUXD : 3275:thread_serial_device_read(): Interrupt signal EINTR caught
07-23 01:32:37.447  1487  1681 E RILMUXD : 3275:thread_serial_device_read(): Interrupt signal EINTR caught
07-23 01:32:38.354  1487  1681 E RILMUXD : 3275:thread_serial_device_read(): Interrupt signal EINTR caught
07-23 01:32:49.313  1487  1681 E RILMUXD : 3275:thread_serial_device_read(): Interrupt signal EINTR caught
07-23 01:33:35.803  1487  1681 E RILMUXD : 3275:thread_serial_device_read(): Interrupt signal EINTR caught
07-23 01:33:37.402  1487  1681 E RILMUXD : 3275:thread_serial_device_read(): Interrupt signal EINTR caught
07-23 01:33:51.983  1487  1681 E RILMUXD : 3275:thread_serial_device_read(): Interrupt signal EINTR caught
07-23 01:33:52.413  1487  1681 E RILMUXD : 3275:thread_serial_device_read(): Interrupt signal EINTR caught
07-23 01:34:10.209  1487  1681 E RILMUXD : 3275:thread_serial_device_read(): Interrupt signal EINTR caught
07-23 01:34:10.642  1487  1681 E RILMUXD : 3275:thread_serial_device_read(): Interrupt signal EINTR caught
07-23 01:34:14.307  1487  1681 E RILMUXD : 3275:thread_serial_device_read(): Interrupt signal EINTR caught
07-23 01:34:15.072  1487  1681 E RILMUXD : 3275:thread_serial_device_read(): Interrupt signal EINTR caught
07-23 01:34:16.482  1487  1681 E RILMUXD : 3275:thread_serial_device_read(): Interrupt signal EINTR caught
07-23 01:34:17.362  1487  1681 E RILMUXD : 3275:thread_serial_device_read(): Interrupt signal EINTR caught
07-23 01:34:19.431  1487  1681 E RILMUXD : 3275:thread_serial_device_read(): Interrupt signal EINTR caught
07-23 01:34:24.552  1487  1681 E RILMUXD : 3275:thread_serial_device_read(): Interrupt signal EINTR caught
07-23 01:34:31.916  1487  1681 E RILMUXD : 3275:thread_serial_device_read(): Interrupt signal EINTR caught
07-23 01:34:33.384  1487  1681 E RILMUXD : 3275:thread_serial_device_read(): Interrupt signal EINTR caught
07-23 01:34:40.708  1487  1681 E RILMUXD : 3275:thread_serial_device_read(): Interrupt signal EINTR caught
07-23 01:34:41.408  1487  1681 E RILMUXD : 3275:thread_serial_device_read(): Interrupt signal EINTR caught
07-23 01:34:41.784  1487  1681 E RILMUXD : 3275:thread_serial_device_read(): Interrupt signal EINTR caught
07-23 01:34:54.037  1487  1681 E RILMUXD : 3275:thread_serial_device_read(): Interrupt signal EINTR caught
07-23 01:35:45.636  1487  1681 E RILMUXD : 3275:thread_serial_device_read(): Interrupt signal EINTR caught
07-23 01:35:48.512  1487  1681 E RILMUXD : 3275:thread_serial_device_read(): Interrupt signal EINTR caught
07-23 01:35:48.947  1487  1681 E RILMUXD : 3275:thread_serial_device_read(): Interrupt signal EINTR caught
07-23 01:35:51.376  1487  1681 E RILMUXD : 3275:thread_serial_device_read(): Interrupt signal EINTR caught
07-23 01:35:51.831  1487  1681 E RILMUXD : 3275:thread_serial_device_read(): Interrupt signal EINTR caught
07-23 01:35:55.077  1487  1681 E RILMUXD : 3275:thread_serial_device_read(): Interrupt signal EINTR caught
07-23 01:35:59.359  1487  1681 E RILMUXD : 3275:thread_serial_device_read(): Interrupt signal EINTR caught
07-23 01:35:59.770  1487  1681 E RILMUXD : 3275:thread_serial_device_read(): Interrupt signal EINTR caught
07-23 01:36:04.488  1487  1681 E RILMUXD : 3275:thread_serial_device_read(): Interrupt signal EINTR caught
07-23 01:36:04.918  1487  1681 E RILMUXD : 3275:thread_serial_device_read(): Interrupt signal EINTR caught
07-23 01:36:05.306  1487  1681 E RILMUXD : 3275:thread_serial_device_read(): Interrupt signal EINTR caught
07-23 01:36:06.893  1487  1681 E RILMUXD : 3275:thread_serial_device_read(): Interrupt signal EINTR caught
07-23 01:36:08.985  1487  1681 E RILMUXD : 3275:thread_serial_device_read(): Interrupt signal EINTR caught
07-23 01:36:10.205  1487  1681 E RILMUXD : 3275:thread_serial_device_read(): Interrupt signal EINTR caught
07-23 01:36:11.067  1487  1681 E RILMUXD : 3275:thread_serial_device_read(): Interrupt signal EINTR caught
07-23 01:36:13.088  1487  1681 E RILMUXD : 3275:thread_serial_device_read(): Interrupt signal EINTR caught
07-23 01:36:15.540  1487  1681 E RILMUXD : 3275:thread_serial_device_read(): Interrupt signal EINTR caught
07-23 01:36:16.802  1487  1681 E RILMUXD : 3275:thread_serial_device_read(): Interrupt signal EINTR caught
07-23 01:36:17.221  1487  1681 E RILMUXD : 3275:thread_serial_device_read(): Interrupt signal EINTR caught
07-23 01:36:20.451  1487  1681 E RILMUXD : 3275:thread_serial_device_read(): Interrupt signal EINTR caught
07-23 01:36:21.287  1487  1681 E RILMUXD : 3275:thread_serial_device_read(): Interrupt signal EINTR caught
07-23 01:36:28.442  1487  1681 E RILMUXD : 3275:thread_serial_device_read(): Interrupt signal EINTR caught
07-23 01:36:28.902  1487  1681 E RILMUXD : 3275:thread_serial_device_read(): Interrupt signal EINTR caught
07-23 01:36:34.177  1487  1681 E RILMUXD : 3275:thread_serial_device_read(): Interrupt signal EINTR caught
07-23 01:36:35.614  1487  1681 E RILMUXD : 3275:thread_serial_device_read(): Interrupt signal EINTR caught
07-23 01:36:42.774  1487  1681 E RILMUXD : 3275:thread_serial_device_read(): Interrupt signal EINTR caught
07-23 01:37:08.779  2516  2745 D RILJ    : [0543]< GET_CELL_INFO_LIST [CellInfoGsm:{mRegistered=NO mTimeStamp=35425007193243ns mCellConnectionStatus=0 CellIdentityGsm:{ mLac=25505 mCid=46078 mArfcn=672 mBsic=0xd mMcc=404 mMnc=94 mAlphaLong=IND airtel mAlphaShort=airtel mAdditionalPlmns={}} CellSignalStrengthGsm: rssi=-63 ber=99 mTa=2147483647 mLevel=4}, CellInfoGsm:{mRegistered=NO mTimeStamp=35425007193243ns mCellConnectionStatus=0 CellIdentityGsm:{ mLac=25505 mCid=46077 mArfcn=767 mBsic=0xe mMcc=404 mMnc=94 mAlphaLong=IND airtel mAlphaShort=airtel mAdditionalPlmns={}} CellSignalStrengthGsm: rssi=-71 ber=99 mTa=2147483647 mLevel=4}, CellInfoGsm:{mRegistered=NO mTimeStamp=35425007193243ns mCellConnectionStatus=0 CellIdentityGsm:{ mLac=22482 mCid=59611 mArfcn=768 mBsic=0x34 mMcc=404 mMnc=94 mAlphaLong=IND airtel mAlphaShort=airtel mAdditionalPlmns={}} CellSignalStrengthGsm: rssi=-85 ber=99 mTa=2147483647 mLevel=4}, CellInfoGsm:{mRegistered=NO mTimeStamp=35425007193243ns mCellConnectionStatus=0 CellIdentityGsm:{ mLac=25505 mCid=46079 mArfcn=765 mBsic=0x13 mMcc=404 mMnc=94 mAlphaLong=IND airtel mAlphaShort=airtel mAdditionalPlmns={}} CellSignalStrengthGsm: rssi=-85 ber=99 mTa=2147483647 mLevel=4}, CellInfoGsm:{mRegistered=NO mTimeStamp=35425007193243ns mCellConnectionStatus=0 CellIdentityGsm:{ mLac=22482 mCid=49850 mArfcn=669 mBsic=0x3e mMcc=404 mMnc=94 mAlphaLong=IND airtel mAlphaShort=airtel mAdditionalPlmns={}} CellSignalStrengthGsm: rssi=-97 ber=99 mTa=2147483647 mLevel=3}] [PHONE0]
07-23 01:37:08.780  2516  2516 D SST     : [0] cellinfo = CellInfoGsm:{mRegistered=NO mTimeStamp=35425007193243ns mCellConnectionStatus=0 CellIdentityGsm:{ mLac=25505 mCid=46078 mArfcn=672 mBsic=0xd mMcc=404 mMnc=94 mAlphaLong=IND airtel mAlphaShort=airtel mAdditionalPlmns={}} CellSignalStrengthGsm: rssi=-63 ber=99 mTa=2147483647 mLevel=4}
07-23 01:37:08.780  2516  2516 D SST     : [0] cellinfo = CellInfoGsm:{mRegistered=NO mTimeStamp=35425007193243ns mCellConnectionStatus=0 CellIdentityGsm:{ mLac=25505 mCid=46077 mArfcn=767 mBsic=0xe mMcc=404 mMnc=94 mAlphaLong=IND airtel mAlphaShort=airtel mAdditionalPlmns={}} CellSignalStrengthGsm: rssi=-71 ber=99 mTa=2147483647 mLevel=4}
07-23 01:37:08.781  2516  2516 D SST     : [0] cellinfo = CellInfoGsm:{mRegistered=NO mTimeStamp=35425007193243ns mCellConnectionStatus=0 CellIdentityGsm:{ mLac=22482 mCid=59611 mArfcn=768 mBsic=0x34 mMcc=404 mMnc=94 mAlphaLong=IND airtel mAlphaShort=airtel mAdditionalPlmns={}} CellSignalStrengthGsm: rssi=-85 ber=99 mTa=2147483647 mLevel=4}
07-23 01:37:08.781  2516  2516 D SST     : [0] cellinfo = CellInfoGsm:{mRegistered=NO mTimeStamp=35425007193243ns mCellConnectionStatus=0 CellIdentityGsm:{ mLac=25505 mCid=46079 mArfcn=765 mBsic=0x13 mMcc=404 mMnc=94 mAlphaLong=IND airtel mAlphaShort=airtel mAdditionalPlmns={}} CellSignalStrengthGsm: rssi=-85 ber=99 mTa=2147483647 mLevel=4}
07-23 01:37:08.782  2516  2516 D SST     : [0] cellinfo = CellInfoGsm:{mRegistered=NO mTimeStamp=35425007193243ns mCellConnectionStatus=0 CellIdentityGsm:{ mLac=22482 mCid=49850 mArfcn=669 mBsic=0x3e mMcc=404 mMnc=94 mAlphaLong=IND airtel mAlphaShort=airtel mAdditionalPlmns={}} CellSignalStrengthGsm: rssi=-97 ber=99 mTa=2147483647 mLevel=3}
07-23 01:37:08.789  2516  2516 D LocaleTracker-0: processCellInfo: cell info=[CellInfoGsm:{mRegistered=NO mTimeStamp=35425007193243ns mCellConnectionStatus=0 CellIdentityGsm:{ mLac=25505 mCid=46078 mArfcn=672 mBsic=0xd mMcc=404 mMnc=94 mAlphaLong=IND airtel mAlphaShort=airtel mAdditionalPlmns={}} CellSignalStrengthGsm: rssi=-63 ber=99 mTa=2147483647 mLevel=4}, CellInfoGsm:{mRegistered=NO mTimeStamp=35425007193243ns mCellConnectionStatus=0 CellIdentityGsm:{ mLac=25505 mCid=46077 mArfcn=767 mBsic=0xe mMcc=404 mMnc=94 mAlphaLong=IND airtel mAlphaShort=airtel mAdditionalPlmns={}} CellSignalStrengthGsm: rssi=-71 ber=99 mTa=2147483647 mLevel=4}, CellInfoGsm:{mRegistered=NO mTimeStamp=35425007193243ns mCellConnectionStatus=0 CellIdentityGsm:{ mLac=22482 mCid=59611 mArfcn=768 mBsic=0x34 mMcc=404 mMnc=94 mAlphaLong=IND airtel mAlphaShort=airtel mAdditionalPlmns={}} CellSignalStrengthGsm: rssi=-85 ber=99 mTa=2147483647 mLevel=4}, CellInfoGsm:{mRegistered=NO mTimeStamp=35425007193243ns mCellConnectionStatus=0 CellIdentityGsm:{ mLac=25505 mCid=46079 mArfcn=765 mBsic=0x13 mMcc=404 mMnc=94 mAlphaLong=IND airtel mAlphaShort=airtel mAdditionalPlmns={}} CellSignalStrengthGsm: rssi=-85 ber=99 mTa=2147483647 mLevel=4}, CellInfoGsm:{mRegistered=NO mTimeStamp=35425007193243ns mCellConnectionStatus=0 CellIdentityGsm:{ mLac=22482 mCid=49850 mArfcn=669 mBsic=0x3e mMcc=404 mMnc=94 mAlphaLong=IND airtel mAlphaShort=airtel mAdditionalPlmns={}} CellSignalStrengthGsm: rssi=-97 ber=99 mTa=2147483647 mLevel=3}]
07-23 01:37:08.796  2516  2516 D NitzStateMachineImpl: handleCountryDetected: countryIsoCode=in, mLatestNitzSignal=null
07-23 01:37:46.248  1487  1681 E RILMUXD : 3275:thread_serial_device_read(): Interrupt signal EINTR caught
07-23 01:37:51.593  1487  1681 E RILMUXD : 3275:thread_serial_device_read(): Interrupt signal EINTR caught
07-23 01:38:44.012  1487  1681 E RILMUXD : 3275:thread_serial_device_read(): Interrupt signal EINTR caught
07-23 01:38:44.554  1487  1681 E RILMUXD : 3275:thread_serial_device_read(): Interrupt signal EINTR caught
07-23 01:38:47.911  1487  1681 E RILMUXD : 3275:thread_serial_device_read(): Interrupt signal EINTR caught
07-23 01:38:53.642  1487  1681 E RILMUXD : 3275:thread_serial_device_read(): Interrupt signal EINTR caught
07-23 01:38:54.245  1487  1681 E RILMUXD : 3275:thread_serial_device_read(): Interrupt signal EINTR caught
07-23 01:38:55.250  1487  1681 E RILMUXD : 3275:thread_serial_device_read(): Interrupt signal EINTR caught
07-23 01:38:59.173  1487  1681 E RILMUXD : 3275:thread_serial_device_read(): Interrupt signal EINTR caught
07-23 01:39:00.196  1487  1681 E RILMUXD : 3275:thread_serial_device_read(): Interrupt signal EINTR caught
07-23 01:39:02.851  1487  1681 E RILMUXD : 3275:thread_serial_device_read(): Interrupt signal EINTR caught
07-23 01:40:46.075  1487  1681 E RILMUXD : 3275:thread_serial_device_read(): Interrupt signal EINTR caught
07-23 01:40:49.153  1487  1681 E RILMUXD : 3275:thread_serial_device_read(): Interrupt signal EINTR caught
07-23 01:40:50.279  1487  1681 E RILMUXD : 3275:thread_serial_device_read(): Interrupt signal EINTR caught
07-23 01:40:51.414  1487  1681 E RILMUXD : 3275:thread_serial_device_read(): Interrupt signal EINTR caught
07-23 01:40:51.849  1487  1681 E RILMUXD : 3275:thread_serial_device_read(): Interrupt signal EINTR caught
07-23 01:40:55.294  1487  1681 E RILMUXD : 3275:thread_serial_device_read(): Interrupt signal EINTR caught
07-23 01:41:01.855  1487  1681 E RILMUXD : 3275:thread_serial_device_read(): Interrupt signal EINTR caught
07-23 01:41:02.269  1487  1681 E RILMUXD : 3275:thread_serial_device_read(): Interrupt signal EINTR caught
07-23 01:41:03.476  1487  1681 E RILMUXD : 3275:thread_serial_device_read(): Interrupt signal EINTR caught
07-23 01:41:06.147  1487  1681 E RILMUXD : 3275:thread_serial_device_read(): Interrupt signal EINTR caught
07-23 01:41:08.813  1487  1681 E RILMUXD : 3275:thread_serial_device_read(): Interrupt signal EINTR caught
07-23 01:41:09.240  1487  1681 E RILMUXD : 3275:thread_serial_device_read(): Interrupt signal EINTR caught
07-23 01:41:09.610  1487  1681 E RILMUXD : 3275:thread_serial_device_read(): Interrupt signal EINTR caught
07-23 01:41:15.588  1487  1681 E RILMUXD : 3275:thread_serial_device_read(): Interrupt signal EINTR caught
07-23 01:41:16.685  1487  1681 E RILMUXD : 3275:thread_serial_device_read(): Interrupt signal EINTR caught
07-23 01:41:17.133  1487  1681 E RILMUXD : 3275:thread_serial_device_read(): Interrupt signal EINTR caught
07-23 01:41:20.691  1487  1681 E RILMUXD : 3275:thread_serial_device_read(): Interrupt signal EINTR caught
07-23 01:41:25.413  1487  1681 E RILMUXD : 3275:thread_serial_device_read(): Interrupt signal EINTR caught
07-23 01:41:29.501  1487  1681 E RILMUXD : 3275:thread_serial_device_read(): Interrupt signal EINTR caught
07-23 01:41:30.672  1487  1681 E RILMUXD : 3275:thread_serial_device_read(): Interrupt signal EINTR caught
07-23 01:41:45.243  1487  1681 E RILMUXD : 3275:thread_serial_device_read(): Interrupt signal EINTR caught
07-23 01:41:46.011  2516  2516 D DeviceStateMonitor: shouldEnableSignalStrengthReports, mIsAlwaysSignalStrengthReportingEnabled:false mIsCharging:false mIsScreenOn:falsemIsRadioOntrue
07-23 01:41:46.011  2516  2516 D DeviceStateMonitor: shouldEnableSignalStrengthReports, mIsAlwaysSignalStrengthReportingEnabled:false mIsCharging:false mIsScreenOn:falsemIsRadioOnfalse
07-23 01:41:46.659  2516  2516 D DeviceStateMonitor: shouldEnableSignalStrengthReports, mIsAlwaysSignalStrengthReportingEnabled:false mIsCharging:false mIsScreenOn:falsemIsRadioOntrue
07-23 01:41:46.659  2516  2516 D DeviceStateMonitor: shouldEnableSignalStrengthReports, mIsAlwaysSignalStrengthReportingEnabled:false mIsCharging:false mIsScreenOn:falsemIsRadioOnfalse
07-23 01:41:55.104  1487  1681 E RILMUXD : 3275:thread_serial_device_read(): Interrupt signal EINTR caught
07-23 01:42:32.243  1487  1681 E RILMUXD : 3275:thread_serial_device_read(): Interrupt signal EINTR caught
07-23 01:42:41.231  1487  1681 E RILMUXD : 3275:thread_serial_device_read(): Interrupt signal EINTR caught
07-23 01:43:47.687  1487  1681 E RILMUXD : 3275:thread_serial_device_read(): Interrupt signal EINTR caught
07-23 01:43:47.943  2516  2760 D OplusSignalSmooth/0: EventHandler:1
07-23 01:43:47.949  2516  2760 D OplusSignalSmooth/1: EventHandler:1
07-23 01:43:48.069  2516  2516 D DeviceStateMonitor: shouldEnableSignalStrengthReports, mIsAlwaysSignalStrengthReportingEnabled:false mIsCharging:false mIsScreenOn:truemIsRadioOntrue
07-23 01:43:48.069  2516  2516 D OplusNetworkPowerState: shouldSkipSignalStrengthReports feature not enable
07-23 01:43:48.090  2516  2516 D DeviceStateMonitor: shouldEnableSignalStrengthReports, mIsAlwaysSignalStrengthReportingEnabled:false mIsCharging:false mIsScreenOn:truemIsRadioOnfalse
07-23 01:43:48.106  1708  1750 D RmcNwReqHdlr: [0] requestSignalStrength:sigRegisted[0000], sigUpdated[0X01]
07-23 01:43:48.107  1708  1750 D RmcNwHdlr: [0] requestSignalStrength, gsm_signal_strength: 17, gsm_bit_error_rate: 99, gsm_timing_advance: 2147483647, cdma_dbm: 2147483647, cdma_ecio: 2147483647, evdo_dbm: 2147483647, evdo_ecio: 2147483647, evdo_snr: 2147483647, lte_signal_strength: 99, lte_rsrp: 2147483647, lte_rsrq: 2147483647, lte_rssnr: 2147483647, lte_cqi: 2147483647, lte_timing_advance: 2147483647, tdscdma_signal_strength: 99, tdscdma_bit_error_rate: 99, tdscdma_rscp: 255, wcdma_signal_strength: 0, wcdma_bit_error_rate: 99, wcdma_scdma_rscp: 5, wcdma_ecno: 12, ssRsrp: 2147483647, ssRsrq: 2147483647, ssSinr: 2147483647, csiRsrp: 2147483647, csiRsrq: 2147483647, csiSinr: 2147483647
07-23 01:43:48.119  2516  2516 D RILJ    : [0547]> SET_SIGNAL_STRENGTH_REPORTING_CRITERIA [PHONE0]
07-23 01:43:48.120  2516  2516 D SSCtr   : setSignalStrengthReportingCriteria consolidatedSignalThresholdInfos=[SignalThresholdInfo{mRan=1 mSignalMeasurementType=1 mHysteresisMs=3000 mHysteresisDb=2 mThresholds=[-107, -103, -97, -89] mIsEnabled=true}, SignalThresholdInfo{mRan=2 mSignalMeasurementType=2 mHysteresisMs=3000 mHysteresisDb=2 mThresholds=[-115, -105, -95, -85] mIsEnabled=true}, SignalThresholdInfo{mRan=3 mSignalMeasurementType=3 mHysteresisMs=3000 mHysteresisDb=2 mThresholds=[-128, -118, -108, -98] mIsEnabled=true}, SignalThresholdInfo{mRan=3 mSignalMeasurementType=4 mHysteresisMs=3000 mHysteresisDb=2 mThresholds=[] mIsEnabled=false}, SignalThresholdInfo{mRan=3 mSignalMeasurementType=5 mHysteresisMs=3000 mHysteresisDb=2 mThresholds=[] mIsEnabled=false}, SignalThresholdInfo{mRan=6 mSignalMeasurementType=6 mHysteresisMs=3000 mHysteresisDb=2 mThresholds=[-110, -90, -80, -65] mIsEnabled=true}, SignalThresholdInfo{mRan=6 mSignalMeasurementType=7 mHysteresisMs=3000 mHysteresisDb=2 mThresholds=[] mIsEnabled=false}, SignalThresholdInfo{mRan=6 mSignalMeasurementType=8 mHysteresisMs=3000 mHysteresisDb=2 mThresholds=[] mIsEnabled=false}, SignalThresholdInfo{mRan=2 mSignalMeasurementType=9 mHysteresisMs=3000 mHysteresisDb=2 mThresholds=[] mIsEnabled=false}]
07-23 01:43:48.133  2516  2516 D DeviceStateMonitor: shouldEnableSignalStrengthReports, mIsAlwaysSignalStrengthReportingEnabled:false mIsCharging:false mIsScreenOn:truemIsRadioOntrue
07-23 01:43:48.133  2516  2516 D OplusNetworkPowerState: shouldSkipSignalStrengthReports feature not enable
07-23 01:43:48.133  2516  2516 D DeviceStateMonitor: shouldEnableSignalStrengthReports, mIsAlwaysSignalStrengthReportingEnabled:false mIsCharging:false mIsScreenOn:truemIsRadioOnfalse
