07-24 17:32:21.347  3958  3958 I InputBundleManager: InputBundleManager.startInput():356 startInput2 restarting=false
07-24 17:32:21.518  2284  2437 D ZoomController: forAllRootTaskManagers  managerSize = 0
07-24 17:32:21.623  2284  2437 D ZoomController: forAllRootTaskManagers  managerSize = 0
07-24 17:32:25.782  3958  3958 I InputBundleManager: InputBundleManager.startInput():356 startInput2 restarting=true
07-24 17:32:29.521  1708  1741 D RmcNwHdlr: [0] requestSignalStrength:sigRegisted[0000], sigUpdated[0X01]
07-24 17:32:29.521  1708  1741 D RmcNwHdlr: [0] handleSignalStrength, gsm_signal_strength: 31, gsm_bit_error_rate: 99, gsm_timing_advance: 2147483647, cdma_dbm: 2147483647, cdma_ecio: 2147483647, evdo_dbm: 2147483647, evdo_ecio: 2147483647, evdo_snr: 2147483647, lte_signal_strength: 99, lte_rsrp: 2147483647, lte_rsrq: 2147483647, lte_rssnr: 2147483647, lte_cqi: 2147483647, lte_timing_advance: 2147483647, tdscdma_signal_strength: 99, tdscdma_bit_error_rate: 99, tdscdma_rscp: 255, wcdma_signal_strength: 0, wcdma_bit_error_rate: 99, wcdma_scdma_rscp: 5, wcdma_ecno: 12, ssRsrp: 2147483647, ssRsrq: 2147483647, ssSinr: 2147483647, csiRsrp: 2147483647, csiRsrq: 2147483647, csiSinr: 2147483647
07-24 17:32:29.534  2516  2760 D OplusSignalSmooth/0: onSignalStrengthResultExt,oldSignalStrength:SignalStrength:{mCdma=CellSignalStrengthCdma: cdmaDbm=2147483647 cdmaEcio=2147483647 evdoDbm=2147483647 evdoEcio=2147483647 evdoSnr=2147483647 level=0,mGsm=CellSignalStrengthGsm: rssi=-53 ber=99 mTa=2147483647 mLevel=4,mWcdma=CellSignalStrengthWcdma: ss=2147483647 ber=2147483647 rscp=2147483647 ecno=2147483647 level=0,mTdscdma=CellSignalStrengthTdscdma: rssi=2147483647 ber=2147483647 rscp=2147483647 level=0,mLte=CellSignalStrengthLte: rssi=2147483647 rsrp=2147483647 rsrq=2147483647 rssnr=2147483647 cqiTableIndex=2147483647 cqi=2147483647 ta=2147483647 level=0 parametersUseForLevel=1,mNr=CellSignalStrengthNr:{ csiRsrp = 2147483647 csiRsrq = 2147483647 csiCqiTableIndex = 2147483647 csiCqiReport = [] ssRsrp = 2147483647 ssRsrq = 2147483647 ssSinr = 2147483647 level = 0 parametersUseForLevel = 1 timingAdvance = 2147483647 },primary=CellSignalStrengthGsm}
07-24 17:32:29.534  2516  2760 D OplusSignalSmooth/0: mOrigSignalStrength:SignalStrength:{mCdma=CellSignalStrengthCdma: cdmaDbm=2147483647 cdmaEcio=2147483647 evdoDbm=2147483647 evdoEcio=2147483647 evdoSnr=2147483647 level=0,mGsm=CellSignalStrengthGsm: rssi=-51 ber=99 mTa=2147483647 mLevel=4,mWcdma=CellSignalStrengthWcdma: ss=2147483647 ber=2147483647 rscp=2147483647 ecno=2147483647 level=0,mTdscdma=CellSignalStrengthTdscdma: rssi=2147483647 ber=2147483647 rscp=2147483647 level=0,mLte=CellSignalStrengthLte: rssi=2147483647 rsrp=2147483647 rsrq=2147483647 rssnr=2147483647 cqiTableIndex=2147483647 cqi=2147483647 ta=2147483647 level=0 parametersUseForLevel=1,mNr=CellSignalStrengthNr:{ csiRsrp = 2147483647 csiRsrq = 2147483647 csiCqiTableIndex = 2147483647 csiCqiReport = [] ssRsrp = 2147483647 ssRsrq = 2147483647 ssSinr = 2147483647 level = 0 parametersUseForLevel = 1 timingAdvance = 2147483647 },primary=CellSignalStrengthGsm}
07-24 17:32:29.534  2516  2760 D OplusSignalSmooth/0: no service fix signal...
07-24 17:32:29.547  2516  2760 D OplusSignalSmooth/0: notifySignalStrength, mSignalStrength: SignalStrength:{mCdma=CellSignalStrengthCdma: cdmaDbm=2147483647 cdmaEcio=2147483647 evdoDbm=2147483647 evdoEcio=2147483647 evdoSnr=2147483647 level=0,mGsm=CellSignalStrengthGsm: rssi=-51 ber=99 mTa=2147483647 mLevel=4,mWcdma=CellSignalStrengthWcdma: ss=2147483647 ber=2147483647 rscp=2147483647 ecno=2147483647 level=0,mTdscdma=CellSignalStrengthTdscdma: rssi=2147483647 ber=2147483647 rscp=2147483647 level=0,mLte=CellSignalStrengthLte: rssi=2147483647 rsrp=2147483647 rsrq=2147483647 rssnr=2147483647 cqiTableIndex=2147483647 cqi=2147483647 ta=2147483647 level=0 parametersUseForLevel=1,mNr=CellSignalStrengthNr:{ csiRsrp = 2147483647 csiRsrq = 2147483647 csiCqiTableIndex = 2147483647 csiCqiReport = [] ssRsrp = 2147483647 ssRsrq = 2147483647 ssSinr = 2147483647 level = 0 parametersUseForLevel = 1 timingAdvance = 2147483647 },primary=CellSignalStrengthGsm}
07-24 17:32:34.419  3958  3958 I InputBundleManager: InputBundleManager.startInput():356 startInput2 restarting=true
07-24 17:32:35.693  1708  1741 D RmcNwHdlr: [0] requestSignalStrength:sigRegisted[0000], sigUpdated[0X01]
07-24 17:32:35.693  1708  1741 D RmcNwHdlr: [0] handleSignalStrength, gsm_signal_strength: 30, gsm_bit_error_rate: 99, gsm_timing_advance: 2147483647, cdma_dbm: 2147483647, cdma_ecio: 2147483647, evdo_dbm: 2147483647, evdo_ecio: 2147483647, evdo_snr: 2147483647, lte_signal_strength: 99, lte_rsrp: 2147483647, lte_rsrq: 2147483647, lte_rssnr: 2147483647, lte_cqi: 2147483647, lte_timing_advance: 2147483647, tdscdma_signal_strength: 99, tdscdma_bit_error_rate: 99, tdscdma_rscp: 255, wcdma_signal_strength: 0, wcdma_bit_error_rate: 99, wcdma_scdma_rscp: 5, wcdma_ecno: 12, ssRsrp: 2147483647, ssRsrq: 2147483647, ssSinr: 2147483647, csiRsrp: 2147483647, csiRsrq: 2147483647, csiSinr: 2147483647
07-24 17:32:35.710  2516  2760 D OplusSignalSmooth/0: onSignalStrengthResultExt,oldSignalStrength:SignalStrength:{mCdma=CellSignalStrengthCdma: cdmaDbm=2147483647 cdmaEcio=2147483647 evdoDbm=2147483647 evdoEcio=2147483647 evdoSnr=2147483647 level=0,mGsm=CellSignalStrengthGsm: rssi=-51 ber=99 mTa=2147483647 mLevel=4,mWcdma=CellSignalStrengthWcdma: ss=2147483647 ber=2147483647 rscp=2147483647 ecno=2147483647 level=0,mTdscdma=CellSignalStrengthTdscdma: rssi=2147483647 ber=2147483647 rscp=2147483647 level=0,mLte=CellSignalStrengthLte: rssi=2147483647 rsrp=2147483647 rsrq=2147483647 rssnr=2147483647 cqiTableIndex=2147483647 cqi=2147483647 ta=2147483647 level=0 parametersUseForLevel=1,mNr=CellSignalStrengthNr:{ csiRsrp = 2147483647 csiRsrq = 2147483647 csiCqiTableIndex = 2147483647 csiCqiReport = [] ssRsrp = 2147483647 ssRsrq = 2147483647 ssSinr = 2147483647 level = 0 parametersUseForLevel = 1 timingAdvance = 2147483647 },primary=CellSignalStrengthGsm}
07-24 17:32:35.711  2516  2760 D OplusSignalSmooth/0: mOrigSignalStrength:SignalStrength:{mCdma=CellSignalStrengthCdma: cdmaDbm=2147483647 cdmaEcio=2147483647 evdoDbm=2147483647 evdoEcio=2147483647 evdoSnr=2147483647 level=0,mGsm=CellSignalStrengthGsm: rssi=-53 ber=99 mTa=2147483647 mLevel=4,mWcdma=CellSignalStrengthWcdma: ss=2147483647 ber=2147483647 rscp=2147483647 ecno=2147483647 level=0,mTdscdma=CellSignalStrengthTdscdma: rssi=2147483647 ber=2147483647 rscp=2147483647 level=0,mLte=CellSignalStrengthLte: rssi=2147483647 rsrp=2147483647 rsrq=2147483647 rssnr=2147483647 cqiTableIndex=2147483647 cqi=2147483647 ta=2147483647 level=0 parametersUseForLevel=1,mNr=CellSignalStrengthNr:{ csiRsrp = 2147483647 csiRsrq = 2147483647 csiCqiTableIndex = 2147483647 csiCqiReport = [] ssRsrp = 2147483647 ssRsrq = 2147483647 ssSinr = 2147483647 level = 0 parametersUseForLevel = 1 timingAdvance = 2147483647 },primary=CellSignalStrengthGsm}
07-24 17:32:35.711  2516  2760 D OplusSignalSmooth/0: no service fix signal...
07-24 17:32:35.725  2516  2760 D OplusSignalSmooth/0: notifySignalStrength, mSignalStrength: SignalStrength:{mCdma=CellSignalStrengthCdma: cdmaDbm=2147483647 cdmaEcio=2147483647 evdoDbm=2147483647 evdoEcio=2147483647 evdoSnr=2147483647 level=0,mGsm=CellSignalStrengthGsm: rssi=-53 ber=99 mTa=2147483647 mLevel=4,mWcdma=CellSignalStrengthWcdma: ss=2147483647 ber=2147483647 rscp=2147483647 ecno=2147483647 level=0,mTdscdma=CellSignalStrengthTdscdma: rssi=2147483647 ber=2147483647 rscp=2147483647 level=0,mLte=CellSignalStrengthLte: rssi=2147483647 rsrp=2147483647 rsrq=2147483647 rssnr=2147483647 cqiTableIndex=2147483647 cqi=2147483647 ta=2147483647 level=0 parametersUseForLevel=1,mNr=CellSignalStrengthNr:{ csiRsrp = 2147483647 csiRsrq = 2147483647 csiCqiTableIndex = 2147483647 csiCqiReport = [] ssRsrp = 2147483647 ssRsrq = 2147483647 ssSinr = 2147483647 level = 0 parametersUseForLevel = 1 timingAdvance = 2147483647 },primary=CellSignalStrengthGsm}
07-24 17:32:36.672  3958  3958 I InputBundleManager: InputBundleManager.startInput():356 startInput2 restarting=true
07-24 17:32:38.627  3958  3958 I InputBundleManager: InputBundleManager.startInput():356 startInput2 restarting=true
07-24 17:32:39.637  2284  2437 D ZoomController: forAllRootTaskManagers  managerSize = 0
07-24 17:32:39.939  1708  1741 D RmcNwHdlr: [0] requestSignalStrength:sigRegisted[0000], sigUpdated[0X01]
07-24 17:32:39.939  1708  1741 D RmcNwHdlr: [0] handleSignalStrength, gsm_signal_strength: 31, gsm_bit_error_rate: 99, gsm_timing_advance: 2147483647, cdma_dbm: 2147483647, cdma_ecio: 2147483647, evdo_dbm: 2147483647, evdo_ecio: 2147483647, evdo_snr: 2147483647, lte_signal_strength: 99, lte_rsrp: 2147483647, lte_rsrq: 2147483647, lte_rssnr: 2147483647, lte_cqi: 2147483647, lte_timing_advance: 2147483647, tdscdma_signal_strength: 99, tdscdma_bit_error_rate: 99, tdscdma_rscp: 255, wcdma_signal_strength: 0, wcdma_bit_error_rate: 99, wcdma_scdma_rscp: 5, wcdma_ecno: 12, ssRsrp: 2147483647, ssRsrq: 2147483647, ssSinr: 2147483647, csiRsrp: 2147483647, csiRsrq: 2147483647, csiSinr: 2147483647
07-24 17:32:39.972  2516  2760 D OplusSignalSmooth/0: onSignalStrengthResultExt,oldSignalStrength:SignalStrength:{mCdma=CellSignalStrengthCdma: cdmaDbm=2147483647 cdmaEcio=2147483647 evdoDbm=2147483647 evdoEcio=2147483647 evdoSnr=2147483647 level=0,mGsm=CellSignalStrengthGsm: rssi=-53 ber=99 mTa=2147483647 mLevel=4,mWcdma=CellSignalStrengthWcdma: ss=2147483647 ber=2147483647 rscp=2147483647 ecno=2147483647 level=0,mTdscdma=CellSignalStrengthTdscdma: rssi=2147483647 ber=2147483647 rscp=2147483647 level=0,mLte=CellSignalStrengthLte: rssi=2147483647 rsrp=2147483647 rsrq=2147483647 rssnr=2147483647 cqiTableIndex=2147483647 cqi=2147483647 ta=2147483647 level=0 parametersUseForLevel=1,mNr=CellSignalStrengthNr:{ csiRsrp = 2147483647 csiRsrq = 2147483647 csiCqiTableIndex = 2147483647 csiCqiReport = [] ssRsrp = 2147483647 ssRsrq = 2147483647 ssSinr = 2147483647 level = 0 parametersUseForLevel = 1 timingAdvance = 2147483647 },primary=CellSignalStrengthGsm}
07-24 17:32:39.972  2516  2760 D OplusSignalSmooth/0: mOrigSignalStrength:SignalStrength:{mCdma=CellSignalStrengthCdma: cdmaDbm=2147483647 cdmaEcio=2147483647 evdoDbm=2147483647 evdoEcio=2147483647 evdoSnr=2147483647 level=0,mGsm=CellSignalStrengthGsm: rssi=-51 ber=99 mTa=2147483647 mLevel=4,mWcdma=CellSignalStrengthWcdma: ss=2147483647 ber=2147483647 rscp=2147483647 ecno=2147483647 level=0,mTdscdma=CellSignalStrengthTdscdma: rssi=2147483647 ber=2147483647 rscp=2147483647 level=0,mLte=CellSignalStrengthLte: rssi=2147483647 rsrp=2147483647 rsrq=2147483647 rssnr=2147483647 cqiTableIndex=2147483647 cqi=2147483647 ta=2147483647 level=0 parametersUseForLevel=1,mNr=CellSignalStrengthNr:{ csiRsrp = 2147483647 csiRsrq = 2147483647 csiCqiTableIndex = 2147483647 csiCqiReport = [] ssRsrp = 2147483647 ssRsrq = 2147483647 ssSinr = 2147483647 level = 0 parametersUseForLevel = 1 timingAdvance = 2147483647 },primary=CellSignalStrengthGsm}
07-24 17:32:39.972  2516  2760 D OplusSignalSmooth/0: no service fix signal...
07-24 17:32:39.997  2516  2760 D OplusSignalSmooth/0: notifySignalStrength, mSignalStrength: SignalStrength:{mCdma=CellSignalStrengthCdma: cdmaDbm=2147483647 cdmaEcio=2147483647 evdoDbm=2147483647 evdoEcio=2147483647 evdoSnr=2147483647 level=0,mGsm=CellSignalStrengthGsm: rssi=-51 ber=99 mTa=2147483647 mLevel=4,mWcdma=CellSignalStrengthWcdma: ss=2147483647 ber=2147483647 rscp=2147483647 ecno=2147483647 level=0,mTdscdma=CellSignalStrengthTdscdma: rssi=2147483647 ber=2147483647 rscp=2147483647 level=0,mLte=CellSignalStrengthLte: rssi=2147483647 rsrp=2147483647 rsrq=2147483647 rssnr=2147483647 cqiTableIndex=2147483647 cqi=2147483647 ta=2147483647 level=0 parametersUseForLevel=1,mNr=CellSignalStrengthNr:{ csiRsrp = 2147483647 csiRsrq = 2147483647 csiCqiTableIndex = 2147483647 csiCqiReport = [] ssRsrp = 2147483647 ssRsrq = 2147483647 ssSinr = 2147483647 level = 0 parametersUseForLevel = 1 timingAdvance = 2147483647 },primary=CellSignalStrengthGsm}
07-24 17:32:40.532  2284  2437 D ZoomController: forAllRootTaskManagers  managerSize = 0
07-24 17:32:43.462  3958  3958 I InputBundleManager: InputBundleManager.startInput():356 startInput2 restarting=false
07-24 17:32:43.668  2284  2437 D ZoomController: forAllRootTaskManagers  managerSize = 0
07-24 17:32:43.693  2284  2437 D ZoomController: forAllRootTaskManagers  managerSize = 0
07-24 17:32:46.275  2284  2437 D ZoomController: forAllRootTaskManagers  managerSize = 0
07-24 17:32:47.207  2284  2437 D ZoomController: forAllRootTaskManagers  managerSize = 0
07-24 17:32:48.418  2466 30631 D NetworkMonitor/118: Forcing reevaluation for UID 1000. Dns signal count: 0
07-24 17:32:50.277  1708  1741 D RmcNwHdlr: [0] requestSignalStrength:sigRegisted[0000], sigUpdated[0X01]
07-24 17:32:50.277  1708  1741 D RmcNwHdlr: [0] handleSignalStrength, gsm_signal_strength: 30, gsm_bit_error_rate: 99, gsm_timing_advance: 2147483647, cdma_dbm: 2147483647, cdma_ecio: 2147483647, evdo_dbm: 2147483647, evdo_ecio: 2147483647, evdo_snr: 2147483647, lte_signal_strength: 99, lte_rsrp: 2147483647, lte_rsrq: 2147483647, lte_rssnr: 2147483647, lte_cqi: 2147483647, lte_timing_advance: 2147483647, tdscdma_signal_strength: 99, tdscdma_bit_error_rate: 99, tdscdma_rscp: 255, wcdma_signal_strength: 0, wcdma_bit_error_rate: 99, wcdma_scdma_rscp: 5, wcdma_ecno: 12, ssRsrp: 2147483647, ssRsrq: 2147483647, ssSinr: 2147483647, csiRsrp: 2147483647, csiRsrq: 2147483647, csiSinr: 2147483647
07-24 17:32:50.301  2516  2760 D OplusSignalSmooth/0: onSignalStrengthResultExt,oldSignalStrength:SignalStrength:{mCdma=CellSignalStrengthCdma: cdmaDbm=2147483647 cdmaEcio=2147483647 evdoDbm=2147483647 evdoEcio=2147483647 evdoSnr=2147483647 level=0,mGsm=CellSignalStrengthGsm: rssi=-51 ber=99 mTa=2147483647 mLevel=4,mWcdma=CellSignalStrengthWcdma: ss=2147483647 ber=2147483647 rscp=2147483647 ecno=2147483647 level=0,mTdscdma=CellSignalStrengthTdscdma: rssi=2147483647 ber=2147483647 rscp=2147483647 level=0,mLte=CellSignalStrengthLte: rssi=2147483647 rsrp=2147483647 rsrq=2147483647 rssnr=2147483647 cqiTableIndex=2147483647 cqi=2147483647 ta=2147483647 level=0 parametersUseForLevel=1,mNr=CellSignalStrengthNr:{ csiRsrp = 2147483647 csiRsrq = 2147483647 csiCqiTableIndex = 2147483647 csiCqiReport = [] ssRsrp = 2147483647 ssRsrq = 2147483647 ssSinr = 2147483647 level = 0 parametersUseForLevel = 1 timingAdvance = 2147483647 },primary=CellSignalStrengthGsm}
07-24 17:32:50.301  2516  2760 D OplusSignalSmooth/0: mOrigSignalStrength:SignalStrength:{mCdma=CellSignalStrengthCdma: cdmaDbm=2147483647 cdmaEcio=2147483647 evdoDbm=2147483647 evdoEcio=2147483647 evdoSnr=2147483647 level=0,mGsm=CellSignalStrengthGsm: rssi=-53 ber=99 mTa=2147483647 mLevel=4,mWcdma=CellSignalStrengthWcdma: ss=2147483647 ber=2147483647 rscp=2147483647 ecno=2147483647 level=0,mTdscdma=CellSignalStrengthTdscdma: rssi=2147483647 ber=2147483647 rscp=2147483647 level=0,mLte=CellSignalStrengthLte: rssi=2147483647 rsrp=2147483647 rsrq=2147483647 rssnr=2147483647 cqiTableIndex=2147483647 cqi=2147483647 ta=2147483647 level=0 parametersUseForLevel=1,mNr=CellSignalStrengthNr:{ csiRsrp = 2147483647 csiRsrq = 2147483647 csiCqiTableIndex = 2147483647 csiCqiReport = [] ssRsrp = 2147483647 ssRsrq = 2147483647 ssSinr = 2147483647 level = 0 parametersUseForLevel = 1 timingAdvance = 2147483647 },primary=CellSignalStrengthGsm}
07-24 17:32:50.302  2516  2760 D OplusSignalSmooth/0: no service fix signal...
07-24 17:32:50.324  2516  2760 D OplusSignalSmooth/0: notifySignalStrength, mSignalStrength: SignalStrength:{mCdma=CellSignalStrengthCdma: cdmaDbm=2147483647 cdmaEcio=2147483647 evdoDbm=2147483647 evdoEcio=2147483647 evdoSnr=2147483647 level=0,mGsm=CellSignalStrengthGsm: rssi=-53 ber=99 mTa=2147483647 mLevel=4,mWcdma=CellSignalStrengthWcdma: ss=2147483647 ber=2147483647 rscp=2147483647 ecno=2147483647 level=0,mTdscdma=CellSignalStrengthTdscdma: rssi=2147483647 ber=2147483647 rscp=2147483647 level=0,mLte=CellSignalStrengthLte: rssi=2147483647 rsrp=2147483647 rsrq=2147483647 rssnr=2147483647 cqiTableIndex=2147483647 cqi=2147483647 ta=2147483647 level=0 parametersUseForLevel=1,mNr=CellSignalStrengthNr:{ csiRsrp = 2147483647 csiRsrq = 2147483647 csiCqiTableIndex = 2147483647 csiCqiReport = [] ssRsrp = 2147483647 ssRsrq = 2147483647 ssSinr = 2147483647 level = 0 parametersUseForLevel = 1 timingAdvance = 2147483647 },primary=CellSignalStrengthGsm}
07-24 17:32:50.884  1835  1884 I libprocessgroup: Successfully killed process cgroup uid 90003 pid 7444 in 16ms
07-24 17:32:50.973  5411  5411 I Zygote  : Process 7444 exited due to signal 9 (Killed)
07-24 17:32:51.075   865   865 I Zygote  : Process 5186 exited due to signal 9 (Killed)
07-24 17:32:51.078  1835  1884 I libprocessgroup: Successfully killed process cgroup uid 10168 pid 5186 in 74ms
07-24 17:32:51.500  1835  1884 I libprocessgroup: Successfully killed process cgroup uid 90004 pid 7479 in 15ms
07-24 17:32:52.563  1835  1884 I libprocessgroup: Successfully killed process cgroup uid 90005 pid 7518 in 27ms
07-24 17:32:53.299  1835  1884 I libprocessgroup: Successfully killed process cgroup uid 90006 pid 7546 in 1ms
07-24 17:32:53.931  1835  1884 I libprocessgroup: Successfully killed process cgroup uid 90007 pid 7582 in 3ms
07-24 17:32:54.831  1835  1884 I libprocessgroup: Successfully killed process cgroup uid 90008 pid 7640 in 0ms
07-24 17:32:54.999  1708  1741 D RmcNwHdlr: [0] requestSignalStrength:sigRegisted[0000], sigUpdated[0X01]
07-24 17:32:54.999  1708  1741 D RmcNwHdlr: [0] handleSignalStrength, gsm_signal_strength: 29, gsm_bit_error_rate: 99, gsm_timing_advance: 2147483647, cdma_dbm: 2147483647, cdma_ecio: 2147483647, evdo_dbm: 2147483647, evdo_ecio: 2147483647, evdo_snr: 2147483647, lte_signal_strength: 99, lte_rsrp: 2147483647, lte_rsrq: 2147483647, lte_rssnr: 2147483647, lte_cqi: 2147483647, lte_timing_advance: 2147483647, tdscdma_signal_strength: 99, tdscdma_bit_error_rate: 99, tdscdma_rscp: 255, wcdma_signal_strength: 0, wcdma_bit_error_rate: 99, wcdma_scdma_rscp: 5, wcdma_ecno: 12, ssRsrp: 2147483647, ssRsrq: 2147483647, ssSinr: 2147483647, csiRsrp: 2147483647, csiRsrq: 2147483647, csiSinr: 2147483647
07-24 17:32:55.009  2516  2760 D OplusSignalSmooth/0: onSignalStrengthResultExt,oldSignalStrength:SignalStrength:{mCdma=CellSignalStrengthCdma: cdmaDbm=2147483647 cdmaEcio=2147483647 evdoDbm=2147483647 evdoEcio=2147483647 evdoSnr=2147483647 level=0,mGsm=CellSignalStrengthGsm: rssi=-53 ber=99 mTa=2147483647 mLevel=4,mWcdma=CellSignalStrengthWcdma: ss=2147483647 ber=2147483647 rscp=2147483647 ecno=2147483647 level=0,mTdscdma=CellSignalStrengthTdscdma: rssi=2147483647 ber=2147483647 rscp=2147483647 level=0,mLte=CellSignalStrengthLte: rssi=2147483647 rsrp=2147483647 rsrq=2147483647 rssnr=2147483647 cqiTableIndex=2147483647 cqi=2147483647 ta=2147483647 level=0 parametersUseForLevel=1,mNr=CellSignalStrengthNr:{ csiRsrp = 2147483647 csiRsrq = 2147483647 csiCqiTableIndex = 2147483647 csiCqiReport = [] ssRsrp = 2147483647 ssRsrq = 2147483647 ssSinr = 2147483647 level = 0 parametersUseForLevel = 1 timingAdvance = 2147483647 },primary=CellSignalStrengthGsm}
07-24 17:32:55.009  2516  2760 D OplusSignalSmooth/0: mOrigSignalStrength:SignalStrength:{mCdma=CellSignalStrengthCdma: cdmaDbm=2147483647 cdmaEcio=2147483647 evdoDbm=2147483647 evdoEcio=2147483647 evdoSnr=2147483647 level=0,mGsm=CellSignalStrengthGsm: rssi=-55 ber=99 mTa=2147483647 mLevel=4,mWcdma=CellSignalStrengthWcdma: ss=2147483647 ber=2147483647 rscp=2147483647 ecno=2147483647 level=0,mTdscdma=CellSignalStrengthTdscdma: rssi=2147483647 ber=2147483647 rscp=2147483647 level=0,mLte=CellSignalStrengthLte: rssi=2147483647 rsrp=2147483647 rsrq=2147483647 rssnr=2147483647 cqiTableIndex=2147483647 cqi=2147483647 ta=2147483647 level=0 parametersUseForLevel=1,mNr=CellSignalStrengthNr:{ csiRsrp = 2147483647 csiRsrq = 2147483647 csiCqiTableIndex = 2147483647 csiCqiReport = [] ssRsrp = 2147483647 ssRsrq = 2147483647 ssSinr = 2147483647 level = 0 parametersUseForLevel = 1 timingAdvance = 2147483647 },primary=CellSignalStrengthGsm}
07-24 17:32:55.009  2516  2760 D OplusSignalSmooth/0: no service fix signal...
07-24 17:32:55.012  2516  2760 D OplusSignalSmooth/0: notifySignalStrength, mSignalStrength: SignalStrength:{mCdma=CellSignalStrengthCdma: cdmaDbm=2147483647 cdmaEcio=2147483647 evdoDbm=2147483647 evdoEcio=2147483647 evdoSnr=2147483647 level=0,mGsm=CellSignalStrengthGsm: rssi=-55 ber=99 mTa=2147483647 mLevel=4,mWcdma=CellSignalStrengthWcdma: ss=2147483647 ber=2147483647 rscp=2147483647 ecno=2147483647 level=0,mTdscdma=CellSignalStrengthTdscdma: rssi=2147483647 ber=2147483647 rscp=2147483647 level=0,mLte=CellSignalStrengthLte: rssi=2147483647 rsrp=2147483647 rsrq=2147483647 rssnr=2147483647 cqiTableIndex=2147483647 cqi=2147483647 ta=2147483647 level=0 parametersUseForLevel=1,mNr=CellSignalStrengthNr:{ csiRsrp = 2147483647 csiRsrq = 2147483647 csiCqiTableIndex = 2147483647 csiCqiReport = [] ssRsrp = 2147483647 ssRsrq = 2147483647 ssSinr = 2147483647 level = 0 parametersUseForLevel = 1 timingAdvance = 2147483647 },primary=CellSignalStrengthGsm}
07-24 17:32:55.221  1835  1884 I libprocessgroup: Successfully killed process cgroup uid 90009 pid 7671 in 0ms
07-24 17:32:55.753  1835  1884 I libprocessgroup: Successfully killed process cgroup uid 90010 pid 7699 in 20ms
07-24 17:33:00.275  5240  5332 E AtomicFile: Failed to sync file output stream
07-24 17:33:00.400  5240  5240 W cr_SegmentationPlatform: Signal type not found: 16
07-24 17:33:00.725  2466 30631 D NetworkMonitor/118: Forcing reevaluation for UID 1000. Dns signal count: 0
07-24 17:33:01.564  1708  1741 D RmcNwHdlr: [0] requestSignalStrength:sigRegisted[0000], sigUpdated[0X01]
07-24 17:33:01.564  1708  1741 D RmcNwHdlr: [0] handleSignalStrength, gsm_signal_strength: 25, gsm_bit_error_rate: 99, gsm_timing_advance: 2147483647, cdma_dbm: 2147483647, cdma_ecio: 2147483647, evdo_dbm: 2147483647, evdo_ecio: 2147483647, evdo_snr: 2147483647, lte_signal_strength: 99, lte_rsrp: 2147483647, lte_rsrq: 2147483647, lte_rssnr: 2147483647, lte_cqi: 2147483647, lte_timing_advance: 2147483647, tdscdma_signal_strength: 99, tdscdma_bit_error_rate: 99, tdscdma_rscp: 255, wcdma_signal_strength: 0, wcdma_bit_error_rate: 99, wcdma_scdma_rscp: 5, wcdma_ecno: 12, ssRsrp: 2147483647, ssRsrq: 2147483647, ssSinr: 2147483647, csiRsrp: 2147483647, csiRsrq: 2147483647, csiSinr: 2147483647
07-24 17:33:01.584  2516  2760 D OplusSignalSmooth/0: onSignalStrengthResultExt,oldSignalStrength:SignalStrength:{mCdma=CellSignalStrengthCdma: cdmaDbm=2147483647 cdmaEcio=2147483647 evdoDbm=2147483647 evdoEcio=2147483647 evdoSnr=2147483647 level=0,mGsm=CellSignalStrengthGsm: rssi=-55 ber=99 mTa=2147483647 mLevel=4,mWcdma=CellSignalStrengthWcdma: ss=2147483647 ber=2147483647 rscp=2147483647 ecno=2147483647 level=0,mTdscdma=CellSignalStrengthTdscdma: rssi=2147483647 ber=2147483647 rscp=2147483647 level=0,mLte=CellSignalStrengthLte: rssi=2147483647 rsrp=2147483647 rsrq=2147483647 rssnr=2147483647 cqiTableIndex=2147483647 cqi=2147483647 ta=2147483647 level=0 parametersUseForLevel=1,mNr=CellSignalStrengthNr:{ csiRsrp = 2147483647 csiRsrq = 2147483647 csiCqiTableIndex = 2147483647 csiCqiReport = [] ssRsrp = 2147483647 ssRsrq = 2147483647 ssSinr = 2147483647 level = 0 parametersUseForLevel = 1 timingAdvance = 2147483647 },primary=CellSignalStrengthGsm}
07-24 17:33:01.584  2516  2760 D OplusSignalSmooth/0: mOrigSignalStrength:SignalStrength:{mCdma=CellSignalStrengthCdma: cdmaDbm=2147483647 cdmaEcio=2147483647 evdoDbm=2147483647 evdoEcio=2147483647 evdoSnr=2147483647 level=0,mGsm=CellSignalStrengthGsm: rssi=-63 ber=99 mTa=2147483647 mLevel=4,mWcdma=CellSignalStrengthWcdma: ss=2147483647 ber=2147483647 rscp=2147483647 ecno=2147483647 level=0,mTdscdma=CellSignalStrengthTdscdma: rssi=2147483647 ber=2147483647 rscp=2147483647 level=0,mLte=CellSignalStrengthLte: rssi=2147483647 rsrp=2147483647 rsrq=2147483647 rssnr=2147483647 cqiTableIndex=2147483647 cqi=2147483647 ta=2147483647 level=0 parametersUseForLevel=1,mNr=CellSignalStrengthNr:{ csiRsrp = 2147483647 csiRsrq = 2147483647 csiCqiTableIndex = 2147483647 csiCqiReport = [] ssRsrp = 2147483647 ssRsrq = 2147483647 ssSinr = 2147483647 level = 0 parametersUseForLevel = 1 timingAdvance = 2147483647 },primary=CellSignalStrengthGsm}
07-24 17:33:01.584  2516  2760 D OplusSignalSmooth/0: no service fix signal...
07-24 17:33:01.587  2516  2760 D OplusSignalSmooth/0: notifySignalStrength, mSignalStrength: SignalStrength:{mCdma=CellSignalStrengthCdma: cdmaDbm=2147483647 cdmaEcio=2147483647 evdoDbm=2147483647 evdoEcio=2147483647 evdoSnr=2147483647 level=0,mGsm=CellSignalStrengthGsm: rssi=-63 ber=99 mTa=2147483647 mLevel=4,mWcdma=CellSignalStrengthWcdma: ss=2147483647 ber=2147483647 rscp=2147483647 ecno=2147483647 level=0,mTdscdma=CellSignalStrengthTdscdma: rssi=2147483647 ber=2147483647 rscp=2147483647 level=0,mLte=CellSignalStrengthLte: rssi=2147483647 rsrp=2147483647 rsrq=2147483647 rssnr=2147483647 cqiTableIndex=2147483647 cqi=2147483647 ta=2147483647 level=0 parametersUseForLevel=1,mNr=CellSignalStrengthNr:{ csiRsrp = 2147483647 csiRsrq = 2147483647 csiCqiTableIndex = 2147483647 csiCqiReport = [] ssRsrp = 2147483647 ssRsrq = 2147483647 ssSinr = 2147483647 level = 0 parametersUseForLevel = 1 timingAdvance = 2147483647 },primary=CellSignalStrengthGsm}
07-24 17:33:02.856  2516  2516 D OplusSignalSmooth/0: oemOosDelayState should not delay oos
07-24 17:33:02.857  2516  2516 D OplusSignalSmooth/0: oemOosDelayState: mOosDelayState = 0, oldstate=0, mSimState = 1, isOos=true, isOosInVowifi:false, mRadioResetState = 0
07-24 17:33:03.412  1835  1884 I libprocessgroup: Successfully killed process cgroup uid 10140 pid 8033 in 0ms
07-24 17:33:03.433  1835  1884 I libprocessgroup: Successfully killed process cgroup uid 10140 pid 8034 in 0ms
07-24 17:33:06.758  2541  2791 E PowerMitigationService: onPowerKpiChanged():SettleObj{ what=LO date=07-24 17:33:06.741 duration=322 screenOnRatio=0 screenOffRatio=0 power=0 current=0 networkType=null dataNetworkType=0 signalStrength=0 aodState=0 softAp=false charge=false simCount=0 defaultPhone=0 apssSleepC=0 apssSleepRatio=0 mpssSleepC=0 mpssSleepRatio=0 vminSleepC=0 vminSleepRatio=0 modemPowermA[]=[0,0,0] sleepRatio=0 idleRatio=100.00 rxRatio=0 5gRxRatio=0 txSumRatio=0 mtkTxRatio[]=[0,0,0,0,0,0,0,0] mtk5gTxRatio[]=[0,0,0,0,0,0,0,0]5gTxSumRatio=0 rrcConn10sC[]=[0, 0] rrcConn20sC[]=[0, 0] rrcConnMore20sC[]=[0, 0] rrcConnC[]=[0, 0] csChangedC[]=[0, 0] psChangedC[]=[0, 0] nwSrchC[]=[0, 0] nwSrchRatio[]=[0,0] lteRrcConnRatio[]=[0,0] psRegRatio[]=[0,0] csRegRatio[]=[0,0] psNoRegRatio[]=[0,0] csNoRegRatio[]=[0,0] sigGrid0Ratio[]=[0,0] endcActRatio[]=[0,0] ccciWakeupC={} allWakeupC={} appInWakeupC={} appOutWakeupC={} appWakeupRatio={} appTrafficC={} saRrcConn10sC[]=[0, 0] saRrcConn20sC[]=[0, 0] saRrcConnMore20sC[]=[0, 0] saRrcConnC[]=[0, 0] saRrcConnRatio[]=[0,0] sigGridSim0Ratio[]=[0,0,0,0,0] sigGridSim1Ratio[]=[0,0,0,0,0] lteNrSigGridSim0Ratio[]=[0,0,0,0,0,0,0,0,0,0] lteNrSigGridSim1Ratio[]=[0,0,0,0,0,0,0,0,0,0] cellUpdateC[]=[0, 0] hoC[]=[0, 0] reselC[]=[0, 0] redirectC[]=[0, 0] iRatC[]=[0, 0] iRhoC[]=[0, 0] iRreselC[]=[0, 0] iRredirectC[]=[0, 0] luC[]=[0, 0] rauC[]=[0, 0] guC[]=[0, 0] lteTauC[]=[0, 0] lteAttachC[]=[0, 0] pdnConC[]=[0, 0] eRrcCauseSim0C[]=[0, 0, 0, 0, 0, 0, 0] eRrcCauseSim1C[]=[0, 0, 0, 0, 0, 0, 0] nRrcCauseSim0C[]=[0, 0, 0, 0, 0, 0, 0, 0, 0, 0] nRrcCauseSim1C[]=[0, 0, 0, 0, 0, 0, 0, 0, 0, 0] saRachC[]=[0, 0] saRlfC[]=[0, 0] saReestabC[]=[0, 0] mLteRrcConnRatio[]=[0,0] rrcConnC[]=[0, 0] lteCdrxCfgRatio[]=[0,0] lteCdrxActRatio[]=[0,0] eDlLayerSim0Ratio[]=[0,0,0,0] eDlLayerSim1Ratio[]=[0,0,0,0] lteCaRatio[]=[0,0] saRrcConnRatio[]=[0,0] endcActRatio[]=[0,0] saRrcConnC[]=[0, 0] nrCdrxCfgRatio[]=[0,0] nrCdrxActRatio[]=[0,0] nUlDlLayerSim0Ratio[]=[0,0,0,0,0,0,0,0] nUlDlLayerSim1Ratio[]=[0,0,0,0,0,0,0,0] nrCaRatio[]=[0,0] nBwpSim0Ratio[]=[0,0,0,0,0,0,0,0,0,0] nBwpSim1Ratio[]=[0,0,0,0,0,0,0,0,0,0] dsdsRatio[]=[0,0] drdsdsRatio[]=[0,0] dsdaRatio[]=[0,0] drdsdaRatio[]=[0,0] maxCCCfgT[]=[0, 0] maxCCCfgRatio[]=[0,0] maxCCSentC[]=[0, 0] maxMimoCfgT[]=[0, 0] maxMimoCfgRatio[]=[0,0] maxMimoSentC[]=[0, 0] releasePreferCfgT[]=[0, 0] releasePreferCfgRatio[]=[0,0] release2IdleSentC[]=[0, 0] release2OutOfConnectSentC[]=[0, 0] releaseSentC[]=[0, 0] wusCfgT[]=[0, 0] wusCfgRatio[]=[0,0] wus0CfgC[]=[0, 0] wus1fgC[]=[0, 0] skipUlTxCfgT[]=[0, 0] skipUlTxCfgRatio[]=[0,0] skipUlDyTxC[]=[0, 0] plmnSearchT[]=[0, 0] lteBgSearchT[]=[0, 0] nrBgSearchT[]=[0, 0]}
07-24 17:33:09.594  1708  1741 D RmcNwHdlr: [0] requestSignalStrength:sigRegisted[0000], sigUpdated[0X01]
07-24 17:33:09.594  1708  1741 D RmcNwHdlr: [0] handleSignalStrength, gsm_signal_strength: 28, gsm_bit_error_rate: 99, gsm_timing_advance: 2147483647, cdma_dbm: 2147483647, cdma_ecio: 2147483647, evdo_dbm: 2147483647, evdo_ecio: 2147483647, evdo_snr: 2147483647, lte_signal_strength: 99, lte_rsrp: 2147483647, lte_rsrq: 2147483647, lte_rssnr: 2147483647, lte_cqi: 2147483647, lte_timing_advance: 2147483647, tdscdma_signal_strength: 99, tdscdma_bit_error_rate: 99, tdscdma_rscp: 255, wcdma_signal_strength: 0, wcdma_bit_error_rate: 99, wcdma_scdma_rscp: 5, wcdma_ecno: 12, ssRsrp: 2147483647, ssRsrq: 2147483647, ssSinr: 2147483647, csiRsrp: 2147483647, csiRsrq: 2147483647, csiSinr: 2147483647
07-24 17:33:09.607  2516  2760 D OplusSignalSmooth/0: onSignalStrengthResultExt,oldSignalStrength:SignalStrength:{mCdma=CellSignalStrengthCdma: cdmaDbm=2147483647 cdmaEcio=2147483647 evdoDbm=2147483647 evdoEcio=2147483647 evdoSnr=2147483647 level=0,mGsm=CellSignalStrengthGsm: rssi=-63 ber=99 mTa=2147483647 mLevel=4,mWcdma=CellSignalStrengthWcdma: ss=2147483647 ber=2147483647 rscp=2147483647 ecno=2147483647 level=0,mTdscdma=CellSignalStrengthTdscdma: rssi=2147483647 ber=2147483647 rscp=2147483647 level=0,mLte=CellSignalStrengthLte: rssi=2147483647 rsrp=2147483647 rsrq=2147483647 rssnr=2147483647 cqiTableIndex=2147483647 cqi=2147483647 ta=2147483647 level=0 parametersUseForLevel=1,mNr=CellSignalStrengthNr:{ csiRsrp = 2147483647 csiRsrq = 2147483647 csiCqiTableIndex = 2147483647 csiCqiReport = [] ssRsrp = 2147483647 ssRsrq = 2147483647 ssSinr = 2147483647 level = 0 parametersUseForLevel = 1 timingAdvance = 2147483647 },primary=CellSignalStrengthGsm}
07-24 17:33:09.608  2516  2760 D OplusSignalSmooth/0: mOrigSignalStrength:SignalStrength:{mCdma=CellSignalStrengthCdma: cdmaDbm=2147483647 cdmaEcio=2147483647 evdoDbm=2147483647 evdoEcio=2147483647 evdoSnr=2147483647 level=0,mGsm=CellSignalStrengthGsm: rssi=-57 ber=99 mTa=2147483647 mLevel=4,mWcdma=CellSignalStrengthWcdma: ss=2147483647 ber=2147483647 rscp=2147483647 ecno=2147483647 level=0,mTdscdma=CellSignalStrengthTdscdma: rssi=2147483647 ber=2147483647 rscp=2147483647 level=0,mLte=CellSignalStrengthLte: rssi=2147483647 rsrp=2147483647 rsrq=2147483647 rssnr=2147483647 cqiTableIndex=2147483647 cqi=2147483647 ta=2147483647 level=0 parametersUseForLevel=1,mNr=CellSignalStrengthNr:{ csiRsrp = 2147483647 csiRsrq = 2147483647 csiCqiTableIndex = 2147483647 csiCqiReport = [] ssRsrp = 2147483647 ssRsrq = 2147483647 ssSinr = 2147483647 level = 0 parametersUseForLevel = 1 timingAdvance = 2147483647 },primary=CellSignalStrengthGsm}
07-24 17:33:09.608  2516  2760 D OplusSignalSmooth/0: no service fix signal...
07-24 17:33:09.613  2516  2760 D OplusSignalSmooth/0: notifySignalStrength, mSignalStrength: SignalStrength:{mCdma=CellSignalStrengthCdma: cdmaDbm=2147483647 cdmaEcio=2147483647 evdoDbm=2147483647 evdoEcio=2147483647 evdoSnr=2147483647 level=0,mGsm=CellSignalStrengthGsm: rssi=-57 ber=99 mTa=2147483647 mLevel=4,mWcdma=CellSignalStrengthWcdma: ss=2147483647 ber=2147483647 rscp=2147483647 ecno=2147483647 level=0,mTdscdma=CellSignalStrengthTdscdma: rssi=2147483647 ber=2147483647 rscp=2147483647 level=0,mLte=CellSignalStrengthLte: rssi=2147483647 rsrp=2147483647 rsrq=2147483647 rssnr=2147483647 cqiTableIndex=2147483647 cqi=2147483647 ta=2147483647 level=0 parametersUseForLevel=1,mNr=CellSignalStrengthNr:{ csiRsrp = 2147483647 csiRsrq = 2147483647 csiCqiTableIndex = 2147483647 csiCqiReport = [] ssRsrp = 2147483647 ssRsrq = 2147483647 ssSinr = 2147483647 level = 0 parametersUseForLevel = 1 timingAdvance = 2147483647 },primary=CellSignalStrengthGsm}
07-24 17:33:15.928 30920 30960 E cameraserver: CameraServiceExtImpl_mt6765.cpp: 443 Set UX successfully for 30960
07-24 17:33:16.636  1708  1741 D RmcNwHdlr: [0] requestSignalStrength:sigRegisted[0000], sigUpdated[0X01]
07-24 17:33:16.636  1708  1741 D RmcNwHdlr: [0] handleSignalStrength, gsm_signal_strength: 27, gsm_bit_error_rate: 99, gsm_timing_advance: 2147483647, cdma_dbm: 2147483647, cdma_ecio: 2147483647, evdo_dbm: 2147483647, evdo_ecio: 2147483647, evdo_snr: 2147483647, lte_signal_strength: 99, lte_rsrp: 2147483647, lte_rsrq: 2147483647, lte_rssnr: 2147483647, lte_cqi: 2147483647, lte_timing_advance: 2147483647, tdscdma_signal_strength: 99, tdscdma_bit_error_rate: 99, tdscdma_rscp: 255, wcdma_signal_strength: 0, wcdma_bit_error_rate: 99, wcdma_scdma_rscp: 5, wcdma_ecno: 12, ssRsrp: 2147483647, ssRsrq: 2147483647, ssSinr: 2147483647, csiRsrp: 2147483647, csiRsrq: 2147483647, csiSinr: 2147483647
07-24 17:33:16.642  2516  2760 D OplusSignalSmooth/0: onSignalStrengthResultExt,oldSignalStrength:SignalStrength:{mCdma=CellSignalStrengthCdma: cdmaDbm=2147483647 cdmaEcio=2147483647 evdoDbm=2147483647 evdoEcio=2147483647 evdoSnr=2147483647 level=0,mGsm=CellSignalStrengthGsm: rssi=-57 ber=99 mTa=2147483647 mLevel=4,mWcdma=CellSignalStrengthWcdma: ss=2147483647 ber=2147483647 rscp=2147483647 ecno=2147483647 level=0,mTdscdma=CellSignalStrengthTdscdma: rssi=2147483647 ber=2147483647 rscp=2147483647 level=0,mLte=CellSignalStrengthLte: rssi=2147483647 rsrp=2147483647 rsrq=2147483647 rssnr=2147483647 cqiTableIndex=2147483647 cqi=2147483647 ta=2147483647 level=0 parametersUseForLevel=1,mNr=CellSignalStrengthNr:{ csiRsrp = 2147483647 csiRsrq = 2147483647 csiCqiTableIndex = 2147483647 csiCqiReport = [] ssRsrp = 2147483647 ssRsrq = 2147483647 ssSinr = 2147483647 level = 0 parametersUseForLevel = 1 timingAdvance = 2147483647 },primary=CellSignalStrengthGsm}
07-24 17:33:16.642  2516  2760 D OplusSignalSmooth/0: mOrigSignalStrength:SignalStrength:{mCdma=CellSignalStrengthCdma: cdmaDbm=2147483647 cdmaEcio=2147483647 evdoDbm=2147483647 evdoEcio=2147483647 evdoSnr=2147483647 level=0,mGsm=CellSignalStrengthGsm: rssi=-59 ber=99 mTa=2147483647 mLevel=4,mWcdma=CellSignalStrengthWcdma: ss=2147483647 ber=2147483647 rscp=2147483647 ecno=2147483647 level=0,mTdscdma=CellSignalStrengthTdscdma: rssi=2147483647 ber=2147483647 rscp=2147483647 level=0,mLte=CellSignalStrengthLte: rssi=2147483647 rsrp=2147483647 rsrq=2147483647 rssnr=2147483647 cqiTableIndex=2147483647 cqi=2147483647 ta=2147483647 level=0 parametersUseForLevel=1,mNr=CellSignalStrengthNr:{ csiRsrp = 2147483647 csiRsrq = 2147483647 csiCqiTableIndex = 2147483647 csiCqiReport = [] ssRsrp = 2147483647 ssRsrq = 2147483647 ssSinr = 2147483647 level = 0 parametersUseForLevel = 1 timingAdvance = 2147483647 },primary=CellSignalStrengthGsm}
07-24 17:33:16.642  2516  2760 D OplusSignalSmooth/0: no service fix signal...
07-24 17:33:16.650  2516  2760 D OplusSignalSmooth/0: notifySignalStrength, mSignalStrength: SignalStrength:{mCdma=CellSignalStrengthCdma: cdmaDbm=2147483647 cdmaEcio=2147483647 evdoDbm=2147483647 evdoEcio=2147483647 evdoSnr=2147483647 level=0,mGsm=CellSignalStrengthGsm: rssi=-59 ber=99 mTa=2147483647 mLevel=4,mWcdma=CellSignalStrengthWcdma: ss=2147483647 ber=2147483647 rscp=2147483647 ecno=2147483647 level=0,mTdscdma=CellSignalStrengthTdscdma: rssi=2147483647 ber=2147483647 rscp=2147483647 level=0,mLte=CellSignalStrengthLte: rssi=2147483647 rsrp=2147483647 rsrq=2147483647 rssnr=2147483647 cqiTableIndex=2147483647 cqi=2147483647 ta=2147483647 level=0 parametersUseForLevel=1,mNr=CellSignalStrengthNr:{ csiRsrp = 2147483647 csiRsrq = 2147483647 csiCqiTableIndex = 2147483647 csiCqiReport = [] ssRsrp = 2147483647 ssRsrq = 2147483647 ssSinr = 2147483647 level = 0 parametersUseForLevel = 1 timingAdvance = 2147483647 },primary=CellSignalStrengthGsm}
07-24 17:33:19.212  1835  4020 W System.err: 	at com.android.server.camera.CameraServiceProxy$2.isCameraDisabled(CameraServiceProxy.java:632)
07-24 17:33:19.212  1835  4020 W System.err: 	at android.hardware.ICameraServiceProxy$Stub.onTransact(ICameraServiceProxy.java:174)
07-24 17:33:19.218 30920 30960 I CameraService: CameraService::connect call (PID 5240 "com.android.chrome", camera ID 1) and Camera API version 2
07-24 17:33:19.241 30920 30960 I CameraService: makeClient: Camera2 API, override to portrait 0
07-24 17:33:19.568  1835  4020 V CameraService_proxy: The activity is N or above and claims to support resizeable-activity. Crop-rotate-scale is disabled.
07-24 17:33:19.599 30920  8263 E cameraserver: CameraServiceExtImpl_mt6765.cpp: 443 Set UX successfully for 8263
07-24 17:33:19.614 30920  8266 E cameraserver: CameraServiceExtImpl_mt6765.cpp: 443 Set UX successfully for 8266
07-24 17:33:19.617 30920 30960 I CameraServiceProxyWrapper: logOpen: id 1, facing 1, effectiveApiLevel 2, isNdk 0, latencyMs 395
07-24 17:33:19.618 30920 30960 D cameraserver: FGS Logger Transaction failed
07-24 17:33:19.618 30920 30960 D cameraserver: -129
07-24 17:33:19.677  1835  3229 W ContextImpl: Calling a method in the system process without a qualified user: android.app.ContextImpl.sendBroadcast:1232 com.android.server.camera.OplusCameraStateBroadcast.notifyCameraState:52 com.android.server.camera.CameraServiceProxyExtImpl.extendNotifyCameraState:318 com.android.server.camera.CameraServiceProxy.updateActivityCount:1324 com.android.server.camera.CameraServiceProxy.-$$Nest$mupdateActivityCount:0 
07-24 17:33:19.773 30920 32248 E OplusCameraService: CameraServiceExtImpl.cpp: 3195 addRemovePackageName() addRemovePackageName: mApsInterface is not able
07-24 17:33:19.947 30920 32248 E OplusCameraService: CameraServiceExtImpl.cpp: 3195 addRemovePackageName() addRemovePackageName: mApsInterface is not able
07-24 17:33:20.095 30920  8263 E OplusCameraService: CameraServiceExtImpl.cpp: 3195 addRemovePackageName() addRemovePackageName: mApsInterface is not able
07-24 17:33:20.099  1835  3229 W ContextImpl: Calling a method in the system process without a qualified user: android.app.ContextImpl.sendBroadcast:1232 com.android.server.camera.OplusCameraStateBroadcast.notifyCameraState:52 com.android.server.camera.CameraServiceProxyExtImpl.extendNotifyCameraState:318 com.android.server.camera.CameraServiceProxy.updateActivityCount:1324 com.android.server.camera.CameraServiceProxy.-$$Nest$mupdateActivityCount:0 
07-24 17:33:20.123  1285  8277 I MtkCam/P1NodeUtility: [done] [Cam::1] StageCtrl signal(0)
07-24 17:33:20.196  1285 16238 I mtkcam-InFlightRequest: [abort] +
07-24 17:33:20.196  1285 16238 I mtkcam-InFlightRequest: [abort] - frames:{ } being aborted (#0 in-flight frames)
07-24 17:33:20.391  1285 16238 W aaa_hal_sttCtrl: [abortDeque] 
07-24 17:33:20.391  1285 16238 I afo_buf_mgr: [abortDequeue] abortDma done
07-24 17:33:20.391  1285 16238 I afo_buf_mgr: [abortDequeue] +
07-24 17:33:20.391  1285 16238 I afo_buf_mgr: [abortDequeue] -
07-24 17:33:20.468 30920  8263 E OplusCameraService: CameraServiceExtImpl.cpp: 3195 addRemovePackageName() addRemovePackageName: mApsInterface is not able
07-24 17:33:20.627  1285  8362 I MtkCam/P1NodeUtility: [done] [Cam::1] StageCtrl signal(0)
07-24 17:33:21.158 30920 30929 E cameraserver: CameraServiceExtImpl_mt6765.cpp: 443 Set UX successfully for 30929
07-24 17:33:21.160 30920 30929 F libc    : Fatal signal 11 (SIGSEGV), code 2 (SEGV_ACCERR), fault addr 0x6f57400008 in tid 30929 (HwBinder:30920_), pid 30920 (Binder:camerase)
07-24 17:33:21.624  8441  8441 I crash_dump64: obtaining output fd from tombstoned, type: kDebuggerdTombstoneProto
07-24 17:33:21.636   637   637 I tombstoned: received crash request for pid 30929
07-24 17:33:23.509  1285  8369 I MtkCam/P1NodeUtility: [inspect] [Cam::1] [::P1_LOG_DUMP::] [ 05:30:00.000000_00000-00000= <OpStop.DrvStop---> IsAbort(0) (0) (0) (0) ] 
07-24 17:33:23.552  2516  2516 D OplusSignalSmooth/0: oemOosDelayState should not delay oos
07-24 17:33:23.552  2516  2516 D OplusSignalSmooth/0: oemOosDelayState: mOosDelayState = 0, oldstate=0, mSimState = 1, isOos=true, isOosInVowifi:false, mRadioResetState = 0
07-24 17:33:23.570  1285  8261 I MtkCam/P1NodeUtility: [inspect] [Cam::1] [::P1_LOG_DUMP::] [ 05:30:00.000000_00000-00000= <OpStop.DrvStop---> IsAbort(0) (0) (0) (0) ] 
07-24 17:33:24.462  8441  8441 F DEBUG   : Process name is /system/bin/cameraserver, not key_process
07-24 17:33:24.462  8441  8441 F DEBUG   : Cmdline: /system/bin/cameraserver
07-24 17:33:24.462  8441  8441 F DEBUG   : pid: 30920, tid: 30929, name: HwBinder:30920_  >>> /system/bin/cameraserver <<<
07-24 17:33:24.462  8441  8441 F DEBUG   : signal 11 (SIGSEGV), code 2 (SEGV_ACCERR), fault addr 0x0000006f57400008
07-24 17:33:24.466  8441  8441 F DEBUG   :       #04 pc 000000000025daac  /system/lib64/libcameraservice.so (android::camera3::returnAndRemovePendingOutputBuffers(bool, android::sp<android::NotificationListener>, android::camera3::InFlightRequest&, android::SessionStatsBuilder&) (.cfi)+380) (BuildId: d3198ce7fe58df721d9b438d65c51798)
07-24 17:33:24.470  8441  8441 F DEBUG   :       #05 pc 000000000025ca60  /system/lib64/libcameraservice.so (android::camera3::processCaptureResult(android::camera3::CaptureOutputStates&, android::camera3::camera_capture_result const*) (.cfi)+1536) (BuildId: d3198ce7fe58df721d9b438d65c51798)
07-24 17:33:24.470  8441  8441 F DEBUG   :       #07 pc 000000000027a10c  /system/lib64/libcameraservice.so (void android::camera3::processOneCaptureResultLockedT<android::camera3::HidlCaptureOutputStates, android::hardware::camera::device::V3_2::CaptureResult, android::hardware::hidl_vec<android::hardware::camera::device::V3_4::PhysicalCameraMetadata>, android::hardware::hidl_vec<unsigned char>, android::hardware::MessageQueue<unsigned char, (android::hardware::MQFlavor)1>, android::hardware::camera::device::V3_2::BufferStatus, unsigned char>(android::camera3::HidlCaptureOutputStates&, android::hardware::camera::device::V3_2::CaptureResult const&, android::hardware::hidl_vec<android::hardware::camera::device::V3_4::PhysicalCameraMetadata> const&)+1868) (BuildId: d3198ce7fe58df721d9b438d65c51798)
07-24 17:33:24.470  8441  8441 F DEBUG   :       #08 pc 00000000002703ac  /system/lib64/libcameraservice.so (android::HidlCamera3Device::processCaptureResult_3_4(android::hardware::hidl_vec<android::hardware::camera::device::V3_4::CaptureResult> const&)+924) (BuildId: d3198ce7fe58df721d9b438d65c51798)
07-24 17:33:24.470  8441  8441 F DEBUG   :       #10 pc 0000000000015d38  /system/lib64/android.hardware.camera.device@3.4.so (android::hardware::camera::device::V3_4::BnHwCameraDeviceCallback::_hidl_processCaptureResult_3_4(android::hidl::base::V1_0::BnHwBase*, android::hardware::Parcel const&, android::hardware::Parcel*, std::__1::function<void (android::hardware::Parcel&)>)+296) (BuildId: 82b93493979ba100cc2c407c01d96ce8)
07-24 17:33:24.547  8441  8441 I crash_dump64: start notify aee_aed tombstone path: /data/tombstones/.temporary19
07-24 17:33:24.576  8445  8445 D AEE_AED : is_tombstone_path tombstone path is matched
07-24 17:33:24.576  8445  8445 I AEE_AED : parse_tombstone: the tombstone file '/data/tombstones/.temporary19' need to be parsed
07-24 17:33:24.577  8445  8445 D AEE_AED : u:r:cameraserver:s0
07-24 17:33:24.577  8445  8445 V AEE_AED : dashboard_record_update() : rec->module = /system/bin/cameraserver 
07-24 17:33:24.585   637   637 E tombstoned: Tombstone written to: tombstone_24
07-24 17:33:24.617  1835  1968 E NativeTombstoneManager: Tombstone's UID (1047) not an app, ignoring
07-24 17:33:24.697  1285  1834 W mtkcam-camprovider: [serviceDied] ICameraProviderCallback {.pid = 30920, .ptr = 0, .arch = IS_64BIT} has died; removing it - cookie:0xb40000708126cf40 this:0xb40000708126cf40
07-24 17:33:24.697  1285   410 W mtkcam-dev3-hidl: [1-hidl-session::serviceDied] ICameraDevice3Session has died - {.pid = 30920, .ptr = 0, .arch = IS_64BIT}; removing it - cookie:0xb400006ff5d9fa80 this: 0xb400006ff5d9fa80
07-24 17:33:24.697  1285   410 W mtkcam-dev3-hidl: [1-hidl-session::serviceDied] CameraService has died, force to close camera device 1
07-24 17:33:24.699  1285   410 I mtkcam-InFlightRequest: [abort] +
07-24 17:33:24.699  1285   410 I mtkcam-InFlightRequest: [abort] - frames:{ } being aborted (#0 in-flight frames)
07-24 17:33:24.701  1285  8257 E mtkcam-dev3-hidl: [1-hidl-session::processCaptureResult] Transaction error in ICameraDeviceCallback::processCaptureResult_3_4: Status(EX_TRANSACTION_FAILED): 'DEAD_OBJECT: ' (processCaptureResult){#830:vendor/mediatek/proprietary/hardware/mtkcam3/main/hal/entry/hidl/device/3.x/HidlCameraDeviceSession.cpp}
07-24 17:33:24.701  1285  8257 E mtkcam-dev3-hidl: [1-hidl-session::processCaptureResult] Transaction error in ICameraDeviceCallback::processCaptureResult_3_4: Status(EX_TRANSACTION_FAILED): 'DEAD_OBJECT: ' (processCaptureResult){#830:vendor/mediatek/proprietary/hardware/mtkcam3/main/hal/entry/hidl/device/3.x/HidlCameraDeviceSession.cpp}
07-24 17:33:24.701  1285  8257 E mtkcam-dev3-hidl: [1-hidl-session::processCaptureResult] Transaction error in ICameraDeviceCallback::processCaptureResult_3_4: Status(EX_TRANSACTION_FAILED): 'DEAD_OBJECT: ' (processCaptureResult){#830:vendor/mediatek/proprietary/hardware/mtkcam3/main/hal/entry/hidl/device/3.x/HidlCameraDeviceSession.cpp}
07-24 17:33:24.733  1835  2178 W ContextImpl: Calling a method in the system process without a qualified user: android.app.ContextImpl.sendBroadcast:1232 com.android.server.camera.OplusCameraStateBroadcast.notifyCameraState:52 com.android.server.camera.CameraServiceProxyExtImpl.extendNotifyCameraState:318 com.android.server.camera.CameraServiceProxy.binderDied:845 android.os.IBinder$DeathRecipient.binderDied:319 
07-24 17:33:24.753  5240  5452 W System.err: 	at android.hardware.camera2.CameraManager$CameraManagerGlobal.connectCameraServiceLocked(CameraManager.java:1960)
07-24 17:33:24.774  1285   410 W aaa_hal_sttCtrl: [abortDeque] 
07-24 17:33:24.774  1285   410 I afo_buf_mgr: [abortDequeue] abortDma done
07-24 17:33:24.774  1285   410 I afo_buf_mgr: [abortDequeue] +
07-24 17:33:24.774  1285   410 I afo_buf_mgr: [abortDequeue] -
07-24 17:33:24.782  5240  5452 W System.err: 	at android.hardware.camera2.CameraManager$CameraManagerGlobal.connectCameraServiceLocked(CameraManager.java:1960)
07-24 17:33:24.801  1285   410 I mtkcam-InFlightRequest: [abort] +
07-24 17:33:24.801  1285   410 I mtkcam-InFlightRequest: [abort] - frames:{ } being aborted (#0 in-flight frames)
07-24 17:33:24.969  5240  5452 W System.err: 	at android.hardware.camera2.CameraManager$CameraManagerGlobal.connectCameraServiceLocked(CameraManager.java:1960)
07-24 17:33:25.213  1835  1968 I BootReceiver: Copying /data/tombstones/tombstone_24 to DropBox (SYSTEM_TOMBSTONE)
07-24 17:33:25.229  1835  1968 I DropBoxManagerService: add tag=SYSTEM_TOMBSTONE isTagEnabled=true flags=0x6
07-24 17:33:25.590  1835  1968 D DropBoxManagerService: file :: /data/system/dropbox/SYSTEM_TOMBSTONE@1784894605579.txt.gz
07-24 17:33:25.617  1835  1968 I dropbox_file_copy: [/data/tombstones/tombstone_24,4194304,SYSTEM_TOMBSTONE]
07-24 17:33:25.729  5240  8449 W System.err: 	at android.hardware.camera2.CameraManager$CameraManagerGlobal.connectCameraServiceLocked(CameraManager.java:1960)
07-24 17:33:25.729  5240  8449 W System.err: 	at android.hardware.camera2.CameraManager$CameraManagerGlobal.getCameraService(CameraManager.java:1943)
07-24 17:33:25.729  5240  8449 W System.err: 	at android.hardware.camera2.CameraManager$CameraManagerGlobal.lambda$scheduleCameraServiceReconnectionLocked$3(CameraManager.java:2965)
07-24 17:33:25.753  1835 24309 W System.err: 	at android.hardware.camera2.CameraManager$CameraManagerGlobal.connectCameraServiceLocked(CameraManager.java:1960)
07-24 17:33:25.753  1835 24309 W System.err: 	at android.hardware.camera2.CameraManager$CameraManagerGlobal.getCameraService(CameraManager.java:1943)
07-24 17:33:25.753  1835 24309 W System.err: 	at android.hardware.camera2.CameraManager$CameraManagerGlobal.lambda$scheduleCameraServiceReconnectionLocked$3(CameraManager.java:2965)
07-24 17:33:25.952  1835  1968 E NativeTombstoneManager: Tombstone's UID (1047) not an app, ignoring
07-24 17:33:25.997  1835  1968 I DropBoxManagerService: add tag=SYSTEM_TOMBSTONE_PROTO_WITH_HEADERS isTagEnabled=true flags=0x4
07-24 17:33:26.026  8453  8453 I cameraserver: ServiceManager: 0xb40000791403d080
07-24 17:33:26.026  8453  8453 I CameraService: CameraService started (pid=8453)
07-24 17:33:26.151  8453  8453 I CameraServiceExtFactory: getInstance Open Camera Ext Factory (system_ext/lib64/libcsextimpl.so) success
07-24 17:33:26.151  8453  8453 I CameraServiceExtFactory: getInstance Create Camera Ext Factory Impl success
07-24 17:33:26.158  8453  8453 E cameraserver: JsonParser.cpp: 233 [getFileVersion] /data/system/camera_rus/fwk_config_v2.json not exist or fail to access
07-24 17:33:26.158  8453  8453 E cameraserver: JsonParser.cpp: 233 [getFileVersion]  not exist or fail to access
07-24 17:33:26.158  8453  8453 E cameraserver: JsonParser.cpp: 233 [getFileVersion] /data/system/camera_rus/fwk_common_config.json not exist or fail to access
07-24 17:33:26.163  8453  8453 E cameraserver: APSInterface.cpp: 1005 loadAPSLib dlopen libfwk.aps.interface.so fail error (null)
07-24 17:33:26.163  8453  8453 I CameraService: CameraService process starting
07-24 17:33:26.205  1835  1968 D DropBoxManagerService: file :: /data/system/dropbox/SYSTEM_TOMBSTONE_PROTO_WITH_HEADERS@1784894606198.dat.gz
07-24 17:33:26.230  8453  8453 I cameraserver: Connecting to new camera provider: internal/0, isRemote? 1
07-24 17:33:26.289  8453  8453 I CameraProviderManager: Enumerating new camera device: device@3.6/internal/0
