07-23 00:01:44.226  1487  1681 E RILMUXD : 3275:thread_serial_device_read(): Interrupt signal EINTR caught
07-23 00:02:32.238  1487  1681 E RILMUXD : 3275:thread_serial_device_read(): Interrupt signal EINTR caught
07-23 00:06:44.240  1487  1681 E RILMUXD : 3275:thread_serial_device_read(): Interrupt signal EINTR caught
07-23 00:06:50.541  1487  1681 E RILMUXD : 3275:thread_serial_device_read(): Interrupt signal EINTR caught
07-23 00:06:51.135  1487  1681 E RILMUXD : 3275:thread_serial_device_read(): Interrupt signal EINTR caught
07-23 00:08:22.067  1487  1681 E RILMUXD : 3275:thread_serial_device_read(): Interrupt signal EINTR caught
07-23 00:08:22.689  1487  1681 E RILMUXD : 3275:thread_serial_device_read(): Interrupt signal EINTR caught
07-23 00:08:23.328  1487  1681 E RILMUXD : 3275:thread_serial_device_read(): Interrupt signal EINTR caught
07-23 00:10:01.240  1487  1681 E RILMUXD : 3275:thread_serial_device_read(): Interrupt signal EINTR caught
07-23 00:11:44.251  1487  1681 E RILMUXD : 3275:thread_serial_device_read(): Interrupt signal EINTR caught
07-23 00:12:32.244  1487  1681 E RILMUXD : 3275:thread_serial_device_read(): Interrupt signal EINTR caught
07-23 00:12:32.922  1487  1681 E RILMUXD : 3275:thread_serial_device_read(): Interrupt signal EINTR caught
07-23 00:16:45.263  1487  1681 E RILMUXD : 3275:thread_serial_device_read(): Interrupt signal EINTR caught
07-23 00:18:37.920  1487  1681 E RILMUXD : 3275:thread_serial_device_read(): Interrupt signal EINTR caught
07-23 00:18:38.706  2516  2516 D DeviceStateMonitor: shouldEnableSignalStrengthReports, mIsAlwaysSignalStrengthReportingEnabled:false mIsCharging:false mIsScreenOn:falsemIsRadioOnfalse
07-23 00:18:38.723  2516  2516 D DeviceStateMonitor: shouldEnableSignalStrengthReports, mIsAlwaysSignalStrengthReportingEnabled:false mIsCharging:false mIsScreenOn:falsemIsRadioOntrue
07-23 00:18:40.233  1708  1738 D RtcMwi  : [0] onHandleRequest: request id 60527 is RFX_MSG_REQUEST_SET_WIFI_SIGNAL_LEVEL
07-23 00:18:40.268  1708  1738 D RtcMwi  : [0] onHandleResponse, handle RFX_MSG_REQUEST_SET_WIFI_SIGNAL_LEVEL
07-23 00:18:40.282  1708  1738 D RtcMwi  : [0] onHandleRequest: request id 60527 is RFX_MSG_REQUEST_SET_WIFI_SIGNAL_LEVEL
07-23 00:18:40.299  1708  1738 D RtcMwi  : [0] onHandleResponse, handle RFX_MSG_REQUEST_SET_WIFI_SIGNAL_LEVEL
07-23 00:18:40.497  1708  1738 D RtcMwi  : [0] onHandleRequest: request id 60527 is RFX_MSG_REQUEST_SET_WIFI_SIGNAL_LEVEL
07-23 00:18:40.516  1708  1738 D RtcMwi  : [0] onHandleResponse, handle RFX_MSG_REQUEST_SET_WIFI_SIGNAL_LEVEL
07-23 00:18:40.572  1708  1738 D RtcMwi  : [0] onHandleRequest: request id 60527 is RFX_MSG_REQUEST_SET_WIFI_SIGNAL_LEVEL
07-23 00:18:40.585  1708  1738 D RtcMwi  : [0] onHandleResponse, handle RFX_MSG_REQUEST_SET_WIFI_SIGNAL_LEVEL
07-23 00:18:58.653  1487  1681 E RILMUXD : 3275:thread_serial_device_read(): Interrupt signal EINTR caught
07-23 00:19:13.172  1487  1681 E RILMUXD : 3275:thread_serial_device_read(): Interrupt signal EINTR caught
07-23 00:19:13.959  1487  1681 E RILMUXD : 3275:thread_serial_device_read(): Interrupt signal EINTR caught
07-23 00:19:15.053  1487  1681 E RILMUXD : 3275:thread_serial_device_read(): Interrupt signal EINTR caught
07-23 00:19:18.298  1487  1681 E RILMUXD : 3275:thread_serial_device_read(): Interrupt signal EINTR caught
07-23 00:19:32.232  1487  1681 E RILMUXD : 3275:thread_serial_device_read(): Interrupt signal EINTR caught
07-23 00:19:39.383  1487  1681 E RILMUXD : 3275:thread_serial_device_read(): Interrupt signal EINTR caught
07-23 00:19:42.664  1487  1681 E RILMUXD : 3275:thread_serial_device_read(): Interrupt signal EINTR caught
07-23 00:19:43.241  1487  1681 E RILMUXD : 3275:thread_serial_device_read(): Interrupt signal EINTR caught
07-23 00:19:53.513  1487  1681 E RILMUXD : 3275:thread_serial_device_read(): Interrupt signal EINTR caught
07-23 00:20:04.583  1487  1681 E RILMUXD : 3275:thread_serial_device_read(): Interrupt signal EINTR caught
07-23 00:20:05.404  1487  1681 E RILMUXD : 3275:thread_serial_device_read(): Interrupt signal EINTR caught
07-23 00:21:44.241  1487  1681 E RILMUXD : 3275:thread_serial_device_read(): Interrupt signal EINTR caught
07-23 00:21:54.852  1487  1681 E RILMUXD : 3275:thread_serial_device_read(): Interrupt signal EINTR caught
07-23 00:22:05.399  1487  1681 E RILMUXD : 3275:thread_serial_device_read(): Interrupt signal EINTR caught
07-23 00:22:06.596  1487  1681 E RILMUXD : 3275:thread_serial_device_read(): Interrupt signal EINTR caught
07-23 00:22:07.208  1487  1681 E RILMUXD : 3275:thread_serial_device_read(): Interrupt signal EINTR caught
07-23 00:22:18.119  1487  1681 E RILMUXD : 3275:thread_serial_device_read(): Interrupt signal EINTR caught
07-23 00:22:20.569  1487  1681 E RILMUXD : 3275:thread_serial_device_read(): Interrupt signal EINTR caught
07-23 00:22:23.242  1487  1681 E RILMUXD : 3275:thread_serial_device_read(): Interrupt signal EINTR caught
07-23 00:22:24.555  1487  1681 E RILMUXD : 3275:thread_serial_device_read(): Interrupt signal EINTR caught
07-23 00:22:25.741  1487  1681 E RILMUXD : 3275:thread_serial_device_read(): Interrupt signal EINTR caught
07-23 00:22:32.264  1487  1681 E RILMUXD : 3275:thread_serial_device_read(): Interrupt signal EINTR caught
07-23 00:22:36.975  1487  1681 E RILMUXD : 3275:thread_serial_device_read(): Interrupt signal EINTR caught
07-23 00:22:37.794  1487  1681 E RILMUXD : 3275:thread_serial_device_read(): Interrupt signal EINTR caught
07-23 00:22:38.188  1487  1681 E RILMUXD : 3275:thread_serial_device_read(): Interrupt signal EINTR caught
07-23 00:22:42.095  1487  1681 E RILMUXD : 3275:thread_serial_device_read(): Interrupt signal EINTR caught
07-23 00:22:42.549  1487  1681 E RILMUXD : 3275:thread_serial_device_read(): Interrupt signal EINTR caught
07-23 00:22:43.521  1487  1681 E RILMUXD : 3275:thread_serial_device_read(): Interrupt signal EINTR caught
07-23 00:22:46.990  1487  1681 E RILMUXD : 3275:thread_serial_device_read(): Interrupt signal EINTR caught
07-23 00:22:52.110  1487  1681 E RILMUXD : 3275:thread_serial_device_read(): Interrupt signal EINTR caught
07-23 00:22:53.554  1487  1681 E RILMUXD : 3275:thread_serial_device_read(): Interrupt signal EINTR caught
07-23 00:22:54.410  1487  1681 E RILMUXD : 3275:thread_serial_device_read(): Interrupt signal EINTR caught
07-23 00:23:07.697  1487  1681 E RILMUXD : 3275:thread_serial_device_read(): Interrupt signal EINTR caught
07-23 00:23:08.333  1487  1681 E RILMUXD : 3275:thread_serial_device_read(): Interrupt signal EINTR caught
07-23 00:23:08.720  1487  1681 E RILMUXD : 3275:thread_serial_device_read(): Interrupt signal EINTR caught
07-23 00:23:09.572  1487  1681 E RILMUXD : 3275:thread_serial_device_read(): Interrupt signal EINTR caught
07-23 00:23:13.232  1487  1681 E RILMUXD : 3275:thread_serial_device_read(): Interrupt signal EINTR caught
07-23 00:23:13.629  1487  1681 E RILMUXD : 3275:thread_serial_device_read(): Interrupt signal EINTR caught
07-23 00:23:53.154  1487  1681 E RILMUXD : 3275:thread_serial_device_read(): Interrupt signal EINTR caught
07-23 00:24:12.391  1487  1681 E RILMUXD : 3275:thread_serial_device_read(): Interrupt signal EINTR caught
07-23 00:24:12.830  1487  1681 E RILMUXD : 3275:thread_serial_device_read(): Interrupt signal EINTR caught
07-23 00:24:14.188  1487  1681 E RILMUXD : 3275:thread_serial_device_read(): Interrupt signal EINTR caught
07-23 00:24:16.079  1487  1681 E RILMUXD : 3275:thread_serial_device_read(): Interrupt signal EINTR caught
07-23 00:24:16.514  1487  1681 E RILMUXD : 3275:thread_serial_device_read(): Interrupt signal EINTR caught
07-23 00:24:18.565  1487  1681 E RILMUXD : 3275:thread_serial_device_read(): Interrupt signal EINTR caught
07-23 00:24:48.866  1487  1681 E RILMUXD : 3275:thread_serial_device_read(): Interrupt signal EINTR caught
07-23 00:24:54.169  1487  1681 E RILMUXD : 3275:thread_serial_device_read(): Interrupt signal EINTR caught
07-23 00:25:09.130  1487  1681 E RILMUXD : 3275:thread_serial_device_read(): Interrupt signal EINTR caught
07-23 00:25:10.728  1487  1681 E RILMUXD : 3275:thread_serial_device_read(): Interrupt signal EINTR caught
07-23 00:25:12.291  1487  1681 E RILMUXD : 3275:thread_serial_device_read(): Interrupt signal EINTR caught
07-23 00:25:13.963  1487  1681 E RILMUXD : 3275:thread_serial_device_read(): Interrupt signal EINTR caught
07-23 00:25:16.112  1487  1681 E RILMUXD : 3275:thread_serial_device_read(): Interrupt signal EINTR caught
07-23 00:25:19.975  1487  1681 E RILMUXD : 3275:thread_serial_device_read(): Interrupt signal EINTR caught
07-23 00:25:40.265  1487  1681 E RILMUXD : 3275:thread_serial_device_read(): Interrupt signal EINTR caught
07-23 00:25:40.696  1487  1681 E RILMUXD : 3275:thread_serial_device_read(): Interrupt signal EINTR caught
07-23 00:25:41.475  1487  1681 E RILMUXD : 3275:thread_serial_device_read(): Interrupt signal EINTR caught
07-23 00:25:43.107  1487  1681 E RILMUXD : 3275:thread_serial_device_read(): Interrupt signal EINTR caught
07-23 00:25:44.672  1487  1681 E RILMUXD : 3275:thread_serial_device_read(): Interrupt signal EINTR caught
07-23 00:25:47.424  1487  1681 E RILMUXD : 3275:thread_serial_device_read(): Interrupt signal EINTR caught
07-23 00:25:49.060  1487  1681 E RILMUXD : 3275:thread_serial_device_read(): Interrupt signal EINTR caught
07-23 00:25:49.485  1487  1681 E RILMUXD : 3275:thread_serial_device_read(): Interrupt signal EINTR caught
07-23 00:25:50.176  1487  1681 E RILMUXD : 3275:thread_serial_device_read(): Interrupt signal EINTR caught
07-23 00:25:51.039  1487  1681 E RILMUXD : 3275:thread_serial_device_read(): Interrupt signal EINTR caught
07-23 00:25:56.847  1487  1681 E RILMUXD : 3275:thread_serial_device_read(): Interrupt signal EINTR caught
07-23 00:26:08.725  1487  1681 E RILMUXD : 3275:thread_serial_device_read(): Interrupt signal EINTR caught
07-23 00:26:13.846  1487  1681 E RILMUXD : 3275:thread_serial_device_read(): Interrupt signal EINTR caught
07-23 00:26:42.309  1487  1681 E RILMUXD : 3275:thread_serial_device_read(): Interrupt signal EINTR caught
07-23 00:26:43.434  1487  1681 E RILMUXD : 3275:thread_serial_device_read(): Interrupt signal EINTR caught
07-23 00:26:43.855  1487  1681 E RILMUXD : 3275:thread_serial_device_read(): Interrupt signal EINTR caught
07-23 00:26:45.117  1487  1681 E RILMUXD : 3275:thread_serial_device_read(): Interrupt signal EINTR caught
07-23 00:26:49.492  1487  1681 E RILMUXD : 3275:thread_serial_device_read(): Interrupt signal EINTR caught
07-23 00:28:39.045  1487  1681 E RILMUXD : 3275:thread_serial_device_read(): Interrupt signal EINTR caught
07-23 00:28:39.476  1487  1681 E RILMUXD : 3275:thread_serial_device_read(): Interrupt signal EINTR caught
07-23 00:28:50.512  1487  1681 E RILMUXD : 3275:thread_serial_device_read(): Interrupt signal EINTR caught
07-23 00:28:57.692  1487  1681 E RILMUXD : 3275:thread_serial_device_read(): Interrupt signal EINTR caught
07-23 00:28:59.120  1487  1681 E RILMUXD : 3275:thread_serial_device_read(): Interrupt signal EINTR caught
07-23 00:29:25.327  1487  1681 E RILMUXD : 3275:thread_serial_device_read(): Interrupt signal EINTR caught
07-23 00:30:01.230  1487  1681 E RILMUXD : 3275:thread_serial_device_read(): Interrupt signal EINTR caught
07-23 00:31:44.226  1487  1681 E RILMUXD : 3275:thread_serial_device_read(): Interrupt signal EINTR caught
07-23 00:31:45.370  1487  1681 E RILMUXD : 3275:thread_serial_device_read(): Interrupt signal EINTR caught
07-23 00:32:32.232  1487  1681 E RILMUXD : 3275:thread_serial_device_read(): Interrupt signal EINTR caught
07-23 00:33:57.103  1487  1681 E RILMUXD : 3275:thread_serial_device_read(): Interrupt signal EINTR caught
07-23 00:34:02.817  1487  1681 E RILMUXD : 3275:thread_serial_device_read(): Interrupt signal EINTR caught
07-23 00:34:08.768  1487  1681 E RILMUXD : 3275:thread_serial_device_read(): Interrupt signal EINTR caught
07-23 00:35:30.078  1487  1681 E RILMUXD : 3275:thread_serial_device_read(): Interrupt signal EINTR caught
07-23 00:35:31.485  1487  1681 E RILMUXD : 3275:thread_serial_device_read(): Interrupt signal EINTR caught
07-23 00:35:36.626  1487  1681 E RILMUXD : 3275:thread_serial_device_read(): Interrupt signal EINTR caught
07-23 00:35:41.748  1487  1681 E RILMUXD : 3275:thread_serial_device_read(): Interrupt signal EINTR caught
07-23 00:36:45.214  1487  1681 E RILMUXD : 3275:thread_serial_device_read(): Interrupt signal EINTR caught
07-23 00:36:53.630  1487  1681 E RILMUXD : 3275:thread_serial_device_read(): Interrupt signal EINTR caught
07-23 00:36:54.079  1487  1681 E RILMUXD : 3275:thread_serial_device_read(): Interrupt signal EINTR caught
07-23 00:37:10.242  1487  1681 E RILMUXD : 3275:thread_serial_device_read(): Interrupt signal EINTR caught
07-23 00:37:11.533  1487  1681 E RILMUXD : 3275:thread_serial_device_read(): Interrupt signal EINTR caught
07-23 00:38:28.881  1487  1681 E RILMUXD : 3275:thread_serial_device_read(): Interrupt signal EINTR caught
07-23 00:38:30.625  1487  1681 E RILMUXD : 3275:thread_serial_device_read(): Interrupt signal EINTR caught
07-23 00:38:34.394  1487  1681 E RILMUXD : 3275:thread_serial_device_read(): Interrupt signal EINTR caught
07-23 00:38:44.839  1487  1681 E RILMUXD : 3275:thread_serial_device_read(): Interrupt signal EINTR caught
07-23 00:38:45.249  1487  1681 E RILMUXD : 3275:thread_serial_device_read(): Interrupt signal EINTR caught
07-23 00:38:45.629  1487  1681 E RILMUXD : 3275:thread_serial_device_read(): Interrupt signal EINTR caught
07-23 00:38:56.937  1487  1681 E RILMUXD : 3275:thread_serial_device_read(): Interrupt signal EINTR caught
07-23 00:39:21.715  1487  1681 E RILMUXD : 3275:thread_serial_device_read(): Interrupt signal EINTR caught
07-23 00:39:22.544  1487  1681 E RILMUXD : 3275:thread_serial_device_read(): Interrupt signal EINTR caught
07-23 00:39:23.693  1487  1681 E RILMUXD : 3275:thread_serial_device_read(): Interrupt signal EINTR caught
07-23 00:39:25.400  1487  1681 E RILMUXD : 3275:thread_serial_device_read(): Interrupt signal EINTR caught
07-23 00:39:39.232  1487  1681 E RILMUXD : 3275:thread_serial_device_read(): Interrupt signal EINTR caught
07-23 00:39:39.513  1487  1681 E RILMUXD : 3275:thread_serial_device_read(): Interrupt signal EINTR caught
07-23 00:39:51.410  1487  1681 E RILMUXD : 3275:thread_serial_device_read(): Interrupt signal EINTR caught
07-23 00:39:51.854  1487  1681 E RILMUXD : 3275:thread_serial_device_read(): Interrupt signal EINTR caught
07-23 00:39:52.287  1487  1681 E RILMUXD : 3275:thread_serial_device_read(): Interrupt signal EINTR caught
07-23 00:39:52.889  1487  1681 E RILMUXD : 3275:thread_serial_device_read(): Interrupt signal EINTR caught
07-23 00:39:56.122  1487  1681 E RILMUXD : 3275:thread_serial_device_read(): Interrupt signal EINTR caught
07-23 00:40:24.788  1487  1681 E RILMUXD : 3275:thread_serial_device_read(): Interrupt signal EINTR caught
07-23 00:40:29.713  1487  1681 E RILMUXD : 3275:thread_serial_device_read(): Interrupt signal EINTR caught
07-23 00:41:13.350  1487  1681 E RILMUXD : 3275:thread_serial_device_read(): Interrupt signal EINTR caught
07-23 00:41:13.754  1487  1681 E RILMUXD : 3275:thread_serial_device_read(): Interrupt signal EINTR caught
07-23 00:41:45.237  1487  1681 E RILMUXD : 3275:thread_serial_device_read(): Interrupt signal EINTR caught
07-23 00:42:20.498  1487  1681 E RILMUXD : 3275:thread_serial_device_read(): Interrupt signal EINTR caught
07-23 00:42:20.773  2516  2745 D RILJ    : [0484]< GET_CELL_INFO_LIST [CellInfoGsm:{mRegistered=NO mTimeStamp=32136996453460ns mCellConnectionStatus=0 CellIdentityGsm:{ mLac=25505 mCid=46078 mArfcn=672 mBsic=0xd mMcc=404 mMnc=94 mAlphaLong=IND airtel mAlphaShort=airtel mAdditionalPlmns={}} CellSignalStrengthGsm: rssi=-67 ber=99 mTa=2147483647 mLevel=4}, CellInfoGsm:{mRegistered=NO mTimeStamp=32136996453460ns mCellConnectionStatus=0 CellIdentityGsm:{ mLac=25505 mCid=46077 mArfcn=767 mBsic=0xe mMcc=404 mMnc=94 mAlphaLong=IND airtel mAlphaShort=airtel mAdditionalPlmns={}} CellSignalStrengthGsm: rssi=-73 ber=99 mTa=2147483647 mLevel=4}, CellInfoGsm:{mRegistered=NO mTimeStamp=32136996453460ns mCellConnectionStatus=0 CellIdentityGsm:{ mLac=25505 mCid=46079 mArfcn=765 mBsic=0x13 mMcc=404 mMnc=94 mAlphaLong=IND airtel mAlphaShort=airtel mAdditionalPlmns={}} CellSignalStrengthGsm: rssi=-89 ber=99 mTa=2147483647 mLevel=4}, CellInfoGsm:{mRegistered=NO mTimeStamp=32136996453460ns mCellConnectionStatus=0 CellIdentityGsm:{ mLac=22482 mCid=49850 mArfcn=669 mBsic=0x3e mMcc=404 mMnc=94 mAlphaLong=IND airtel mAlphaShort=airtel mAdditionalPlmns={}} CellSignalStrengthGsm: rssi=-103 ber=99 mTa=2147483647 mLevel=2}] [PHONE0]
07-23 00:42:20.786  2516  2516 D SST     : [0] cellinfo = CellInfoGsm:{mRegistered=NO mTimeStamp=32136996453460ns mCellConnectionStatus=0 CellIdentityGsm:{ mLac=25505 mCid=46078 mArfcn=672 mBsic=0xd mMcc=404 mMnc=94 mAlphaLong=IND airtel mAlphaShort=airtel mAdditionalPlmns={}} CellSignalStrengthGsm: rssi=-67 ber=99 mTa=2147483647 mLevel=4}
07-23 00:42:20.787  2516  2516 D SST     : [0] cellinfo = CellInfoGsm:{mRegistered=NO mTimeStamp=32136996453460ns mCellConnectionStatus=0 CellIdentityGsm:{ mLac=25505 mCid=46077 mArfcn=767 mBsic=0xe mMcc=404 mMnc=94 mAlphaLong=IND airtel mAlphaShort=airtel mAdditionalPlmns={}} CellSignalStrengthGsm: rssi=-73 ber=99 mTa=2147483647 mLevel=4}
07-23 00:42:20.787  2516  2516 D SST     : [0] cellinfo = CellInfoGsm:{mRegistered=NO mTimeStamp=32136996453460ns mCellConnectionStatus=0 CellIdentityGsm:{ mLac=25505 mCid=46079 mArfcn=765 mBsic=0x13 mMcc=404 mMnc=94 mAlphaLong=IND airtel mAlphaShort=airtel mAdditionalPlmns={}} CellSignalStrengthGsm: rssi=-89 ber=99 mTa=2147483647 mLevel=4}
07-23 00:42:20.787  2516  2516 D SST     : [0] cellinfo = CellInfoGsm:{mRegistered=NO mTimeStamp=32136996453460ns mCellConnectionStatus=0 CellIdentityGsm:{ mLac=22482 mCid=49850 mArfcn=669 mBsic=0x3e mMcc=404 mMnc=94 mAlphaLong=IND airtel mAlphaShort=airtel mAdditionalPlmns={}} CellSignalStrengthGsm: rssi=-103 ber=99 mTa=2147483647 mLevel=2}
07-23 00:42:20.806  2516  2516 D LocaleTracker-0: processCellInfo: cell info=[CellInfoGsm:{mRegistered=NO mTimeStamp=32136996453460ns mCellConnectionStatus=0 CellIdentityGsm:{ mLac=25505 mCid=46078 mArfcn=672 mBsic=0xd mMcc=404 mMnc=94 mAlphaLong=IND airtel mAlphaShort=airtel mAdditionalPlmns={}} CellSignalStrengthGsm: rssi=-67 ber=99 mTa=2147483647 mLevel=4}, CellInfoGsm:{mRegistered=NO mTimeStamp=32136996453460ns mCellConnectionStatus=0 CellIdentityGsm:{ mLac=25505 mCid=46077 mArfcn=767 mBsic=0xe mMcc=404 mMnc=94 mAlphaLong=IND airtel mAlphaShort=airtel mAdditionalPlmns={}} CellSignalStrengthGsm: rssi=-73 ber=99 mTa=2147483647 mLevel=4}, CellInfoGsm:{mRegistered=NO mTimeStamp=32136996453460ns mCellConnectionStatus=0 CellIdentityGsm:{ mLac=25505 mCid=46079 mArfcn=765 mBsic=0x13 mMcc=404 mMnc=94 mAlphaLong=IND airtel mAlphaShort=airtel mAdditionalPlmns={}} CellSignalStrengthGsm: rssi=-89 ber=99 mTa=2147483647 mLevel=4}, CellInfoGsm:{mRegistered=NO mTimeStamp=32136996453460ns mCellConnectionStatus=0 CellIdentityGsm:{ mLac=22482 mCid=49850 mArfcn=669 mBsic=0x3e mMcc=404 mMnc=94 mAlphaLong=IND airtel mAlphaShort=airtel mAdditionalPlmns={}} CellSignalStrengthGsm: rssi=-103 ber=99 mTa=2147483647 mLevel=2}]
07-23 00:42:20.819  2516  2516 D NitzStateMachineImpl: handleCountryDetected: countryIsoCode=in, mLatestNitzSignal=null
07-23 00:42:32.244  1487  1681 E RILMUXD : 3275:thread_serial_device_read(): Interrupt signal EINTR caught
07-23 00:42:32.542  1487  1681 E RILMUXD : 3275:thread_serial_device_read(): Interrupt signal EINTR caught
07-23 00:42:33.233  1487  1681 E RILMUXD : 3275:thread_serial_device_read(): Interrupt signal EINTR caught
07-23 00:42:49.188  1487  1681 E RILMUXD : 3275:thread_serial_device_read(): Interrupt signal EINTR caught
07-23 00:42:49.636  1487  1681 E RILMUXD : 3275:thread_serial_device_read(): Interrupt signal EINTR caught
07-23 00:42:52.038  1487  1681 E RILMUXD : 3275:thread_serial_device_read(): Interrupt signal EINTR caught
07-23 00:42:52.472  1487  1681 E RILMUXD : 3275:thread_serial_device_read(): Interrupt signal EINTR caught
07-23 00:42:52.884  1487  1681 E RILMUXD : 3275:thread_serial_device_read(): Interrupt signal EINTR caught
07-23 00:43:04.142  1487  1681 E RILMUXD : 3275:thread_serial_device_read(): Interrupt signal EINTR caught
07-23 00:43:04.888  1487  1681 E RILMUXD : 3275:thread_serial_device_read(): Interrupt signal EINTR caught
07-23 00:43:31.179  1487  1681 E RILMUXD : 3275:thread_serial_device_read(): Interrupt signal EINTR caught
07-23 00:43:31.969  1487  1681 E RILMUXD : 3275:thread_serial_device_read(): Interrupt signal EINTR caught
07-23 00:43:32.562  1487  1681 E RILMUXD : 3275:thread_serial_device_read(): Interrupt signal EINTR caught
07-23 00:43:34.361  1487  1681 E RILMUXD : 3275:thread_serial_device_read(): Interrupt signal EINTR caught
07-23 00:43:35.339  1487  1681 E RILMUXD : 3275:thread_serial_device_read(): Interrupt signal EINTR caught
07-23 00:43:39.564  1487  1681 E RILMUXD : 3275:thread_serial_device_read(): Interrupt signal EINTR caught
07-23 00:43:41.533  1487  1681 E RILMUXD : 3275:thread_serial_device_read(): Interrupt signal EINTR caught
07-23 00:43:42.637  1487  1681 E RILMUXD : 3275:thread_serial_device_read(): Interrupt signal EINTR caught
07-23 00:43:43.395  1487  1681 E RILMUXD : 3275:thread_serial_device_read(): Interrupt signal EINTR caught
07-23 00:43:47.962  1487  1681 E RILMUXD : 3275:thread_serial_device_read(): Interrupt signal EINTR caught
07-23 00:43:50.208  1487  1681 E RILMUXD : 3275:thread_serial_device_read(): Interrupt signal EINTR caught
07-23 00:43:50.628  1487  1681 E RILMUXD : 3275:thread_serial_device_read(): Interrupt signal EINTR caught
07-23 00:43:51.264  1487  1681 E RILMUXD : 3275:thread_serial_device_read(): Interrupt signal EINTR caught
07-23 00:43:57.585  1487  1681 E RILMUXD : 3275:thread_serial_device_read(): Interrupt signal EINTR caught
07-23 00:43:59.412  1487  1681 E RILMUXD : 3275:thread_serial_device_read(): Interrupt signal EINTR caught
07-23 00:43:59.638  2516  2760 D OplusSignalSmooth/0: EventHandler:1
07-23 00:43:59.642  2516  2760 D OplusSignalSmooth/1: EventHandler:1
07-23 00:43:59.742  2516  2516 D DeviceStateMonitor: shouldEnableSignalStrengthReports, mIsAlwaysSignalStrengthReportingEnabled:false mIsCharging:false mIsScreenOn:truemIsRadioOntrue
07-23 00:43:59.742  2516  2516 D OplusNetworkPowerState: shouldSkipSignalStrengthReports feature not enable
07-23 00:43:59.771  2516  2516 D DeviceStateMonitor: shouldEnableSignalStrengthReports, mIsAlwaysSignalStrengthReportingEnabled:false mIsCharging:false mIsScreenOn:truemIsRadioOnfalse
07-23 00:43:59.786  2516  2516 D RILJ    : [0488]> SET_SIGNAL_STRENGTH_REPORTING_CRITERIA [PHONE0]
07-23 00:43:59.788  2516  2516 D SSCtr   : setSignalStrengthReportingCriteria consolidatedSignalThresholdInfos=[SignalThresholdInfo{mRan=1 mSignalMeasurementType=1 mHysteresisMs=3000 mHysteresisDb=2 mThresholds=[-107, -103, -97, -89] mIsEnabled=true}, SignalThresholdInfo{mRan=2 mSignalMeasurementType=2 mHysteresisMs=3000 mHysteresisDb=2 mThresholds=[-115, -105, -95, -85] mIsEnabled=true}, SignalThresholdInfo{mRan=3 mSignalMeasurementType=3 mHysteresisMs=3000 mHysteresisDb=2 mThresholds=[-128, -118, -108, -98] mIsEnabled=true}, SignalThresholdInfo{mRan=3 mSignalMeasurementType=4 mHysteresisMs=3000 mHysteresisDb=2 mThresholds=[] mIsEnabled=false}, SignalThresholdInfo{mRan=3 mSignalMeasurementType=5 mHysteresisMs=3000 mHysteresisDb=2 mThresholds=[] mIsEnabled=false}, SignalThresholdInfo{mRan=6 mSignalMeasurementType=6 mHysteresisMs=3000 mHysteresisDb=2 mThresholds=[-110, -90, -80, -65] mIsEnabled=true}, SignalThresholdInfo{mRan=6 mSignalMeasurementType=7 mHysteresisMs=3000 mHysteresisDb=2 mThresholds=[] mIsEnabled=false}, SignalThresholdInfo{mRan=6 mSignalMeasurementType=8 mHysteresisMs=3000 mHysteresisDb=2 mThresholds=[] mIsEnabled=false}, SignalThresholdInfo{mRan=2 mSignalMeasurementType=9 mHysteresisMs=3000 mHysteresisDb=2 mThresholds=[] mIsEnabled=false}]
07-23 00:43:59.807  1708  1750 D RmcNwReqHdlr: [0] requestSignalStrength:sigRegisted[0000], sigUpdated[0X01]
07-23 00:43:59.807  1708  1750 D RmcNwHdlr: [0] requestSignalStrength, gsm_signal_strength: 24, gsm_bit_error_rate: 99, gsm_timing_advance: 2147483647, cdma_dbm: 2147483647, cdma_ecio: 2147483647, evdo_dbm: 2147483647, evdo_ecio: 2147483647, evdo_snr: 2147483647, lte_signal_strength: 99, lte_rsrp: 2147483647, lte_rsrq: 2147483647, lte_rssnr: 2147483647, lte_cqi: 2147483647, lte_timing_advance: 2147483647, tdscdma_signal_strength: 99, tdscdma_bit_error_rate: 99, tdscdma_rscp: 255, wcdma_signal_strength: 0, wcdma_bit_error_rate: 99, wcdma_scdma_rscp: 5, wcdma_ecno: 12, ssRsrp: 2147483647, ssRsrq: 2147483647, ssSinr: 2147483647, csiRsrp: 2147483647, csiRsrq: 2147483647, csiSinr: 2147483647
07-23 00:43:59.851  2516  2760 D OplusSignalSmooth/0: onSignalStrengthResultExt,oldSignalStrength:SignalStrength:{mCdma=CellSignalStrengthCdma: cdmaDbm=2147483647 cdmaEcio=2147483647 evdoDbm=2147483647 evdoEcio=2147483647 evdoSnr=2147483647 level=0,mGsm=CellSignalStrengthGsm: rssi=-57 ber=99 mTa=2147483647 mLevel=4,mWcdma=CellSignalStrengthWcdma: ss=2147483647 ber=2147483647 rscp=2147483647 ecno=2147483647 level=0,mTdscdma=CellSignalStrengthTdscdma: rssi=2147483647 ber=2147483647 rscp=2147483647 level=0,mLte=CellSignalStrengthLte: rssi=2147483647 rsrp=2147483647 rsrq=2147483647 rssnr=2147483647 cqiTableIndex=2147483647 cqi=2147483647 ta=2147483647 level=0 parametersUseForLevel=1,mNr=CellSignalStrengthNr:{ csiRsrp = 2147483647 csiRsrq = 2147483647 csiCqiTableIndex = 2147483647 csiCqiReport = [] ssRsrp = 2147483647 ssRsrq = 2147483647 ssSinr = 2147483647 level = 0 parametersUseForLevel = 1 timingAdvance = 2147483647 },primary=CellSignalStrengthGsm}
07-23 00:43:59.851  2516  2760 D OplusSignalSmooth/0: mOrigSignalStrength:SignalStrength:{mCdma=CellSignalStrengthCdma: cdmaDbm=2147483647 cdmaEcio=2147483647 evdoDbm=2147483647 evdoEcio=2147483647 evdoSnr=2147483647 level=0,mGsm=CellSignalStrengthGsm: rssi=-65 ber=99 mTa=2147483647 mLevel=4,mWcdma=CellSignalStrengthWcdma: ss=2147483647 ber=2147483647 rscp=2147483647 ecno=2147483647 level=0,mTdscdma=CellSignalStrengthTdscdma: rssi=2147483647 ber=2147483647 rscp=2147483647 level=0,mLte=CellSignalStrengthLte: rssi=2147483647 rsrp=2147483647 rsrq=2147483647 rssnr=2147483647 cqiTableIndex=2147483647 cqi=2147483647 ta=2147483647 level=0 parametersUseForLevel=1,mNr=CellSignalStrengthNr:{ csiRsrp = 2147483647 csiRsrq = 2147483647 csiCqiTableIndex = 2147483647 csiCqiReport = [] ssRsrp = 2147483647 ssRsrq = 2147483647 ssSinr = 2147483647 level = 0 parametersUseForLevel = 1 timingAdvance = 2147483647 },primary=CellSignalStrengthGsm}
07-23 00:43:59.851  2516  2760 D OplusSignalSmooth/0: no service fix signal...
07-23 00:43:59.870  2516  2760 D OplusSignalSmooth/0: notifySignalStrength, mSignalStrength: SignalStrength:{mCdma=CellSignalStrengthCdma: cdmaDbm=2147483647 cdmaEcio=2147483647 evdoDbm=2147483647 evdoEcio=2147483647 evdoSnr=2147483647 level=0,mGsm=CellSignalStrengthGsm: rssi=-65 ber=99 mTa=2147483647 mLevel=4,mWcdma=CellSignalStrengthWcdma: ss=2147483647 ber=2147483647 rscp=2147483647 ecno=2147483647 level=0,mTdscdma=CellSignalStrengthTdscdma: rssi=2147483647 ber=2147483647 rscp=2147483647 level=0,mLte=CellSignalStrengthLte: rssi=2147483647 rsrp=2147483647 rsrq=2147483647 rssnr=2147483647 cqiTableIndex=2147483647 cqi=2147483647 ta=2147483647 level=0 parametersUseForLevel=1,mNr=CellSignalStrengthNr:{ csiRsrp = 2147483647 csiRsrq = 2147483647 csiCqiTableIndex = 2147483647 csiCqiReport = [] ssRsrp = 2147483647 ssRsrq = 2147483647 ssSinr = 2147483647 level = 0 parametersUseForLevel = 1 timingAdvance = 2147483647 },primary=CellSignalStrengthGsm}
07-23 00:43:59.990  2516  2516 D OplusSignalSmooth/0: oemOosDelayState should not delay oos
07-23 00:43:59.994  2516  2516 D OplusSignalSmooth/0: oemOosDelayState: mOosDelayState = 0, oldstate=0, mSimState = 1, isOos=true, isOosInVowifi:false, mRadioResetState = 0
07-23 00:44:00.060  2516  2745 D RILJ    : [0488]< SET_SIGNAL_STRENGTH_REPORTING_CRITERIA  [PHONE0]
07-23 00:44:00.444  1708  1738 D RtcMwi  : [0] onHandleRequest: request id 60527 is RFX_MSG_REQUEST_SET_WIFI_SIGNAL_LEVEL
07-23 00:44:00.453  1708  1738 D RtcMwi  : [0] onHandleResponse, handle RFX_MSG_REQUEST_SET_WIFI_SIGNAL_LEVEL
07-23 00:44:03.204  1708  1741 D RmcNwHdlr: [0] requestSignalStrength:sigRegisted[0000], sigUpdated[0X01]
07-23 00:44:03.204  1708  1741 D RmcNwHdlr: [0] handleSignalStrength, gsm_signal_strength: 21, gsm_bit_error_rate: 99, gsm_timing_advance: 2147483647, cdma_dbm: 2147483647, cdma_ecio: 2147483647, evdo_dbm: 2147483647, evdo_ecio: 2147483647, evdo_snr: 2147483647, lte_signal_strength: 99, lte_rsrp: 2147483647, lte_rsrq: 2147483647, lte_rssnr: 2147483647, lte_cqi: 2147483647, lte_timing_advance: 2147483647, tdscdma_signal_strength: 99, tdscdma_bit_error_rate: 99, tdscdma_rscp: 255, wcdma_signal_strength: 0, wcdma_bit_error_rate: 99, wcdma_scdma_rscp: 5, wcdma_ecno: 12, ssRsrp: 2147483647, ssRsrq: 2147483647, ssSinr: 2147483647, csiRsrp: 2147483647, csiRsrq: 2147483647, csiSinr: 2147483647
07-23 00:44:03.215  2516  2760 D OplusSignalSmooth/0: onSignalStrengthResultExt,oldSignalStrength:SignalStrength:{mCdma=CellSignalStrengthCdma: cdmaDbm=2147483647 cdmaEcio=2147483647 evdoDbm=2147483647 evdoEcio=2147483647 evdoSnr=2147483647 level=0,mGsm=CellSignalStrengthGsm: rssi=-65 ber=99 mTa=2147483647 mLevel=4,mWcdma=CellSignalStrengthWcdma: ss=2147483647 ber=2147483647 rscp=2147483647 ecno=2147483647 level=0,mTdscdma=CellSignalStrengthTdscdma: rssi=2147483647 ber=2147483647 rscp=2147483647 level=0,mLte=CellSignalStrengthLte: rssi=2147483647 rsrp=2147483647 rsrq=2147483647 rssnr=2147483647 cqiTableIndex=2147483647 cqi=2147483647 ta=2147483647 level=0 parametersUseForLevel=1,mNr=CellSignalStrengthNr:{ csiRsrp = 2147483647 csiRsrq = 2147483647 csiCqiTableIndex = 2147483647 csiCqiReport = [] ssRsrp = 2147483647 ssRsrq = 2147483647 ssSinr = 2147483647 level = 0 parametersUseForLevel = 1 timingAdvance = 2147483647 },primary=CellSignalStrengthGsm}
07-23 00:44:03.216  2516  2760 D OplusSignalSmooth/0: mOrigSignalStrength:SignalStrength:{mCdma=CellSignalStrengthCdma: cdmaDbm=2147483647 cdmaEcio=2147483647 evdoDbm=2147483647 evdoEcio=2147483647 evdoSnr=2147483647 level=0,mGsm=CellSignalStrengthGsm: rssi=-71 ber=99 mTa=2147483647 mLevel=4,mWcdma=CellSignalStrengthWcdma: ss=2147483647 ber=2147483647 rscp=2147483647 ecno=2147483647 level=0,mTdscdma=CellSignalStrengthTdscdma: rssi=2147483647 ber=2147483647 rscp=2147483647 level=0,mLte=CellSignalStrengthLte: rssi=2147483647 rsrp=2147483647 rsrq=2147483647 rssnr=2147483647 cqiTableIndex=2147483647 cqi=2147483647 ta=2147483647 level=0 parametersUseForLevel=1,mNr=CellSignalStrengthNr:{ csiRsrp = 2147483647 csiRsrq = 2147483647 csiCqiTableIndex = 2147483647 csiCqiReport = [] ssRsrp = 2147483647 ssRsrq = 2147483647 ssSinr = 2147483647 level = 0 parametersUseForLevel = 1 timingAdvance = 2147483647 },primary=CellSignalStrengthGsm}
07-23 00:44:03.216  2516  2760 D OplusSignalSmooth/0: no service fix signal...
07-23 00:44:03.221  2516  2760 D OplusSignalSmooth/0: notifySignalStrength, mSignalStrength: SignalStrength:{mCdma=CellSignalStrengthCdma: cdmaDbm=2147483647 cdmaEcio=2147483647 evdoDbm=2147483647 evdoEcio=2147483647 evdoSnr=2147483647 level=0,mGsm=CellSignalStrengthGsm: rssi=-71 ber=99 mTa=2147483647 mLevel=4,mWcdma=CellSignalStrengthWcdma: ss=2147483647 ber=2147483647 rscp=2147483647 ecno=2147483647 level=0,mTdscdma=CellSignalStrengthTdscdma: rssi=2147483647 ber=2147483647 rscp=2147483647 level=0,mLte=CellSignalStrengthLte: rssi=2147483647 rsrp=2147483647 rsrq=2147483647 rssnr=2147483647 cqiTableIndex=2147483647 cqi=2147483647 ta=2147483647 level=0 parametersUseForLevel=1,mNr=CellSignalStrengthNr:{ csiRsrp = 2147483647 csiRsrq = 2147483647 csiCqiTableIndex = 2147483647 csiCqiReport = [] ssRsrp = 2147483647 ssRsrq = 2147483647 ssSinr = 2147483647 level = 0 parametersUseForLevel = 1 timingAdvance = 2147483647 },primary=CellSignalStrengthGsm}
07-23 00:44:12.630  1708  1741 D RmcNwHdlr: [0] requestSignalStrength:sigRegisted[0000], sigUpdated[0X01]
07-23 00:44:12.630  1708  1741 D RmcNwHdlr: [0] handleSignalStrength, gsm_signal_strength: 20, gsm_bit_error_rate: 99, gsm_timing_advance: 2147483647, cdma_dbm: 2147483647, cdma_ecio: 2147483647, evdo_dbm: 2147483647, evdo_ecio: 2147483647, evdo_snr: 2147483647, lte_signal_strength: 99, lte_rsrp: 2147483647, lte_rsrq: 2147483647, lte_rssnr: 2147483647, lte_cqi: 2147483647, lte_timing_advance: 2147483647, tdscdma_signal_strength: 99, tdscdma_bit_error_rate: 99, tdscdma_rscp: 255, wcdma_signal_strength: 0, wcdma_bit_error_rate: 99, wcdma_scdma_rscp: 5, wcdma_ecno: 12, ssRsrp: 2147483647, ssRsrq: 2147483647, ssSinr: 2147483647, csiRsrp: 2147483647, csiRsrq: 2147483647, csiSinr: 2147483647
07-23 00:44:12.639  2516  2760 D OplusSignalSmooth/0: onSignalStrengthResultExt,oldSignalStrength:SignalStrength:{mCdma=CellSignalStrengthCdma: cdmaDbm=2147483647 cdmaEcio=2147483647 evdoDbm=2147483647 evdoEcio=2147483647 evdoSnr=2147483647 level=0,mGsm=CellSignalStrengthGsm: rssi=-71 ber=99 mTa=2147483647 mLevel=4,mWcdma=CellSignalStrengthWcdma: ss=2147483647 ber=2147483647 rscp=2147483647 ecno=2147483647 level=0,mTdscdma=CellSignalStrengthTdscdma: rssi=2147483647 ber=2147483647 rscp=2147483647 level=0,mLte=CellSignalStrengthLte: rssi=2147483647 rsrp=2147483647 rsrq=2147483647 rssnr=2147483647 cqiTableIndex=2147483647 cqi=2147483647 ta=2147483647 level=0 parametersUseForLevel=1,mNr=CellSignalStrengthNr:{ csiRsrp = 2147483647 csiRsrq = 2147483647 csiCqiTableIndex = 2147483647 csiCqiReport = [] ssRsrp = 2147483647 ssRsrq = 2147483647 ssSinr = 2147483647 level = 0 parametersUseForLevel = 1 timingAdvance = 2147483647 },primary=CellSignalStrengthGsm}
07-23 00:44:12.639  2516  2760 D OplusSignalSmooth/0: mOrigSignalStrength:SignalStrength:{mCdma=CellSignalStrengthCdma: cdmaDbm=2147483647 cdmaEcio=2147483647 evdoDbm=2147483647 evdoEcio=2147483647 evdoSnr=2147483647 level=0,mGsm=CellSignalStrengthGsm: rssi=-73 ber=99 mTa=2147483647 mLevel=4,mWcdma=CellSignalStrengthWcdma: ss=2147483647 ber=2147483647 rscp=2147483647 ecno=2147483647 level=0,mTdscdma=CellSignalStrengthTdscdma: rssi=2147483647 ber=2147483647 rscp=2147483647 level=0,mLte=CellSignalStrengthLte: rssi=2147483647 rsrp=2147483647 rsrq=2147483647 rssnr=2147483647 cqiTableIndex=2147483647 cqi=2147483647 ta=2147483647 level=0 parametersUseForLevel=1,mNr=CellSignalStrengthNr:{ csiRsrp = 2147483647 csiRsrq = 2147483647 csiCqiTableIndex = 2147483647 csiCqiReport = [] ssRsrp = 2147483647 ssRsrq = 2147483647 ssSinr = 2147483647 level = 0 parametersUseForLevel = 1 timingAdvance = 2147483647 },primary=CellSignalStrengthGsm}
07-23 00:44:12.639  2516  2760 D OplusSignalSmooth/0: no service fix signal...
07-23 00:44:12.695  2516  2760 D OplusSignalSmooth/0: notifySignalStrength, mSignalStrength: SignalStrength:{mCdma=CellSignalStrengthCdma: cdmaDbm=2147483647 cdmaEcio=2147483647 evdoDbm=2147483647 evdoEcio=2147483647 evdoSnr=2147483647 level=0,mGsm=CellSignalStrengthGsm: rssi=-73 ber=99 mTa=2147483647 mLevel=4,mWcdma=CellSignalStrengthWcdma: ss=2147483647 ber=2147483647 rscp=2147483647 ecno=2147483647 level=0,mTdscdma=CellSignalStrengthTdscdma: rssi=2147483647 ber=2147483647 rscp=2147483647 level=0,mLte=CellSignalStrengthLte: rssi=2147483647 rsrp=2147483647 rsrq=2147483647 rssnr=2147483647 cqiTableIndex=2147483647 cqi=2147483647 ta=2147483647 level=0 parametersUseForLevel=1,mNr=CellSignalStrengthNr:{ csiRsrp = 2147483647 csiRsrq = 2147483647 csiCqiTableIndex = 2147483647 csiCqiReport = [] ssRsrp = 2147483647 ssRsrq = 2147483647 ssSinr = 2147483647 level = 0 parametersUseForLevel = 1 timingAdvance = 2147483647 },primary=CellSignalStrengthGsm}
07-23 00:44:22.035  1708  1741 D RmcNwHdlr: [0] requestSignalStrength:sigRegisted[0000], sigUpdated[0X01]
07-23 00:44:22.035  1708  1741 D RmcNwHdlr: [0] handleSignalStrength, gsm_signal_strength: 21, gsm_bit_error_rate: 99, gsm_timing_advance: 2147483647, cdma_dbm: 2147483647, cdma_ecio: 2147483647, evdo_dbm: 2147483647, evdo_ecio: 2147483647, evdo_snr: 2147483647, lte_signal_strength: 99, lte_rsrp: 2147483647, lte_rsrq: 2147483647, lte_rssnr: 2147483647, lte_cqi: 2147483647, lte_timing_advance: 2147483647, tdscdma_signal_strength: 99, tdscdma_bit_error_rate: 99, tdscdma_rscp: 255, wcdma_signal_strength: 0, wcdma_bit_error_rate: 99, wcdma_scdma_rscp: 5, wcdma_ecno: 12, ssRsrp: 2147483647, ssRsrq: 2147483647, ssSinr: 2147483647, csiRsrp: 2147483647, csiRsrq: 2147483647, csiSinr: 2147483647
07-23 00:44:22.049  2516  2760 D OplusSignalSmooth/0: onSignalStrengthResultExt,oldSignalStrength:SignalStrength:{mCdma=CellSignalStrengthCdma: cdmaDbm=2147483647 cdmaEcio=2147483647 evdoDbm=2147483647 evdoEcio=2147483647 evdoSnr=2147483647 level=0,mGsm=CellSignalStrengthGsm: rssi=-73 ber=99 mTa=2147483647 mLevel=4,mWcdma=CellSignalStrengthWcdma: ss=2147483647 ber=2147483647 rscp=2147483647 ecno=2147483647 level=0,mTdscdma=CellSignalStrengthTdscdma: rssi=2147483647 ber=2147483647 rscp=2147483647 level=0,mLte=CellSignalStrengthLte: rssi=2147483647 rsrp=2147483647 rsrq=2147483647 rssnr=2147483647 cqiTableIndex=2147483647 cqi=2147483647 ta=2147483647 level=0 parametersUseForLevel=1,mNr=CellSignalStrengthNr:{ csiRsrp = 2147483647 csiRsrq = 2147483647 csiCqiTableIndex = 2147483647 csiCqiReport = [] ssRsrp = 2147483647 ssRsrq = 2147483647 ssSinr = 2147483647 level = 0 parametersUseForLevel = 1 timingAdvance = 2147483647 },primary=CellSignalStrengthGsm}
07-23 00:44:22.049  2516  2760 D OplusSignalSmooth/0: mOrigSignalStrength:SignalStrength:{mCdma=CellSignalStrengthCdma: cdmaDbm=2147483647 cdmaEcio=2147483647 evdoDbm=2147483647 evdoEcio=2147483647 evdoSnr=2147483647 level=0,mGsm=CellSignalStrengthGsm: rssi=-71 ber=99 mTa=2147483647 mLevel=4,mWcdma=CellSignalStrengthWcdma: ss=2147483647 ber=2147483647 rscp=2147483647 ecno=2147483647 level=0,mTdscdma=CellSignalStrengthTdscdma: rssi=2147483647 ber=2147483647 rscp=2147483647 level=0,mLte=CellSignalStrengthLte: rssi=2147483647 rsrp=2147483647 rsrq=2147483647 rssnr=2147483647 cqiTableIndex=2147483647 cqi=2147483647 ta=2147483647 level=0 parametersUseForLevel=1,mNr=CellSignalStrengthNr:{ csiRsrp = 2147483647 csiRsrq = 2147483647 csiCqiTableIndex = 2147483647 csiCqiReport = [] ssRsrp = 2147483647 ssRsrq = 2147483647 ssSinr = 2147483647 level = 0 parametersUseForLevel = 1 timingAdvance = 2147483647 },primary=CellSignalStrengthGsm}
07-23 00:44:22.049  2516  2760 D OplusSignalSmooth/0: no service fix signal...
07-23 00:44:22.054  2516  2760 D OplusSignalSmooth/0: notifySignalStrength, mSignalStrength: SignalStrength:{mCdma=CellSignalStrengthCdma: cdmaDbm=2147483647 cdmaEcio=2147483647 evdoDbm=2147483647 evdoEcio=2147483647 evdoSnr=2147483647 level=0,mGsm=CellSignalStrengthGsm: rssi=-71 ber=99 mTa=2147483647 mLevel=4,mWcdma=CellSignalStrengthWcdma: ss=2147483647 ber=2147483647 rscp=2147483647 ecno=2147483647 level=0,mTdscdma=CellSignalStrengthTdscdma: rssi=2147483647 ber=2147483647 rscp=2147483647 level=0,mLte=CellSignalStrengthLte: rssi=2147483647 rsrp=2147483647 rsrq=2147483647 rssnr=2147483647 cqiTableIndex=2147483647 cqi=2147483647 ta=2147483647 level=0 parametersUseForLevel=1,mNr=CellSignalStrengthNr:{ csiRsrp = 2147483647 csiRsrq = 2147483647 csiCqiTableIndex = 2147483647 csiCqiReport = [] ssRsrp = 2147483647 ssRsrq = 2147483647 ssSinr = 2147483647 level = 0 parametersUseForLevel = 1 timingAdvance = 2147483647 },primary=CellSignalStrengthGsm}
07-23 00:44:31.453  1708  1741 D RmcNwHdlr: [0] requestSignalStrength:sigRegisted[0000], sigUpdated[0X01]
07-23 00:44:31.453  1708  1741 D RmcNwHdlr: [0] handleSignalStrength, gsm_signal_strength: 19, gsm_bit_error_rate: 99, gsm_timing_advance: 2147483647, cdma_dbm: 2147483647, cdma_ecio: 2147483647, evdo_dbm: 2147483647, evdo_ecio: 2147483647, evdo_snr: 2147483647, lte_signal_strength: 99, lte_rsrp: 2147483647, lte_rsrq: 2147483647, lte_rssnr: 2147483647, lte_cqi: 2147483647, lte_timing_advance: 2147483647, tdscdma_signal_strength: 99, tdscdma_bit_error_rate: 99, tdscdma_rscp: 255, wcdma_signal_strength: 0, wcdma_bit_error_rate: 99, wcdma_scdma_rscp: 5, wcdma_ecno: 12, ssRsrp: 2147483647, ssRsrq: 2147483647, ssSinr: 2147483647, csiRsrp: 2147483647, csiRsrq: 2147483647, csiSinr: 2147483647
07-23 00:44:31.472  2516  2760 D OplusSignalSmooth/0: onSignalStrengthResultExt,oldSignalStrength:SignalStrength:{mCdma=CellSignalStrengthCdma: cdmaDbm=2147483647 cdmaEcio=2147483647 evdoDbm=2147483647 evdoEcio=2147483647 evdoSnr=2147483647 level=0,mGsm=CellSignalStrengthGsm: rssi=-71 ber=99 mTa=2147483647 mLevel=4,mWcdma=CellSignalStrengthWcdma: ss=2147483647 ber=2147483647 rscp=2147483647 ecno=2147483647 level=0,mTdscdma=CellSignalStrengthTdscdma: rssi=2147483647 ber=2147483647 rscp=2147483647 level=0,mLte=CellSignalStrengthLte: rssi=2147483647 rsrp=2147483647 rsrq=2147483647 rssnr=2147483647 cqiTableIndex=2147483647 cqi=2147483647 ta=2147483647 level=0 parametersUseForLevel=1,mNr=CellSignalStrengthNr:{ csiRsrp = 2147483647 csiRsrq = 2147483647 csiCqiTableIndex = 2147483647 csiCqiReport = [] ssRsrp = 2147483647 ssRsrq = 2147483647 ssSinr = 2147483647 level = 0 parametersUseForLevel = 1 timingAdvance = 2147483647 },primary=CellSignalStrengthGsm}
07-23 00:44:31.473  2516  2760 D OplusSignalSmooth/0: mOrigSignalStrength:SignalStrength:{mCdma=CellSignalStrengthCdma: cdmaDbm=2147483647 cdmaEcio=2147483647 evdoDbm=2147483647 evdoEcio=2147483647 evdoSnr=2147483647 level=0,mGsm=CellSignalStrengthGsm: rssi=-75 ber=99 mTa=2147483647 mLevel=4,mWcdma=CellSignalStrengthWcdma: ss=2147483647 ber=2147483647 rscp=2147483647 ecno=2147483647 level=0,mTdscdma=CellSignalStrengthTdscdma: rssi=2147483647 ber=2147483647 rscp=2147483647 level=0,mLte=CellSignalStrengthLte: rssi=2147483647 rsrp=2147483647 rsrq=2147483647 rssnr=2147483647 cqiTableIndex=2147483647 cqi=2147483647 ta=2147483647 level=0 parametersUseForLevel=1,mNr=CellSignalStrengthNr:{ csiRsrp = 2147483647 csiRsrq = 2147483647 csiCqiTableIndex = 2147483647 csiCqiReport = [] ssRsrp = 2147483647 ssRsrq = 2147483647 ssSinr = 2147483647 level = 0 parametersUseForLevel = 1 timingAdvance = 2147483647 },primary=CellSignalStrengthGsm}
07-23 00:44:31.473  2516  2760 D OplusSignalSmooth/0: no service fix signal...
07-23 00:44:31.479  2516  2760 D OplusSignalSmooth/0: notifySignalStrength, mSignalStrength: SignalStrength:{mCdma=CellSignalStrengthCdma: cdmaDbm=2147483647 cdmaEcio=2147483647 evdoDbm=2147483647 evdoEcio=2147483647 evdoSnr=2147483647 level=0,mGsm=CellSignalStrengthGsm: rssi=-75 ber=99 mTa=2147483647 mLevel=4,mWcdma=CellSignalStrengthWcdma: ss=2147483647 ber=2147483647 rscp=2147483647 ecno=2147483647 level=0,mTdscdma=CellSignalStrengthTdscdma: rssi=2147483647 ber=2147483647 rscp=2147483647 level=0,mLte=CellSignalStrengthLte: rssi=2147483647 rsrp=2147483647 rsrq=2147483647 rssnr=2147483647 cqiTableIndex=2147483647 cqi=2147483647 ta=2147483647 level=0 parametersUseForLevel=1,mNr=CellSignalStrengthNr:{ csiRsrp = 2147483647 csiRsrq = 2147483647 csiCqiTableIndex = 2147483647 csiCqiReport = [] ssRsrp = 2147483647 ssRsrq = 2147483647 ssSinr = 2147483647 level = 0 parametersUseForLevel = 1 timingAdvance = 2147483647 },primary=CellSignalStrengthGsm}
07-23 00:44:50.280  1708  1741 D RmcNwHdlr: [0] requestSignalStrength:sigRegisted[0000], sigUpdated[0X01]
07-23 00:44:50.280  1708  1741 D RmcNwHdlr: [0] handleSignalStrength, gsm_signal_strength: 20, gsm_bit_error_rate: 99, gsm_timing_advance: 2147483647, cdma_dbm: 2147483647, cdma_ecio: 2147483647, evdo_dbm: 2147483647, evdo_ecio: 2147483647, evdo_snr: 2147483647, lte_signal_strength: 99, lte_rsrp: 2147483647, lte_rsrq: 2147483647, lte_rssnr: 2147483647, lte_cqi: 2147483647, lte_timing_advance: 2147483647, tdscdma_signal_strength: 99, tdscdma_bit_error_rate: 99, tdscdma_rscp: 255, wcdma_signal_strength: 0, wcdma_bit_error_rate: 99, wcdma_scdma_rscp: 5, wcdma_ecno: 12, ssRsrp: 2147483647, ssRsrq: 2147483647, ssSinr: 2147483647, csiRsrp: 2147483647, csiRsrq: 2147483647, csiSinr: 2147483647
07-23 00:44:50.289  2516  2760 D OplusSignalSmooth/0: onSignalStrengthResultExt,oldSignalStrength:SignalStrength:{mCdma=CellSignalStrengthCdma: cdmaDbm=2147483647 cdmaEcio=2147483647 evdoDbm=2147483647 evdoEcio=2147483647 evdoSnr=2147483647 level=0,mGsm=CellSignalStrengthGsm: rssi=-75 ber=99 mTa=2147483647 mLevel=4,mWcdma=CellSignalStrengthWcdma: ss=2147483647 ber=2147483647 rscp=2147483647 ecno=2147483647 level=0,mTdscdma=CellSignalStrengthTdscdma: rssi=2147483647 ber=2147483647 rscp=2147483647 level=0,mLte=CellSignalStrengthLte: rssi=2147483647 rsrp=2147483647 rsrq=2147483647 rssnr=2147483647 cqiTableIndex=2147483647 cqi=2147483647 ta=2147483647 level=0 parametersUseForLevel=1,mNr=CellSignalStrengthNr:{ csiRsrp = 2147483647 csiRsrq = 2147483647 csiCqiTableIndex = 2147483647 csiCqiReport = [] ssRsrp = 2147483647 ssRsrq = 2147483647 ssSinr = 2147483647 level = 0 parametersUseForLevel = 1 timingAdvance = 2147483647 },primary=CellSignalStrengthGsm}
07-23 00:44:50.289  2516  2760 D OplusSignalSmooth/0: mOrigSignalStrength:SignalStrength:{mCdma=CellSignalStrengthCdma: cdmaDbm=2147483647 cdmaEcio=2147483647 evdoDbm=2147483647 evdoEcio=2147483647 evdoSnr=2147483647 level=0,mGsm=CellSignalStrengthGsm: rssi=-73 ber=99 mTa=2147483647 mLevel=4,mWcdma=CellSignalStrengthWcdma: ss=2147483647 ber=2147483647 rscp=2147483647 ecno=2147483647 level=0,mTdscdma=CellSignalStrengthTdscdma: rssi=2147483647 ber=2147483647 rscp=2147483647 level=0,mLte=CellSignalStrengthLte: rssi=2147483647 rsrp=2147483647 rsrq=2147483647 rssnr=2147483647 cqiTableIndex=2147483647 cqi=2147483647 ta=2147483647 level=0 parametersUseForLevel=1,mNr=CellSignalStrengthNr:{ csiRsrp = 2147483647 csiRsrq = 2147483647 csiCqiTableIndex = 2147483647 csiCqiReport = [] ssRsrp = 2147483647 ssRsrq = 2147483647 ssSinr = 2147483647 level = 0 parametersUseForLevel = 1 timingAdvance = 2147483647 },primary=CellSignalStrengthGsm}
07-23 00:44:50.289  2516  2760 D OplusSignalSmooth/0: no service fix signal...
07-23 00:44:50.292  2516  2760 D OplusSignalSmooth/0: notifySignalStrength, mSignalStrength: SignalStrength:{mCdma=CellSignalStrengthCdma: cdmaDbm=2147483647 cdmaEcio=2147483647 evdoDbm=2147483647 evdoEcio=2147483647 evdoSnr=2147483647 level=0,mGsm=CellSignalStrengthGsm: rssi=-73 ber=99 mTa=2147483647 mLevel=4,mWcdma=CellSignalStrengthWcdma: ss=2147483647 ber=2147483647 rscp=2147483647 ecno=2147483647 level=0,mTdscdma=CellSignalStrengthTdscdma: rssi=2147483647 ber=2147483647 rscp=2147483647 level=0,mLte=CellSignalStrengthLte: rssi=2147483647 rsrp=2147483647 rsrq=2147483647 rssnr=2147483647 cqiTableIndex=2147483647 cqi=2147483647 ta=2147483647 level=0 parametersUseForLevel=1,mNr=CellSignalStrengthNr:{ csiRsrp = 2147483647 csiRsrq = 2147483647 csiCqiTableIndex = 2147483647 csiCqiReport = [] ssRsrp = 2147483647 ssRsrq = 2147483647 ssSinr = 2147483647 level = 0 parametersUseForLevel = 1 timingAdvance = 2147483647 },primary=CellSignalStrengthGsm}
07-23 00:44:59.695  1708  1741 D RmcNwHdlr: [0] requestSignalStrength:sigRegisted[0000], sigUpdated[0X01]
07-23 00:44:59.695  1708  1741 D RmcNwHdlr: [0] handleSignalStrength, gsm_signal_strength: 19, gsm_bit_error_rate: 99, gsm_timing_advance: 2147483647, cdma_dbm: 2147483647, cdma_ecio: 2147483647, evdo_dbm: 2147483647, evdo_ecio: 2147483647, evdo_snr: 2147483647, lte_signal_strength: 99, lte_rsrp: 2147483647, lte_rsrq: 2147483647, lte_rssnr: 2147483647, lte_cqi: 2147483647, lte_timing_advance: 2147483647, tdscdma_signal_strength: 99, tdscdma_bit_error_rate: 99, tdscdma_rscp: 255, wcdma_signal_strength: 0, wcdma_bit_error_rate: 99, wcdma_scdma_rscp: 5, wcdma_ecno: 12, ssRsrp: 2147483647, ssRsrq: 2147483647, ssSinr: 2147483647, csiRsrp: 2147483647, csiRsrq: 2147483647, csiSinr: 2147483647
07-23 00:44:59.703  2516  2760 D OplusSignalSmooth/0: onSignalStrengthResultExt,oldSignalStrength:SignalStrength:{mCdma=CellSignalStrengthCdma: cdmaDbm=2147483647 cdmaEcio=2147483647 evdoDbm=2147483647 evdoEcio=2147483647 evdoSnr=2147483647 level=0,mGsm=CellSignalStrengthGsm: rssi=-73 ber=99 mTa=2147483647 mLevel=4,mWcdma=CellSignalStrengthWcdma: ss=2147483647 ber=2147483647 rscp=2147483647 ecno=2147483647 level=0,mTdscdma=CellSignalStrengthTdscdma: rssi=2147483647 ber=2147483647 rscp=2147483647 level=0,mLte=CellSignalStrengthLte: rssi=2147483647 rsrp=2147483647 rsrq=2147483647 rssnr=2147483647 cqiTableIndex=2147483647 cqi=2147483647 ta=2147483647 level=0 parametersUseForLevel=1,mNr=CellSignalStrengthNr:{ csiRsrp = 2147483647 csiRsrq = 2147483647 csiCqiTableIndex = 2147483647 csiCqiReport = [] ssRsrp = 2147483647 ssRsrq = 2147483647 ssSinr = 2147483647 level = 0 parametersUseForLevel = 1 timingAdvance = 2147483647 },primary=CellSignalStrengthGsm}
07-23 00:44:59.703  2516  2760 D OplusSignalSmooth/0: mOrigSignalStrength:SignalStrength:{mCdma=CellSignalStrengthCdma: cdmaDbm=2147483647 cdmaEcio=2147483647 evdoDbm=2147483647 evdoEcio=2147483647 evdoSnr=2147483647 level=0,mGsm=CellSignalStrengthGsm: rssi=-75 ber=99 mTa=2147483647 mLevel=4,mWcdma=CellSignalStrengthWcdma: ss=2147483647 ber=2147483647 rscp=2147483647 ecno=2147483647 level=0,mTdscdma=CellSignalStrengthTdscdma: rssi=2147483647 ber=2147483647 rscp=2147483647 level=0,mLte=CellSignalStrengthLte: rssi=2147483647 rsrp=2147483647 rsrq=2147483647 rssnr=2147483647 cqiTableIndex=2147483647 cqi=2147483647 ta=2147483647 level=0 parametersUseForLevel=1,mNr=CellSignalStrengthNr:{ csiRsrp = 2147483647 csiRsrq = 2147483647 csiCqiTableIndex = 2147483647 csiCqiReport = [] ssRsrp = 2147483647 ssRsrq = 2147483647 ssSinr = 2147483647 level = 0 parametersUseForLevel = 1 timingAdvance = 2147483647 },primary=CellSignalStrengthGsm}
07-23 00:44:59.703  2516  2760 D OplusSignalSmooth/0: no service fix signal...
