07-22 15:49:32.245  7403  7403 E AndroidRuntime: FATAL EXCEPTION: main
07-22 22:55:11.455  1152  1472 F libc    : Fatal signal 11 (SIGSEGV), code 1 (SEGV_MAPERR), fault addr 0x312c3038303178 in tid 1472 (HwBinder:1152_2), pid 1152 (Binder:camerase)
07-22 22:55:13.469 24202 24202 F DEBUG   : Process name is /system/bin/cameraserver, not key_process
07-22 22:55:13.470 24202 24202 F DEBUG   : Cmdline: /system/bin/cameraserver
07-22 22:55:13.470 24202 24202 F DEBUG   : pid: 1152, tid: 1472, name: HwBinder:1152_2  >>> /system/bin/cameraserver <<<
07-22 22:55:13.470 24202 24202 F DEBUG   : signal 11 (SIGSEGV), code 1 (SEGV_MAPERR), fault addr 0x00312c3038303178
07-22 22:55:13.470 24202 24202 F DEBUG   :       #00 pc 000000000025c524  /system/lib64/libcameraservice.so (android::camera3::processCaptureResult(android::camera3::CaptureOutputStates&, android::camera3::camera_capture_result const*) (.cfi)+196) (BuildId: d3198ce7fe58df721d9b438d65c51798)
07-22 22:55:13.470 24202 24202 F DEBUG   :       #03 pc 0000000000015d38  /system/lib64/android.hardware.camera.device@3.4.so (android::hardware::camera::device::V3_4::BnHwCameraDeviceCallback::_hidl_processCaptureResult_3_4(android::hidl::base::V1_0::BnHwBase*, android::hardware::Parcel const&, android::hardware::Parcel*, std::__1::function<void (android::hardware::Parcel&)>)+296) (BuildId: 82b93493979ba100cc2c407c01d96ce8)
07-23 00:57:20.630 24327 24412 F libc    : Fatal signal 4 (SIGILL), code 1 (ILL_ILLOPC), fault addr 0x75e9fb0000 in tid 24412 (HwBinder:24327_), pid 24327 (Binder:camerase)
07-23 00:57:22.891 15296 15296 F DEBUG   : Process name is /system/bin/cameraserver, not key_process
07-23 00:57:22.891 15296 15296 F DEBUG   : Cmdline: /system/bin/cameraserver
07-23 00:57:22.891 15296 15296 F DEBUG   : pid: 24327, tid: 24412, name: HwBinder:24327_  >>> /system/bin/cameraserver <<<
07-23 00:57:22.891 15296 15296 F DEBUG   : signal 4 (SIGILL), code 1 (ILL_ILLOPC), fault addr 0x00000075e9fb0000
07-23 00:57:22.892 15296 15296 F DEBUG   :       #02 pc 0000000000015d38  /system/lib64/android.hardware.camera.device@3.4.so (android::hardware::camera::device::V3_4::BnHwCameraDeviceCallback::_hidl_processCaptureResult_3_4(android::hidl::base::V1_0::BnHwBase*, android::hardware::Parcel const&, android::hardware::Parcel*, std::__1::function<void (android::hardware::Parcel&)>)+296) (BuildId: 82b93493979ba100cc2c407c01d96ce8)
07-23 01:11:14.603 15499 15561 F libc    : Fatal signal 4 (SIGILL), code 1 (ILL_ILLOPC), fault addr 0x764f260000 in tid 15561 (HwBinder:15499_), pid 15499 (Binder:camerase)
07-23 01:11:15.482  5577  5577 F DEBUG   : Process name is /system/bin/cameraserver, not key_process
07-23 01:11:15.482  5577  5577 F DEBUG   : Cmdline: /system/bin/cameraserver
07-23 01:11:15.482  5577  5577 F DEBUG   : pid: 15499, tid: 15561, name: HwBinder:15499_  >>> /system/bin/cameraserver <<<
07-23 01:11:15.482  5577  5577 F DEBUG   : signal 4 (SIGILL), code 1 (ILL_ILLOPC), fault addr 0x000000764f260000
07-23 01:11:15.483  5577  5577 F DEBUG   :       #02 pc 0000000000015d38  /system/lib64/android.hardware.camera.device@3.4.so (android::hardware::camera::device::V3_4::BnHwCameraDeviceCallback::_hidl_processCaptureResult_3_4(android::hidl::base::V1_0::BnHwBase*, android::hardware::Parcel const&, android::hardware::Parcel*, std::__1::function<void (android::hardware::Parcel&)>)+296) (BuildId: 82b93493979ba100cc2c407c01d96ce8)
07-23 02:01:08.784  5588  5989 F libc    : Fatal signal 11 (SIGSEGV), code 2 (SEGV_ACCERR), fault addr 0x7767200008 in tid 5989 (HwBinder:5588_3), pid 5588 (Binder:camerase)
07-23 02:01:11.817 24144 24144 F DEBUG   : Process name is /system/bin/cameraserver, not key_process
07-23 02:01:11.817 24144 24144 F DEBUG   : Cmdline: /system/bin/cameraserver
07-23 02:01:11.817 24144 24144 F DEBUG   : pid: 5588, tid: 5989, name: HwBinder:5588_3  >>> /system/bin/cameraserver <<<
07-23 02:01:11.817 24144 24144 F DEBUG   : signal 11 (SIGSEGV), code 2 (SEGV_ACCERR), fault addr 0x0000007767200008
07-23 02:01:11.818 24144 24144 F DEBUG   :       #04 pc 000000000027a10c  /system/lib64/libcameraservice.so (void android::camera3::processOneCaptureResultLockedT<android::camera3::HidlCaptureOutputStates, android::hardware::camera::device::V3_2::CaptureResult, android::hardware::hidl_vec<android::hardware::camera::device::V3_4::PhysicalCameraMetadata>, android::hardware::hidl_vec<unsigned char>, android::hardware::MessageQueue<unsigned char, (android::hardware::MQFlavor)1>, android::hardware::camera::device::V3_2::BufferStatus, unsigned char>(android::camera3::HidlCaptureOutputStates&, android::hardware::camera::device::V3_2::CaptureResult const&, android::hardware::hidl_vec<android::hardware::camera::device::V3_4::PhysicalCameraMetadata> const&)+1868) (BuildId: d3198ce7fe58df721d9b438d65c51798)
07-23 02:01:11.818 24144 24144 F DEBUG   :       #05 pc 00000000002703ac  /system/lib64/libcameraservice.so (android::HidlCamera3Device::processCaptureResult_3_4(android::hardware::hidl_vec<android::hardware::camera::device::V3_4::CaptureResult> const&)+924) (BuildId: d3198ce7fe58df721d9b438d65c51798)
07-23 02:01:11.818 24144 24144 F DEBUG   :       #07 pc 0000000000015d38  /system/lib64/android.hardware.camera.device@3.4.so (android::hardware::camera::device::V3_4::BnHwCameraDeviceCallback::_hidl_processCaptureResult_3_4(android::hidl::base::V1_0::BnHwBase*, android::hardware::Parcel const&, android::hardware::Parcel*, std::__1::function<void (android::hardware::Parcel&)>)+296) (BuildId: 82b93493979ba100cc2c407c01d96ce8)
07-23 02:06:25.866 24375 24521 F libc    : Fatal signal 11 (SIGSEGV), code 2 (SEGV_ACCERR), fault addr 0x7bd7a00008 in tid 24521 (HwBinder:24375_), pid 24375 (Binder:camerase)
07-23 02:06:28.391 16777 16777 F DEBUG   : Process name is /system/bin/cameraserver, not key_process
07-23 02:06:28.391 16777 16777 F DEBUG   : Cmdline: /system/bin/cameraserver
07-23 02:06:28.391 16777 16777 F DEBUG   : pid: 24375, tid: 24521, name: HwBinder:24375_  >>> /system/bin/cameraserver <<<
07-23 02:06:28.391 16777 16777 F DEBUG   : signal 11 (SIGSEGV), code 2 (SEGV_ACCERR), fault addr 0x0000007bd7a00008
07-23 02:06:28.392 16777 16777 F DEBUG   :       #04 pc 000000000027a10c  /system/lib64/libcameraservice.so (void android::camera3::processOneCaptureResultLockedT<android::camera3::HidlCaptureOutputStates, android::hardware::camera::device::V3_2::CaptureResult, android::hardware::hidl_vec<android::hardware::camera::device::V3_4::PhysicalCameraMetadata>, android::hardware::hidl_vec<unsigned char>, android::hardware::MessageQueue<unsigned char, (android::hardware::MQFlavor)1>, android::hardware::camera::device::V3_2::BufferStatus, unsigned char>(android::camera3::HidlCaptureOutputStates&, android::hardware::camera::device::V3_2::CaptureResult const&, android::hardware::hidl_vec<android::hardware::camera::device::V3_4::PhysicalCameraMetadata> const&)+1868) (BuildId: d3198ce7fe58df721d9b438d65c51798)
07-23 02:06:28.392 16777 16777 F DEBUG   :       #05 pc 00000000002703ac  /system/lib64/libcameraservice.so (android::HidlCamera3Device::processCaptureResult_3_4(android::hardware::hidl_vec<android::hardware::camera::device::V3_4::CaptureResult> const&)+924) (BuildId: d3198ce7fe58df721d9b438d65c51798)
07-23 02:06:28.392 16777 16777 F DEBUG   :       #07 pc 0000000000015d38  /system/lib64/android.hardware.camera.device@3.4.so (android::hardware::camera::device::V3_4::BnHwCameraDeviceCallback::_hidl_processCaptureResult_3_4(android::hidl::base::V1_0::BnHwBase*, android::hardware::Parcel const&, android::hardware::Parcel*, std::__1::function<void (android::hardware::Parcel&)>)+296) (BuildId: 82b93493979ba100cc2c407c01d96ce8)
07-23 02:13:13.573 17026 17223 F libc    : Fatal signal 11 (SIGSEGV), code 2 (SEGV_ACCERR), fault addr 0x7d13400008 in tid 17223 (HwBinder:17026_), pid 17026 (Binder:camerase)
07-23 02:13:15.241  9103  9103 F DEBUG   : Process name is /system/bin/cameraserver, not key_process
07-23 02:13:15.242  9103  9103 F DEBUG   : Cmdline: /system/bin/cameraserver
07-23 02:13:15.242  9103  9103 F DEBUG   : pid: 17026, tid: 17223, name: HwBinder:17026_  >>> /system/bin/cameraserver <<<
07-23 02:13:15.242  9103  9103 F DEBUG   : signal 11 (SIGSEGV), code 2 (SEGV_ACCERR), fault addr 0x0000007d13400008
07-23 02:13:15.242  9103  9103 F DEBUG   :       #04 pc 000000000027a10c  /system/lib64/libcameraservice.so (void android::camera3::processOneCaptureResultLockedT<android::camera3::HidlCaptureOutputStates, android::hardware::camera::device::V3_2::CaptureResult, android::hardware::hidl_vec<android::hardware::camera::device::V3_4::PhysicalCameraMetadata>, android::hardware::hidl_vec<unsigned char>, android::hardware::MessageQueue<unsigned char, (android::hardware::MQFlavor)1>, android::hardware::camera::device::V3_2::BufferStatus, unsigned char>(android::camera3::HidlCaptureOutputStates&, android::hardware::camera::device::V3_2::CaptureResult const&, android::hardware::hidl_vec<android::hardware::camera::device::V3_4::PhysicalCameraMetadata> const&)+1868) (BuildId: d3198ce7fe58df721d9b438d65c51798)
07-23 02:13:15.242  9103  9103 F DEBUG   :       #05 pc 00000000002703ac  /system/lib64/libcameraservice.so (android::HidlCamera3Device::processCaptureResult_3_4(android::hardware::hidl_vec<android::hardware::camera::device::V3_4::CaptureResult> const&)+924) (BuildId: d3198ce7fe58df721d9b438d65c51798)
07-23 02:13:15.242  9103  9103 F DEBUG   :       #07 pc 0000000000015d38  /system/lib64/android.hardware.camera.device@3.4.so (android::hardware::camera::device::V3_4::BnHwCameraDeviceCallback::_hidl_processCaptureResult_3_4(android::hidl::base::V1_0::BnHwBase*, android::hardware::Parcel const&, android::hardware::Parcel*, std::__1::function<void (android::hardware::Parcel&)>)+296) (BuildId: 82b93493979ba100cc2c407c01d96ce8)
07-23 15:06:32.967  9156  9203 F libc    : Fatal signal 11 (SIGSEGV), code 2 (SEGV_ACCERR), fault addr 0x7c0b200008 in tid 9203 (HwBinder:9156_1), pid 9156 (Binder:camerase)
07-23 15:06:34.572 26607 26607 F DEBUG   : Process name is /system/bin/cameraserver, not key_process
07-23 15:06:34.572 26607 26607 F DEBUG   : Cmdline: /system/bin/cameraserver
07-23 15:06:34.572 26607 26607 F DEBUG   : pid: 9156, tid: 9203, name: HwBinder:9156_1  >>> /system/bin/cameraserver <<<
07-23 15:06:34.572 26607 26607 F DEBUG   : signal 11 (SIGSEGV), code 2 (SEGV_ACCERR), fault addr 0x0000007c0b200008
07-23 15:06:34.573 26607 26607 F DEBUG   :       #04 pc 000000000025daac  /system/lib64/libcameraservice.so (android::camera3::returnAndRemovePendingOutputBuffers(bool, android::sp<android::NotificationListener>, android::camera3::InFlightRequest&, android::SessionStatsBuilder&) (.cfi)+380) (BuildId: d3198ce7fe58df721d9b438d65c51798)
07-23 15:06:34.573 26607 26607 F DEBUG   :       #05 pc 000000000025ca60  /system/lib64/libcameraservice.so (android::camera3::processCaptureResult(android::camera3::CaptureOutputStates&, android::camera3::camera_capture_result const*) (.cfi)+1536) (BuildId: d3198ce7fe58df721d9b438d65c51798)
07-23 15:06:34.573 26607 26607 F DEBUG   :       #07 pc 000000000027a10c  /system/lib64/libcameraservice.so (void android::camera3::processOneCaptureResultLockedT<android::camera3::HidlCaptureOutputStates, android::hardware::camera::device::V3_2::CaptureResult, android::hardware::hidl_vec<android::hardware::camera::device::V3_4::PhysicalCameraMetadata>, android::hardware::hidl_vec<unsigned char>, android::hardware::MessageQueue<unsigned char, (android::hardware::MQFlavor)1>, android::hardware::camera::device::V3_2::BufferStatus, unsigned char>(android::camera3::HidlCaptureOutputStates&, android::hardware::camera::device::V3_2::CaptureResult const&, android::hardware::hidl_vec<android::hardware::camera::device::V3_4::PhysicalCameraMetadata> const&)+1868) (BuildId: d3198ce7fe58df721d9b438d65c51798)
07-23 15:06:34.573 26607 26607 F DEBUG   :       #08 pc 00000000002703ac  /system/lib64/libcameraservice.so (android::HidlCamera3Device::processCaptureResult_3_4(android::hardware::hidl_vec<android::hardware::camera::device::V3_4::CaptureResult> const&)+924) (BuildId: d3198ce7fe58df721d9b438d65c51798)
07-23 15:06:34.573 26607 26607 F DEBUG   :       #10 pc 0000000000015d38  /system/lib64/android.hardware.camera.device@3.4.so (android::hardware::camera::device::V3_4::BnHwCameraDeviceCallback::_hidl_processCaptureResult_3_4(android::hidl::base::V1_0::BnHwBase*, android::hardware::Parcel const&, android::hardware::Parcel*, std::__1::function<void (android::hardware::Parcel&)>)+296) (BuildId: 82b93493979ba100cc2c407c01d96ce8)
07-23 17:29:28.503 26657 26676 F libc    : Fatal signal 11 (SIGSEGV), code 2 (SEGV_ACCERR), fault addr 0x7588400008 in tid 26676 (HwBinder:26657_), pid 26657 (Binder:camerase)
07-23 17:29:30.692  9211  9211 F DEBUG   : Process name is /system/bin/cameraserver, not key_process
07-23 17:29:30.692  9211  9211 F DEBUG   : Cmdline: /system/bin/cameraserver
07-23 17:29:30.692  9211  9211 F DEBUG   : pid: 26657, tid: 26676, name: HwBinder:26657_  >>> /system/bin/cameraserver <<<
07-23 17:29:30.692  9211  9211 F DEBUG   : signal 11 (SIGSEGV), code 2 (SEGV_ACCERR), fault addr 0x0000007588400008
07-23 17:29:30.693  9211  9211 F DEBUG   :       #04 pc 000000000025daac  /system/lib64/libcameraservice.so (android::camera3::returnAndRemovePendingOutputBuffers(bool, android::sp<android::NotificationListener>, android::camera3::InFlightRequest&, android::SessionStatsBuilder&) (.cfi)+380) (BuildId: d3198ce7fe58df721d9b438d65c51798)
07-23 17:29:30.693  9211  9211 F DEBUG   :       #05 pc 000000000025ca60  /system/lib64/libcameraservice.so (android::camera3::processCaptureResult(android::camera3::CaptureOutputStates&, android::camera3::camera_capture_result const*) (.cfi)+1536) (BuildId: d3198ce7fe58df721d9b438d65c51798)
07-23 17:29:30.693  9211  9211 F DEBUG   :       #07 pc 000000000027a10c  /system/lib64/libcameraservice.so (void android::camera3::processOneCaptureResultLockedT<android::camera3::HidlCaptureOutputStates, android::hardware::camera::device::V3_2::CaptureResult, android::hardware::hidl_vec<android::hardware::camera::device::V3_4::PhysicalCameraMetadata>, android::hardware::hidl_vec<unsigned char>, android::hardware::MessageQueue<unsigned char, (android::hardware::MQFlavor)1>, android::hardware::camera::device::V3_2::BufferStatus, unsigned char>(android::camera3::HidlCaptureOutputStates&, android::hardware::camera::device::V3_2::CaptureResult const&, android::hardware::hidl_vec<android::hardware::camera::device::V3_4::PhysicalCameraMetadata> const&)+1868) (BuildId: d3198ce7fe58df721d9b438d65c51798)
07-23 17:29:30.693  9211  9211 F DEBUG   :       #08 pc 00000000002703ac  /system/lib64/libcameraservice.so (android::HidlCamera3Device::processCaptureResult_3_4(android::hardware::hidl_vec<android::hardware::camera::device::V3_4::CaptureResult> const&)+924) (BuildId: d3198ce7fe58df721d9b438d65c51798)
07-23 17:29:30.693  9211  9211 F DEBUG   :       #10 pc 0000000000015d38  /system/lib64/android.hardware.camera.device@3.4.so (android::hardware::camera::device::V3_4::BnHwCameraDeviceCallback::_hidl_processCaptureResult_3_4(android::hidl::base::V1_0::BnHwBase*, android::hardware::Parcel const&, android::hardware::Parcel*, std::__1::function<void (android::hardware::Parcel&)>)+296) (BuildId: 82b93493979ba100cc2c407c01d96ce8)
07-23 19:16:55.180  1708  1738 D RtcMwi  : [0] onHandleRequest: request id 60527 is RFX_MSG_REQUEST_SET_WIFI_SIGNAL_LEVEL
07-23 19:16:55.196  1708  1738 D RtcMwi  : [0] onHandleResponse, handle RFX_MSG_REQUEST_SET_WIFI_SIGNAL_LEVEL
07-23 19:16:57.144  1708  1741 D RmcNwHdlr: [0] requestSignalStrength:sigRegisted[0000], sigUpdated[0X01]
07-23 19:16:57.144  1708  1741 D RmcNwHdlr: [0] handleSignalStrength, gsm_signal_strength: 21, gsm_bit_error_rate: 99, gsm_timing_advance: 2147483647, cdma_dbm: 2147483647, cdma_ecio: 2147483647, evdo_dbm: 2147483647, evdo_ecio: 2147483647, evdo_snr: 2147483647, lte_signal_strength: 99, lte_rsrp: 2147483647, lte_rsrq: 2147483647, lte_rssnr: 2147483647, lte_cqi: 2147483647, lte_timing_advance: 2147483647, tdscdma_signal_strength: 99, tdscdma_bit_error_rate: 99, tdscdma_rscp: 255, wcdma_signal_strength: 0, wcdma_bit_error_rate: 99, wcdma_scdma_rscp: 5, wcdma_ecno: 12, ssRsrp: 2147483647, ssRsrq: 2147483647, ssSinr: 2147483647, csiRsrp: 2147483647, csiRsrq: 2147483647, csiSinr: 2147483647
07-23 19:16:57.162  2516  2760 D OplusSignalSmooth/0: onSignalStrengthResultExt,oldSignalStrength:SignalStrength:{mCdma=CellSignalStrengthCdma: cdmaDbm=2147483647 cdmaEcio=2147483647 evdoDbm=2147483647 evdoEcio=2147483647 evdoSnr=2147483647 level=0,mGsm=CellSignalStrengthGsm: rssi=-65 ber=99 mTa=2147483647 mLevel=4,mWcdma=CellSignalStrengthWcdma: ss=2147483647 ber=2147483647 rscp=2147483647 ecno=2147483647 level=0,mTdscdma=CellSignalStrengthTdscdma: rssi=2147483647 ber=2147483647 rscp=2147483647 level=0,mLte=CellSignalStrengthLte: rssi=2147483647 rsrp=2147483647 rsrq=2147483647 rssnr=2147483647 cqiTableIndex=2147483647 cqi=2147483647 ta=2147483647 level=0 parametersUseForLevel=1,mNr=CellSignalStrengthNr:{ csiRsrp = 2147483647 csiRsrq = 2147483647 csiCqiTableIndex = 2147483647 csiCqiReport = [] ssRsrp = 2147483647 ssRsrq = 2147483647 ssSinr = 2147483647 level = 0 parametersUseForLevel = 1 timingAdvance = 2147483647 },primary=CellSignalStrengthGsm}
07-23 19:16:57.162  2516  2760 D OplusSignalSmooth/0: mOrigSignalStrength:SignalStrength:{mCdma=CellSignalStrengthCdma: cdmaDbm=2147483647 cdmaEcio=2147483647 evdoDbm=2147483647 evdoEcio=2147483647 evdoSnr=2147483647 level=0,mGsm=CellSignalStrengthGsm: rssi=-71 ber=99 mTa=2147483647 mLevel=4,mWcdma=CellSignalStrengthWcdma: ss=2147483647 ber=2147483647 rscp=2147483647 ecno=2147483647 level=0,mTdscdma=CellSignalStrengthTdscdma: rssi=2147483647 ber=2147483647 rscp=2147483647 level=0,mLte=CellSignalStrengthLte: rssi=2147483647 rsrp=2147483647 rsrq=2147483647 rssnr=2147483647 cqiTableIndex=2147483647 cqi=2147483647 ta=2147483647 level=0 parametersUseForLevel=1,mNr=CellSignalStrengthNr:{ csiRsrp = 2147483647 csiRsrq = 2147483647 csiCqiTableIndex = 2147483647 csiCqiReport = [] ssRsrp = 2147483647 ssRsrq = 2147483647 ssSinr = 2147483647 level = 0 parametersUseForLevel = 1 timingAdvance = 2147483647 },primary=CellSignalStrengthGsm}
07-23 19:16:57.162  2516  2760 D OplusSignalSmooth/0: no service fix signal...
07-23 19:16:57.168  2516  2760 D OplusSignalSmooth/0: notifySignalStrength, mSignalStrength: SignalStrength:{mCdma=CellSignalStrengthCdma: cdmaDbm=2147483647 cdmaEcio=2147483647 evdoDbm=2147483647 evdoEcio=2147483647 evdoSnr=2147483647 level=0,mGsm=CellSignalStrengthGsm: rssi=-71 ber=99 mTa=2147483647 mLevel=4,mWcdma=CellSignalStrengthWcdma: ss=2147483647 ber=2147483647 rscp=2147483647 ecno=2147483647 level=0,mTdscdma=CellSignalStrengthTdscdma: rssi=2147483647 ber=2147483647 rscp=2147483647 level=0,mLte=CellSignalStrengthLte: rssi=2147483647 rsrp=2147483647 rsrq=2147483647 rssnr=2147483647 cqiTableIndex=2147483647 cqi=2147483647 ta=2147483647 level=0 parametersUseForLevel=1,mNr=CellSignalStrengthNr:{ csiRsrp = 2147483647 csiRsrq = 2147483647 csiCqiTableIndex = 2147483647 csiCqiReport = [] ssRsrp = 2147483647 ssRsrq = 2147483647 ssSinr = 2147483647 level = 0 parametersUseForLevel = 1 timingAdvance = 2147483647 },primary=CellSignalStrengthGsm}
07-23 19:16:58.181  1708  1738 D RtcMwi  : [0] onHandleRequest: request id 60527 is RFX_MSG_REQUEST_SET_WIFI_SIGNAL_LEVEL
07-23 19:16:58.190  1708  1738 D RtcMwi  : [0] onHandleResponse, handle RFX_MSG_REQUEST_SET_WIFI_SIGNAL_LEVEL
07-23 19:17:01.192  1708  1738 D RtcMwi  : [0] onHandleRequest: request id 60527 is RFX_MSG_REQUEST_SET_WIFI_SIGNAL_LEVEL
07-23 19:17:01.211  1708  1738 D RtcMwi  : [0] onHandleResponse, handle RFX_MSG_REQUEST_SET_WIFI_SIGNAL_LEVEL
07-23 19:17:10.315  1708  1738 D RtcMwi  : [0] onHandleRequest: request id 60527 is RFX_MSG_REQUEST_SET_WIFI_SIGNAL_LEVEL
07-23 19:17:10.319  1708  1738 D RtcMwi  : [0] onHandleResponse, handle RFX_MSG_REQUEST_SET_WIFI_SIGNAL_LEVEL
07-23 19:17:15.970  1708  1741 D RmcNwHdlr: [0] requestSignalStrength:sigRegisted[0000], sigUpdated[0X01]
07-23 19:17:15.970  1708  1741 D RmcNwHdlr: [0] handleSignalStrength, gsm_signal_strength: 24, gsm_bit_error_rate: 99, gsm_timing_advance: 2147483647, cdma_dbm: 2147483647, cdma_ecio: 2147483647, evdo_dbm: 2147483647, evdo_ecio: 2147483647, evdo_snr: 2147483647, lte_signal_strength: 99, lte_rsrp: 2147483647, lte_rsrq: 2147483647, lte_rssnr: 2147483647, lte_cqi: 2147483647, lte_timing_advance: 2147483647, tdscdma_signal_strength: 99, tdscdma_bit_error_rate: 99, tdscdma_rscp: 255, wcdma_signal_strength: 0, wcdma_bit_error_rate: 99, wcdma_scdma_rscp: 5, wcdma_ecno: 12, ssRsrp: 2147483647, ssRsrq: 2147483647, ssSinr: 2147483647, csiRsrp: 2147483647, csiRsrq: 2147483647, csiSinr: 2147483647
07-23 19:17:15.981  2516  2760 D OplusSignalSmooth/0: onSignalStrengthResultExt,oldSignalStrength:SignalStrength:{mCdma=CellSignalStrengthCdma: cdmaDbm=2147483647 cdmaEcio=2147483647 evdoDbm=2147483647 evdoEcio=2147483647 evdoSnr=2147483647 level=0,mGsm=CellSignalStrengthGsm: rssi=-71 ber=99 mTa=2147483647 mLevel=4,mWcdma=CellSignalStrengthWcdma: ss=2147483647 ber=2147483647 rscp=2147483647 ecno=2147483647 level=0,mTdscdma=CellSignalStrengthTdscdma: rssi=2147483647 ber=2147483647 rscp=2147483647 level=0,mLte=CellSignalStrengthLte: rssi=2147483647 rsrp=2147483647 rsrq=2147483647 rssnr=2147483647 cqiTableIndex=2147483647 cqi=2147483647 ta=2147483647 level=0 parametersUseForLevel=1,mNr=CellSignalStrengthNr:{ csiRsrp = 2147483647 csiRsrq = 2147483647 csiCqiTableIndex = 2147483647 csiCqiReport = [] ssRsrp = 2147483647 ssRsrq = 2147483647 ssSinr = 2147483647 level = 0 parametersUseForLevel = 1 timingAdvance = 2147483647 },primary=CellSignalStrengthGsm}
07-23 19:17:15.981  2516  2760 D OplusSignalSmooth/0: mOrigSignalStrength:SignalStrength:{mCdma=CellSignalStrengthCdma: cdmaDbm=2147483647 cdmaEcio=2147483647 evdoDbm=2147483647 evdoEcio=2147483647 evdoSnr=2147483647 level=0,mGsm=CellSignalStrengthGsm: rssi=-65 ber=99 mTa=2147483647 mLevel=4,mWcdma=CellSignalStrengthWcdma: ss=2147483647 ber=2147483647 rscp=2147483647 ecno=2147483647 level=0,mTdscdma=CellSignalStrengthTdscdma: rssi=2147483647 ber=2147483647 rscp=2147483647 level=0,mLte=CellSignalStrengthLte: rssi=2147483647 rsrp=2147483647 rsrq=2147483647 rssnr=2147483647 cqiTableIndex=2147483647 cqi=2147483647 ta=2147483647 level=0 parametersUseForLevel=1,mNr=CellSignalStrengthNr:{ csiRsrp = 2147483647 csiRsrq = 2147483647 csiCqiTableIndex = 2147483647 csiCqiReport = [] ssRsrp = 2147483647 ssRsrq = 2147483647 ssSinr = 2147483647 level = 0 parametersUseForLevel = 1 timingAdvance = 2147483647 },primary=CellSignalStrengthGsm}
07-23 19:17:15.981  2516  2760 D OplusSignalSmooth/0: no service fix signal...
07-23 19:17:15.983  2516  2760 D OplusSignalSmooth/0: notifySignalStrength, mSignalStrength: SignalStrength:{mCdma=CellSignalStrengthCdma: cdmaDbm=2147483647 cdmaEcio=2147483647 evdoDbm=2147483647 evdoEcio=2147483647 evdoSnr=2147483647 level=0,mGsm=CellSignalStrengthGsm: rssi=-65 ber=99 mTa=2147483647 mLevel=4,mWcdma=CellSignalStrengthWcdma: ss=2147483647 ber=2147483647 rscp=2147483647 ecno=2147483647 level=0,mTdscdma=CellSignalStrengthTdscdma: rssi=2147483647 ber=2147483647 rscp=2147483647 level=0,mLte=CellSignalStrengthLte: rssi=2147483647 rsrp=2147483647 rsrq=2147483647 rssnr=2147483647 cqiTableIndex=2147483647 cqi=2147483647 ta=2147483647 level=0 parametersUseForLevel=1,mNr=CellSignalStrengthNr:{ csiRsrp = 2147483647 csiRsrq = 2147483647 csiCqiTableIndex = 2147483647 csiCqiReport = [] ssRsrp = 2147483647 ssRsrq = 2147483647 ssSinr = 2147483647 level = 0 parametersUseForLevel = 1 timingAdvance = 2147483647 },primary=CellSignalStrengthGsm}
07-23 19:17:22.465  1708  1738 D RtcMwi  : [0] onHandleRequest: request id 60527 is RFX_MSG_REQUEST_SET_WIFI_SIGNAL_LEVEL
07-23 19:17:22.474  1708  1738 D RtcMwi  : [0] onHandleResponse, handle RFX_MSG_REQUEST_SET_WIFI_SIGNAL_LEVEL
07-23 19:17:24.662  1708  1738 D RtcMwi  : [0] onHandleRequest: request id 60527 is RFX_MSG_REQUEST_SET_WIFI_SIGNAL_LEVEL
07-23 19:17:24.671  1708  1738 D RtcMwi  : [0] onHandleResponse, handle RFX_MSG_REQUEST_SET_WIFI_SIGNAL_LEVEL
07-23 19:17:25.387  1708  1741 D RmcNwHdlr: [0] requestSignalStrength:sigRegisted[0000], sigUpdated[0X01]
07-23 19:17:25.387  1708  1741 D RmcNwHdlr: [0] handleSignalStrength, gsm_signal_strength: 22, gsm_bit_error_rate: 99, gsm_timing_advance: 2147483647, cdma_dbm: 2147483647, cdma_ecio: 2147483647, evdo_dbm: 2147483647, evdo_ecio: 2147483647, evdo_snr: 2147483647, lte_signal_strength: 99, lte_rsrp: 2147483647, lte_rsrq: 2147483647, lte_rssnr: 2147483647, lte_cqi: 2147483647, lte_timing_advance: 2147483647, tdscdma_signal_strength: 99, tdscdma_bit_error_rate: 99, tdscdma_rscp: 255, wcdma_signal_strength: 0, wcdma_bit_error_rate: 99, wcdma_scdma_rscp: 5, wcdma_ecno: 12, ssRsrp: 2147483647, ssRsrq: 2147483647, ssSinr: 2147483647, csiRsrp: 2147483647, csiRsrq: 2147483647, csiSinr: 2147483647
07-23 19:17:25.395  2516  2760 D OplusSignalSmooth/0: onSignalStrengthResultExt,oldSignalStrength:SignalStrength:{mCdma=CellSignalStrengthCdma: cdmaDbm=2147483647 cdmaEcio=2147483647 evdoDbm=2147483647 evdoEcio=2147483647 evdoSnr=2147483647 level=0,mGsm=CellSignalStrengthGsm: rssi=-65 ber=99 mTa=2147483647 mLevel=4,mWcdma=CellSignalStrengthWcdma: ss=2147483647 ber=2147483647 rscp=2147483647 ecno=2147483647 level=0,mTdscdma=CellSignalStrengthTdscdma: rssi=2147483647 ber=2147483647 rscp=2147483647 level=0,mLte=CellSignalStrengthLte: rssi=2147483647 rsrp=2147483647 rsrq=2147483647 rssnr=2147483647 cqiTableIndex=2147483647 cqi=2147483647 ta=2147483647 level=0 parametersUseForLevel=1,mNr=CellSignalStrengthNr:{ csiRsrp = 2147483647 csiRsrq = 2147483647 csiCqiTableIndex = 2147483647 csiCqiReport = [] ssRsrp = 2147483647 ssRsrq = 2147483647 ssSinr = 2147483647 level = 0 parametersUseForLevel = 1 timingAdvance = 2147483647 },primary=CellSignalStrengthGsm}
07-23 19:17:25.396  2516  2760 D OplusSignalSmooth/0: mOrigSignalStrength:SignalStrength:{mCdma=CellSignalStrengthCdma: cdmaDbm=2147483647 cdmaEcio=2147483647 evdoDbm=2147483647 evdoEcio=2147483647 evdoSnr=2147483647 level=0,mGsm=CellSignalStrengthGsm: rssi=-69 ber=99 mTa=2147483647 mLevel=4,mWcdma=CellSignalStrengthWcdma: ss=2147483647 ber=2147483647 rscp=2147483647 ecno=2147483647 level=0,mTdscdma=CellSignalStrengthTdscdma: rssi=2147483647 ber=2147483647 rscp=2147483647 level=0,mLte=CellSignalStrengthLte: rssi=2147483647 rsrp=2147483647 rsrq=2147483647 rssnr=2147483647 cqiTableIndex=2147483647 cqi=2147483647 ta=2147483647 level=0 parametersUseForLevel=1,mNr=CellSignalStrengthNr:{ csiRsrp = 2147483647 csiRsrq = 2147483647 csiCqiTableIndex = 2147483647 csiCqiReport = [] ssRsrp = 2147483647 ssRsrq = 2147483647 ssSinr = 2147483647 level = 0 parametersUseForLevel = 1 timingAdvance = 2147483647 },primary=CellSignalStrengthGsm}
07-23 19:17:25.396  2516  2760 D OplusSignalSmooth/0: no service fix signal...
07-23 19:17:25.401  2516  2760 D OplusSignalSmooth/0: notifySignalStrength, mSignalStrength: SignalStrength:{mCdma=CellSignalStrengthCdma: cdmaDbm=2147483647 cdmaEcio=2147483647 evdoDbm=2147483647 evdoEcio=2147483647 evdoSnr=2147483647 level=0,mGsm=CellSignalStrengthGsm: rssi=-69 ber=99 mTa=2147483647 mLevel=4,mWcdma=CellSignalStrengthWcdma: ss=2147483647 ber=2147483647 rscp=2147483647 ecno=2147483647 level=0,mTdscdma=CellSignalStrengthTdscdma: rssi=2147483647 ber=2147483647 rscp=2147483647 level=0,mLte=CellSignalStrengthLte: rssi=2147483647 rsrp=2147483647 rsrq=2147483647 rssnr=2147483647 cqiTableIndex=2147483647 cqi=2147483647 ta=2147483647 level=0 parametersUseForLevel=1,mNr=CellSignalStrengthNr:{ csiRsrp = 2147483647 csiRsrq = 2147483647 csiCqiTableIndex = 2147483647 csiCqiReport = [] ssRsrp = 2147483647 ssRsrq = 2147483647 ssSinr = 2147483647 level = 0 parametersUseForLevel = 1 timingAdvance = 2147483647 },primary=CellSignalStrengthGsm}
07-23 19:17:27.534  1708  1738 D RtcMwi  : [0] onHandleRequest: request id 60527 is RFX_MSG_REQUEST_SET_WIFI_SIGNAL_LEVEL
07-23 19:17:27.557  1708  1738 D RtcMwi  : [0] onHandleResponse, handle RFX_MSG_REQUEST_SET_WIFI_SIGNAL_LEVEL
07-23 19:17:27.806  1708  1738 D RtcMwi  : [0] onHandleRequest: request id 60527 is RFX_MSG_REQUEST_SET_WIFI_SIGNAL_LEVEL
07-23 19:17:27.819  1708  1738 D RtcMwi  : [0] onHandleResponse, handle RFX_MSG_REQUEST_SET_WIFI_SIGNAL_LEVEL
07-23 19:17:29.529  1708  1738 D RtcMwi  : [0] onHandleRequest: request id 60527 is RFX_MSG_REQUEST_SET_WIFI_SIGNAL_LEVEL
07-23 19:17:29.553  1708  1738 D RtcMwi  : [0] onHandleResponse, handle RFX_MSG_REQUEST_SET_WIFI_SIGNAL_LEVEL
07-23 19:17:31.533  1708  1738 D RtcMwi  : [0] onHandleRequest: request id 60527 is RFX_MSG_REQUEST_SET_WIFI_SIGNAL_LEVEL
07-23 19:17:31.541  1708  1738 D RtcMwi  : [0] onHandleResponse, handle RFX_MSG_REQUEST_SET_WIFI_SIGNAL_LEVEL
07-23 19:17:34.801  1708  1741 D RmcNwHdlr: [0] requestSignalStrength:sigRegisted[0000], sigUpdated[0X01]
07-23 19:17:34.801  1708  1741 D RmcNwHdlr: [0] handleSignalStrength, gsm_signal_strength: 18, gsm_bit_error_rate: 99, gsm_timing_advance: 2147483647, cdma_dbm: 2147483647, cdma_ecio: 2147483647, evdo_dbm: 2147483647, evdo_ecio: 2147483647, evdo_snr: 2147483647, lte_signal_strength: 99, lte_rsrp: 2147483647, lte_rsrq: 2147483647, lte_rssnr: 2147483647, lte_cqi: 2147483647, lte_timing_advance: 2147483647, tdscdma_signal_strength: 99, tdscdma_bit_error_rate: 99, tdscdma_rscp: 255, wcdma_signal_strength: 0, wcdma_bit_error_rate: 99, wcdma_scdma_rscp: 5, wcdma_ecno: 12, ssRsrp: 2147483647, ssRsrq: 2147483647, ssSinr: 2147483647, csiRsrp: 2147483647, csiRsrq: 2147483647, csiSinr: 2147483647
07-23 19:17:34.813  2516  2760 D OplusSignalSmooth/0: onSignalStrengthResultExt,oldSignalStrength:SignalStrength:{mCdma=CellSignalStrengthCdma: cdmaDbm=2147483647 cdmaEcio=2147483647 evdoDbm=2147483647 evdoEcio=2147483647 evdoSnr=2147483647 level=0,mGsm=CellSignalStrengthGsm: rssi=-69 ber=99 mTa=2147483647 mLevel=4,mWcdma=CellSignalStrengthWcdma: ss=2147483647 ber=2147483647 rscp=2147483647 ecno=2147483647 level=0,mTdscdma=CellSignalStrengthTdscdma: rssi=2147483647 ber=2147483647 rscp=2147483647 level=0,mLte=CellSignalStrengthLte: rssi=2147483647 rsrp=2147483647 rsrq=2147483647 rssnr=2147483647 cqiTableIndex=2147483647 cqi=2147483647 ta=2147483647 level=0 parametersUseForLevel=1,mNr=CellSignalStrengthNr:{ csiRsrp = 2147483647 csiRsrq = 2147483647 csiCqiTableIndex = 2147483647 csiCqiReport = [] ssRsrp = 2147483647 ssRsrq = 2147483647 ssSinr = 2147483647 level = 0 parametersUseForLevel = 1 timingAdvance = 2147483647 },primary=CellSignalStrengthGsm}
07-23 19:17:34.813  2516  2760 D OplusSignalSmooth/0: mOrigSignalStrength:SignalStrength:{mCdma=CellSignalStrengthCdma: cdmaDbm=2147483647 cdmaEcio=2147483647 evdoDbm=2147483647 evdoEcio=2147483647 evdoSnr=2147483647 level=0,mGsm=CellSignalStrengthGsm: rssi=-77 ber=99 mTa=2147483647 mLevel=4,mWcdma=CellSignalStrengthWcdma: ss=2147483647 ber=2147483647 rscp=2147483647 ecno=2147483647 level=0,mTdscdma=CellSignalStrengthTdscdma: rssi=2147483647 ber=2147483647 rscp=2147483647 level=0,mLte=CellSignalStrengthLte: rssi=2147483647 rsrp=2147483647 rsrq=2147483647 rssnr=2147483647 cqiTableIndex=2147483647 cqi=2147483647 ta=2147483647 level=0 parametersUseForLevel=1,mNr=CellSignalStrengthNr:{ csiRsrp = 2147483647 csiRsrq = 2147483647 csiCqiTableIndex = 2147483647 csiCqiReport = [] ssRsrp = 2147483647 ssRsrq = 2147483647 ssSinr = 2147483647 level = 0 parametersUseForLevel = 1 timingAdvance = 2147483647 },primary=CellSignalStrengthGsm}
07-23 19:17:34.813  2516  2760 D OplusSignalSmooth/0: no service fix signal...
07-23 19:17:34.816  2516  2760 D OplusSignalSmooth/0: notifySignalStrength, mSignalStrength: SignalStrength:{mCdma=CellSignalStrengthCdma: cdmaDbm=2147483647 cdmaEcio=2147483647 evdoDbm=2147483647 evdoEcio=2147483647 evdoSnr=2147483647 level=0,mGsm=CellSignalStrengthGsm: rssi=-77 ber=99 mTa=2147483647 mLevel=4,mWcdma=CellSignalStrengthWcdma: ss=2147483647 ber=2147483647 rscp=2147483647 ecno=2147483647 level=0,mTdscdma=CellSignalStrengthTdscdma: rssi=2147483647 ber=2147483647 rscp=2147483647 level=0,mLte=CellSignalStrengthLte: rssi=2147483647 rsrp=2147483647 rsrq=2147483647 rssnr=2147483647 cqiTableIndex=2147483647 cqi=2147483647 ta=2147483647 level=0 parametersUseForLevel=1,mNr=CellSignalStrengthNr:{ csiRsrp = 2147483647 csiRsrq = 2147483647 csiCqiTableIndex = 2147483647 csiCqiReport = [] ssRsrp = 2147483647 ssRsrq = 2147483647 ssSinr = 2147483647 level = 0 parametersUseForLevel = 1 timingAdvance = 2147483647 },primary=CellSignalStrengthGsm}
07-23 19:17:35.576  1708  1738 D RtcMwi  : [0] onHandleRequest: request id 60527 is RFX_MSG_REQUEST_SET_WIFI_SIGNAL_LEVEL
07-23 19:17:35.587  1708  1738 D RtcMwi  : [0] onHandleResponse, handle RFX_MSG_REQUEST_SET_WIFI_SIGNAL_LEVEL
07-23 19:17:36.689  1708  1738 D RtcMwi  : [0] onHandleRequest: request id 60527 is RFX_MSG_REQUEST_SET_WIFI_SIGNAL_LEVEL
07-23 19:17:36.693  1708  1738 D RtcMwi  : [0] onHandleResponse, handle RFX_MSG_REQUEST_SET_WIFI_SIGNAL_LEVEL
07-23 19:17:43.680  1708  1738 D RtcMwi  : [0] onHandleRequest: request id 60527 is RFX_MSG_REQUEST_SET_WIFI_SIGNAL_LEVEL
07-23 19:17:43.690  1708  1738 D RtcMwi  : [0] onHandleResponse, handle RFX_MSG_REQUEST_SET_WIFI_SIGNAL_LEVEL
07-23 19:17:44.216  1708  1741 D RmcNwHdlr: [0] requestSignalStrength:sigRegisted[0000], sigUpdated[0X01]
07-23 19:17:44.216  1708  1741 D RmcNwHdlr: [0] handleSignalStrength, gsm_signal_strength: 17, gsm_bit_error_rate: 99, gsm_timing_advance: 2147483647, cdma_dbm: 2147483647, cdma_ecio: 2147483647, evdo_dbm: 2147483647, evdo_ecio: 2147483647, evdo_snr: 2147483647, lte_signal_strength: 99, lte_rsrp: 2147483647, lte_rsrq: 2147483647, lte_rssnr: 2147483647, lte_cqi: 2147483647, lte_timing_advance: 2147483647, tdscdma_signal_strength: 99, tdscdma_bit_error_rate: 99, tdscdma_rscp: 255, wcdma_signal_strength: 0, wcdma_bit_error_rate: 99, wcdma_scdma_rscp: 5, wcdma_ecno: 12, ssRsrp: 2147483647, ssRsrq: 2147483647, ssSinr: 2147483647, csiRsrp: 2147483647, csiRsrq: 2147483647, csiSinr: 2147483647
07-23 19:17:44.223  2516  2760 D OplusSignalSmooth/0: onSignalStrengthResultExt,oldSignalStrength:SignalStrength:{mCdma=CellSignalStrengthCdma: cdmaDbm=2147483647 cdmaEcio=2147483647 evdoDbm=2147483647 evdoEcio=2147483647 evdoSnr=2147483647 level=0,mGsm=CellSignalStrengthGsm: rssi=-77 ber=99 mTa=2147483647 mLevel=4,mWcdma=CellSignalStrengthWcdma: ss=2147483647 ber=2147483647 rscp=2147483647 ecno=2147483647 level=0,mTdscdma=CellSignalStrengthTdscdma: rssi=2147483647 ber=2147483647 rscp=2147483647 level=0,mLte=CellSignalStrengthLte: rssi=2147483647 rsrp=2147483647 rsrq=2147483647 rssnr=2147483647 cqiTableIndex=2147483647 cqi=2147483647 ta=2147483647 level=0 parametersUseForLevel=1,mNr=CellSignalStrengthNr:{ csiRsrp = 2147483647 csiRsrq = 2147483647 csiCqiTableIndex = 2147483647 csiCqiReport = [] ssRsrp = 2147483647 ssRsrq = 2147483647 ssSinr = 2147483647 level = 0 parametersUseForLevel = 1 timingAdvance = 2147483647 },primary=CellSignalStrengthGsm}
07-23 19:17:44.223  2516  2760 D OplusSignalSmooth/0: mOrigSignalStrength:SignalStrength:{mCdma=CellSignalStrengthCdma: cdmaDbm=2147483647 cdmaEcio=2147483647 evdoDbm=2147483647 evdoEcio=2147483647 evdoSnr=2147483647 level=0,mGsm=CellSignalStrengthGsm: rssi=-79 ber=99 mTa=2147483647 mLevel=4,mWcdma=CellSignalStrengthWcdma: ss=2147483647 ber=2147483647 rscp=2147483647 ecno=2147483647 level=0,mTdscdma=CellSignalStrengthTdscdma: rssi=2147483647 ber=2147483647 rscp=2147483647 level=0,mLte=CellSignalStrengthLte: rssi=2147483647 rsrp=2147483647 rsrq=2147483647 rssnr=2147483647 cqiTableIndex=2147483647 cqi=2147483647 ta=2147483647 level=0 parametersUseForLevel=1,mNr=CellSignalStrengthNr:{ csiRsrp = 2147483647 csiRsrq = 2147483647 csiCqiTableIndex = 2147483647 csiCqiReport = [] ssRsrp = 2147483647 ssRsrq = 2147483647 ssSinr = 2147483647 level = 0 parametersUseForLevel = 1 timingAdvance = 2147483647 },primary=CellSignalStrengthGsm}
07-23 19:17:44.223  2516  2760 D OplusSignalSmooth/0: no service fix signal...
07-23 19:17:44.228  2516  2760 D OplusSignalSmooth/0: notifySignalStrength, mSignalStrength: SignalStrength:{mCdma=CellSignalStrengthCdma: cdmaDbm=2147483647 cdmaEcio=2147483647 evdoDbm=2147483647 evdoEcio=2147483647 evdoSnr=2147483647 level=0,mGsm=CellSignalStrengthGsm: rssi=-79 ber=99 mTa=2147483647 mLevel=4,mWcdma=CellSignalStrengthWcdma: ss=2147483647 ber=2147483647 rscp=2147483647 ecno=2147483647 level=0,mTdscdma=CellSignalStrengthTdscdma: rssi=2147483647 ber=2147483647 rscp=2147483647 level=0,mLte=CellSignalStrengthLte: rssi=2147483647 rsrp=2147483647 rsrq=2147483647 rssnr=2147483647 cqiTableIndex=2147483647 cqi=2147483647 ta=2147483647 level=0 parametersUseForLevel=1,mNr=CellSignalStrengthNr:{ csiRsrp = 2147483647 csiRsrq = 2147483647 csiCqiTableIndex = 2147483647 csiCqiReport = [] ssRsrp = 2147483647 ssRsrq = 2147483647 ssSinr = 2147483647 level = 0 parametersUseForLevel = 1 timingAdvance = 2147483647 },primary=CellSignalStrengthGsm}
07-23 19:17:47.709  1708  1738 D RtcMwi  : [0] onHandleRequest: request id 60527 is RFX_MSG_REQUEST_SET_WIFI_SIGNAL_LEVEL
07-23 19:17:47.719  1708  1738 D RtcMwi  : [0] onHandleResponse, handle RFX_MSG_REQUEST_SET_WIFI_SIGNAL_LEVEL
07-23 19:17:48.792  1708  1738 D RtcMwi  : [0] onHandleRequest: request id 60527 is RFX_MSG_REQUEST_SET_WIFI_SIGNAL_LEVEL
07-23 19:17:48.802  1708  1738 D RtcMwi  : [0] onHandleResponse, handle RFX_MSG_REQUEST_SET_WIFI_SIGNAL_LEVEL
07-23 19:17:49.786  1708  1738 D RtcMwi  : [0] onHandleRequest: request id 60527 is RFX_MSG_REQUEST_SET_WIFI_SIGNAL_LEVEL
07-23 19:17:49.799  1708  1738 D RtcMwi  : [0] onHandleResponse, handle RFX_MSG_REQUEST_SET_WIFI_SIGNAL_LEVEL
07-23 19:17:53.635  1708  1741 D RmcNwHdlr: [0] requestSignalStrength:sigRegisted[0000], sigUpdated[0X01]
07-23 19:17:53.635  1708  1741 D RmcNwHdlr: [0] handleSignalStrength, gsm_signal_strength: 19, gsm_bit_error_rate: 99, gsm_timing_advance: 2147483647, cdma_dbm: 2147483647, cdma_ecio: 2147483647, evdo_dbm: 2147483647, evdo_ecio: 2147483647, evdo_snr: 2147483647, lte_signal_strength: 99, lte_rsrp: 2147483647, lte_rsrq: 2147483647, lte_rssnr: 2147483647, lte_cqi: 2147483647, lte_timing_advance: 2147483647, tdscdma_signal_strength: 99, tdscdma_bit_error_rate: 99, tdscdma_rscp: 255, wcdma_signal_strength: 0, wcdma_bit_error_rate: 99, wcdma_scdma_rscp: 5, wcdma_ecno: 12, ssRsrp: 2147483647, ssRsrq: 2147483647, ssSinr: 2147483647, csiRsrp: 2147483647, csiRsrq: 2147483647, csiSinr: 2147483647
07-23 19:17:53.656  2516  2760 D OplusSignalSmooth/0: onSignalStrengthResultExt,oldSignalStrength:SignalStrength:{mCdma=CellSignalStrengthCdma: cdmaDbm=2147483647 cdmaEcio=2147483647 evdoDbm=2147483647 evdoEcio=2147483647 evdoSnr=2147483647 level=0,mGsm=CellSignalStrengthGsm: rssi=-79 ber=99 mTa=2147483647 mLevel=4,mWcdma=CellSignalStrengthWcdma: ss=2147483647 ber=2147483647 rscp=2147483647 ecno=2147483647 level=0,mTdscdma=CellSignalStrengthTdscdma: rssi=2147483647 ber=2147483647 rscp=2147483647 level=0,mLte=CellSignalStrengthLte: rssi=2147483647 rsrp=2147483647 rsrq=2147483647 rssnr=2147483647 cqiTableIndex=2147483647 cqi=2147483647 ta=2147483647 level=0 parametersUseForLevel=1,mNr=CellSignalStrengthNr:{ csiRsrp = 2147483647 csiRsrq = 2147483647 csiCqiTableIndex = 2147483647 csiCqiReport = [] ssRsrp = 2147483647 ssRsrq = 2147483647 ssSinr = 2147483647 level = 0 parametersUseForLevel = 1 timingAdvance = 2147483647 },primary=CellSignalStrengthGsm}
07-23 19:17:53.656  2516  2760 D OplusSignalSmooth/0: mOrigSignalStrength:SignalStrength:{mCdma=CellSignalStrengthCdma: cdmaDbm=2147483647 cdmaEcio=2147483647 evdoDbm=2147483647 evdoEcio=2147483647 evdoSnr=2147483647 level=0,mGsm=CellSignalStrengthGsm: rssi=-75 ber=99 mTa=2147483647 mLevel=4,mWcdma=CellSignalStrengthWcdma: ss=2147483647 ber=2147483647 rscp=2147483647 ecno=2147483647 level=0,mTdscdma=CellSignalStrengthTdscdma: rssi=2147483647 ber=2147483647 rscp=2147483647 level=0,mLte=CellSignalStrengthLte: rssi=2147483647 rsrp=2147483647 rsrq=2147483647 rssnr=2147483647 cqiTableIndex=2147483647 cqi=2147483647 ta=2147483647 level=0 parametersUseForLevel=1,mNr=CellSignalStrengthNr:{ csiRsrp = 2147483647 csiRsrq = 2147483647 csiCqiTableIndex = 2147483647 csiCqiReport = [] ssRsrp = 2147483647 ssRsrq = 2147483647 ssSinr = 2147483647 level = 0 parametersUseForLevel = 1 timingAdvance = 2147483647 },primary=CellSignalStrengthGsm}
07-23 19:17:53.657  2516  2760 D OplusSignalSmooth/0: no service fix signal...
07-23 19:17:53.661  2516  2760 D OplusSignalSmooth/0: notifySignalStrength, mSignalStrength: SignalStrength:{mCdma=CellSignalStrengthCdma: cdmaDbm=2147483647 cdmaEcio=2147483647 evdoDbm=2147483647 evdoEcio=2147483647 evdoSnr=2147483647 level=0,mGsm=CellSignalStrengthGsm: rssi=-75 ber=99 mTa=2147483647 mLevel=4,mWcdma=CellSignalStrengthWcdma: ss=2147483647 ber=2147483647 rscp=2147483647 ecno=2147483647 level=0,mTdscdma=CellSignalStrengthTdscdma: rssi=2147483647 ber=2147483647 rscp=2147483647 level=0,mLte=CellSignalStrengthLte: rssi=2147483647 rsrp=2147483647 rsrq=2147483647 rssnr=2147483647 cqiTableIndex=2147483647 cqi=2147483647 ta=2147483647 level=0 parametersUseForLevel=1,mNr=CellSignalStrengthNr:{ csiRsrp = 2147483647 csiRsrq = 2147483647 csiCqiTableIndex = 2147483647 csiCqiReport = [] ssRsrp = 2147483647 ssRsrq = 2147483647 ssSinr = 2147483647 level = 0 parametersUseForLevel = 1 timingAdvance = 2147483647 },primary=CellSignalStrengthGsm}
07-23 19:17:54.928  1708  1738 D RtcMwi  : [0] onHandleRequest: request id 60527 is RFX_MSG_REQUEST_SET_WIFI_SIGNAL_LEVEL
07-23 19:17:54.937  1708  1738 D RtcMwi  : [0] onHandleResponse, handle RFX_MSG_REQUEST_SET_WIFI_SIGNAL_LEVEL
07-23 19:17:55.842  1708  1738 D RtcMwi  : [0] onHandleRequest: request id 60527 is RFX_MSG_REQUEST_SET_WIFI_SIGNAL_LEVEL
07-23 19:17:55.860  1708  1738 D RtcMwi  : [0] onHandleResponse, handle RFX_MSG_REQUEST_SET_WIFI_SIGNAL_LEVEL
07-23 19:17:57.969  1708  1738 D RtcMwi  : [0] onHandleRequest: request id 60527 is RFX_MSG_REQUEST_SET_WIFI_SIGNAL_LEVEL
07-23 19:17:57.978  1708  1738 D RtcMwi  : [0] onHandleResponse, handle RFX_MSG_REQUEST_SET_WIFI_SIGNAL_LEVEL
07-23 19:18:01.049  1708  1738 D RtcMwi  : [0] onHandleRequest: request id 60527 is RFX_MSG_REQUEST_SET_WIFI_SIGNAL_LEVEL
07-23 19:18:01.057  1708  1738 D RtcMwi  : [0] onHandleResponse, handle RFX_MSG_REQUEST_SET_WIFI_SIGNAL_LEVEL
07-23 19:18:03.050  1708  1741 D RmcNwHdlr: [0] requestSignalStrength:sigRegisted[0000], sigUpdated[0X01]
07-23 19:18:03.050  1708  1741 D RmcNwHdlr: [0] handleSignalStrength, gsm_signal_strength: 18, gsm_bit_error_rate: 99, gsm_timing_advance: 2147483647, cdma_dbm: 2147483647, cdma_ecio: 2147483647, evdo_dbm: 2147483647, evdo_ecio: 2147483647, evdo_snr: 2147483647, lte_signal_strength: 99, lte_rsrp: 2147483647, lte_rsrq: 2147483647, lte_rssnr: 2147483647, lte_cqi: 2147483647, lte_timing_advance: 2147483647, tdscdma_signal_strength: 99, tdscdma_bit_error_rate: 99, tdscdma_rscp: 255, wcdma_signal_strength: 0, wcdma_bit_error_rate: 99, wcdma_scdma_rscp: 5, wcdma_ecno: 12, ssRsrp: 2147483647, ssRsrq: 2147483647, ssSinr: 2147483647, csiRsrp: 2147483647, csiRsrq: 2147483647, csiSinr: 2147483647
07-23 19:18:03.067  2516  2760 D OplusSignalSmooth/0: onSignalStrengthResultExt,oldSignalStrength:SignalStrength:{mCdma=CellSignalStrengthCdma: cdmaDbm=2147483647 cdmaEcio=2147483647 evdoDbm=2147483647 evdoEcio=2147483647 evdoSnr=2147483647 level=0,mGsm=CellSignalStrengthGsm: rssi=-75 ber=99 mTa=2147483647 mLevel=4,mWcdma=CellSignalStrengthWcdma: ss=2147483647 ber=2147483647 rscp=2147483647 ecno=2147483647 level=0,mTdscdma=CellSignalStrengthTdscdma: rssi=2147483647 ber=2147483647 rscp=2147483647 level=0,mLte=CellSignalStrengthLte: rssi=2147483647 rsrp=2147483647 rsrq=2147483647 rssnr=2147483647 cqiTableIndex=2147483647 cqi=2147483647 ta=2147483647 level=0 parametersUseForLevel=1,mNr=CellSignalStrengthNr:{ csiRsrp = 2147483647 csiRsrq = 2147483647 csiCqiTableIndex = 2147483647 csiCqiReport = [] ssRsrp = 2147483647 ssRsrq = 2147483647 ssSinr = 2147483647 level = 0 parametersUseForLevel = 1 timingAdvance = 2147483647 },primary=CellSignalStrengthGsm}
07-23 19:18:03.067  2516  2760 D OplusSignalSmooth/0: mOrigSignalStrength:SignalStrength:{mCdma=CellSignalStrengthCdma: cdmaDbm=2147483647 cdmaEcio=2147483647 evdoDbm=2147483647 evdoEcio=2147483647 evdoSnr=2147483647 level=0,mGsm=CellSignalStrengthGsm: rssi=-77 ber=99 mTa=2147483647 mLevel=4,mWcdma=CellSignalStrengthWcdma: ss=2147483647 ber=2147483647 rscp=2147483647 ecno=2147483647 level=0,mTdscdma=CellSignalStrengthTdscdma: rssi=2147483647 ber=2147483647 rscp=2147483647 level=0,mLte=CellSignalStrengthLte: rssi=2147483647 rsrp=2147483647 rsrq=2147483647 rssnr=2147483647 cqiTableIndex=2147483647 cqi=2147483647 ta=2147483647 level=0 parametersUseForLevel=1,mNr=CellSignalStrengthNr:{ csiRsrp = 2147483647 csiRsrq = 2147483647 csiCqiTableIndex = 2147483647 csiCqiReport = [] ssRsrp = 2147483647 ssRsrq = 2147483647 ssSinr = 2147483647 level = 0 parametersUseForLevel = 1 timingAdvance = 2147483647 },primary=CellSignalStrengthGsm}
07-23 19:18:03.067  2516  2760 D OplusSignalSmooth/0: no service fix signal...
07-23 19:18:03.070  2516  2760 D OplusSignalSmooth/0: notifySignalStrength, mSignalStrength: SignalStrength:{mCdma=CellSignalStrengthCdma: cdmaDbm=2147483647 cdmaEcio=2147483647 evdoDbm=2147483647 evdoEcio=2147483647 evdoSnr=2147483647 level=0,mGsm=CellSignalStrengthGsm: rssi=-77 ber=99 mTa=2147483647 mLevel=4,mWcdma=CellSignalStrengthWcdma: ss=2147483647 ber=2147483647 rscp=2147483647 ecno=2147483647 level=0,mTdscdma=CellSignalStrengthTdscdma: rssi=2147483647 ber=2147483647 rscp=2147483647 level=0,mLte=CellSignalStrengthLte: rssi=2147483647 rsrp=2147483647 rsrq=2147483647 rssnr=2147483647 cqiTableIndex=2147483647 cqi=2147483647 ta=2147483647 level=0 parametersUseForLevel=1,mNr=CellSignalStrengthNr:{ csiRsrp = 2147483647 csiRsrq = 2147483647 csiCqiTableIndex = 2147483647 csiCqiReport = [] ssRsrp = 2147483647 ssRsrq = 2147483647 ssSinr = 2147483647 level = 0 parametersUseForLevel = 1 timingAdvance = 2147483647 },primary=CellSignalStrengthGsm}
07-23 19:18:03.936  1708  1738 D RtcMwi  : [0] onHandleRequest: request id 60527 is RFX_MSG_REQUEST_SET_WIFI_SIGNAL_LEVEL
07-23 19:18:03.953  1708  1738 D RtcMwi  : [0] onHandleResponse, handle RFX_MSG_REQUEST_SET_WIFI_SIGNAL_LEVEL
07-23 19:18:12.026  1708  1738 D RtcMwi  : [0] onHandleRequest: request id 60527 is RFX_MSG_REQUEST_SET_WIFI_SIGNAL_LEVEL
07-23 19:18:12.037  1708  1738 D RtcMwi  : [0] onHandleResponse, handle RFX_MSG_REQUEST_SET_WIFI_SIGNAL_LEVEL
07-23 19:18:13.147  1708  1738 D RtcMwi  : [0] onHandleRequest: request id 60527 is RFX_MSG_REQUEST_SET_WIFI_SIGNAL_LEVEL
07-23 19:18:13.160  1708  1738 D RtcMwi  : [0] onHandleResponse, handle RFX_MSG_REQUEST_SET_WIFI_SIGNAL_LEVEL
07-23 19:18:14.026  1708  1738 D RtcMwi  : [0] onHandleRequest: request id 60527 is RFX_MSG_REQUEST_SET_WIFI_SIGNAL_LEVEL
07-23 19:18:14.038  1708  1738 D RtcMwi  : [0] onHandleResponse, handle RFX_MSG_REQUEST_SET_WIFI_SIGNAL_LEVEL
07-23 19:18:16.165  1708  1738 D RtcMwi  : [0] onHandleRequest: request id 60527 is RFX_MSG_REQUEST_SET_WIFI_SIGNAL_LEVEL
07-23 19:18:16.182  1708  1738 D RtcMwi  : [0] onHandleResponse, handle RFX_MSG_REQUEST_SET_WIFI_SIGNAL_LEVEL
07-23 19:18:21.881  1708  1741 D RmcNwHdlr: [0] requestSignalStrength:sigRegisted[0000], sigUpdated[0X01]
07-23 19:18:21.882  1708  1741 D RmcNwHdlr: [0] handleSignalStrength, gsm_signal_strength: 17, gsm_bit_error_rate: 99, gsm_timing_advance: 2147483647, cdma_dbm: 2147483647, cdma_ecio: 2147483647, evdo_dbm: 2147483647, evdo_ecio: 2147483647, evdo_snr: 2147483647, lte_signal_strength: 99, lte_rsrp: 2147483647, lte_rsrq: 2147483647, lte_rssnr: 2147483647, lte_cqi: 2147483647, lte_timing_advance: 2147483647, tdscdma_signal_strength: 99, tdscdma_bit_error_rate: 99, tdscdma_rscp: 255, wcdma_signal_strength: 0, wcdma_bit_error_rate: 99, wcdma_scdma_rscp: 5, wcdma_ecno: 12, ssRsrp: 2147483647, ssRsrq: 2147483647, ssSinr: 2147483647, csiRsrp: 2147483647, csiRsrq: 2147483647, csiSinr: 2147483647
07-23 19:18:21.894  2516  2760 D OplusSignalSmooth/0: onSignalStrengthResultExt,oldSignalStrength:SignalStrength:{mCdma=CellSignalStrengthCdma: cdmaDbm=2147483647 cdmaEcio=2147483647 evdoDbm=2147483647 evdoEcio=2147483647 evdoSnr=2147483647 level=0,mGsm=CellSignalStrengthGsm: rssi=-77 ber=99 mTa=2147483647 mLevel=4,mWcdma=CellSignalStrengthWcdma: ss=2147483647 ber=2147483647 rscp=2147483647 ecno=2147483647 level=0,mTdscdma=CellSignalStrengthTdscdma: rssi=2147483647 ber=2147483647 rscp=2147483647 level=0,mLte=CellSignalStrengthLte: rssi=2147483647 rsrp=2147483647 rsrq=2147483647 rssnr=2147483647 cqiTableIndex=2147483647 cqi=2147483647 ta=2147483647 level=0 parametersUseForLevel=1,mNr=CellSignalStrengthNr:{ csiRsrp = 2147483647 csiRsrq = 2147483647 csiCqiTableIndex = 2147483647 csiCqiReport = [] ssRsrp = 2147483647 ssRsrq = 2147483647 ssSinr = 2147483647 level = 0 parametersUseForLevel = 1 timingAdvance = 2147483647 },primary=CellSignalStrengthGsm}
07-23 19:18:21.894  2516  2760 D OplusSignalSmooth/0: mOrigSignalStrength:SignalStrength:{mCdma=CellSignalStrengthCdma: cdmaDbm=2147483647 cdmaEcio=2147483647 evdoDbm=2147483647 evdoEcio=2147483647 evdoSnr=2147483647 level=0,mGsm=CellSignalStrengthGsm: rssi=-79 ber=99 mTa=2147483647 mLevel=4,mWcdma=CellSignalStrengthWcdma: ss=2147483647 ber=2147483647 rscp=2147483647 ecno=2147483647 level=0,mTdscdma=CellSignalStrengthTdscdma: rssi=2147483647 ber=2147483647 rscp=2147483647 level=0,mLte=CellSignalStrengthLte: rssi=2147483647 rsrp=2147483647 rsrq=2147483647 rssnr=2147483647 cqiTableIndex=2147483647 cqi=2147483647 ta=2147483647 level=0 parametersUseForLevel=1,mNr=CellSignalStrengthNr:{ csiRsrp = 2147483647 csiRsrq = 2147483647 csiCqiTableIndex = 2147483647 csiCqiReport = [] ssRsrp = 2147483647 ssRsrq = 2147483647 ssSinr = 2147483647 level = 0 parametersUseForLevel = 1 timingAdvance = 2147483647 },primary=CellSignalStrengthGsm}
