07-23 07:53:00.174  1708  1741 D RmcNwHdlr: [0] handleSignalStrength, gsm_signal_strength: 20, gsm_bit_error_rate: 99, gsm_timing_advance: 2147483647, cdma_dbm: 2147483647, cdma_ecio: 2147483647, evdo_dbm: 2147483647, evdo_ecio: 2147483647, evdo_snr: 2147483647, lte_signal_strength: 99, lte_rsrp: 2147483647, lte_rsrq: 2147483647, lte_rssnr: 2147483647, lte_cqi: 2147483647, lte_timing_advance: 2147483647, tdscdma_signal_strength: 99, tdscdma_bit_error_rate: 99, tdscdma_rscp: 255, wcdma_signal_strength: 0, wcdma_bit_error_rate: 99, wcdma_scdma_rscp: 5, wcdma_ecno: 12, ssRsrp: 2147483647, ssRsrq: 2147483647, ssSinr: 2147483647, csiRsrp: 2147483647, csiRsrq: 2147483647, csiSinr: 2147483647
07-23 07:53:00.187  2516  2760 D OplusSignalSmooth/0: onSignalStrengthResultExt,oldSignalStrength:SignalStrength:{mCdma=CellSignalStrengthCdma: cdmaDbm=2147483647 cdmaEcio=2147483647 evdoDbm=2147483647 evdoEcio=2147483647 evdoSnr=2147483647 level=0,mGsm=CellSignalStrengthGsm: rssi=-71 ber=99 mTa=2147483647 mLevel=4,mWcdma=CellSignalStrengthWcdma: ss=2147483647 ber=2147483647 rscp=2147483647 ecno=2147483647 level=0,mTdscdma=CellSignalStrengthTdscdma: rssi=2147483647 ber=2147483647 rscp=2147483647 level=0,mLte=CellSignalStrengthLte: rssi=2147483647 rsrp=2147483647 rsrq=2147483647 rssnr=2147483647 cqiTableIndex=2147483647 cqi=2147483647 ta=2147483647 level=0 parametersUseForLevel=1,mNr=CellSignalStrengthNr:{ csiRsrp = 2147483647 csiRsrq = 2147483647 csiCqiTableIndex = 2147483647 csiCqiReport = [] ssRsrp = 2147483647 ssRsrq = 2147483647 ssSinr = 2147483647 level = 0 parametersUseForLevel = 1 timingAdvance = 2147483647 },primary=CellSignalStrengthGsm}
07-23 07:53:00.187  2516  2760 D OplusSignalSmooth/0: mOrigSignalStrength:SignalStrength:{mCdma=CellSignalStrengthCdma: cdmaDbm=2147483647 cdmaEcio=2147483647 evdoDbm=2147483647 evdoEcio=2147483647 evdoSnr=2147483647 level=0,mGsm=CellSignalStrengthGsm: rssi=-73 ber=99 mTa=2147483647 mLevel=4,mWcdma=CellSignalStrengthWcdma: ss=2147483647 ber=2147483647 rscp=2147483647 ecno=2147483647 level=0,mTdscdma=CellSignalStrengthTdscdma: rssi=2147483647 ber=2147483647 rscp=2147483647 level=0,mLte=CellSignalStrengthLte: rssi=2147483647 rsrp=2147483647 rsrq=2147483647 rssnr=2147483647 cqiTableIndex=2147483647 cqi=2147483647 ta=2147483647 level=0 parametersUseForLevel=1,mNr=CellSignalStrengthNr:{ csiRsrp = 2147483647 csiRsrq = 2147483647 csiCqiTableIndex = 2147483647 csiCqiReport = [] ssRsrp = 2147483647 ssRsrq = 2147483647 ssSinr = 2147483647 level = 0 parametersUseForLevel = 1 timingAdvance = 2147483647 },primary=CellSignalStrengthGsm}
07-23 07:53:00.187  2516  2760 D OplusSignalSmooth/0: no service fix signal...
07-23 07:53:00.191  2516  2760 D OplusSignalSmooth/0: notifySignalStrength, mSignalStrength: SignalStrength:{mCdma=CellSignalStrengthCdma: cdmaDbm=2147483647 cdmaEcio=2147483647 evdoDbm=2147483647 evdoEcio=2147483647 evdoSnr=2147483647 level=0,mGsm=CellSignalStrengthGsm: rssi=-73 ber=99 mTa=2147483647 mLevel=4,mWcdma=CellSignalStrengthWcdma: ss=2147483647 ber=2147483647 rscp=2147483647 ecno=2147483647 level=0,mTdscdma=CellSignalStrengthTdscdma: rssi=2147483647 ber=2147483647 rscp=2147483647 level=0,mLte=CellSignalStrengthLte: rssi=2147483647 rsrp=2147483647 rsrq=2147483647 rssnr=2147483647 cqiTableIndex=2147483647 cqi=2147483647 ta=2147483647 level=0 parametersUseForLevel=1,mNr=CellSignalStrengthNr:{ csiRsrp = 2147483647 csiRsrq = 2147483647 csiCqiTableIndex = 2147483647 csiCqiReport = [] ssRsrp = 2147483647 ssRsrq = 2147483647 ssSinr = 2147483647 level = 0 parametersUseForLevel = 1 timingAdvance = 2147483647 },primary=CellSignalStrengthGsm}
07-23 07:53:06.294  2516  2745 D RILJ    : [0623]< GET_CELL_INFO_LIST [CellInfoGsm:{mRegistered=NO mTimeStamp=57982524543456ns mCellConnectionStatus=0 CellIdentityGsm:{ mLac=25505 mCid=46078 mArfcn=672 mBsic=0xd mMcc=404 mMnc=94 mAlphaLong=IND airtel mAlphaShort=airtel mAdditionalPlmns={}} CellSignalStrengthGsm: rssi=-71 ber=99 mTa=2147483647 mLevel=4}, CellInfoGsm:{mRegistered=NO mTimeStamp=57982524543456ns mCellConnectionStatus=0 CellIdentityGsm:{ mLac=25505 mCid=46077 mArfcn=767 mBsic=0xe mMcc=404 mMnc=94 mAlphaLong=IND airtel mAlphaShort=airtel mAdditionalPlmns={}} CellSignalStrengthGsm: rssi=-79 ber=99 mTa=2147483647 mLevel=4}, CellInfoGsm:{mRegistered=NO mTimeStamp=57982524543456ns mCellConnectionStatus=0 CellIdentityGsm:{ mLac=22482 mCid=59611 mArfcn=768 mBsic=0x34 mMcc=404 mMnc=94 mAlphaLong=IND airtel mAlphaShort=airtel mAdditionalPlmns={}} CellSignalStrengthGsm: rssi=-91 ber=99 mTa=2147483647 mLevel=3}] [PHONE0]
07-23 07:53:06.306  2516  2516 D SST     : [0] cellinfo = CellInfoGsm:{mRegistered=NO mTimeStamp=57982524543456ns mCellConnectionStatus=0 CellIdentityGsm:{ mLac=25505 mCid=46078 mArfcn=672 mBsic=0xd mMcc=404 mMnc=94 mAlphaLong=IND airtel mAlphaShort=airtel mAdditionalPlmns={}} CellSignalStrengthGsm: rssi=-71 ber=99 mTa=2147483647 mLevel=4}
07-23 07:53:06.307  2516  2516 D SST     : [0] cellinfo = CellInfoGsm:{mRegistered=NO mTimeStamp=57982524543456ns mCellConnectionStatus=0 CellIdentityGsm:{ mLac=25505 mCid=46077 mArfcn=767 mBsic=0xe mMcc=404 mMnc=94 mAlphaLong=IND airtel mAlphaShort=airtel mAdditionalPlmns={}} CellSignalStrengthGsm: rssi=-79 ber=99 mTa=2147483647 mLevel=4}
07-23 07:53:06.307  2516  2516 D SST     : [0] cellinfo = CellInfoGsm:{mRegistered=NO mTimeStamp=57982524543456ns mCellConnectionStatus=0 CellIdentityGsm:{ mLac=22482 mCid=59611 mArfcn=768 mBsic=0x34 mMcc=404 mMnc=94 mAlphaLong=IND airtel mAlphaShort=airtel mAdditionalPlmns={}} CellSignalStrengthGsm: rssi=-91 ber=99 mTa=2147483647 mLevel=3}
07-23 07:53:06.310  2516  2516 D LocaleTracker-0: processCellInfo: cell info=[CellInfoGsm:{mRegistered=NO mTimeStamp=57982524543456ns mCellConnectionStatus=0 CellIdentityGsm:{ mLac=25505 mCid=46078 mArfcn=672 mBsic=0xd mMcc=404 mMnc=94 mAlphaLong=IND airtel mAlphaShort=airtel mAdditionalPlmns={}} CellSignalStrengthGsm: rssi=-71 ber=99 mTa=2147483647 mLevel=4}, CellInfoGsm:{mRegistered=NO mTimeStamp=57982524543456ns mCellConnectionStatus=0 CellIdentityGsm:{ mLac=25505 mCid=46077 mArfcn=767 mBsic=0xe mMcc=404 mMnc=94 mAlphaLong=IND airtel mAlphaShort=airtel mAdditionalPlmns={}} CellSignalStrengthGsm: rssi=-79 ber=99 mTa=2147483647 mLevel=4}, CellInfoGsm:{mRegistered=NO mTimeStamp=57982524543456ns mCellConnectionStatus=0 CellIdentityGsm:{ mLac=22482 mCid=59611 mArfcn=768 mBsic=0x34 mMcc=404 mMnc=94 mAlphaLong=IND airtel mAlphaShort=airtel mAdditionalPlmns={}} CellSignalStrengthGsm: rssi=-91 ber=99 mTa=2147483647 mLevel=3}]
07-23 07:53:06.315  2516  2516 D NitzStateMachineImpl: handleCountryDetected: countryIsoCode=in, mLatestNitzSignal=null
07-23 07:53:09.591  1708  1741 D RmcNwHdlr: [0] requestSignalStrength:sigRegisted[0000], sigUpdated[0X01]
07-23 07:53:09.591  1708  1741 D RmcNwHdlr: [0] handleSignalStrength, gsm_signal_strength: 21, gsm_bit_error_rate: 99, gsm_timing_advance: 2147483647, cdma_dbm: 2147483647, cdma_ecio: 2147483647, evdo_dbm: 2147483647, evdo_ecio: 2147483647, evdo_snr: 2147483647, lte_signal_strength: 99, lte_rsrp: 2147483647, lte_rsrq: 2147483647, lte_rssnr: 2147483647, lte_cqi: 2147483647, lte_timing_advance: 2147483647, tdscdma_signal_strength: 99, tdscdma_bit_error_rate: 99, tdscdma_rscp: 255, wcdma_signal_strength: 0, wcdma_bit_error_rate: 99, wcdma_scdma_rscp: 5, wcdma_ecno: 12, ssRsrp: 2147483647, ssRsrq: 2147483647, ssSinr: 2147483647, csiRsrp: 2147483647, csiRsrq: 2147483647, csiSinr: 2147483647
07-23 07:53:09.606  2516  2760 D OplusSignalSmooth/0: onSignalStrengthResultExt,oldSignalStrength:SignalStrength:{mCdma=CellSignalStrengthCdma: cdmaDbm=2147483647 cdmaEcio=2147483647 evdoDbm=2147483647 evdoEcio=2147483647 evdoSnr=2147483647 level=0,mGsm=CellSignalStrengthGsm: rssi=-73 ber=99 mTa=2147483647 mLevel=4,mWcdma=CellSignalStrengthWcdma: ss=2147483647 ber=2147483647 rscp=2147483647 ecno=2147483647 level=0,mTdscdma=CellSignalStrengthTdscdma: rssi=2147483647 ber=2147483647 rscp=2147483647 level=0,mLte=CellSignalStrengthLte: rssi=2147483647 rsrp=2147483647 rsrq=2147483647 rssnr=2147483647 cqiTableIndex=2147483647 cqi=2147483647 ta=2147483647 level=0 parametersUseForLevel=1,mNr=CellSignalStrengthNr:{ csiRsrp = 2147483647 csiRsrq = 2147483647 csiCqiTableIndex = 2147483647 csiCqiReport = [] ssRsrp = 2147483647 ssRsrq = 2147483647 ssSinr = 2147483647 level = 0 parametersUseForLevel = 1 timingAdvance = 2147483647 },primary=CellSignalStrengthGsm}
07-23 07:53:09.607  2516  2760 D OplusSignalSmooth/0: mOrigSignalStrength:SignalStrength:{mCdma=CellSignalStrengthCdma: cdmaDbm=2147483647 cdmaEcio=2147483647 evdoDbm=2147483647 evdoEcio=2147483647 evdoSnr=2147483647 level=0,mGsm=CellSignalStrengthGsm: rssi=-71 ber=99 mTa=2147483647 mLevel=4,mWcdma=CellSignalStrengthWcdma: ss=2147483647 ber=2147483647 rscp=2147483647 ecno=2147483647 level=0,mTdscdma=CellSignalStrengthTdscdma: rssi=2147483647 ber=2147483647 rscp=2147483647 level=0,mLte=CellSignalStrengthLte: rssi=2147483647 rsrp=2147483647 rsrq=2147483647 rssnr=2147483647 cqiTableIndex=2147483647 cqi=2147483647 ta=2147483647 level=0 parametersUseForLevel=1,mNr=CellSignalStrengthNr:{ csiRsrp = 2147483647 csiRsrq = 2147483647 csiCqiTableIndex = 2147483647 csiCqiReport = [] ssRsrp = 2147483647 ssRsrq = 2147483647 ssSinr = 2147483647 level = 0 parametersUseForLevel = 1 timingAdvance = 2147483647 },primary=CellSignalStrengthGsm}
07-23 07:53:09.607  2516  2760 D OplusSignalSmooth/0: no service fix signal...
07-23 07:53:09.612  2516  2760 D OplusSignalSmooth/0: notifySignalStrength, mSignalStrength: SignalStrength:{mCdma=CellSignalStrengthCdma: cdmaDbm=2147483647 cdmaEcio=2147483647 evdoDbm=2147483647 evdoEcio=2147483647 evdoSnr=2147483647 level=0,mGsm=CellSignalStrengthGsm: rssi=-71 ber=99 mTa=2147483647 mLevel=4,mWcdma=CellSignalStrengthWcdma: ss=2147483647 ber=2147483647 rscp=2147483647 ecno=2147483647 level=0,mTdscdma=CellSignalStrengthTdscdma: rssi=2147483647 ber=2147483647 rscp=2147483647 level=0,mLte=CellSignalStrengthLte: rssi=2147483647 rsrp=2147483647 rsrq=2147483647 rssnr=2147483647 cqiTableIndex=2147483647 cqi=2147483647 ta=2147483647 level=0 parametersUseForLevel=1,mNr=CellSignalStrengthNr:{ csiRsrp = 2147483647 csiRsrq = 2147483647 csiCqiTableIndex = 2147483647 csiCqiReport = [] ssRsrp = 2147483647 ssRsrq = 2147483647 ssSinr = 2147483647 level = 0 parametersUseForLevel = 1 timingAdvance = 2147483647 },primary=CellSignalStrengthGsm}
07-23 07:53:19.002  1708  1741 D RmcNwHdlr: [0] requestSignalStrength:sigRegisted[0000], sigUpdated[0X01]
07-23 07:53:19.002  1708  1741 D RmcNwHdlr: [0] handleSignalStrength, gsm_signal_strength: 19, gsm_bit_error_rate: 99, gsm_timing_advance: 2147483647, cdma_dbm: 2147483647, cdma_ecio: 2147483647, evdo_dbm: 2147483647, evdo_ecio: 2147483647, evdo_snr: 2147483647, lte_signal_strength: 99, lte_rsrp: 2147483647, lte_rsrq: 2147483647, lte_rssnr: 2147483647, lte_cqi: 2147483647, lte_timing_advance: 2147483647, tdscdma_signal_strength: 99, tdscdma_bit_error_rate: 99, tdscdma_rscp: 255, wcdma_signal_strength: 0, wcdma_bit_error_rate: 99, wcdma_scdma_rscp: 5, wcdma_ecno: 12, ssRsrp: 2147483647, ssRsrq: 2147483647, ssSinr: 2147483647, csiRsrp: 2147483647, csiRsrq: 2147483647, csiSinr: 2147483647
07-23 07:53:19.011  2516  2760 D OplusSignalSmooth/0: onSignalStrengthResultExt,oldSignalStrength:SignalStrength:{mCdma=CellSignalStrengthCdma: cdmaDbm=2147483647 cdmaEcio=2147483647 evdoDbm=2147483647 evdoEcio=2147483647 evdoSnr=2147483647 level=0,mGsm=CellSignalStrengthGsm: rssi=-71 ber=99 mTa=2147483647 mLevel=4,mWcdma=CellSignalStrengthWcdma: ss=2147483647 ber=2147483647 rscp=2147483647 ecno=2147483647 level=0,mTdscdma=CellSignalStrengthTdscdma: rssi=2147483647 ber=2147483647 rscp=2147483647 level=0,mLte=CellSignalStrengthLte: rssi=2147483647 rsrp=2147483647 rsrq=2147483647 rssnr=2147483647 cqiTableIndex=2147483647 cqi=2147483647 ta=2147483647 level=0 parametersUseForLevel=1,mNr=CellSignalStrengthNr:{ csiRsrp = 2147483647 csiRsrq = 2147483647 csiCqiTableIndex = 2147483647 csiCqiReport = [] ssRsrp = 2147483647 ssRsrq = 2147483647 ssSinr = 2147483647 level = 0 parametersUseForLevel = 1 timingAdvance = 2147483647 },primary=CellSignalStrengthGsm}
07-23 07:53:19.011  2516  2760 D OplusSignalSmooth/0: mOrigSignalStrength:SignalStrength:{mCdma=CellSignalStrengthCdma: cdmaDbm=2147483647 cdmaEcio=2147483647 evdoDbm=2147483647 evdoEcio=2147483647 evdoSnr=2147483647 level=0,mGsm=CellSignalStrengthGsm: rssi=-75 ber=99 mTa=2147483647 mLevel=4,mWcdma=CellSignalStrengthWcdma: ss=2147483647 ber=2147483647 rscp=2147483647 ecno=2147483647 level=0,mTdscdma=CellSignalStrengthTdscdma: rssi=2147483647 ber=2147483647 rscp=2147483647 level=0,mLte=CellSignalStrengthLte: rssi=2147483647 rsrp=2147483647 rsrq=2147483647 rssnr=2147483647 cqiTableIndex=2147483647 cqi=2147483647 ta=2147483647 level=0 parametersUseForLevel=1,mNr=CellSignalStrengthNr:{ csiRsrp = 2147483647 csiRsrq = 2147483647 csiCqiTableIndex = 2147483647 csiCqiReport = [] ssRsrp = 2147483647 ssRsrq = 2147483647 ssSinr = 2147483647 level = 0 parametersUseForLevel = 1 timingAdvance = 2147483647 },primary=CellSignalStrengthGsm}
07-23 07:53:19.011  2516  2760 D OplusSignalSmooth/0: no service fix signal...
07-23 07:53:19.014  2516  2760 D OplusSignalSmooth/0: notifySignalStrength, mSignalStrength: SignalStrength:{mCdma=CellSignalStrengthCdma: cdmaDbm=2147483647 cdmaEcio=2147483647 evdoDbm=2147483647 evdoEcio=2147483647 evdoSnr=2147483647 level=0,mGsm=CellSignalStrengthGsm: rssi=-75 ber=99 mTa=2147483647 mLevel=4,mWcdma=CellSignalStrengthWcdma: ss=2147483647 ber=2147483647 rscp=2147483647 ecno=2147483647 level=0,mTdscdma=CellSignalStrengthTdscdma: rssi=2147483647 ber=2147483647 rscp=2147483647 level=0,mLte=CellSignalStrengthLte: rssi=2147483647 rsrp=2147483647 rsrq=2147483647 rssnr=2147483647 cqiTableIndex=2147483647 cqi=2147483647 ta=2147483647 level=0 parametersUseForLevel=1,mNr=CellSignalStrengthNr:{ csiRsrp = 2147483647 csiRsrq = 2147483647 csiCqiTableIndex = 2147483647 csiCqiReport = [] ssRsrp = 2147483647 ssRsrq = 2147483647 ssSinr = 2147483647 level = 0 parametersUseForLevel = 1 timingAdvance = 2147483647 },primary=CellSignalStrengthGsm}
07-23 07:53:28.421  1708  1741 D RmcNwHdlr: [0] requestSignalStrength:sigRegisted[0000], sigUpdated[0X01]
07-23 07:53:28.421  1708  1741 D RmcNwHdlr: [0] handleSignalStrength, gsm_signal_strength: 20, gsm_bit_error_rate: 99, gsm_timing_advance: 2147483647, cdma_dbm: 2147483647, cdma_ecio: 2147483647, evdo_dbm: 2147483647, evdo_ecio: 2147483647, evdo_snr: 2147483647, lte_signal_strength: 99, lte_rsrp: 2147483647, lte_rsrq: 2147483647, lte_rssnr: 2147483647, lte_cqi: 2147483647, lte_timing_advance: 2147483647, tdscdma_signal_strength: 99, tdscdma_bit_error_rate: 99, tdscdma_rscp: 255, wcdma_signal_strength: 0, wcdma_bit_error_rate: 99, wcdma_scdma_rscp: 5, wcdma_ecno: 12, ssRsrp: 2147483647, ssRsrq: 2147483647, ssSinr: 2147483647, csiRsrp: 2147483647, csiRsrq: 2147483647, csiSinr: 2147483647
07-23 07:53:28.436  2516  2760 D OplusSignalSmooth/0: onSignalStrengthResultExt,oldSignalStrength:SignalStrength:{mCdma=CellSignalStrengthCdma: cdmaDbm=2147483647 cdmaEcio=2147483647 evdoDbm=2147483647 evdoEcio=2147483647 evdoSnr=2147483647 level=0,mGsm=CellSignalStrengthGsm: rssi=-75 ber=99 mTa=2147483647 mLevel=4,mWcdma=CellSignalStrengthWcdma: ss=2147483647 ber=2147483647 rscp=2147483647 ecno=2147483647 level=0,mTdscdma=CellSignalStrengthTdscdma: rssi=2147483647 ber=2147483647 rscp=2147483647 level=0,mLte=CellSignalStrengthLte: rssi=2147483647 rsrp=2147483647 rsrq=2147483647 rssnr=2147483647 cqiTableIndex=2147483647 cqi=2147483647 ta=2147483647 level=0 parametersUseForLevel=1,mNr=CellSignalStrengthNr:{ csiRsrp = 2147483647 csiRsrq = 2147483647 csiCqiTableIndex = 2147483647 csiCqiReport = [] ssRsrp = 2147483647 ssRsrq = 2147483647 ssSinr = 2147483647 level = 0 parametersUseForLevel = 1 timingAdvance = 2147483647 },primary=CellSignalStrengthGsm}
07-23 07:53:28.437  2516  2760 D OplusSignalSmooth/0: mOrigSignalStrength:SignalStrength:{mCdma=CellSignalStrengthCdma: cdmaDbm=2147483647 cdmaEcio=2147483647 evdoDbm=2147483647 evdoEcio=2147483647 evdoSnr=2147483647 level=0,mGsm=CellSignalStrengthGsm: rssi=-73 ber=99 mTa=2147483647 mLevel=4,mWcdma=CellSignalStrengthWcdma: ss=2147483647 ber=2147483647 rscp=2147483647 ecno=2147483647 level=0,mTdscdma=CellSignalStrengthTdscdma: rssi=2147483647 ber=2147483647 rscp=2147483647 level=0,mLte=CellSignalStrengthLte: rssi=2147483647 rsrp=2147483647 rsrq=2147483647 rssnr=2147483647 cqiTableIndex=2147483647 cqi=2147483647 ta=2147483647 level=0 parametersUseForLevel=1,mNr=CellSignalStrengthNr:{ csiRsrp = 2147483647 csiRsrq = 2147483647 csiCqiTableIndex = 2147483647 csiCqiReport = [] ssRsrp = 2147483647 ssRsrq = 2147483647 ssSinr = 2147483647 level = 0 parametersUseForLevel = 1 timingAdvance = 2147483647 },primary=CellSignalStrengthGsm}
07-23 07:53:28.437  2516  2760 D OplusSignalSmooth/0: no service fix signal...
07-23 07:53:28.445  2516  2760 D OplusSignalSmooth/0: notifySignalStrength, mSignalStrength: SignalStrength:{mCdma=CellSignalStrengthCdma: cdmaDbm=2147483647 cdmaEcio=2147483647 evdoDbm=2147483647 evdoEcio=2147483647 evdoSnr=2147483647 level=0,mGsm=CellSignalStrengthGsm: rssi=-73 ber=99 mTa=2147483647 mLevel=4,mWcdma=CellSignalStrengthWcdma: ss=2147483647 ber=2147483647 rscp=2147483647 ecno=2147483647 level=0,mTdscdma=CellSignalStrengthTdscdma: rssi=2147483647 ber=2147483647 rscp=2147483647 level=0,mLte=CellSignalStrengthLte: rssi=2147483647 rsrp=2147483647 rsrq=2147483647 rssnr=2147483647 cqiTableIndex=2147483647 cqi=2147483647 ta=2147483647 level=0 parametersUseForLevel=1,mNr=CellSignalStrengthNr:{ csiRsrp = 2147483647 csiRsrq = 2147483647 csiCqiTableIndex = 2147483647 csiCqiReport = [] ssRsrp = 2147483647 ssRsrq = 2147483647 ssSinr = 2147483647 level = 0 parametersUseForLevel = 1 timingAdvance = 2147483647 },primary=CellSignalStrengthGsm}
07-23 07:53:47.249  1708  1741 D RmcNwHdlr: [0] requestSignalStrength:sigRegisted[0000], sigUpdated[0X01]
07-23 07:53:47.249  1708  1741 D RmcNwHdlr: [0] handleSignalStrength, gsm_signal_strength: 22, gsm_bit_error_rate: 99, gsm_timing_advance: 2147483647, cdma_dbm: 2147483647, cdma_ecio: 2147483647, evdo_dbm: 2147483647, evdo_ecio: 2147483647, evdo_snr: 2147483647, lte_signal_strength: 99, lte_rsrp: 2147483647, lte_rsrq: 2147483647, lte_rssnr: 2147483647, lte_cqi: 2147483647, lte_timing_advance: 2147483647, tdscdma_signal_strength: 99, tdscdma_bit_error_rate: 99, tdscdma_rscp: 255, wcdma_signal_strength: 0, wcdma_bit_error_rate: 99, wcdma_scdma_rscp: 5, wcdma_ecno: 12, ssRsrp: 2147483647, ssRsrq: 2147483647, ssSinr: 2147483647, csiRsrp: 2147483647, csiRsrq: 2147483647, csiSinr: 2147483647
07-23 07:53:47.257  2516  2760 D OplusSignalSmooth/0: onSignalStrengthResultExt,oldSignalStrength:SignalStrength:{mCdma=CellSignalStrengthCdma: cdmaDbm=2147483647 cdmaEcio=2147483647 evdoDbm=2147483647 evdoEcio=2147483647 evdoSnr=2147483647 level=0,mGsm=CellSignalStrengthGsm: rssi=-73 ber=99 mTa=2147483647 mLevel=4,mWcdma=CellSignalStrengthWcdma: ss=2147483647 ber=2147483647 rscp=2147483647 ecno=2147483647 level=0,mTdscdma=CellSignalStrengthTdscdma: rssi=2147483647 ber=2147483647 rscp=2147483647 level=0,mLte=CellSignalStrengthLte: rssi=2147483647 rsrp=2147483647 rsrq=2147483647 rssnr=2147483647 cqiTableIndex=2147483647 cqi=2147483647 ta=2147483647 level=0 parametersUseForLevel=1,mNr=CellSignalStrengthNr:{ csiRsrp = 2147483647 csiRsrq = 2147483647 csiCqiTableIndex = 2147483647 csiCqiReport = [] ssRsrp = 2147483647 ssRsrq = 2147483647 ssSinr = 2147483647 level = 0 parametersUseForLevel = 1 timingAdvance = 2147483647 },primary=CellSignalStrengthGsm}
07-23 07:53:47.257  2516  2760 D OplusSignalSmooth/0: mOrigSignalStrength:SignalStrength:{mCdma=CellSignalStrengthCdma: cdmaDbm=2147483647 cdmaEcio=2147483647 evdoDbm=2147483647 evdoEcio=2147483647 evdoSnr=2147483647 level=0,mGsm=CellSignalStrengthGsm: rssi=-69 ber=99 mTa=2147483647 mLevel=4,mWcdma=CellSignalStrengthWcdma: ss=2147483647 ber=2147483647 rscp=2147483647 ecno=2147483647 level=0,mTdscdma=CellSignalStrengthTdscdma: rssi=2147483647 ber=2147483647 rscp=2147483647 level=0,mLte=CellSignalStrengthLte: rssi=2147483647 rsrp=2147483647 rsrq=2147483647 rssnr=2147483647 cqiTableIndex=2147483647 cqi=2147483647 ta=2147483647 level=0 parametersUseForLevel=1,mNr=CellSignalStrengthNr:{ csiRsrp = 2147483647 csiRsrq = 2147483647 csiCqiTableIndex = 2147483647 csiCqiReport = [] ssRsrp = 2147483647 ssRsrq = 2147483647 ssSinr = 2147483647 level = 0 parametersUseForLevel = 1 timingAdvance = 2147483647 },primary=CellSignalStrengthGsm}
07-23 07:53:47.257  2516  2760 D OplusSignalSmooth/0: no service fix signal...
07-23 07:53:47.260  2516  2760 D OplusSignalSmooth/0: notifySignalStrength, mSignalStrength: SignalStrength:{mCdma=CellSignalStrengthCdma: cdmaDbm=2147483647 cdmaEcio=2147483647 evdoDbm=2147483647 evdoEcio=2147483647 evdoSnr=2147483647 level=0,mGsm=CellSignalStrengthGsm: rssi=-69 ber=99 mTa=2147483647 mLevel=4,mWcdma=CellSignalStrengthWcdma: ss=2147483647 ber=2147483647 rscp=2147483647 ecno=2147483647 level=0,mTdscdma=CellSignalStrengthTdscdma: rssi=2147483647 ber=2147483647 rscp=2147483647 level=0,mLte=CellSignalStrengthLte: rssi=2147483647 rsrp=2147483647 rsrq=2147483647 rssnr=2147483647 cqiTableIndex=2147483647 cqi=2147483647 ta=2147483647 level=0 parametersUseForLevel=1,mNr=CellSignalStrengthNr:{ csiRsrp = 2147483647 csiRsrq = 2147483647 csiCqiTableIndex = 2147483647 csiCqiReport = [] ssRsrp = 2147483647 ssRsrq = 2147483647 ssSinr = 2147483647 level = 0 parametersUseForLevel = 1 timingAdvance = 2147483647 },primary=CellSignalStrengthGsm}
07-23 07:54:06.083  1708  1741 D RmcNwHdlr: [0] requestSignalStrength:sigRegisted[0000], sigUpdated[0X01]
07-23 07:54:06.084  1708  1741 D RmcNwHdlr: [0] handleSignalStrength, gsm_signal_strength: 20, gsm_bit_error_rate: 99, gsm_timing_advance: 2147483647, cdma_dbm: 2147483647, cdma_ecio: 2147483647, evdo_dbm: 2147483647, evdo_ecio: 2147483647, evdo_snr: 2147483647, lte_signal_strength: 99, lte_rsrp: 2147483647, lte_rsrq: 2147483647, lte_rssnr: 2147483647, lte_cqi: 2147483647, lte_timing_advance: 2147483647, tdscdma_signal_strength: 99, tdscdma_bit_error_rate: 99, tdscdma_rscp: 255, wcdma_signal_strength: 0, wcdma_bit_error_rate: 99, wcdma_scdma_rscp: 5, wcdma_ecno: 12, ssRsrp: 2147483647, ssRsrq: 2147483647, ssSinr: 2147483647, csiRsrp: 2147483647, csiRsrq: 2147483647, csiSinr: 2147483647
07-23 07:54:06.100  2516  2760 D OplusSignalSmooth/0: onSignalStrengthResultExt,oldSignalStrength:SignalStrength:{mCdma=CellSignalStrengthCdma: cdmaDbm=2147483647 cdmaEcio=2147483647 evdoDbm=2147483647 evdoEcio=2147483647 evdoSnr=2147483647 level=0,mGsm=CellSignalStrengthGsm: rssi=-69 ber=99 mTa=2147483647 mLevel=4,mWcdma=CellSignalStrengthWcdma: ss=2147483647 ber=2147483647 rscp=2147483647 ecno=2147483647 level=0,mTdscdma=CellSignalStrengthTdscdma: rssi=2147483647 ber=2147483647 rscp=2147483647 level=0,mLte=CellSignalStrengthLte: rssi=2147483647 rsrp=2147483647 rsrq=2147483647 rssnr=2147483647 cqiTableIndex=2147483647 cqi=2147483647 ta=2147483647 level=0 parametersUseForLevel=1,mNr=CellSignalStrengthNr:{ csiRsrp = 2147483647 csiRsrq = 2147483647 csiCqiTableIndex = 2147483647 csiCqiReport = [] ssRsrp = 2147483647 ssRsrq = 2147483647 ssSinr = 2147483647 level = 0 parametersUseForLevel = 1 timingAdvance = 2147483647 },primary=CellSignalStrengthGsm}
07-23 07:54:06.101  2516  2760 D OplusSignalSmooth/0: mOrigSignalStrength:SignalStrength:{mCdma=CellSignalStrengthCdma: cdmaDbm=2147483647 cdmaEcio=2147483647 evdoDbm=2147483647 evdoEcio=2147483647 evdoSnr=2147483647 level=0,mGsm=CellSignalStrengthGsm: rssi=-73 ber=99 mTa=2147483647 mLevel=4,mWcdma=CellSignalStrengthWcdma: ss=2147483647 ber=2147483647 rscp=2147483647 ecno=2147483647 level=0,mTdscdma=CellSignalStrengthTdscdma: rssi=2147483647 ber=2147483647 rscp=2147483647 level=0,mLte=CellSignalStrengthLte: rssi=2147483647 rsrp=2147483647 rsrq=2147483647 rssnr=2147483647 cqiTableIndex=2147483647 cqi=2147483647 ta=2147483647 level=0 parametersUseForLevel=1,mNr=CellSignalStrengthNr:{ csiRsrp = 2147483647 csiRsrq = 2147483647 csiCqiTableIndex = 2147483647 csiCqiReport = [] ssRsrp = 2147483647 ssRsrq = 2147483647 ssSinr = 2147483647 level = 0 parametersUseForLevel = 1 timingAdvance = 2147483647 },primary=CellSignalStrengthGsm}
07-23 07:54:06.101  2516  2760 D OplusSignalSmooth/0: no service fix signal...
07-23 07:54:06.105  2516  2760 D OplusSignalSmooth/0: notifySignalStrength, mSignalStrength: SignalStrength:{mCdma=CellSignalStrengthCdma: cdmaDbm=2147483647 cdmaEcio=2147483647 evdoDbm=2147483647 evdoEcio=2147483647 evdoSnr=2147483647 level=0,mGsm=CellSignalStrengthGsm: rssi=-73 ber=99 mTa=2147483647 mLevel=4,mWcdma=CellSignalStrengthWcdma: ss=2147483647 ber=2147483647 rscp=2147483647 ecno=2147483647 level=0,mTdscdma=CellSignalStrengthTdscdma: rssi=2147483647 ber=2147483647 rscp=2147483647 level=0,mLte=CellSignalStrengthLte: rssi=2147483647 rsrp=2147483647 rsrq=2147483647 rssnr=2147483647 cqiTableIndex=2147483647 cqi=2147483647 ta=2147483647 level=0 parametersUseForLevel=1,mNr=CellSignalStrengthNr:{ csiRsrp = 2147483647 csiRsrq = 2147483647 csiCqiTableIndex = 2147483647 csiCqiReport = [] ssRsrp = 2147483647 ssRsrq = 2147483647 ssSinr = 2147483647 level = 0 parametersUseForLevel = 1 timingAdvance = 2147483647 },primary=CellSignalStrengthGsm}
07-23 07:54:15.503  1708  1741 D RmcNwHdlr: [0] requestSignalStrength:sigRegisted[0000], sigUpdated[0X01]
07-23 07:54:15.503  1708  1741 D RmcNwHdlr: [0] handleSignalStrength, gsm_signal_strength: 22, gsm_bit_error_rate: 99, gsm_timing_advance: 2147483647, cdma_dbm: 2147483647, cdma_ecio: 2147483647, evdo_dbm: 2147483647, evdo_ecio: 2147483647, evdo_snr: 2147483647, lte_signal_strength: 99, lte_rsrp: 2147483647, lte_rsrq: 2147483647, lte_rssnr: 2147483647, lte_cqi: 2147483647, lte_timing_advance: 2147483647, tdscdma_signal_strength: 99, tdscdma_bit_error_rate: 99, tdscdma_rscp: 255, wcdma_signal_strength: 0, wcdma_bit_error_rate: 99, wcdma_scdma_rscp: 5, wcdma_ecno: 12, ssRsrp: 2147483647, ssRsrq: 2147483647, ssSinr: 2147483647, csiRsrp: 2147483647, csiRsrq: 2147483647, csiSinr: 2147483647
07-23 07:54:15.511  2516  2760 D OplusSignalSmooth/0: onSignalStrengthResultExt,oldSignalStrength:SignalStrength:{mCdma=CellSignalStrengthCdma: cdmaDbm=2147483647 cdmaEcio=2147483647 evdoDbm=2147483647 evdoEcio=2147483647 evdoSnr=2147483647 level=0,mGsm=CellSignalStrengthGsm: rssi=-73 ber=99 mTa=2147483647 mLevel=4,mWcdma=CellSignalStrengthWcdma: ss=2147483647 ber=2147483647 rscp=2147483647 ecno=2147483647 level=0,mTdscdma=CellSignalStrengthTdscdma: rssi=2147483647 ber=2147483647 rscp=2147483647 level=0,mLte=CellSignalStrengthLte: rssi=2147483647 rsrp=2147483647 rsrq=2147483647 rssnr=2147483647 cqiTableIndex=2147483647 cqi=2147483647 ta=2147483647 level=0 parametersUseForLevel=1,mNr=CellSignalStrengthNr:{ csiRsrp = 2147483647 csiRsrq = 2147483647 csiCqiTableIndex = 2147483647 csiCqiReport = [] ssRsrp = 2147483647 ssRsrq = 2147483647 ssSinr = 2147483647 level = 0 parametersUseForLevel = 1 timingAdvance = 2147483647 },primary=CellSignalStrengthGsm}
07-23 07:54:15.511  2516  2760 D OplusSignalSmooth/0: mOrigSignalStrength:SignalStrength:{mCdma=CellSignalStrengthCdma: cdmaDbm=2147483647 cdmaEcio=2147483647 evdoDbm=2147483647 evdoEcio=2147483647 evdoSnr=2147483647 level=0,mGsm=CellSignalStrengthGsm: rssi=-69 ber=99 mTa=2147483647 mLevel=4,mWcdma=CellSignalStrengthWcdma: ss=2147483647 ber=2147483647 rscp=2147483647 ecno=2147483647 level=0,mTdscdma=CellSignalStrengthTdscdma: rssi=2147483647 ber=2147483647 rscp=2147483647 level=0,mLte=CellSignalStrengthLte: rssi=2147483647 rsrp=2147483647 rsrq=2147483647 rssnr=2147483647 cqiTableIndex=2147483647 cqi=2147483647 ta=2147483647 level=0 parametersUseForLevel=1,mNr=CellSignalStrengthNr:{ csiRsrp = 2147483647 csiRsrq = 2147483647 csiCqiTableIndex = 2147483647 csiCqiReport = [] ssRsrp = 2147483647 ssRsrq = 2147483647 ssSinr = 2147483647 level = 0 parametersUseForLevel = 1 timingAdvance = 2147483647 },primary=CellSignalStrengthGsm}
07-23 07:54:15.511  2516  2760 D OplusSignalSmooth/0: no service fix signal...
07-23 07:54:15.521  2516  2760 D OplusSignalSmooth/0: notifySignalStrength, mSignalStrength: SignalStrength:{mCdma=CellSignalStrengthCdma: cdmaDbm=2147483647 cdmaEcio=2147483647 evdoDbm=2147483647 evdoEcio=2147483647 evdoSnr=2147483647 level=0,mGsm=CellSignalStrengthGsm: rssi=-69 ber=99 mTa=2147483647 mLevel=4,mWcdma=CellSignalStrengthWcdma: ss=2147483647 ber=2147483647 rscp=2147483647 ecno=2147483647 level=0,mTdscdma=CellSignalStrengthTdscdma: rssi=2147483647 ber=2147483647 rscp=2147483647 level=0,mLte=CellSignalStrengthLte: rssi=2147483647 rsrp=2147483647 rsrq=2147483647 rssnr=2147483647 cqiTableIndex=2147483647 cqi=2147483647 ta=2147483647 level=0 parametersUseForLevel=1,mNr=CellSignalStrengthNr:{ csiRsrp = 2147483647 csiRsrq = 2147483647 csiCqiTableIndex = 2147483647 csiCqiReport = [] ssRsrp = 2147483647 ssRsrq = 2147483647 ssSinr = 2147483647 level = 0 parametersUseForLevel = 1 timingAdvance = 2147483647 },primary=CellSignalStrengthGsm}
07-23 07:54:34.333  1708  1741 D RmcNwHdlr: [0] requestSignalStrength:sigRegisted[0000], sigUpdated[0X01]
07-23 07:54:34.333  1708  1741 D RmcNwHdlr: [0] handleSignalStrength, gsm_signal_strength: 20, gsm_bit_error_rate: 99, gsm_timing_advance: 2147483647, cdma_dbm: 2147483647, cdma_ecio: 2147483647, evdo_dbm: 2147483647, evdo_ecio: 2147483647, evdo_snr: 2147483647, lte_signal_strength: 99, lte_rsrp: 2147483647, lte_rsrq: 2147483647, lte_rssnr: 2147483647, lte_cqi: 2147483647, lte_timing_advance: 2147483647, tdscdma_signal_strength: 99, tdscdma_bit_error_rate: 99, tdscdma_rscp: 255, wcdma_signal_strength: 0, wcdma_bit_error_rate: 99, wcdma_scdma_rscp: 5, wcdma_ecno: 12, ssRsrp: 2147483647, ssRsrq: 2147483647, ssSinr: 2147483647, csiRsrp: 2147483647, csiRsrq: 2147483647, csiSinr: 2147483647
07-23 07:54:34.345  2516  2760 D OplusSignalSmooth/0: onSignalStrengthResultExt,oldSignalStrength:SignalStrength:{mCdma=CellSignalStrengthCdma: cdmaDbm=2147483647 cdmaEcio=2147483647 evdoDbm=2147483647 evdoEcio=2147483647 evdoSnr=2147483647 level=0,mGsm=CellSignalStrengthGsm: rssi=-69 ber=99 mTa=2147483647 mLevel=4,mWcdma=CellSignalStrengthWcdma: ss=2147483647 ber=2147483647 rscp=2147483647 ecno=2147483647 level=0,mTdscdma=CellSignalStrengthTdscdma: rssi=2147483647 ber=2147483647 rscp=2147483647 level=0,mLte=CellSignalStrengthLte: rssi=2147483647 rsrp=2147483647 rsrq=2147483647 rssnr=2147483647 cqiTableIndex=2147483647 cqi=2147483647 ta=2147483647 level=0 parametersUseForLevel=1,mNr=CellSignalStrengthNr:{ csiRsrp = 2147483647 csiRsrq = 2147483647 csiCqiTableIndex = 2147483647 csiCqiReport = [] ssRsrp = 2147483647 ssRsrq = 2147483647 ssSinr = 2147483647 level = 0 parametersUseForLevel = 1 timingAdvance = 2147483647 },primary=CellSignalStrengthGsm}
07-23 07:54:34.345  2516  2760 D OplusSignalSmooth/0: mOrigSignalStrength:SignalStrength:{mCdma=CellSignalStrengthCdma: cdmaDbm=2147483647 cdmaEcio=2147483647 evdoDbm=2147483647 evdoEcio=2147483647 evdoSnr=2147483647 level=0,mGsm=CellSignalStrengthGsm: rssi=-73 ber=99 mTa=2147483647 mLevel=4,mWcdma=CellSignalStrengthWcdma: ss=2147483647 ber=2147483647 rscp=2147483647 ecno=2147483647 level=0,mTdscdma=CellSignalStrengthTdscdma: rssi=2147483647 ber=2147483647 rscp=2147483647 level=0,mLte=CellSignalStrengthLte: rssi=2147483647 rsrp=2147483647 rsrq=2147483647 rssnr=2147483647 cqiTableIndex=2147483647 cqi=2147483647 ta=2147483647 level=0 parametersUseForLevel=1,mNr=CellSignalStrengthNr:{ csiRsrp = 2147483647 csiRsrq = 2147483647 csiCqiTableIndex = 2147483647 csiCqiReport = [] ssRsrp = 2147483647 ssRsrq = 2147483647 ssSinr = 2147483647 level = 0 parametersUseForLevel = 1 timingAdvance = 2147483647 },primary=CellSignalStrengthGsm}
07-23 07:54:34.346  2516  2760 D OplusSignalSmooth/0: no service fix signal...
07-23 07:54:34.355  2516  2760 D OplusSignalSmooth/0: notifySignalStrength, mSignalStrength: SignalStrength:{mCdma=CellSignalStrengthCdma: cdmaDbm=2147483647 cdmaEcio=2147483647 evdoDbm=2147483647 evdoEcio=2147483647 evdoSnr=2147483647 level=0,mGsm=CellSignalStrengthGsm: rssi=-73 ber=99 mTa=2147483647 mLevel=4,mWcdma=CellSignalStrengthWcdma: ss=2147483647 ber=2147483647 rscp=2147483647 ecno=2147483647 level=0,mTdscdma=CellSignalStrengthTdscdma: rssi=2147483647 ber=2147483647 rscp=2147483647 level=0,mLte=CellSignalStrengthLte: rssi=2147483647 rsrp=2147483647 rsrq=2147483647 rssnr=2147483647 cqiTableIndex=2147483647 cqi=2147483647 ta=2147483647 level=0 parametersUseForLevel=1,mNr=CellSignalStrengthNr:{ csiRsrp = 2147483647 csiRsrq = 2147483647 csiCqiTableIndex = 2147483647 csiCqiReport = [] ssRsrp = 2147483647 ssRsrq = 2147483647 ssSinr = 2147483647 level = 0 parametersUseForLevel = 1 timingAdvance = 2147483647 },primary=CellSignalStrengthGsm}
07-23 07:54:43.742  1708  1741 D RmcNwHdlr: [0] requestSignalStrength:sigRegisted[0000], sigUpdated[0X01]
07-23 07:54:43.742  1708  1741 D RmcNwHdlr: [0] handleSignalStrength, gsm_signal_strength: 19, gsm_bit_error_rate: 99, gsm_timing_advance: 2147483647, cdma_dbm: 2147483647, cdma_ecio: 2147483647, evdo_dbm: 2147483647, evdo_ecio: 2147483647, evdo_snr: 2147483647, lte_signal_strength: 99, lte_rsrp: 2147483647, lte_rsrq: 2147483647, lte_rssnr: 2147483647, lte_cqi: 2147483647, lte_timing_advance: 2147483647, tdscdma_signal_strength: 99, tdscdma_bit_error_rate: 99, tdscdma_rscp: 255, wcdma_signal_strength: 0, wcdma_bit_error_rate: 99, wcdma_scdma_rscp: 5, wcdma_ecno: 12, ssRsrp: 2147483647, ssRsrq: 2147483647, ssSinr: 2147483647, csiRsrp: 2147483647, csiRsrq: 2147483647, csiSinr: 2147483647
07-23 07:54:43.759  2516  2760 D OplusSignalSmooth/0: onSignalStrengthResultExt,oldSignalStrength:SignalStrength:{mCdma=CellSignalStrengthCdma: cdmaDbm=2147483647 cdmaEcio=2147483647 evdoDbm=2147483647 evdoEcio=2147483647 evdoSnr=2147483647 level=0,mGsm=CellSignalStrengthGsm: rssi=-73 ber=99 mTa=2147483647 mLevel=4,mWcdma=CellSignalStrengthWcdma: ss=2147483647 ber=2147483647 rscp=2147483647 ecno=2147483647 level=0,mTdscdma=CellSignalStrengthTdscdma: rssi=2147483647 ber=2147483647 rscp=2147483647 level=0,mLte=CellSignalStrengthLte: rssi=2147483647 rsrp=2147483647 rsrq=2147483647 rssnr=2147483647 cqiTableIndex=2147483647 cqi=2147483647 ta=2147483647 level=0 parametersUseForLevel=1,mNr=CellSignalStrengthNr:{ csiRsrp = 2147483647 csiRsrq = 2147483647 csiCqiTableIndex = 2147483647 csiCqiReport = [] ssRsrp = 2147483647 ssRsrq = 2147483647 ssSinr = 2147483647 level = 0 parametersUseForLevel = 1 timingAdvance = 2147483647 },primary=CellSignalStrengthGsm}
07-23 07:54:43.759  2516  2760 D OplusSignalSmooth/0: mOrigSignalStrength:SignalStrength:{mCdma=CellSignalStrengthCdma: cdmaDbm=2147483647 cdmaEcio=2147483647 evdoDbm=2147483647 evdoEcio=2147483647 evdoSnr=2147483647 level=0,mGsm=CellSignalStrengthGsm: rssi=-75 ber=99 mTa=2147483647 mLevel=4,mWcdma=CellSignalStrengthWcdma: ss=2147483647 ber=2147483647 rscp=2147483647 ecno=2147483647 level=0,mTdscdma=CellSignalStrengthTdscdma: rssi=2147483647 ber=2147483647 rscp=2147483647 level=0,mLte=CellSignalStrengthLte: rssi=2147483647 rsrp=2147483647 rsrq=2147483647 rssnr=2147483647 cqiTableIndex=2147483647 cqi=2147483647 ta=2147483647 level=0 parametersUseForLevel=1,mNr=CellSignalStrengthNr:{ csiRsrp = 2147483647 csiRsrq = 2147483647 csiCqiTableIndex = 2147483647 csiCqiReport = [] ssRsrp = 2147483647 ssRsrq = 2147483647 ssSinr = 2147483647 level = 0 parametersUseForLevel = 1 timingAdvance = 2147483647 },primary=CellSignalStrengthGsm}
07-23 07:54:43.759  2516  2760 D OplusSignalSmooth/0: no service fix signal...
07-23 07:54:43.763  2516  2760 D OplusSignalSmooth/0: notifySignalStrength, mSignalStrength: SignalStrength:{mCdma=CellSignalStrengthCdma: cdmaDbm=2147483647 cdmaEcio=2147483647 evdoDbm=2147483647 evdoEcio=2147483647 evdoSnr=2147483647 level=0,mGsm=CellSignalStrengthGsm: rssi=-75 ber=99 mTa=2147483647 mLevel=4,mWcdma=CellSignalStrengthWcdma: ss=2147483647 ber=2147483647 rscp=2147483647 ecno=2147483647 level=0,mTdscdma=CellSignalStrengthTdscdma: rssi=2147483647 ber=2147483647 rscp=2147483647 level=0,mLte=CellSignalStrengthLte: rssi=2147483647 rsrp=2147483647 rsrq=2147483647 rssnr=2147483647 cqiTableIndex=2147483647 cqi=2147483647 ta=2147483647 level=0 parametersUseForLevel=1,mNr=CellSignalStrengthNr:{ csiRsrp = 2147483647 csiRsrq = 2147483647 csiCqiTableIndex = 2147483647 csiCqiReport = [] ssRsrp = 2147483647 ssRsrq = 2147483647 ssSinr = 2147483647 level = 0 parametersUseForLevel = 1 timingAdvance = 2147483647 },primary=CellSignalStrengthGsm}
07-23 07:54:53.160  1708  1741 D RmcNwHdlr: [0] requestSignalStrength:sigRegisted[0000], sigUpdated[0X01]
07-23 07:54:53.161  1708  1741 D RmcNwHdlr: [0] handleSignalStrength, gsm_signal_strength: 22, gsm_bit_error_rate: 99, gsm_timing_advance: 2147483647, cdma_dbm: 2147483647, cdma_ecio: 2147483647, evdo_dbm: 2147483647, evdo_ecio: 2147483647, evdo_snr: 2147483647, lte_signal_strength: 99, lte_rsrp: 2147483647, lte_rsrq: 2147483647, lte_rssnr: 2147483647, lte_cqi: 2147483647, lte_timing_advance: 2147483647, tdscdma_signal_strength: 99, tdscdma_bit_error_rate: 99, tdscdma_rscp: 255, wcdma_signal_strength: 0, wcdma_bit_error_rate: 99, wcdma_scdma_rscp: 5, wcdma_ecno: 12, ssRsrp: 2147483647, ssRsrq: 2147483647, ssSinr: 2147483647, csiRsrp: 2147483647, csiRsrq: 2147483647, csiSinr: 2147483647
07-23 07:54:53.173  2516  2760 D OplusSignalSmooth/0: onSignalStrengthResultExt,oldSignalStrength:SignalStrength:{mCdma=CellSignalStrengthCdma: cdmaDbm=2147483647 cdmaEcio=2147483647 evdoDbm=2147483647 evdoEcio=2147483647 evdoSnr=2147483647 level=0,mGsm=CellSignalStrengthGsm: rssi=-75 ber=99 mTa=2147483647 mLevel=4,mWcdma=CellSignalStrengthWcdma: ss=2147483647 ber=2147483647 rscp=2147483647 ecno=2147483647 level=0,mTdscdma=CellSignalStrengthTdscdma: rssi=2147483647 ber=2147483647 rscp=2147483647 level=0,mLte=CellSignalStrengthLte: rssi=2147483647 rsrp=2147483647 rsrq=2147483647 rssnr=2147483647 cqiTableIndex=2147483647 cqi=2147483647 ta=2147483647 level=0 parametersUseForLevel=1,mNr=CellSignalStrengthNr:{ csiRsrp = 2147483647 csiRsrq = 2147483647 csiCqiTableIndex = 2147483647 csiCqiReport = [] ssRsrp = 2147483647 ssRsrq = 2147483647 ssSinr = 2147483647 level = 0 parametersUseForLevel = 1 timingAdvance = 2147483647 },primary=CellSignalStrengthGsm}
07-23 07:54:53.173  2516  2760 D OplusSignalSmooth/0: mOrigSignalStrength:SignalStrength:{mCdma=CellSignalStrengthCdma: cdmaDbm=2147483647 cdmaEcio=2147483647 evdoDbm=2147483647 evdoEcio=2147483647 evdoSnr=2147483647 level=0,mGsm=CellSignalStrengthGsm: rssi=-69 ber=99 mTa=2147483647 mLevel=4,mWcdma=CellSignalStrengthWcdma: ss=2147483647 ber=2147483647 rscp=2147483647 ecno=2147483647 level=0,mTdscdma=CellSignalStrengthTdscdma: rssi=2147483647 ber=2147483647 rscp=2147483647 level=0,mLte=CellSignalStrengthLte: rssi=2147483647 rsrp=2147483647 rsrq=2147483647 rssnr=2147483647 cqiTableIndex=2147483647 cqi=2147483647 ta=2147483647 level=0 parametersUseForLevel=1,mNr=CellSignalStrengthNr:{ csiRsrp = 2147483647 csiRsrq = 2147483647 csiCqiTableIndex = 2147483647 csiCqiReport = [] ssRsrp = 2147483647 ssRsrq = 2147483647 ssSinr = 2147483647 level = 0 parametersUseForLevel = 1 timingAdvance = 2147483647 },primary=CellSignalStrengthGsm}
07-23 07:54:53.173  2516  2760 D OplusSignalSmooth/0: no service fix signal...
07-23 07:54:53.177  2516  2760 D OplusSignalSmooth/0: notifySignalStrength, mSignalStrength: SignalStrength:{mCdma=CellSignalStrengthCdma: cdmaDbm=2147483647 cdmaEcio=2147483647 evdoDbm=2147483647 evdoEcio=2147483647 evdoSnr=2147483647 level=0,mGsm=CellSignalStrengthGsm: rssi=-69 ber=99 mTa=2147483647 mLevel=4,mWcdma=CellSignalStrengthWcdma: ss=2147483647 ber=2147483647 rscp=2147483647 ecno=2147483647 level=0,mTdscdma=CellSignalStrengthTdscdma: rssi=2147483647 ber=2147483647 rscp=2147483647 level=0,mLte=CellSignalStrengthLte: rssi=2147483647 rsrp=2147483647 rsrq=2147483647 rssnr=2147483647 cqiTableIndex=2147483647 cqi=2147483647 ta=2147483647 level=0 parametersUseForLevel=1,mNr=CellSignalStrengthNr:{ csiRsrp = 2147483647 csiRsrq = 2147483647 csiCqiTableIndex = 2147483647 csiCqiReport = [] ssRsrp = 2147483647 ssRsrq = 2147483647 ssSinr = 2147483647 level = 0 parametersUseForLevel = 1 timingAdvance = 2147483647 },primary=CellSignalStrengthGsm}
07-23 07:55:02.573  1708  1741 D RmcNwHdlr: [0] requestSignalStrength:sigRegisted[0000], sigUpdated[0X01]
07-23 07:55:02.574  1708  1741 D RmcNwHdlr: [0] handleSignalStrength, gsm_signal_strength: 23, gsm_bit_error_rate: 99, gsm_timing_advance: 2147483647, cdma_dbm: 2147483647, cdma_ecio: 2147483647, evdo_dbm: 2147483647, evdo_ecio: 2147483647, evdo_snr: 2147483647, lte_signal_strength: 99, lte_rsrp: 2147483647, lte_rsrq: 2147483647, lte_rssnr: 2147483647, lte_cqi: 2147483647, lte_timing_advance: 2147483647, tdscdma_signal_strength: 99, tdscdma_bit_error_rate: 99, tdscdma_rscp: 255, wcdma_signal_strength: 0, wcdma_bit_error_rate: 99, wcdma_scdma_rscp: 5, wcdma_ecno: 12, ssRsrp: 2147483647, ssRsrq: 2147483647, ssSinr: 2147483647, csiRsrp: 2147483647, csiRsrq: 2147483647, csiSinr: 2147483647
07-23 07:55:02.594  2516  2760 D OplusSignalSmooth/0: onSignalStrengthResultExt,oldSignalStrength:SignalStrength:{mCdma=CellSignalStrengthCdma: cdmaDbm=2147483647 cdmaEcio=2147483647 evdoDbm=2147483647 evdoEcio=2147483647 evdoSnr=2147483647 level=0,mGsm=CellSignalStrengthGsm: rssi=-69 ber=99 mTa=2147483647 mLevel=4,mWcdma=CellSignalStrengthWcdma: ss=2147483647 ber=2147483647 rscp=2147483647 ecno=2147483647 level=0,mTdscdma=CellSignalStrengthTdscdma: rssi=2147483647 ber=2147483647 rscp=2147483647 level=0,mLte=CellSignalStrengthLte: rssi=2147483647 rsrp=2147483647 rsrq=2147483647 rssnr=2147483647 cqiTableIndex=2147483647 cqi=2147483647 ta=2147483647 level=0 parametersUseForLevel=1,mNr=CellSignalStrengthNr:{ csiRsrp = 2147483647 csiRsrq = 2147483647 csiCqiTableIndex = 2147483647 csiCqiReport = [] ssRsrp = 2147483647 ssRsrq = 2147483647 ssSinr = 2147483647 level = 0 parametersUseForLevel = 1 timingAdvance = 2147483647 },primary=CellSignalStrengthGsm}
07-23 07:55:02.595  2516  2760 D OplusSignalSmooth/0: mOrigSignalStrength:SignalStrength:{mCdma=CellSignalStrengthCdma: cdmaDbm=2147483647 cdmaEcio=2147483647 evdoDbm=2147483647 evdoEcio=2147483647 evdoSnr=2147483647 level=0,mGsm=CellSignalStrengthGsm: rssi=-67 ber=99 mTa=2147483647 mLevel=4,mWcdma=CellSignalStrengthWcdma: ss=2147483647 ber=2147483647 rscp=2147483647 ecno=2147483647 level=0,mTdscdma=CellSignalStrengthTdscdma: rssi=2147483647 ber=2147483647 rscp=2147483647 level=0,mLte=CellSignalStrengthLte: rssi=2147483647 rsrp=2147483647 rsrq=2147483647 rssnr=2147483647 cqiTableIndex=2147483647 cqi=2147483647 ta=2147483647 level=0 parametersUseForLevel=1,mNr=CellSignalStrengthNr:{ csiRsrp = 2147483647 csiRsrq = 2147483647 csiCqiTableIndex = 2147483647 csiCqiReport = [] ssRsrp = 2147483647 ssRsrq = 2147483647 ssSinr = 2147483647 level = 0 parametersUseForLevel = 1 timingAdvance = 2147483647 },primary=CellSignalStrengthGsm}
07-23 07:55:02.595  2516  2760 D OplusSignalSmooth/0: no service fix signal...
07-23 07:55:02.607  2516  2760 D OplusSignalSmooth/0: notifySignalStrength, mSignalStrength: SignalStrength:{mCdma=CellSignalStrengthCdma: cdmaDbm=2147483647 cdmaEcio=2147483647 evdoDbm=2147483647 evdoEcio=2147483647 evdoSnr=2147483647 level=0,mGsm=CellSignalStrengthGsm: rssi=-67 ber=99 mTa=2147483647 mLevel=4,mWcdma=CellSignalStrengthWcdma: ss=2147483647 ber=2147483647 rscp=2147483647 ecno=2147483647 level=0,mTdscdma=CellSignalStrengthTdscdma: rssi=2147483647 ber=2147483647 rscp=2147483647 level=0,mLte=CellSignalStrengthLte: rssi=2147483647 rsrp=2147483647 rsrq=2147483647 rssnr=2147483647 cqiTableIndex=2147483647 cqi=2147483647 ta=2147483647 level=0 parametersUseForLevel=1,mNr=CellSignalStrengthNr:{ csiRsrp = 2147483647 csiRsrq = 2147483647 csiCqiTableIndex = 2147483647 csiCqiReport = [] ssRsrp = 2147483647 ssRsrq = 2147483647 ssSinr = 2147483647 level = 0 parametersUseForLevel = 1 timingAdvance = 2147483647 },primary=CellSignalStrengthGsm}
07-23 07:55:30.817  1708  1741 D RmcNwHdlr: [0] requestSignalStrength:sigRegisted[0000], sigUpdated[0X01]
07-23 07:55:30.817  1708  1741 D RmcNwHdlr: [0] handleSignalStrength, gsm_signal_strength: 21, gsm_bit_error_rate: 99, gsm_timing_advance: 2147483647, cdma_dbm: 2147483647, cdma_ecio: 2147483647, evdo_dbm: 2147483647, evdo_ecio: 2147483647, evdo_snr: 2147483647, lte_signal_strength: 99, lte_rsrp: 2147483647, lte_rsrq: 2147483647, lte_rssnr: 2147483647, lte_cqi: 2147483647, lte_timing_advance: 2147483647, tdscdma_signal_strength: 99, tdscdma_bit_error_rate: 99, tdscdma_rscp: 255, wcdma_signal_strength: 0, wcdma_bit_error_rate: 99, wcdma_scdma_rscp: 5, wcdma_ecno: 12, ssRsrp: 2147483647, ssRsrq: 2147483647, ssSinr: 2147483647, csiRsrp: 2147483647, csiRsrq: 2147483647, csiSinr: 2147483647
07-23 07:55:30.823  2516  2760 D OplusSignalSmooth/0: onSignalStrengthResultExt,oldSignalStrength:SignalStrength:{mCdma=CellSignalStrengthCdma: cdmaDbm=2147483647 cdmaEcio=2147483647 evdoDbm=2147483647 evdoEcio=2147483647 evdoSnr=2147483647 level=0,mGsm=CellSignalStrengthGsm: rssi=-67 ber=99 mTa=2147483647 mLevel=4,mWcdma=CellSignalStrengthWcdma: ss=2147483647 ber=2147483647 rscp=2147483647 ecno=2147483647 level=0,mTdscdma=CellSignalStrengthTdscdma: rssi=2147483647 ber=2147483647 rscp=2147483647 level=0,mLte=CellSignalStrengthLte: rssi=2147483647 rsrp=2147483647 rsrq=2147483647 rssnr=2147483647 cqiTableIndex=2147483647 cqi=2147483647 ta=2147483647 level=0 parametersUseForLevel=1,mNr=CellSignalStrengthNr:{ csiRsrp = 2147483647 csiRsrq = 2147483647 csiCqiTableIndex = 2147483647 csiCqiReport = [] ssRsrp = 2147483647 ssRsrq = 2147483647 ssSinr = 2147483647 level = 0 parametersUseForLevel = 1 timingAdvance = 2147483647 },primary=CellSignalStrengthGsm}
07-23 07:55:30.824  2516  2760 D OplusSignalSmooth/0: mOrigSignalStrength:SignalStrength:{mCdma=CellSignalStrengthCdma: cdmaDbm=2147483647 cdmaEcio=2147483647 evdoDbm=2147483647 evdoEcio=2147483647 evdoSnr=2147483647 level=0,mGsm=CellSignalStrengthGsm: rssi=-71 ber=99 mTa=2147483647 mLevel=4,mWcdma=CellSignalStrengthWcdma: ss=2147483647 ber=2147483647 rscp=2147483647 ecno=2147483647 level=0,mTdscdma=CellSignalStrengthTdscdma: rssi=2147483647 ber=2147483647 rscp=2147483647 level=0,mLte=CellSignalStrengthLte: rssi=2147483647 rsrp=2147483647 rsrq=2147483647 rssnr=2147483647 cqiTableIndex=2147483647 cqi=2147483647 ta=2147483647 level=0 parametersUseForLevel=1,mNr=CellSignalStrengthNr:{ csiRsrp = 2147483647 csiRsrq = 2147483647 csiCqiTableIndex = 2147483647 csiCqiReport = [] ssRsrp = 2147483647 ssRsrq = 2147483647 ssSinr = 2147483647 level = 0 parametersUseForLevel = 1 timingAdvance = 2147483647 },primary=CellSignalStrengthGsm}
07-23 07:55:30.824  2516  2760 D OplusSignalSmooth/0: no service fix signal...
07-23 07:55:30.829  2516  2760 D OplusSignalSmooth/0: notifySignalStrength, mSignalStrength: SignalStrength:{mCdma=CellSignalStrengthCdma: cdmaDbm=2147483647 cdmaEcio=2147483647 evdoDbm=2147483647 evdoEcio=2147483647 evdoSnr=2147483647 level=0,mGsm=CellSignalStrengthGsm: rssi=-71 ber=99 mTa=2147483647 mLevel=4,mWcdma=CellSignalStrengthWcdma: ss=2147483647 ber=2147483647 rscp=2147483647 ecno=2147483647 level=0,mTdscdma=CellSignalStrengthTdscdma: rssi=2147483647 ber=2147483647 rscp=2147483647 level=0,mLte=CellSignalStrengthLte: rssi=2147483647 rsrp=2147483647 rsrq=2147483647 rssnr=2147483647 cqiTableIndex=2147483647 cqi=2147483647 ta=2147483647 level=0 parametersUseForLevel=1,mNr=CellSignalStrengthNr:{ csiRsrp = 2147483647 csiRsrq = 2147483647 csiCqiTableIndex = 2147483647 csiCqiReport = [] ssRsrp = 2147483647 ssRsrq = 2147483647 ssSinr = 2147483647 level = 0 parametersUseForLevel = 1 timingAdvance = 2147483647 },primary=CellSignalStrengthGsm}
07-23 07:55:40.237  1708  1741 D RmcNwHdlr: [0] requestSignalStrength:sigRegisted[0000], sigUpdated[0X01]
07-23 07:55:40.237  1708  1741 D RmcNwHdlr: [0] handleSignalStrength, gsm_signal_strength: 19, gsm_bit_error_rate: 99, gsm_timing_advance: 2147483647, cdma_dbm: 2147483647, cdma_ecio: 2147483647, evdo_dbm: 2147483647, evdo_ecio: 2147483647, evdo_snr: 2147483647, lte_signal_strength: 99, lte_rsrp: 2147483647, lte_rsrq: 2147483647, lte_rssnr: 2147483647, lte_cqi: 2147483647, lte_timing_advance: 2147483647, tdscdma_signal_strength: 99, tdscdma_bit_error_rate: 99, tdscdma_rscp: 255, wcdma_signal_strength: 0, wcdma_bit_error_rate: 99, wcdma_scdma_rscp: 5, wcdma_ecno: 12, ssRsrp: 2147483647, ssRsrq: 2147483647, ssSinr: 2147483647, csiRsrp: 2147483647, csiRsrq: 2147483647, csiSinr: 2147483647
07-23 07:55:40.261  2516  2760 D OplusSignalSmooth/0: onSignalStrengthResultExt,oldSignalStrength:SignalStrength:{mCdma=CellSignalStrengthCdma: cdmaDbm=2147483647 cdmaEcio=2147483647 evdoDbm=2147483647 evdoEcio=2147483647 evdoSnr=2147483647 level=0,mGsm=CellSignalStrengthGsm: rssi=-71 ber=99 mTa=2147483647 mLevel=4,mWcdma=CellSignalStrengthWcdma: ss=2147483647 ber=2147483647 rscp=2147483647 ecno=2147483647 level=0,mTdscdma=CellSignalStrengthTdscdma: rssi=2147483647 ber=2147483647 rscp=2147483647 level=0,mLte=CellSignalStrengthLte: rssi=2147483647 rsrp=2147483647 rsrq=2147483647 rssnr=2147483647 cqiTableIndex=2147483647 cqi=2147483647 ta=2147483647 level=0 parametersUseForLevel=1,mNr=CellSignalStrengthNr:{ csiRsrp = 2147483647 csiRsrq = 2147483647 csiCqiTableIndex = 2147483647 csiCqiReport = [] ssRsrp = 2147483647 ssRsrq = 2147483647 ssSinr = 2147483647 level = 0 parametersUseForLevel = 1 timingAdvance = 2147483647 },primary=CellSignalStrengthGsm}
