07-24 17:29:09.975  2516  2760 D OplusSignalSmooth/0: onSignalStrengthResultExt,oldSignalStrength:SignalStrength:{mCdma=CellSignalStrengthCdma: cdmaDbm=2147483647 cdmaEcio=2147483647 evdoDbm=2147483647 evdoEcio=2147483647 evdoSnr=2147483647 level=0,mGsm=CellSignalStrengthGsm: rssi=-57 ber=99 mTa=2147483647 mLevel=4,mWcdma=CellSignalStrengthWcdma: ss=2147483647 ber=2147483647 rscp=2147483647 ecno=2147483647 level=0,mTdscdma=CellSignalStrengthTdscdma: rssi=2147483647 ber=2147483647 rscp=2147483647 level=0,mLte=CellSignalStrengthLte: rssi=2147483647 rsrp=2147483647 rsrq=2147483647 rssnr=2147483647 cqiTableIndex=2147483647 cqi=2147483647 ta=2147483647 level=0 parametersUseForLevel=1,mNr=CellSignalStrengthNr:{ csiRsrp = 2147483647 csiRsrq = 2147483647 csiCqiTableIndex = 2147483647 csiCqiReport = [] ssRsrp = 2147483647 ssRsrq = 2147483647 ssSinr = 2147483647 level = 0 parametersUseForLevel = 1 timingAdvance = 2147483647 },primary=CellSignalStrengthGsm}
07-24 17:29:09.975  2516  2760 D OplusSignalSmooth/0: mOrigSignalStrength:SignalStrength:{mCdma=CellSignalStrengthCdma: cdmaDbm=2147483647 cdmaEcio=2147483647 evdoDbm=2147483647 evdoEcio=2147483647 evdoSnr=2147483647 level=0,mGsm=CellSignalStrengthGsm: rssi=-51 ber=99 mTa=2147483647 mLevel=4,mWcdma=CellSignalStrengthWcdma: ss=2147483647 ber=2147483647 rscp=2147483647 ecno=2147483647 level=0,mTdscdma=CellSignalStrengthTdscdma: rssi=2147483647 ber=2147483647 rscp=2147483647 level=0,mLte=CellSignalStrengthLte: rssi=2147483647 rsrp=2147483647 rsrq=2147483647 rssnr=2147483647 cqiTableIndex=2147483647 cqi=2147483647 ta=2147483647 level=0 parametersUseForLevel=1,mNr=CellSignalStrengthNr:{ csiRsrp = 2147483647 csiRsrq = 2147483647 csiCqiTableIndex = 2147483647 csiCqiReport = [] ssRsrp = 2147483647 ssRsrq = 2147483647 ssSinr = 2147483647 level = 0 parametersUseForLevel = 1 timingAdvance = 2147483647 },primary=CellSignalStrengthGsm}
07-24 17:29:09.975  2516  2760 D OplusSignalSmooth/0: no service fix signal...
07-24 17:29:09.993  2516  2760 D OplusSignalSmooth/0: notifySignalStrength, mSignalStrength: SignalStrength:{mCdma=CellSignalStrengthCdma: cdmaDbm=2147483647 cdmaEcio=2147483647 evdoDbm=2147483647 evdoEcio=2147483647 evdoSnr=2147483647 level=0,mGsm=CellSignalStrengthGsm: rssi=-51 ber=99 mTa=2147483647 mLevel=4,mWcdma=CellSignalStrengthWcdma: ss=2147483647 ber=2147483647 rscp=2147483647 ecno=2147483647 level=0,mTdscdma=CellSignalStrengthTdscdma: rssi=2147483647 ber=2147483647 rscp=2147483647 level=0,mLte=CellSignalStrengthLte: rssi=2147483647 rsrp=2147483647 rsrq=2147483647 rssnr=2147483647 cqiTableIndex=2147483647 cqi=2147483647 ta=2147483647 level=0 parametersUseForLevel=1,mNr=CellSignalStrengthNr:{ csiRsrp = 2147483647 csiRsrq = 2147483647 csiCqiTableIndex = 2147483647 csiCqiReport = [] ssRsrp = 2147483647 ssRsrq = 2147483647 ssSinr = 2147483647 level = 0 parametersUseForLevel = 1 timingAdvance = 2147483647 },primary=CellSignalStrengthGsm}
07-24 17:29:15.394  2466 30631 D NetworkMonitor/118: Forcing reevaluation for UID 1000. Dns signal count: 0
07-24 17:29:26.678  2466 30631 D NetworkMonitor/118: Forcing reevaluation for UID 1000. Dns signal count: 0
07-24 17:29:28.295  4118  4985 W Battery : ThermalControllHandler: ZoomWindowsInfo=[],PipWindowsInfo=[],AppFloatingWindowsInfo=[]
07-24 17:29:32.945   603 23342 I keystore2: system/security/keystore2/src/watchdog.rs:319 - Watchdog thread idle -> terminating. Have a great day.
07-24 17:29:37.280  1708  1741 D RmcNwHdlr: [0] requestSignalStrength:sigRegisted[0000], sigUpdated[0X01]
07-24 17:29:37.280  1708  1741 D RmcNwHdlr: [0] handleSignalStrength, gsm_signal_strength: 29, gsm_bit_error_rate: 99, gsm_timing_advance: 2147483647, cdma_dbm: 2147483647, cdma_ecio: 2147483647, evdo_dbm: 2147483647, evdo_ecio: 2147483647, evdo_snr: 2147483647, lte_signal_strength: 99, lte_rsrp: 2147483647, lte_rsrq: 2147483647, lte_rssnr: 2147483647, lte_cqi: 2147483647, lte_timing_advance: 2147483647, tdscdma_signal_strength: 99, tdscdma_bit_error_rate: 99, tdscdma_rscp: 255, wcdma_signal_strength: 0, wcdma_bit_error_rate: 99, wcdma_scdma_rscp: 5, wcdma_ecno: 12, ssRsrp: 2147483647, ssRsrq: 2147483647, ssSinr: 2147483647, csiRsrp: 2147483647, csiRsrq: 2147483647, csiSinr: 2147483647
07-24 17:29:37.327  2516  2760 D OplusSignalSmooth/0: onSignalStrengthResultExt,oldSignalStrength:SignalStrength:{mCdma=CellSignalStrengthCdma: cdmaDbm=2147483647 cdmaEcio=2147483647 evdoDbm=2147483647 evdoEcio=2147483647 evdoSnr=2147483647 level=0,mGsm=CellSignalStrengthGsm: rssi=-51 ber=99 mTa=2147483647 mLevel=4,mWcdma=CellSignalStrengthWcdma: ss=2147483647 ber=2147483647 rscp=2147483647 ecno=2147483647 level=0,mTdscdma=CellSignalStrengthTdscdma: rssi=2147483647 ber=2147483647 rscp=2147483647 level=0,mLte=CellSignalStrengthLte: rssi=2147483647 rsrp=2147483647 rsrq=2147483647 rssnr=2147483647 cqiTableIndex=2147483647 cqi=2147483647 ta=2147483647 level=0 parametersUseForLevel=1,mNr=CellSignalStrengthNr:{ csiRsrp = 2147483647 csiRsrq = 2147483647 csiCqiTableIndex = 2147483647 csiCqiReport = [] ssRsrp = 2147483647 ssRsrq = 2147483647 ssSinr = 2147483647 level = 0 parametersUseForLevel = 1 timingAdvance = 2147483647 },primary=CellSignalStrengthGsm}
07-24 17:29:37.329  2516  2760 D OplusSignalSmooth/0: mOrigSignalStrength:SignalStrength:{mCdma=CellSignalStrengthCdma: cdmaDbm=2147483647 cdmaEcio=2147483647 evdoDbm=2147483647 evdoEcio=2147483647 evdoSnr=2147483647 level=0,mGsm=CellSignalStrengthGsm: rssi=-55 ber=99 mTa=2147483647 mLevel=4,mWcdma=CellSignalStrengthWcdma: ss=2147483647 ber=2147483647 rscp=2147483647 ecno=2147483647 level=0,mTdscdma=CellSignalStrengthTdscdma: rssi=2147483647 ber=2147483647 rscp=2147483647 level=0,mLte=CellSignalStrengthLte: rssi=2147483647 rsrp=2147483647 rsrq=2147483647 rssnr=2147483647 cqiTableIndex=2147483647 cqi=2147483647 ta=2147483647 level=0 parametersUseForLevel=1,mNr=CellSignalStrengthNr:{ csiRsrp = 2147483647 csiRsrq = 2147483647 csiCqiTableIndex = 2147483647 csiCqiReport = [] ssRsrp = 2147483647 ssRsrq = 2147483647 ssSinr = 2147483647 level = 0 parametersUseForLevel = 1 timingAdvance = 2147483647 },primary=CellSignalStrengthGsm}
07-24 17:29:37.329  2516  2760 D OplusSignalSmooth/0: no service fix signal...
07-24 17:29:37.333  2516  2760 D OplusSignalSmooth/0: notifySignalStrength, mSignalStrength: SignalStrength:{mCdma=CellSignalStrengthCdma: cdmaDbm=2147483647 cdmaEcio=2147483647 evdoDbm=2147483647 evdoEcio=2147483647 evdoSnr=2147483647 level=0,mGsm=CellSignalStrengthGsm: rssi=-55 ber=99 mTa=2147483647 mLevel=4,mWcdma=CellSignalStrengthWcdma: ss=2147483647 ber=2147483647 rscp=2147483647 ecno=2147483647 level=0,mTdscdma=CellSignalStrengthTdscdma: rssi=2147483647 ber=2147483647 rscp=2147483647 level=0,mLte=CellSignalStrengthLte: rssi=2147483647 rsrp=2147483647 rsrq=2147483647 rssnr=2147483647 cqiTableIndex=2147483647 cqi=2147483647 ta=2147483647 level=0 parametersUseForLevel=1,mNr=CellSignalStrengthNr:{ csiRsrp = 2147483647 csiRsrq = 2147483647 csiCqiTableIndex = 2147483647 csiCqiReport = [] ssRsrp = 2147483647 ssRsrq = 2147483647 ssSinr = 2147483647 level = 0 parametersUseForLevel = 1 timingAdvance = 2147483647 },primary=CellSignalStrengthGsm}
07-24 17:29:43.839  1708  1741 D RmcNwHdlr: [0] requestSignalStrength:sigRegisted[0000], sigUpdated[0X01]
07-24 17:29:43.839  1708  1741 D RmcNwHdlr: [0] handleSignalStrength, gsm_signal_strength: 31, gsm_bit_error_rate: 99, gsm_timing_advance: 2147483647, cdma_dbm: 2147483647, cdma_ecio: 2147483647, evdo_dbm: 2147483647, evdo_ecio: 2147483647, evdo_snr: 2147483647, lte_signal_strength: 99, lte_rsrp: 2147483647, lte_rsrq: 2147483647, lte_rssnr: 2147483647, lte_cqi: 2147483647, lte_timing_advance: 2147483647, tdscdma_signal_strength: 99, tdscdma_bit_error_rate: 99, tdscdma_rscp: 255, wcdma_signal_strength: 0, wcdma_bit_error_rate: 99, wcdma_scdma_rscp: 5, wcdma_ecno: 12, ssRsrp: 2147483647, ssRsrq: 2147483647, ssSinr: 2147483647, csiRsrp: 2147483647, csiRsrq: 2147483647, csiSinr: 2147483647
07-24 17:29:43.852  2516  2760 D OplusSignalSmooth/0: onSignalStrengthResultExt,oldSignalStrength:SignalStrength:{mCdma=CellSignalStrengthCdma: cdmaDbm=2147483647 cdmaEcio=2147483647 evdoDbm=2147483647 evdoEcio=2147483647 evdoSnr=2147483647 level=0,mGsm=CellSignalStrengthGsm: rssi=-55 ber=99 mTa=2147483647 mLevel=4,mWcdma=CellSignalStrengthWcdma: ss=2147483647 ber=2147483647 rscp=2147483647 ecno=2147483647 level=0,mTdscdma=CellSignalStrengthTdscdma: rssi=2147483647 ber=2147483647 rscp=2147483647 level=0,mLte=CellSignalStrengthLte: rssi=2147483647 rsrp=2147483647 rsrq=2147483647 rssnr=2147483647 cqiTableIndex=2147483647 cqi=2147483647 ta=2147483647 level=0 parametersUseForLevel=1,mNr=CellSignalStrengthNr:{ csiRsrp = 2147483647 csiRsrq = 2147483647 csiCqiTableIndex = 2147483647 csiCqiReport = [] ssRsrp = 2147483647 ssRsrq = 2147483647 ssSinr = 2147483647 level = 0 parametersUseForLevel = 1 timingAdvance = 2147483647 },primary=CellSignalStrengthGsm}
07-24 17:29:43.852  2516  2760 D OplusSignalSmooth/0: mOrigSignalStrength:SignalStrength:{mCdma=CellSignalStrengthCdma: cdmaDbm=2147483647 cdmaEcio=2147483647 evdoDbm=2147483647 evdoEcio=2147483647 evdoSnr=2147483647 level=0,mGsm=CellSignalStrengthGsm: rssi=-51 ber=99 mTa=2147483647 mLevel=4,mWcdma=CellSignalStrengthWcdma: ss=2147483647 ber=2147483647 rscp=2147483647 ecno=2147483647 level=0,mTdscdma=CellSignalStrengthTdscdma: rssi=2147483647 ber=2147483647 rscp=2147483647 level=0,mLte=CellSignalStrengthLte: rssi=2147483647 rsrp=2147483647 rsrq=2147483647 rssnr=2147483647 cqiTableIndex=2147483647 cqi=2147483647 ta=2147483647 level=0 parametersUseForLevel=1,mNr=CellSignalStrengthNr:{ csiRsrp = 2147483647 csiRsrq = 2147483647 csiCqiTableIndex = 2147483647 csiCqiReport = [] ssRsrp = 2147483647 ssRsrq = 2147483647 ssSinr = 2147483647 level = 0 parametersUseForLevel = 1 timingAdvance = 2147483647 },primary=CellSignalStrengthGsm}
07-24 17:29:43.852  2516  2760 D OplusSignalSmooth/0: no service fix signal...
07-24 17:29:43.861  2516  2760 D OplusSignalSmooth/0: notifySignalStrength, mSignalStrength: SignalStrength:{mCdma=CellSignalStrengthCdma: cdmaDbm=2147483647 cdmaEcio=2147483647 evdoDbm=2147483647 evdoEcio=2147483647 evdoSnr=2147483647 level=0,mGsm=CellSignalStrengthGsm: rssi=-51 ber=99 mTa=2147483647 mLevel=4,mWcdma=CellSignalStrengthWcdma: ss=2147483647 ber=2147483647 rscp=2147483647 ecno=2147483647 level=0,mTdscdma=CellSignalStrengthTdscdma: rssi=2147483647 ber=2147483647 rscp=2147483647 level=0,mLte=CellSignalStrengthLte: rssi=2147483647 rsrp=2147483647 rsrq=2147483647 rssnr=2147483647 cqiTableIndex=2147483647 cqi=2147483647 ta=2147483647 level=0 parametersUseForLevel=1,mNr=CellSignalStrengthNr:{ csiRsrp = 2147483647 csiRsrq = 2147483647 csiCqiTableIndex = 2147483647 csiCqiReport = [] ssRsrp = 2147483647 ssRsrq = 2147483647 ssSinr = 2147483647 level = 0 parametersUseForLevel = 1 timingAdvance = 2147483647 },primary=CellSignalStrengthGsm}
07-24 17:29:57.383  1835  2549 W NotificationService: Toast already killed. pkg=zln.mossogb.wfs token=android.os.BinderProxy@62f979c
07-24 17:29:59.022  1835  3228 W NotificationService: Toast already killed. pkg=zln.mossogb.wfs token=android.os.BinderProxy@5350959
07-24 17:29:59.722  1835  3228 W NotificationService: Toast already killed. pkg=zln.mossogb.wfs token=android.os.BinderProxy@99e2839
07-24 17:30:01.587 16044 16602 I ModuleManager: injectNow: watchdog already running — skipping auto-start
07-24 17:30:04.541  1835  1892 D BatteryStatsImplExtImpl: , modem=[activity:SettleObj{ what=LO date=07-24 17:01:45.641 duration=3599 screenOnRatio=0.06 screenOffRatio=99.94 power=38 current=267.00 networkType=null dataNetworkType=0 signalStrength=0 aodState=0 softAp=false charge=false simCount=0 defaultPhone=-1 apssSleepC=0 apssSleepRatio=0 mpssSleepC=0 mpssSleepRatio=0 vminSleepC=0 vminSleepRatio=0 modemPowermA[]=[0,0,0] sleepRatio=0 idleRatio=100.00 rxRatio=0 5gRxRatio=0 txSumRatio=0 mtkTxRatio[]=[0,0,0,0,0,0,0,0] mtk5gTxRatio[]=[0,0,0,0,0,0,0,0]5gTxSumRatio=0 rrcConn10sC[]=[0, 0] rrcConn20sC[]=[0, 0] rrcConnMore20sC[]=[0, 0] rrcConnC[]=[0, 0] csChangedC[]=[0, 0] psChangedC[]=[0, 0] nwSrchC[]=[0, 0] nwSrchRatio[]=[0,0] lteRrcConnRatio[]=[0,0] psRegRatio[]=[0,0] csRegRatio[]=[0,0] psNoRegRatio[]=[0,0] csNoRegRatio[]=[0,0] sigGrid0Ratio[]=[0,0] endcActRatio[]=[0,0] ccciWakeupC={} allWakeupC={} appInWakeupC={} appOutWakeupC={} appWakeupRatio={} appTrafficC={} saRrcConn10sC[]=[0, 0] saRrcConn20sC[]=[0, 0] saRrcConnMore20sC[]=[0, 0] saRrcConnC[]=[0, 0] saRrcConnRatio[]=[0,0] sigGridSim0Ratio[]=[0,0,0,0,0] sigGridSim1Ratio[]=[0,0,0,0,0] lteNrSigGridSim0Ratio[]=[0,0,0,0,0,0,0,0,0,0] lteNrSigGridSim1Ratio[]=[0,0,0,0,0,0,0,0,0,0] cellUpdateC[]=[0, 0] hoC[]=[0, 0] reselC[]=[0, 0] redirectC[]=[0, 0] iRatC[]=[0, 0] iRhoC[]=[0, 0] iRreselC[]=[0, 0] iRredirectC[]=[0, 0] luC[]=[0, 0] rauC[]=[0, 0] guC[]=[0, 0] lteTauC[]=[0, 0] lteAttachC[]=[0, 0] pdnConC[]=[0, 0] eRrcCauseSim0C[]=[0, 0, 0, 0, 0, 0, 0] eRrcCauseSim1C[]=[0, 0, 0, 0, 0, 0, 0] nRrcCauseSim0C[]=[0, 0, 0, 0, 0, 0, 0, 0, 0, 0] nRrcCauseSim1C[]=[0, 0, 0, 0, 0, 0, 0, 0, 0, 0] saRachC[]=[0, 0] saRlfC[]=[0, 0] saReestabC[]=[0, 0] mLteRrcConnRatio[]=[0,0] rrcConnC[]=[0, 0] lteCdrxCfgRatio[]=[0,0] lteCdrxActRatio[]=[0,0] eDlLayerSim0Ratio[]=[0,0,0,0] eDlLayerSim1Ratio[]=[0,0,0,0] lteCaRatio[]=[0,0] saRrcConnRatio[]=[0,0] endcActRatio[]=[0,0] saRrcConnC[]=[0, 0] nrCdrxCfgRatio[]=[0,0] nrCdrxActRatio[]=[0,0] nUlDlLayerSim0Ratio[]=[0,0,0,0,0,0,0,0] nUlDlLayerSim1Ratio[]=[0,0,0,0,0,0,0,0] nrCaRatio[]=[0,0] nBwpSim0Ratio[]=[0,0,0,0,0,0,0,0,0,0] nBwpSim1Ratio[]=[0,0,0,0,0,0,0,0,0,0] dsdsRatio[]=[0,0] drdsdsRatio[]=[0,0] dsdaRatio[]=[0,0] drdsdaRatio[]=[0,0] maxCCCfgT[]=[0, 0] maxCCCfgRatio[]=[0,0] maxCCSentC[]=[0, 0] maxMimoCfgT[]=[0, 0] maxMimoCfgRatio[]=[0,0] maxMimoSentC[]=[0, 0] releasePreferCfgT[]=[0, 0] releasePreferCfgRatio[]=[0,0] release2IdleSentC[]=[0, 0] release2OutOfConnectSentC[]=[0, 0] releaseSentC[]=[0, 0] wusCfgT[]=[0, 0] wusCfgRatio[]=[0,0] wus0CfgC[]=[0, 0] wus1fgC[]=[0, 0] skipUlTxCfgT[]=[0, 0] skipUlTxCfgRatio[]=[0,0] skipUlDyTxC[]=[0, 0] plmnSearchT[]=[0, 0] lteBgSearchT[]=[0, 0] nrBgSearchT[]=[0, 0]}]
07-24 17:30:07.749  2466 30631 D NetworkMonitor/118: Forcing reevaluation for UID 1000. Dns signal count: 0
07-24 17:30:20.213  1835  2443 W NotificationService: Toast already killed. pkg=zln.mossogb.wfs token=android.os.BinderProxy@aa651d4
07-24 17:30:21.011  1835  6644 W NotificationService: Toast already killed. pkg=zln.mossogb.wfs token=android.os.BinderProxy@d121822
07-24 17:30:31.208  1835  2441 D OplusZoomWindowRUSConfigManager: isSupportZoomModeWithPolicyLocked: target = com.itsme.amkush/.ui.PaymentScreen
07-24 17:30:31.208  1835  2441 D OplusZoomWindowRUSConfigManager: targetPkg = com.itsme.amkush
07-24 17:30:31.215  1835  2441 D OplusZoomWindowRUSConfigManager: isSupportZoomModeWithPolicyLocked: target = com.itsme.amkush/.ui.PaymentScreen
07-24 17:30:31.215  1835  2441 D OplusZoomWindowRUSConfigManager: targetPkg = com.itsme.amkush
07-24 17:30:32.038  1835  5644 D OplusTransitionController: onSyncFinishedDrawing, Window{c6aa2a7 u0 com.itsme.amkush/com.itsme.amkush.ui.PaymentScreen}
07-24 17:30:32.059  2284  2437 V WindowManagerShell:  try handler com.oplus.zoom.transition.ZoomTransitionController@59f5fa4
07-24 17:30:32.628  2284  2437 V WindowManagerShell: Transition animation finished (aborted=false), notifying core (#588)android.os.BinderProxy@3bdfd98@0
07-24 17:30:46.214  3958  3958 I InputBundleManager: InputBundleManager.startInput():356 startInput2 restarting=false
07-24 17:30:46.460  2284  2437 D ZoomController: forAllRootTaskManagers  managerSize = 0
07-24 17:30:46.589  2284  2437 D ZoomController: forAllRootTaskManagers  managerSize = 0
07-24 17:30:54.960  1835  2549 W NotificationService: Toast already killed. pkg=zln.mossogb.wfs token=android.os.BinderProxy@92f6d79
07-24 17:30:59.168  1708  1741 D RmcNwHdlr: [0] requestSignalStrength:sigRegisted[0000], sigUpdated[0X01]
07-24 17:30:59.168  1708  1741 D RmcNwHdlr: [0] handleSignalStrength, gsm_signal_strength: 29, gsm_bit_error_rate: 99, gsm_timing_advance: 2147483647, cdma_dbm: 2147483647, cdma_ecio: 2147483647, evdo_dbm: 2147483647, evdo_ecio: 2147483647, evdo_snr: 2147483647, lte_signal_strength: 99, lte_rsrp: 2147483647, lte_rsrq: 2147483647, lte_rssnr: 2147483647, lte_cqi: 2147483647, lte_timing_advance: 2147483647, tdscdma_signal_strength: 99, tdscdma_bit_error_rate: 99, tdscdma_rscp: 255, wcdma_signal_strength: 0, wcdma_bit_error_rate: 99, wcdma_scdma_rscp: 5, wcdma_ecno: 12, ssRsrp: 2147483647, ssRsrq: 2147483647, ssSinr: 2147483647, csiRsrp: 2147483647, csiRsrq: 2147483647, csiSinr: 2147483647
07-24 17:30:59.199  2516  2760 D OplusSignalSmooth/0: onSignalStrengthResultExt,oldSignalStrength:SignalStrength:{mCdma=CellSignalStrengthCdma: cdmaDbm=2147483647 cdmaEcio=2147483647 evdoDbm=2147483647 evdoEcio=2147483647 evdoSnr=2147483647 level=0,mGsm=CellSignalStrengthGsm: rssi=-51 ber=99 mTa=2147483647 mLevel=4,mWcdma=CellSignalStrengthWcdma: ss=2147483647 ber=2147483647 rscp=2147483647 ecno=2147483647 level=0,mTdscdma=CellSignalStrengthTdscdma: rssi=2147483647 ber=2147483647 rscp=2147483647 level=0,mLte=CellSignalStrengthLte: rssi=2147483647 rsrp=2147483647 rsrq=2147483647 rssnr=2147483647 cqiTableIndex=2147483647 cqi=2147483647 ta=2147483647 level=0 parametersUseForLevel=1,mNr=CellSignalStrengthNr:{ csiRsrp = 2147483647 csiRsrq = 2147483647 csiCqiTableIndex = 2147483647 csiCqiReport = [] ssRsrp = 2147483647 ssRsrq = 2147483647 ssSinr = 2147483647 level = 0 parametersUseForLevel = 1 timingAdvance = 2147483647 },primary=CellSignalStrengthGsm}
07-24 17:30:59.199  2516  2760 D OplusSignalSmooth/0: mOrigSignalStrength:SignalStrength:{mCdma=CellSignalStrengthCdma: cdmaDbm=2147483647 cdmaEcio=2147483647 evdoDbm=2147483647 evdoEcio=2147483647 evdoSnr=2147483647 level=0,mGsm=CellSignalStrengthGsm: rssi=-55 ber=99 mTa=2147483647 mLevel=4,mWcdma=CellSignalStrengthWcdma: ss=2147483647 ber=2147483647 rscp=2147483647 ecno=2147483647 level=0,mTdscdma=CellSignalStrengthTdscdma: rssi=2147483647 ber=2147483647 rscp=2147483647 level=0,mLte=CellSignalStrengthLte: rssi=2147483647 rsrp=2147483647 rsrq=2147483647 rssnr=2147483647 cqiTableIndex=2147483647 cqi=2147483647 ta=2147483647 level=0 parametersUseForLevel=1,mNr=CellSignalStrengthNr:{ csiRsrp = 2147483647 csiRsrq = 2147483647 csiCqiTableIndex = 2147483647 csiCqiReport = [] ssRsrp = 2147483647 ssRsrq = 2147483647 ssSinr = 2147483647 level = 0 parametersUseForLevel = 1 timingAdvance = 2147483647 },primary=CellSignalStrengthGsm}
07-24 17:30:59.199  2516  2760 D OplusSignalSmooth/0: no service fix signal...
07-24 17:30:59.204  2516  2760 D OplusSignalSmooth/0: notifySignalStrength, mSignalStrength: SignalStrength:{mCdma=CellSignalStrengthCdma: cdmaDbm=2147483647 cdmaEcio=2147483647 evdoDbm=2147483647 evdoEcio=2147483647 evdoSnr=2147483647 level=0,mGsm=CellSignalStrengthGsm: rssi=-55 ber=99 mTa=2147483647 mLevel=4,mWcdma=CellSignalStrengthWcdma: ss=2147483647 ber=2147483647 rscp=2147483647 ecno=2147483647 level=0,mTdscdma=CellSignalStrengthTdscdma: rssi=2147483647 ber=2147483647 rscp=2147483647 level=0,mLte=CellSignalStrengthLte: rssi=2147483647 rsrp=2147483647 rsrq=2147483647 rssnr=2147483647 cqiTableIndex=2147483647 cqi=2147483647 ta=2147483647 level=0 parametersUseForLevel=1,mNr=CellSignalStrengthNr:{ csiRsrp = 2147483647 csiRsrq = 2147483647 csiCqiTableIndex = 2147483647 csiCqiReport = [] ssRsrp = 2147483647 ssRsrq = 2147483647 ssSinr = 2147483647 level = 0 parametersUseForLevel = 1 timingAdvance = 2147483647 },primary=CellSignalStrengthGsm}
07-24 17:31:00.496  2284  2685 I SystemUi--Statusbar: NetworkController.WifiSignalController-->handleStatusUpdated state=3 enabled=true connected=true isDefaultNetwork=true rssi=-37 level=4 wifiStandard=4 statusLabel=null isDirty=false
07-24 17:31:00.500  2284  2685 I SystemUi--Statusbar: NetworkController.WifiSignalController-->handleStatusUpdated state=3 enabled=true connected=true isDefaultNetwork=true rssi=-37 level=4 wifiStandard=4 statusLabel=null isDirty=false
07-24 17:31:00.502  2284  2685 I SystemUi--Statusbar: NetworkController.WifiSignalController-->handleStatusUpdated state=3 enabled=true connected=true isDefaultNetwork=true rssi=-37 level=4 wifiStandard=4 statusLabel=null isDirty=false
07-24 17:31:00.703  1708  1738 D RtcMwi  : [0] onHandleRequest: request id 60527 is RFX_MSG_REQUEST_SET_WIFI_SIGNAL_LEVEL
07-24 17:31:00.790  1708  1738 D RtcMwi  : [0] onHandleResponse, handle RFX_MSG_REQUEST_SET_WIFI_SIGNAL_LEVEL
07-24 17:31:02.967  2516  2516 D OplusSignalSmooth/0: oemOosDelayState should not delay oos
07-24 17:31:02.967  2516  2516 D OplusSignalSmooth/0: oemOosDelayState: mOosDelayState = 0, oldstate=0, mSimState = 1, isOos=true, isOosInVowifi:false, mRadioResetState = 0
07-24 17:31:02.981  2284  2437 D ZoomController: forAllRootTaskManagers  managerSize = 0
07-24 17:31:03.470  2284  2685 I SystemUi--Statusbar: NetworkController.WifiSignalController-->handleStatusUpdated state=3 enabled=true connected=true isDefaultNetwork=true rssi=-39 level=4 wifiStandard=4 statusLabel=null isDirty=false
07-24 17:31:03.472  2284  2685 I SystemUi--Statusbar: NetworkController.WifiSignalController-->handleStatusUpdated state=3 enabled=true connected=true isDefaultNetwork=true rssi=-39 level=4 wifiStandard=4 statusLabel=null isDirty=false
07-24 17:31:03.474  2284  2685 I SystemUi--Statusbar: NetworkController.WifiSignalController-->handleStatusUpdated state=3 enabled=true connected=true isDefaultNetwork=true rssi=-39 level=4 wifiStandard=4 statusLabel=null isDirty=false
07-24 17:31:03.487  1708  1738 D RtcMwi  : [0] onHandleRequest: request id 60527 is RFX_MSG_REQUEST_SET_WIFI_SIGNAL_LEVEL
07-24 17:31:03.491  1708  1738 D RtcMwi  : [0] onHandleResponse, handle RFX_MSG_REQUEST_SET_WIFI_SIGNAL_LEVEL
07-24 17:31:03.679  1835  1884 I libprocessgroup: Successfully killed process cgroup uid 10279 pid 22370 in 33ms
07-24 17:31:03.715  2284  2437 D ZoomController: forAllRootTaskManagers  managerSize = 0
07-24 17:31:03.934   865   865 I Zygote  : Process 21709 exited due to signal 9 (Killed)
07-24 17:31:04.183   865   865 I Zygote  : Process 20946 exited due to signal 9 (Killed)
07-24 17:31:04.184   865   865 I Zygote  : Process 22370 exited due to signal 9 (Killed)
07-24 17:31:04.192  1835  1884 I libprocessgroup: Successfully killed process cgroup uid 10156 pid 20946 in 0ms
07-24 17:31:04.209  1835  1884 I libprocessgroup: Successfully killed process cgroup uid 1000 pid 21709 in 0ms
07-24 17:31:06.145  1835  2549 D OplusZoomWindowRUSConfigManager: isSupportZoomModeWithPolicyLocked: target = com.itsme.amkush/.ui.TabsScreen
07-24 17:31:06.145  1835  2549 D OplusZoomWindowRUSConfigManager: targetPkg = com.itsme.amkush
07-24 17:31:06.153  1835  2549 D OplusZoomWindowRUSConfigManager: isSupportZoomModeWithPolicyLocked: target = com.itsme.amkush/.ui.TabsScreen
07-24 17:31:06.153  1835  2549 D OplusZoomWindowRUSConfigManager: targetPkg = com.itsme.amkush
07-24 17:31:06.902  1708  1741 D RmcNwHdlr: [0] requestSignalStrength:sigRegisted[0000], sigUpdated[0X01]
07-24 17:31:06.902  1708  1741 D RmcNwHdlr: [0] handleSignalStrength, gsm_signal_strength: 26, gsm_bit_error_rate: 99, gsm_timing_advance: 2147483647, cdma_dbm: 2147483647, cdma_ecio: 2147483647, evdo_dbm: 2147483647, evdo_ecio: 2147483647, evdo_snr: 2147483647, lte_signal_strength: 99, lte_rsrp: 2147483647, lte_rsrq: 2147483647, lte_rssnr: 2147483647, lte_cqi: 2147483647, lte_timing_advance: 2147483647, tdscdma_signal_strength: 99, tdscdma_bit_error_rate: 99, tdscdma_rscp: 255, wcdma_signal_strength: 0, wcdma_bit_error_rate: 99, wcdma_scdma_rscp: 5, wcdma_ecno: 12, ssRsrp: 2147483647, ssRsrq: 2147483647, ssSinr: 2147483647, csiRsrp: 2147483647, csiRsrq: 2147483647, csiSinr: 2147483647
07-24 17:31:06.914  2516  2760 D OplusSignalSmooth/0: onSignalStrengthResultExt,oldSignalStrength:SignalStrength:{mCdma=CellSignalStrengthCdma: cdmaDbm=2147483647 cdmaEcio=2147483647 evdoDbm=2147483647 evdoEcio=2147483647 evdoSnr=2147483647 level=0,mGsm=CellSignalStrengthGsm: rssi=-55 ber=99 mTa=2147483647 mLevel=4,mWcdma=CellSignalStrengthWcdma: ss=2147483647 ber=2147483647 rscp=2147483647 ecno=2147483647 level=0,mTdscdma=CellSignalStrengthTdscdma: rssi=2147483647 ber=2147483647 rscp=2147483647 level=0,mLte=CellSignalStrengthLte: rssi=2147483647 rsrp=2147483647 rsrq=2147483647 rssnr=2147483647 cqiTableIndex=2147483647 cqi=2147483647 ta=2147483647 level=0 parametersUseForLevel=1,mNr=CellSignalStrengthNr:{ csiRsrp = 2147483647 csiRsrq = 2147483647 csiCqiTableIndex = 2147483647 csiCqiReport = [] ssRsrp = 2147483647 ssRsrq = 2147483647 ssSinr = 2147483647 level = 0 parametersUseForLevel = 1 timingAdvance = 2147483647 },primary=CellSignalStrengthGsm}
07-24 17:31:06.914  2516  2760 D OplusSignalSmooth/0: mOrigSignalStrength:SignalStrength:{mCdma=CellSignalStrengthCdma: cdmaDbm=2147483647 cdmaEcio=2147483647 evdoDbm=2147483647 evdoEcio=2147483647 evdoSnr=2147483647 level=0,mGsm=CellSignalStrengthGsm: rssi=-61 ber=99 mTa=2147483647 mLevel=4,mWcdma=CellSignalStrengthWcdma: ss=2147483647 ber=2147483647 rscp=2147483647 ecno=2147483647 level=0,mTdscdma=CellSignalStrengthTdscdma: rssi=2147483647 ber=2147483647 rscp=2147483647 level=0,mLte=CellSignalStrengthLte: rssi=2147483647 rsrp=2147483647 rsrq=2147483647 rssnr=2147483647 cqiTableIndex=2147483647 cqi=2147483647 ta=2147483647 level=0 parametersUseForLevel=1,mNr=CellSignalStrengthNr:{ csiRsrp = 2147483647 csiRsrq = 2147483647 csiCqiTableIndex = 2147483647 csiCqiReport = [] ssRsrp = 2147483647 ssRsrq = 2147483647 ssSinr = 2147483647 level = 0 parametersUseForLevel = 1 timingAdvance = 2147483647 },primary=CellSignalStrengthGsm}
07-24 17:31:06.914  2516  2760 D OplusSignalSmooth/0: no service fix signal...
07-24 17:31:06.918  2516  2760 D OplusSignalSmooth/0: notifySignalStrength, mSignalStrength: SignalStrength:{mCdma=CellSignalStrengthCdma: cdmaDbm=2147483647 cdmaEcio=2147483647 evdoDbm=2147483647 evdoEcio=2147483647 evdoSnr=2147483647 level=0,mGsm=CellSignalStrengthGsm: rssi=-61 ber=99 mTa=2147483647 mLevel=4,mWcdma=CellSignalStrengthWcdma: ss=2147483647 ber=2147483647 rscp=2147483647 ecno=2147483647 level=0,mTdscdma=CellSignalStrengthTdscdma: rssi=2147483647 ber=2147483647 rscp=2147483647 level=0,mLte=CellSignalStrengthLte: rssi=2147483647 rsrp=2147483647 rsrq=2147483647 rssnr=2147483647 cqiTableIndex=2147483647 cqi=2147483647 ta=2147483647 level=0 parametersUseForLevel=1,mNr=CellSignalStrengthNr:{ csiRsrp = 2147483647 csiRsrq = 2147483647 csiCqiTableIndex = 2147483647 csiCqiReport = [] ssRsrp = 2147483647 ssRsrq = 2147483647 ssSinr = 2147483647 level = 0 parametersUseForLevel = 1 timingAdvance = 2147483647 },primary=CellSignalStrengthGsm}
07-24 17:31:06.986  1835  6644 D OplusTransitionController: onSyncFinishedDrawing, Window{bb2c7c8 u0 com.itsme.amkush/com.itsme.amkush.ui.TabsScreen}
07-24 17:31:07.014  2284  2437 V WindowManagerShell:  try handler com.oplus.zoom.transition.ZoomTransitionController@59f5fa4
07-24 17:31:07.575  2284  2437 V WindowManagerShell: Transition animation finished (aborted=false), notifying core (#589)android.os.BinderProxy@c9e7df6@0
07-24 17:31:09.091  9971  1016 I Process : Sending signal. PID: 9971 SIG: 9
07-24 17:31:09.932   865   865 I Zygote  : Process 9971 exited due to signal 9 (Killed)
07-24 17:31:09.948  1835  1884 I libprocessgroup: Successfully killed process cgroup uid 1000 pid 9971 in 15ms
07-24 17:31:10.262  1835  5303 W NotificationService: Toast already killed. pkg=com.itsme.amkush token=android.os.BinderProxy@dfc98e5
07-24 17:31:10.406  1835  5303 D OplusZoomWindowRUSConfigManager: isSupportZoomModeWithPolicyLocked: target = com.google.android.documentsui/com.android.documentsui.picker.PickActivity
07-24 17:31:10.406  1835  5303 D OplusZoomWindowRUSConfigManager: targetPkg = com.google.android.documentsui
07-24 17:31:10.420  1835  5303 D OplusZoomWindowRUSConfigManager: isSupportZoomModeWithPolicyLocked: target = com.google.android.documentsui/com.android.documentsui.picker.PickActivity
07-24 17:31:10.421  1835  5303 D OplusZoomWindowRUSConfigManager: targetPkg = com.google.android.documentsui
07-24 17:31:10.566  1835  3230 D OplusTransitionController: onSyncFinishedDrawing, Window{b34cf10 u0 Splash Screen com.google.android.documentsui}
07-24 17:31:10.569  1835  1869 D ActivityTaskManager: onStartingWindowDrawn: wasTaskVisible=true, mStartingData=com.android.server.wm.SplashScreenStartingData@934a40e, finishing=false,mLaunchedFromBubble=false, mVisibleRequested=true, mDisplayContent=Display{#0 state=ON size=720x1612 ROTATION_0}, isZoomMode=false
07-24 17:31:10.574  1835  1869 D ActivityTaskManager: onStartingWindowDrawn: wasTaskVisible=true, mStartingData=com.android.server.wm.SplashScreenStartingData@934a40e, finishing=false,mLaunchedFromBubble=false, mVisibleRequested=true, mDisplayContent=Display{#0 state=ON size=720x1612 ROTATION_0}, isZoomMode=false
07-24 17:31:10.578  1835  1869 D ActivityTaskManager: onStartingWindowDrawn: wasTaskVisible=true, mStartingData=com.android.server.wm.SplashScreenStartingData@934a40e, finishing=false,mLaunchedFromBubble=false, mVisibleRequested=true, mDisplayContent=Display{#0 state=ON size=720x1612 ROTATION_0}, isZoomMode=false
07-24 17:31:10.581  1835  1869 D ActivityTaskManager: onStartingWindowDrawn: wasTaskVisible=true, mStartingData=com.android.server.wm.SplashScreenStartingData@934a40e, finishing=false,mLaunchedFromBubble=false, mVisibleRequested=true, mDisplayContent=Display{#0 state=ON size=720x1612 ROTATION_0}, isZoomMode=false
07-24 17:31:10.592  2284  2437 V WindowManagerShell:  try handler com.oplus.zoom.transition.ZoomTransitionController@59f5fa4
07-24 17:31:11.057  1835  5759 W NotificationService: Toast already killed. pkg=zln.mossogb.wfs token=android.os.BinderProxy@3b1596
07-24 17:31:11.147  2284  2437 V WindowManagerShell: Transition animation finished (aborted=false), notifying core (#590)android.os.BinderProxy@8d3c4d9@0
07-24 17:31:11.685  1835  3230 W NotificationService: Toast already killed. pkg=zln.mossogb.wfs token=android.os.BinderProxy@9238791
07-24 17:31:12.195  1835  1884 I libprocessgroup: Successfully killed process cgroup uid 10168 pid 21893 in 51ms
07-24 17:31:12.199   865   865 I Zygote  : Process 21893 exited due to signal 9 (Killed)
07-24 17:31:12.510  1835  2618 I OsenseKillAction: scanCchEmptyProc: skip ProcessInfo{10511:com.oplus.stdsp/u0a141 oom:SVC/18/800/started-services mem:7/11/34 extra:483s/true/false/1/0/false}: treat-like-active
07-24 17:31:12.510  1835  2618 I OsenseKillAction: scanCchEmptyProc: skip ProcessInfo{16549:com.oplus.securitypermission/1000 oom:SVC/22/800/started-services mem:15/13/39 extra:146s/true/false/5/5/false}: treat-like-active
07-24 17:31:12.510  1835  2618 I OsenseKillAction: scanCchEmptyProc: skip ProcessInfo{2017:com.oplus.cosa/u0a148 oom:SVC/25/500/started-services mem:17/11/34 extra:103s/true/false/4/6/false}: high-adj
07-24 17:31:12.510  1835  2618 I OsenseKillAction: scanCchEmptyProc: skip ProcessInfo{2855:com.oplus.midas/1000 oom:SVC/26/500/started-services mem:14/12/38 extra:67s/true/false/3/9/false}: high-adj
07-24 17:31:12.510  1835  2618 I OsenseKillAction: scanCchEmptyProc: skip ProcessInfo{32697:com.android.vending:background/u0a110 oom:CEM/31/955/cch-empty mem:0/9/28 extra:10s/true/false/1/1/false}: treat-like-active
07-24 17:31:12.510  1835  2618 I OsenseKillAction: scanCchEmptyProc: skip ProcessInfo{32495:com.android.vending/u0a110 oom:CEM/32/945/cch-empty mem:0/9/28 extra:3s/true/false/1/6/false}: treat-like-active
07-24 17:31:12.510  1835  2618 I OsenseKillAction: scanCchEmptyProc: skip ProcessInfo{21174:com.google.android.gms/u0a120 oom:CEM/33/935/cch-empty mem:82/9/29 extra:3s/true/false/2/21/false}: treat-like-active
07-24 17:31:12.511  1835  2618 I OsenseKillAction: scanCchEmptyProc: skip ProcessInfo{8779:org.telegram.messenger.web/u0a301 oom:SVC/46/905/cch-started-ui-services mem:162/34/78 extra:267s/false/true/1/7/false}: shown-ui
07-24 17:31:12.511  1835  2618 I OsenseKillAction: KillAction: don't check adj for non perceptible fgs app: ProcessInfo{13804:com.termux/u0a291 oom:FGS/47/200/fg-service mem:33/20/36}
07-24 17:31:12.511  1835  2618 I OsenseKillAction: scanCchEmptyProc: skip ProcessInfo{13804:com.termux/u0a291 oom:FGS/47/200/fg-service mem:33/20/36 extra:155s/false/true/1/4/false}: shown-ui
07-24 17:31:12.512  1835  2618 I OsenseKillAction: scanOomAdj: skip scan oom adj for lowmem
07-24 17:31:12.513  1835  2618 I OsenseKillAction: KillAction: Kill ProcessInfo{4382:com.android.contacts/u0a224 oom:SVC/16/800/started-services mem:13/12/37 extra:736s/true/false/1/13/false}: CachedClean 1ms
07-24 17:31:12.515  1835  2618 I OsenseKillAction: KillAction: Kill ProcessInfo{27381:com.android.settings/1000 oom:CEM/27/985/cch-empty mem:46/9/29 extra:67s/true/false/0/19/false}: CachedClean 2ms
07-24 17:31:12.517  1835  2618 I OsenseKillAction: KillAction: Kill ProcessInfo{32356:com.oppo.quicksearchbox/u0a222 oom:CEM/29/975/cch-empty mem:0/9/28 extra:14s/true/false/0/28/false}: CachedClean 2ms
07-24 17:31:12.518  1835  2618 I OsenseKillAction: KillAction: Kill ProcessInfo{823:zln.mossogb.wfs/u0a279 oom:CEM/34/925/cch-empty mem:0/9/28 extra:4s/false/false/0/1/false}: CachedClean 1ms
07-24 17:31:12.519  1835  2618 I OsenseKillAction: KillAction: Kill ProcessInfo{21269:com.google.process.gservices/u0a120 oom:CEM/40/915/cch-empty mem:9/9/29 extra:2s/true/false/0/1/false}: CachedClean 1ms
07-24 17:31:12.520  1835  2618 I OsenseKillAction: KillAction: Kill ProcessInfo{32592:com.google.process.gapps/u0a120 oom:CEM/30/965/cch-empty mem:0/9/30 extra:12s/true/false/0/4/false}: CachedClean 1ms
07-24 17:31:12.521  1835  2618 I OsenseKillAction: KillAction: [atomic clean] end requestId=750, endAvail=905mb, reclaimed: [pss=69mb, anonRss=57mb, swap=181mb, mem=57mb, Rss=566mb], timing: [total=63ms, update=8ms, readMem=38ms, group=2ms, cch=2ms, nonUi=1ms, oomadj=0ms, allProc=0ms, monitor=0ms, kill=8ms]
07-24 17:31:12.609  1835  1884 I libprocessgroup: Successfully killed process cgroup uid 10224 pid 4382 in 93ms
07-24 17:31:12.636   865   865 I Zygote  : Process 823 exited due to signal 9 (Killed)
07-24 17:31:12.653  1835  2222 I Process : Sending signal. PID: 27381 SIG: 9
07-24 17:31:12.655  1835  2222 I Process : Sending signal. PID: 32356 SIG: 9
07-24 17:31:12.656  1835  2222 I Process : Sending signal. PID: 32592 SIG: 9
07-24 17:31:12.658  1835  2222 I Process : Sending signal. PID: 32697 SIG: 9
07-24 17:31:12.658  1835  2218 I libprocessgroup: Successfully killed process cgroup uid 1000 pid 27381 in 0ms
07-24 17:31:12.691  1835  2222 I Process : Sending signal. PID: 32495 SIG: 9
07-24 17:31:12.694  1835  2222 I Process : Sending signal. PID: 21174 SIG: 9
07-24 17:31:12.697  1835  2222 I Process : Sending signal. PID: 21269 SIG: 9
07-24 17:31:12.747  1835  2222 I Athena  : OplusClearSystemService : OOM MemInfo: Native=2741,711 System=354,181 Persistent=1438,509 PersistentService=210,72 Foreground=476,169 Visible=1784,656 Perceptible=583,262 PerceptibleMedium=168,56 AServices=211,74 Previous=189,77 BServices=201,71 Cached=1115,431
07-24 17:31:12.747  1835  2222 I Athena  : OplusClearSystemService : OOM UidInfo: System={1000=null} Persistent={1000=null, 1001=null, 1068=null, 1073=null, 10191=null, 10245=null} PersistentService={1001=null, 10262=null} Foreground={1000=null, 10071=null, 10106=null, 10279=null, 10291=C:[84]|U:1, 10307=C:[84, 100]|U:0} Visible={1000=null, 10102=null, 10120=null, 10121=null, 10180=null, 10187=null, 10205=null, 10223=null, 10243=null, 10271=null} Perceptible={10232=null, 10291=C:[84]|U:1, 10307=C:[84, 100]|U:0} PerceptibleMedium={10284=null} AServices={1000=null, 10148=null} Previous={10232=null} BServices={1000=null, 10141=null} Cached={10110=null, 10120=null, 10279=null, 10301=C:[56]|U:2}
07-24 17:31:12.752  1835  2222 I Process : Sending signal. PID: 28003 SIG: 9
07-24 17:31:12.756  1835  2222 I Process : Sending signal. PID: 16549 SIG: 9
07-24 17:31:12.758  1835  2222 I Process : Sending signal. PID: 10511 SIG: 9
07-24 17:31:12.760  1835  2222 I Process : Sending signal. PID: 4382 SIG: 9
07-24 17:31:12.761  1835  2222 I Athena  : MemoryGuardAction:  killed 12, reclaimed 445MB(1229MB), 273
07-24 17:31:12.763  1835  3611 I ActivityManager: Process com.google.process.gservices (pid 21269) has died: cch+15 CEM 
07-24 17:31:12.856  1835  6737 I OplusAppSwitchManagerService: hanldeBinderDied
07-24 17:31:12.921  1835  3479 W ActivityManager: 	at com.android.server.am.ActivityManagerService.handleAppDiedLocked(ActivityManagerService.java:3715)
07-24 17:31:12.921  1835  3479 W ActivityManager: 	at com.android.server.am.ActivityManagerService.appDiedLocked(ActivityManagerService.java:3916)
07-24 17:31:12.963   865   865 I Zygote  : Process 27381 exited due to signal 9 (Killed)
07-24 17:31:12.972  1835  2218 I libprocessgroup: Successfully killed process cgroup uid 10222 pid 32356 in 0ms
07-24 17:31:13.082   865   865 I Zygote  : Process 10511 exited due to signal 9 (Killed)
07-24 17:31:13.083   865   865 I Zygote  : Process 16549 exited due to signal 9 (Killed)
07-24 17:31:13.083   865   865 I Zygote  : Process 4382 exited due to signal 9 (Killed)
07-24 17:31:13.083   865   865 I Zygote  : Process 21174 exited due to signal 9 (Killed)
07-24 17:31:13.084   865   865 I Zygote  : Process 21269 exited due to signal 9 (Killed)
07-24 17:31:13.084   865   865 I Zygote  : Process 32495 exited due to signal 9 (Killed)
07-24 17:31:13.084   865   865 I Zygote  : Process 32592 exited due to signal 9 (Killed)
07-24 17:31:13.084   865   865 I Zygote  : Process 32697 exited due to signal 9 (Killed)
07-24 17:31:13.097   865   865 I Zygote  : Process 32356 exited due to signal 9 (Killed)
07-24 17:31:13.117  1835  1884 I libprocessgroup: Successfully killed process cgroup uid 1000 pid 27381 in 0ms
07-24 17:31:13.117  1835  1884 I libprocessgroup: Successfully killed process cgroup uid 10222 pid 32356 in 0ms
07-24 17:31:13.119  1835  2218 I libprocessgroup: Successfully killed process cgroup uid 10120 pid 32592 in 0ms
07-24 17:31:13.119  1835  2218 I libprocessgroup: Successfully killed process cgroup uid 10110 pid 32697 in 0ms
07-24 17:31:13.206  1835  2218 I libprocessgroup: Successfully killed process cgroup uid 10110 pid 32495 in 0ms
07-24 17:31:13.207  1835  2218 I libprocessgroup: Successfully killed process cgroup uid 10120 pid 21174 in 0ms
07-24 17:31:13.207  1835  2218 I libprocessgroup: Successfully killed process cgroup uid 10120 pid 21269 in 0ms
07-24 17:31:13.209  1835  2218 I libprocessgroup: Successfully killed process cgroup uid 10284 pid 28003 in 0ms
07-24 17:31:13.264  1835  1869 D ActivityTaskManager: onStartingWindowDrawn: wasTaskVisible=true, mStartingData=null, finishing=false,mLaunchedFromBubble=false, mVisibleRequested=true, mDisplayContent=Display{#0 state=ON size=720x1612 ROTATION_0}, isZoomMode=false
07-24 17:31:13.479   865   865 I Zygote  : Process 28003 exited due to signal 9 (Killed)
07-24 17:31:13.483  1835  2218 I libprocessgroup: Successfully killed process cgroup uid 1000 pid 16549 in 0ms
07-24 17:31:13.484  1835  2218 I libprocessgroup: Successfully killed process cgroup uid 10141 pid 10511 in 0ms
07-24 17:31:13.484  1835  2218 I libprocessgroup: Successfully killed process cgroup uid 10224 pid 4382 in 0ms
07-24 17:31:13.816  1835  1884 I libprocessgroup: Successfully killed process cgroup uid 10279 pid 823 in 698ms
07-24 17:31:13.817  1835  1884 I libprocessgroup: Successfully killed process cgroup uid 10120 pid 21269 in 0ms
07-24 17:31:13.817  1835  1884 I libprocessgroup: Successfully killed process cgroup uid 10120 pid 32592 in 0ms
07-24 17:31:13.818  1835  1884 I libprocessgroup: Successfully killed process cgroup uid 10110 pid 32495 in 0ms
07-24 17:31:13.818  1835  1884 I libprocessgroup: Successfully killed process cgroup uid 10120 pid 21174 in 0ms
07-24 17:31:13.876  1835  1884 I libprocessgroup: Successfully killed process cgroup uid 10141 pid 10511 in 0ms
07-24 17:31:13.876  1835  1884 I libprocessgroup: Successfully killed process cgroup uid 1000 pid 16549 in 0ms
07-24 17:31:13.879  1835  1884 I libprocessgroup: Successfully killed process cgroup uid 10110 pid 32697 in 0ms
07-24 17:31:13.948  1835  1884 I libprocessgroup: Successfully killed process cgroup uid 10284 pid 28003 in 67ms
07-24 17:31:15.316  1930  1930 W ContextImpl: Calling a method in the system process without a qualified user: android.app.ContextImpl.bindService:2032 android.content.ContextWrapper.bindService:871 androidx.room.MultiInstanceInvalidationClient.<init>:13 androidx.room.InvalidationTracker.startMultiInstanceInvalidation:2 androidx.room.RoomDatabase.init:35 
07-24 17:31:15.966  1022  1022 I Process : Sending signal. PID: 1022 SIG: 9
07-24 17:31:16.342   865   865 I Zygote  : Process 1022 exited due to signal 9 (Killed)
07-24 17:31:16.355  1835  1884 I libprocessgroup: Successfully killed process cgroup uid 1000 pid 1022 in 0ms
07-24 17:31:17.727  1835  4102 W NotificationService: Toast already killed. pkg=zln.mossogb.wfs token=android.os.BinderProxy@2a8573d
07-24 17:31:20.376  1708  1741 D RmcNwHdlr: [0] requestSignalStrength:sigRegisted[0000], sigUpdated[0X01]
07-24 17:31:20.376  1708  1741 D RmcNwHdlr: [0] handleSignalStrength, gsm_signal_strength: 27, gsm_bit_error_rate: 99, gsm_timing_advance: 2147483647, cdma_dbm: 2147483647, cdma_ecio: 2147483647, evdo_dbm: 2147483647, evdo_ecio: 2147483647, evdo_snr: 2147483647, lte_signal_strength: 99, lte_rsrp: 2147483647, lte_rsrq: 2147483647, lte_rssnr: 2147483647, lte_cqi: 2147483647, lte_timing_advance: 2147483647, tdscdma_signal_strength: 99, tdscdma_bit_error_rate: 99, tdscdma_rscp: 255, wcdma_signal_strength: 0, wcdma_bit_error_rate: 99, wcdma_scdma_rscp: 5, wcdma_ecno: 12, ssRsrp: 2147483647, ssRsrq: 2147483647, ssSinr: 2147483647, csiRsrp: 2147483647, csiRsrq: 2147483647, csiSinr: 2147483647
07-24 17:31:20.399  2516  2760 D OplusSignalSmooth/0: onSignalStrengthResultExt,oldSignalStrength:SignalStrength:{mCdma=CellSignalStrengthCdma: cdmaDbm=2147483647 cdmaEcio=2147483647 evdoDbm=2147483647 evdoEcio=2147483647 evdoSnr=2147483647 level=0,mGsm=CellSignalStrengthGsm: rssi=-61 ber=99 mTa=2147483647 mLevel=4,mWcdma=CellSignalStrengthWcdma: ss=2147483647 ber=2147483647 rscp=2147483647 ecno=2147483647 level=0,mTdscdma=CellSignalStrengthTdscdma: rssi=2147483647 ber=2147483647 rscp=2147483647 level=0,mLte=CellSignalStrengthLte: rssi=2147483647 rsrp=2147483647 rsrq=2147483647 rssnr=2147483647 cqiTableIndex=2147483647 cqi=2147483647 ta=2147483647 level=0 parametersUseForLevel=1,mNr=CellSignalStrengthNr:{ csiRsrp = 2147483647 csiRsrq = 2147483647 csiCqiTableIndex = 2147483647 csiCqiReport = [] ssRsrp = 2147483647 ssRsrq = 2147483647 ssSinr = 2147483647 level = 0 parametersUseForLevel = 1 timingAdvance = 2147483647 },primary=CellSignalStrengthGsm}
07-24 17:31:20.399  2516  2760 D OplusSignalSmooth/0: mOrigSignalStrength:SignalStrength:{mCdma=CellSignalStrengthCdma: cdmaDbm=2147483647 cdmaEcio=2147483647 evdoDbm=2147483647 evdoEcio=2147483647 evdoSnr=2147483647 level=0,mGsm=CellSignalStrengthGsm: rssi=-59 ber=99 mTa=2147483647 mLevel=4,mWcdma=CellSignalStrengthWcdma: ss=2147483647 ber=2147483647 rscp=2147483647 ecno=2147483647 level=0,mTdscdma=CellSignalStrengthTdscdma: rssi=2147483647 ber=2147483647 rscp=2147483647 level=0,mLte=CellSignalStrengthLte: rssi=2147483647 rsrp=2147483647 rsrq=2147483647 rssnr=2147483647 cqiTableIndex=2147483647 cqi=2147483647 ta=2147483647 level=0 parametersUseForLevel=1,mNr=CellSignalStrengthNr:{ csiRsrp = 2147483647 csiRsrq = 2147483647 csiCqiTableIndex = 2147483647 csiCqiReport = [] ssRsrp = 2147483647 ssRsrq = 2147483647 ssSinr = 2147483647 level = 0 parametersUseForLevel = 1 timingAdvance = 2147483647 },primary=CellSignalStrengthGsm}
07-24 17:31:20.399  2516  2760 D OplusSignalSmooth/0: no service fix signal...
07-24 17:31:20.411  2516  2760 D OplusSignalSmooth/0: notifySignalStrength, mSignalStrength: SignalStrength:{mCdma=CellSignalStrengthCdma: cdmaDbm=2147483647 cdmaEcio=2147483647 evdoDbm=2147483647 evdoEcio=2147483647 evdoSnr=2147483647 level=0,mGsm=CellSignalStrengthGsm: rssi=-59 ber=99 mTa=2147483647 mLevel=4,mWcdma=CellSignalStrengthWcdma: ss=2147483647 ber=2147483647 rscp=2147483647 ecno=2147483647 level=0,mTdscdma=CellSignalStrengthTdscdma: rssi=2147483647 ber=2147483647 rscp=2147483647 level=0,mLte=CellSignalStrengthLte: rssi=2147483647 rsrp=2147483647 rsrq=2147483647 rssnr=2147483647 cqiTableIndex=2147483647 cqi=2147483647 ta=2147483647 level=0 parametersUseForLevel=1,mNr=CellSignalStrengthNr:{ csiRsrp = 2147483647 csiRsrq = 2147483647 csiCqiTableIndex = 2147483647 csiCqiReport = [] ssRsrp = 2147483647 ssRsrq = 2147483647 ssSinr = 2147483647 level = 0 parametersUseForLevel = 1 timingAdvance = 2147483647 },primary=CellSignalStrengthGsm}
07-24 17:31:25.351   603  1410 I keystore2: system/security/keystore2/src/watchdog.rs:319 - Watchdog thread idle -> terminating. Have a great day.
07-24 17:31:26.285  1835  2618 I OsenseKillAction: scanCchEmptyProc: skip ProcessInfo{2017:com.oplus.cosa/u0a148 oom:SVC/22/800/started-services mem:13/11/35 extra:117s/true/false/4/6/false}: treat-like-active
07-24 17:31:26.285  1835  2618 I OsenseKillAction: scanCchEmptyProc: skip ProcessInfo{2855:com.oplus.midas/1000 oom:SVC/23/800/started-services mem:12/12/38 extra:81s/true/false/3/9/false}: treat-like-active
07-24 17:31:26.285  1835  2618 I OsenseKillAction: scanCchEmptyProc: skip ProcessInfo{1930:com.heytap.mcs:msp_core/1000 oom:CEM/28/935/cch-empty mem:0/9/28 extra:11s/true/false/1/2/false}: treat-like-active
07-24 17:31:26.285  1835  2618 I OsenseKillAction: scanCchEmptyProc: skip ProcessInfo{1728:com.oplus.securitypermission/1000 oom:SVC/30/500/started-services mem:0/9/30 extra:11s/true/false/5/5/false}: high-adj
07-24 17:31:26.285  1835  2618 I OsenseKillAction: scanCchEmptyProc: skip ProcessInfo{2182:com.oplus.romupdate/u0a168 oom:SVC/37/0/provider mem:0/9/30 extra:2s/true/false/0/2/false}: high-adj
07-24 17:31:26.285  1835  2618 I OsenseKillAction: scanCchEmptyProc: skip ProcessInfo{8779:org.telegram.messenger.web/u0a301 oom:SVC/44/905/cch-started-ui-services mem:162/38/91 extra:281s/false/true/1/7/false}: shown-ui
07-24 17:31:26.285  1835  2618 I OsenseKillAction: KillAction: don't check adj for non perceptible fgs app: ProcessInfo{13804:com.termux/u0a291 oom:FGS/45/200/fg-service mem:33/21/39}
07-24 17:31:26.285  1835  2618 I OsenseKillAction: scanCchEmptyProc: skip ProcessInfo{13804:com.termux/u0a291 oom:FGS/45/200/fg-service mem:33/21/39 extra:169s/false/true/1/4/false}: shown-ui
07-24 17:31:26.286  1835  2618 I OsenseKillAction: scanOomAdj: skip scan oom adj for lowmem
07-24 17:31:26.290  1835  2618 I OsenseKillAction: KillAction: Kill ProcessInfo{2409:com.heytap.mcs.appservice/1000 oom:CEM/34/915/cch-empty mem:0/9/30 extra:9s/true/false/0/1/false}: CachedClean 4ms
07-24 17:31:26.291  1835  2618 I OsenseKillAction: KillAction: Kill ProcessInfo{1447:com.heytap.mcs:cloudctrl/1000 oom:CEM/33/925/cch-empty mem:0/9/29 extra:10s/true/false/0/1/false}: CachedClean 1ms
07-24 17:31:26.293  1835  2618 I OsenseKillAction: KillAction: Kill ProcessInfo{1920:zln.mossogb.wfs/u0a279 oom:CEM/41/905/cch-empty mem:0/9/28 extra:0s/false/false/0/1/false}: CachedClean 1ms
07-24 17:31:26.293  1835  2618 I OsenseKillAction: KillAction: [atomic clean] end requestId=751, endAvail=743mb, reclaimed: [pss=0mb, anonRss=27mb, swap=87mb, mem=27mb, Rss=270mb], timing: [total=56ms, update=8ms, readMem=35ms, group=2ms, cch=2ms, nonUi=0ms, oomadj=0ms, allProc=0ms, monitor=0ms, kill=7ms]
07-24 17:31:26.308  1835  1884 I libprocessgroup: Successfully killed process cgroup uid 1000 pid 2409 in 13ms
07-24 17:31:26.427   865   865 I Zygote  : Process 1447 exited due to signal 9 (Killed)
07-24 17:31:26.487   865   865 I Zygote  : Process 1920 exited due to signal 9 (Killed)
07-24 17:31:26.554   865   865 I Zygote  : Process 2409 exited due to signal 9 (Killed)
07-24 17:31:26.555  1835  3479 I ActivityManager: Process com.heytap.mcs.appservice (pid 2409) has died: cch+25 CEM 
07-24 17:31:26.558  1835  1884 I libprocessgroup: Successfully killed process cgroup uid 1000 pid 1447 in 0ms
07-24 17:31:26.593  1835  3351 D ActivityRecordExtImpl: skipPrepareAppTransitionForZoom false
07-24 17:31:27.036  1835  1884 I libprocessgroup: Successfully killed process cgroup uid 10279 pid 1920 in 477ms
07-24 17:31:27.411  1708  1741 D RmcNwHdlr: [0] requestSignalStrength:sigRegisted[0000], sigUpdated[0X01]
07-24 17:31:27.411  1708  1741 D RmcNwHdlr: [0] handleSignalStrength, gsm_signal_strength: 28, gsm_bit_error_rate: 99, gsm_timing_advance: 2147483647, cdma_dbm: 2147483647, cdma_ecio: 2147483647, evdo_dbm: 2147483647, evdo_ecio: 2147483647, evdo_snr: 2147483647, lte_signal_strength: 99, lte_rsrp: 2147483647, lte_rsrq: 2147483647, lte_rssnr: 2147483647, lte_cqi: 2147483647, lte_timing_advance: 2147483647, tdscdma_signal_strength: 99, tdscdma_bit_error_rate: 99, tdscdma_rscp: 255, wcdma_signal_strength: 0, wcdma_bit_error_rate: 99, wcdma_scdma_rscp: 5, wcdma_ecno: 12, ssRsrp: 2147483647, ssRsrq: 2147483647, ssSinr: 2147483647, csiRsrp: 2147483647, csiRsrq: 2147483647, csiSinr: 2147483647
07-24 17:31:27.499  1835  2511 D OplusTransitionController: onSyncFinishedDrawing, Window{bb2c7c8 u0 com.itsme.amkush/com.itsme.amkush.ui.TabsScreen}
