07-23 17:24:47.376  1835  1849 D OplusTransitionController: onSyncFinishedDrawing, Window{ab611b2 u0 com.itsme.amkush/com.itsme.amkush.ui.HomeScreen}
07-23 17:24:47.393  2284  2437 V WindowManagerShell:  try handler com.oplus.zoom.transition.ZoomTransitionController@59f5fa4
07-23 17:24:47.826  1835  2782 I ActivityManager: PendingStartActivityUids startActivity to updateOomAdj delay:1492ms, uid:10305
07-23 17:24:47.959  2284  2437 V WindowManagerShell: Transition animation finished (aborted=false), notifying core (#354)android.os.BinderProxy@5b994@0
07-23 17:24:48.167  1835  2618 I OsenseKillAction: scanCchEmptyProc: skip ProcessInfo{26684:com.oplus.crashbox/1000 oom:SVC/14/500/started-services mem:10/12/37 extra:563s/true/false/1/5/false}: high-adj
07-23 17:24:48.167  1835  2618 I OsenseKillAction: scanCchEmptyProc: skip ProcessInfo{11662:com.nearme.instant.platform/u0a283 oom:SVC/20/800/started-services mem:42/13/41 extra:296s/true/false/1/35/false}: treat-like-active
07-23 17:24:48.167  1835  2618 I OsenseKillAction: scanCchEmptyProc: skip ProcessInfo{13584:com.oplus.ota/u0a201 oom:SVC/21/800/started-services mem:14/11/35 extra:212s/true/false/3/8/false}: treat-like-active
07-23 17:24:48.167  1835  2618 I OsenseKillAction: scanCchEmptyProc: skip ProcessInfo{15928:com.oplus.stdsp/u0a141 oom:SVC/22/800/started-services mem:7/10/31 extra:83s/true/false/1/0/false}: treat-like-active
07-23 17:24:48.167  1835  2618 I OsenseKillAction: scanCchEmptyProc: skip ProcessInfo{9667:com.oplus.sau/1000 oom:SVC/27/800/started-services mem:14/11/36 extra:54s/true/false/3/6/false}: treat-like-active
07-23 17:24:48.167  1835  2618 I OsenseKillAction: scanCchEmptyProc: skip ProcessInfo{17680:com.coloros.alarmclock:clockWidget/u0a156 oom:CEM/29/915/cch-empty mem:17/9/29 extra:38s/true/false/0/0/false}: widget
07-23 17:24:48.167  1835  2618 I OsenseKillAction: scanCchEmptyProc: skip ProcessInfo{30844:com.oplus.cosa/u0a148 oom:SVC/30/500/started-services mem:12/10/32 extra:34s/true/false/4/6/false}: high-adj
07-23 17:24:48.167  1835  2618 I OsenseKillAction: scanCchEmptyProc: skip ProcessInfo{31224:com.oplus.midas/1000 oom:SVC/33/500/started-services mem:17/11/35 extra:7s/true/false/3/9/false}: high-adj
07-23 17:24:48.168  1835  2618 I OsenseKillAction: scanCchEmptyProc: skip ProcessInfo{19601:org.telegram.messenger.web/u0a301 oom:SVC/46/0/started-services mem:0/10/30 extra:0s/false/false/1/7/false}: high-adj
07-23 17:24:48.168  1835  2618 I OsenseKillAction: scanCchEmptyProc: skip ProcessInfo{19375:com.android.settings/1000 oom:CEM/47/905/cch-empty mem:0/18/27 extra:0s/true/true/0/19/false}: shown-ui
07-23 17:24:48.168  1835  2618 I OsenseKillAction: scanOomAdj: skip scan oom adj for lowmem
07-23 17:24:48.170  1835  2618 I OsenseKillAction: KillAction: Kill ProcessInfo{18037:com.oplus.statistics.rom/u0a106 oom:SVC/37/800/provider mem:0/9/28 extra:4s/true/false/0/5/false}: CachedClean 2ms
07-23 17:24:48.171  1835  2618 I OsenseKillAction: KillAction: Kill ProcessInfo{18074:com.oplus.statistics.rom:cc/u0a106 oom:SVC/34/800/provider mem:0/9/28 extra:4s/true/false/0/1/false}: CachedClean 1ms
07-23 17:24:48.173  1835  2618 I OsenseKillAction: KillAction: Kill ProcessInfo{19512:com.google.android.gms/u0a120 oom:CEM/44/905/cch-empty mem:0/9/29 extra:2s/true/false/0/21/false}: CachedClean 1ms
07-23 17:24:48.174  1835  2618 I OsenseKillAction: KillAction: Kill ProcessInfo{19433:com.oplus.romupdate/u0a168 oom:CEM/45/915/cch-empty mem:0/9/29 extra:0s/true/false/0/2/false}: CachedClean 1ms
07-23 17:24:48.174  1835  2618 I OsenseKillAction: KillAction: [atomic clean] end requestId=456, endAvail=1563mb, reclaimed: [pss=0mb, anonRss=36mb, swap=114mb, mem=36mb, Rss=396mb], timing: [total=45ms, update=7ms, readMem=27ms, group=2ms, cch=1ms, nonUi=1ms, oomadj=0ms, allProc=0ms, monitor=0ms, kill=5ms]
07-23 17:24:48.221  1835  2222 I Process : Sending signal. PID: 19433 SIG: 9
07-23 17:24:48.222  1835  2222 I Process : Sending signal. PID: 19375 SIG: 9
07-23 17:24:48.225  1835  2222 I Process : Sending signal. PID: 19512 SIG: 9
07-23 17:24:48.233  1835  2218 I libprocessgroup: Successfully killed process cgroup uid 10168 pid 19433 in 0ms
07-23 17:24:48.261  1835  2222 I Athena  : OplusClearSystemService : OOM MemInfo: Native=1479,251 System=377,200 Persistent=1453,498 PersistentService=212,71 Foreground=584,281 Visible=1825,664 Perceptible=330,128 AServices=317,117 Previous=123,46 BServices=421,145 Cached=540,154
07-23 17:24:48.261  1835  2222 I Athena  : OplusClearSystemService : OOM UidInfo: System={1000=null} Persistent={1000=null, 1001=null, 1068=null, 1073=null, 10191=null, 10245=null} PersistentService={1001=null, 10262=null} Foreground={1000=null, 10301=null, 10305=C:[8, 84, 100]|U:0} Visible={1000=null, 10102=null, 10120=null, 10121=null, 10180=null, 10187=null, 10205=null, 10223=null, 10268=null, 10271=null} Perceptible={10232=null, 10243=null} AServices={1000=null, 10148=null} Previous={10063=null} BServices={1000=null, 10141=null, 10201=null, 10283=null} Cached={1000=null, 10156=null, 10168=null}
07-23 17:24:48.264  1835  2222 I Athena  : MemoryGuardAction:  killed 3, reclaimed 114MB(426MB), 56
07-23 17:24:48.298  1835  3075 I OplusAppSwitchManagerService: hanldeBinderDied
07-23 17:24:48.373   865   865 I Zygote  : Process 19433 exited due to signal 9 (Killed)
07-23 17:24:48.391   865   865 I Zygote  : Process 19375 exited due to signal 9 (Killed)
07-23 17:24:48.391  1835  2218 I libprocessgroup: Successfully killed process cgroup uid 1000 pid 19375 in 0ms
07-23 17:24:48.398   865   865 I Zygote  : Process 18037 exited due to signal 9 (Killed)
07-23 17:24:48.399  1835  1884 I libprocessgroup: Successfully killed process cgroup uid 10106 pid 18037 in 228ms
07-23 17:24:48.400  1835  1884 I libprocessgroup: Successfully killed process cgroup uid 10106 pid 18074 in 0ms
07-23 17:24:48.400   865   865 I Zygote  : Process 18074 exited due to signal 9 (Killed)
07-23 17:24:48.401   865   865 I Zygote  : Process 19512 exited due to signal 9 (Killed)
07-23 17:24:48.402  1835  1884 I libprocessgroup: Successfully killed process cgroup uid 10120 pid 19512 in 1ms
07-23 17:24:48.403  1835  1884 I libprocessgroup: Successfully killed process cgroup uid 10168 pid 19433 in 0ms
07-23 17:24:48.448  1835  2218 I libprocessgroup: Successfully killed process cgroup uid 10120 pid 19512 in 12ms
07-23 17:24:48.503  1835  1884 I libprocessgroup: Successfully killed process cgroup uid 1000 pid 19375 in 0ms
07-23 17:24:50.986   603 19370 I keystore2: system/security/keystore2/src/watchdog.rs:319 - Watchdog thread idle -> terminating. Have a great day.
07-23 17:25:00.202  1708  1741 D RmcNwHdlr: [0] requestSignalStrength:sigRegisted[0000], sigUpdated[0X01]
07-23 17:25:00.202  1708  1741 D RmcNwHdlr: [0] handleSignalStrength, gsm_signal_strength: 18, gsm_bit_error_rate: 99, gsm_timing_advance: 2147483647, cdma_dbm: 2147483647, cdma_ecio: 2147483647, evdo_dbm: 2147483647, evdo_ecio: 2147483647, evdo_snr: 2147483647, lte_signal_strength: 99, lte_rsrp: 2147483647, lte_rsrq: 2147483647, lte_rssnr: 2147483647, lte_cqi: 2147483647, lte_timing_advance: 2147483647, tdscdma_signal_strength: 99, tdscdma_bit_error_rate: 99, tdscdma_rscp: 255, wcdma_signal_strength: 0, wcdma_bit_error_rate: 99, wcdma_scdma_rscp: 5, wcdma_ecno: 12, ssRsrp: 2147483647, ssRsrq: 2147483647, ssSinr: 2147483647, csiRsrp: 2147483647, csiRsrq: 2147483647, csiSinr: 2147483647
07-23 17:25:00.220  2516  2760 D OplusSignalSmooth/0: onSignalStrengthResultExt,oldSignalStrength:SignalStrength:{mCdma=CellSignalStrengthCdma: cdmaDbm=2147483647 cdmaEcio=2147483647 evdoDbm=2147483647 evdoEcio=2147483647 evdoSnr=2147483647 level=0,mGsm=CellSignalStrengthGsm: rssi=-73 ber=99 mTa=2147483647 mLevel=4,mWcdma=CellSignalStrengthWcdma: ss=2147483647 ber=2147483647 rscp=2147483647 ecno=2147483647 level=0,mTdscdma=CellSignalStrengthTdscdma: rssi=2147483647 ber=2147483647 rscp=2147483647 level=0,mLte=CellSignalStrengthLte: rssi=2147483647 rsrp=2147483647 rsrq=2147483647 rssnr=2147483647 cqiTableIndex=2147483647 cqi=2147483647 ta=2147483647 level=0 parametersUseForLevel=1,mNr=CellSignalStrengthNr:{ csiRsrp = 2147483647 csiRsrq = 2147483647 csiCqiTableIndex = 2147483647 csiCqiReport = [] ssRsrp = 2147483647 ssRsrq = 2147483647 ssSinr = 2147483647 level = 0 parametersUseForLevel = 1 timingAdvance = 2147483647 },primary=CellSignalStrengthGsm}
07-23 17:25:00.221  2516  2760 D OplusSignalSmooth/0: mOrigSignalStrength:SignalStrength:{mCdma=CellSignalStrengthCdma: cdmaDbm=2147483647 cdmaEcio=2147483647 evdoDbm=2147483647 evdoEcio=2147483647 evdoSnr=2147483647 level=0,mGsm=CellSignalStrengthGsm: rssi=-77 ber=99 mTa=2147483647 mLevel=4,mWcdma=CellSignalStrengthWcdma: ss=2147483647 ber=2147483647 rscp=2147483647 ecno=2147483647 level=0,mTdscdma=CellSignalStrengthTdscdma: rssi=2147483647 ber=2147483647 rscp=2147483647 level=0,mLte=CellSignalStrengthLte: rssi=2147483647 rsrp=2147483647 rsrq=2147483647 rssnr=2147483647 cqiTableIndex=2147483647 cqi=2147483647 ta=2147483647 level=0 parametersUseForLevel=1,mNr=CellSignalStrengthNr:{ csiRsrp = 2147483647 csiRsrq = 2147483647 csiCqiTableIndex = 2147483647 csiCqiReport = [] ssRsrp = 2147483647 ssRsrq = 2147483647 ssSinr = 2147483647 level = 0 parametersUseForLevel = 1 timingAdvance = 2147483647 },primary=CellSignalStrengthGsm}
07-23 17:25:00.221  2516  2760 D OplusSignalSmooth/0: no service fix signal...
07-23 17:25:00.238  2516  2760 D OplusSignalSmooth/0: notifySignalStrength, mSignalStrength: SignalStrength:{mCdma=CellSignalStrengthCdma: cdmaDbm=2147483647 cdmaEcio=2147483647 evdoDbm=2147483647 evdoEcio=2147483647 evdoSnr=2147483647 level=0,mGsm=CellSignalStrengthGsm: rssi=-77 ber=99 mTa=2147483647 mLevel=4,mWcdma=CellSignalStrengthWcdma: ss=2147483647 ber=2147483647 rscp=2147483647 ecno=2147483647 level=0,mTdscdma=CellSignalStrengthTdscdma: rssi=2147483647 ber=2147483647 rscp=2147483647 level=0,mLte=CellSignalStrengthLte: rssi=2147483647 rsrp=2147483647 rsrq=2147483647 rssnr=2147483647 cqiTableIndex=2147483647 cqi=2147483647 ta=2147483647 level=0 parametersUseForLevel=1,mNr=CellSignalStrengthNr:{ csiRsrp = 2147483647 csiRsrq = 2147483647 csiCqiTableIndex = 2147483647 csiCqiReport = [] ssRsrp = 2147483647 ssRsrq = 2147483647 ssSinr = 2147483647 level = 0 parametersUseForLevel = 1 timingAdvance = 2147483647 },primary=CellSignalStrengthGsm}
07-23 17:25:00.267  1835  2782 W NotificationService: Toast already killed. pkg=zln.mossogb.wfs token=android.os.BinderProxy@a2cd0b9
07-23 17:25:00.941  1835  2178 W NotificationService: Toast already killed. pkg=zln.mossogb.wfs token=android.os.BinderProxy@9929aba
07-23 17:25:01.894  1835  2178 W NotificationService: Toast already killed. pkg=zln.mossogb.wfs token=android.os.BinderProxy@1d81ac3
07-23 17:25:06.137  1835  1892 D BatteryStatsImplExtImpl: , modem=[activity:SettleObj{ what=LS date=07-23 17:09:55.378 duration=4081 screenOnRatio=0.02 screenOffRatio=99.98 power=67 current=15.88 networkType=null dataNetworkType=0 signalStrength=0 aodState=0 softAp=false charge=false simCount=0 defaultPhone=-1 apssSleepC=0 apssSleepRatio=0 mpssSleepC=0 mpssSleepRatio=0 vminSleepC=0 vminSleepRatio=0 modemPowermA[]=[0,0,0] sleepRatio=0 idleRatio=100.00 rxRatio=0 5gRxRatio=0 txSumRatio=0 mtkTxRatio[]=[0,0,0,0,0,0,0,0] mtk5gTxRatio[]=[0,0,0,0,0,0,0,0]5gTxSumRatio=0 rrcConn10sC[]=[0, 0] rrcConn20sC[]=[0, 0] rrcConnMore20sC[]=[0, 0] rrcConnC[]=[0, 0] csChangedC[]=[0, 0] psChangedC[]=[0, 0] nwSrchC[]=[0, 0] nwSrchRatio[]=[0,0] lteRrcConnRatio[]=[0,0] psRegRatio[]=[0,0] csRegRatio[]=[0,0] psNoRegRatio[]=[0,0] csNoRegRatio[]=[0,0] sigGrid0Ratio[]=[0,0] endcActRatio[]=[0,0] ccciWakeupC={} allWakeupC={} appInWakeupC={} appOutWakeupC={} appWakeupRatio={} appTrafficC={} saRrcConn10sC[]=[0, 0] saRrcConn20sC[]=[0, 0] saRrcConnMore20sC[]=[0, 0] saRrcConnC[]=[0, 0] saRrcConnRatio[]=[0,0] sigGridSim0Ratio[]=[0,0,0,0,0] sigGridSim1Ratio[]=[0,0,0,0,0] lteNrSigGridSim0Ratio[]=[0,0,0,0,0,0,0,0,0,0] lteNrSigGridSim1Ratio[]=[0,0,0,0,0,0,0,0,0,0] cellUpdateC[]=[0, 0] hoC[]=[0, 0] reselC[]=[0, 0] redirectC[]=[0, 0] iRatC[]=[0, 0] iRhoC[]=[0, 0] iRreselC[]=[0, 0] iRredirectC[]=[0, 0] luC[]=[0, 0] rauC[]=[0, 0] guC[]=[0, 0] lteTauC[]=[0, 0] lteAttachC[]=[0, 0] pdnConC[]=[0, 0] eRrcCauseSim0C[]=[0, 0, 0, 0, 0, 0, 0] eRrcCauseSim1C[]=[0, 0, 0, 0, 0, 0, 0] nRrcCauseSim0C[]=[0, 0, 0, 0, 0, 0, 0, 0, 0, 0] nRrcCauseSim1C[]=[0, 0, 0, 0, 0, 0, 0, 0, 0, 0] saRachC[]=[0, 0] saRlfC[]=[0, 0] saReestabC[]=[0, 0] mLteRrcConnRatio[]=[0,0] rrcConnC[]=[0, 0] lteCdrxCfgRatio[]=[0,0] lteCdrxActRatio[]=[0,0] eDlLayerSim0Ratio[]=[0,0,0,0] eDlLayerSim1Ratio[]=[0,0,0,0] lteCaRatio[]=[0,0] saRrcConnRatio[]=[0,0] endcActRatio[]=[0,0] saRrcConnC[]=[0, 0] nrCdrxCfgRatio[]=[0,0] nrCdrxActRatio[]=[0,0] nUlDlLayerSim0Ratio[]=[0,0,0,0,0,0,0,0] nUlDlLayerSim1Ratio[]=[0,0,0,0,0,0,0,0] nrCaRatio[]=[0,0] nBwpSim0Ratio[]=[0,0,0,0,0,0,0,0,0,0] nBwpSim1Ratio[]=[0,0,0,0,0,0,0,0,0,0] dsdsRatio[]=[0,0] drdsdsRatio[]=[0,0] dsdaRatio[]=[0,0] drdsdaRatio[]=[0,0] maxCCCfgT[]=[0, 0] maxCCCfgRatio[]=[0,0] maxCCSentC[]=[0, 0] maxMimoCfgT[]=[0, 0] maxMimoCfgRatio[]=[0,0] maxMimoSentC[]=[0, 0] releasePreferCfgT[]=[0, 0] releasePreferCfgRatio[]=[0,0] release2IdleSentC[]=[0, 0] release2OutOfConnectSentC[]=[0, 0] releaseSentC[]=[0, 0] wusCfgT[]=[0, 0] wusCfgRatio[]=[0,0] wus0CfgC[]=[0, 0] wus1fgC[]=[0, 0] skipUlTxCfgT[]=[0, 0] skipUlTxCfgRatio[]=[0,0] skipUlDyTxC[]=[0, 0] plmnSearchT[]=[0, 0] lteBgSearchT[]=[0, 0] nrBgSearchT[]=[0, 0]}]
07-23 17:25:09.620  1708  1741 D RmcNwHdlr: [0] requestSignalStrength:sigRegisted[0000], sigUpdated[0X01]
07-23 17:25:09.620  1708  1741 D RmcNwHdlr: [0] handleSignalStrength, gsm_signal_strength: 20, gsm_bit_error_rate: 99, gsm_timing_advance: 2147483647, cdma_dbm: 2147483647, cdma_ecio: 2147483647, evdo_dbm: 2147483647, evdo_ecio: 2147483647, evdo_snr: 2147483647, lte_signal_strength: 99, lte_rsrp: 2147483647, lte_rsrq: 2147483647, lte_rssnr: 2147483647, lte_cqi: 2147483647, lte_timing_advance: 2147483647, tdscdma_signal_strength: 99, tdscdma_bit_error_rate: 99, tdscdma_rscp: 255, wcdma_signal_strength: 0, wcdma_bit_error_rate: 99, wcdma_scdma_rscp: 5, wcdma_ecno: 12, ssRsrp: 2147483647, ssRsrq: 2147483647, ssSinr: 2147483647, csiRsrp: 2147483647, csiRsrq: 2147483647, csiSinr: 2147483647
07-23 17:25:09.631  2516  2760 D OplusSignalSmooth/0: onSignalStrengthResultExt,oldSignalStrength:SignalStrength:{mCdma=CellSignalStrengthCdma: cdmaDbm=2147483647 cdmaEcio=2147483647 evdoDbm=2147483647 evdoEcio=2147483647 evdoSnr=2147483647 level=0,mGsm=CellSignalStrengthGsm: rssi=-77 ber=99 mTa=2147483647 mLevel=4,mWcdma=CellSignalStrengthWcdma: ss=2147483647 ber=2147483647 rscp=2147483647 ecno=2147483647 level=0,mTdscdma=CellSignalStrengthTdscdma: rssi=2147483647 ber=2147483647 rscp=2147483647 level=0,mLte=CellSignalStrengthLte: rssi=2147483647 rsrp=2147483647 rsrq=2147483647 rssnr=2147483647 cqiTableIndex=2147483647 cqi=2147483647 ta=2147483647 level=0 parametersUseForLevel=1,mNr=CellSignalStrengthNr:{ csiRsrp = 2147483647 csiRsrq = 2147483647 csiCqiTableIndex = 2147483647 csiCqiReport = [] ssRsrp = 2147483647 ssRsrq = 2147483647 ssSinr = 2147483647 level = 0 parametersUseForLevel = 1 timingAdvance = 2147483647 },primary=CellSignalStrengthGsm}
07-23 17:25:09.631  2516  2760 D OplusSignalSmooth/0: mOrigSignalStrength:SignalStrength:{mCdma=CellSignalStrengthCdma: cdmaDbm=2147483647 cdmaEcio=2147483647 evdoDbm=2147483647 evdoEcio=2147483647 evdoSnr=2147483647 level=0,mGsm=CellSignalStrengthGsm: rssi=-73 ber=99 mTa=2147483647 mLevel=4,mWcdma=CellSignalStrengthWcdma: ss=2147483647 ber=2147483647 rscp=2147483647 ecno=2147483647 level=0,mTdscdma=CellSignalStrengthTdscdma: rssi=2147483647 ber=2147483647 rscp=2147483647 level=0,mLte=CellSignalStrengthLte: rssi=2147483647 rsrp=2147483647 rsrq=2147483647 rssnr=2147483647 cqiTableIndex=2147483647 cqi=2147483647 ta=2147483647 level=0 parametersUseForLevel=1,mNr=CellSignalStrengthNr:{ csiRsrp = 2147483647 csiRsrq = 2147483647 csiCqiTableIndex = 2147483647 csiCqiReport = [] ssRsrp = 2147483647 ssRsrq = 2147483647 ssSinr = 2147483647 level = 0 parametersUseForLevel = 1 timingAdvance = 2147483647 },primary=CellSignalStrengthGsm}
07-23 17:25:09.631  2516  2760 D OplusSignalSmooth/0: no service fix signal...
07-23 17:25:09.635  2516  2760 D OplusSignalSmooth/0: notifySignalStrength, mSignalStrength: SignalStrength:{mCdma=CellSignalStrengthCdma: cdmaDbm=2147483647 cdmaEcio=2147483647 evdoDbm=2147483647 evdoEcio=2147483647 evdoSnr=2147483647 level=0,mGsm=CellSignalStrengthGsm: rssi=-73 ber=99 mTa=2147483647 mLevel=4,mWcdma=CellSignalStrengthWcdma: ss=2147483647 ber=2147483647 rscp=2147483647 ecno=2147483647 level=0,mTdscdma=CellSignalStrengthTdscdma: rssi=2147483647 ber=2147483647 rscp=2147483647 level=0,mLte=CellSignalStrengthLte: rssi=2147483647 rsrp=2147483647 rsrq=2147483647 rssnr=2147483647 cqiTableIndex=2147483647 cqi=2147483647 ta=2147483647 level=0 parametersUseForLevel=1,mNr=CellSignalStrengthNr:{ csiRsrp = 2147483647 csiRsrq = 2147483647 csiCqiTableIndex = 2147483647 csiCqiReport = [] ssRsrp = 2147483647 ssRsrq = 2147483647 ssSinr = 2147483647 level = 0 parametersUseForLevel = 1 timingAdvance = 2147483647 },primary=CellSignalStrengthGsm}
07-23 17:25:19.039  1708  1741 D RmcNwHdlr: [0] requestSignalStrength:sigRegisted[0000], sigUpdated[0X01]
07-23 17:25:19.039  1708  1741 D RmcNwHdlr: [0] handleSignalStrength, gsm_signal_strength: 18, gsm_bit_error_rate: 99, gsm_timing_advance: 2147483647, cdma_dbm: 2147483647, cdma_ecio: 2147483647, evdo_dbm: 2147483647, evdo_ecio: 2147483647, evdo_snr: 2147483647, lte_signal_strength: 99, lte_rsrp: 2147483647, lte_rsrq: 2147483647, lte_rssnr: 2147483647, lte_cqi: 2147483647, lte_timing_advance: 2147483647, tdscdma_signal_strength: 99, tdscdma_bit_error_rate: 99, tdscdma_rscp: 255, wcdma_signal_strength: 0, wcdma_bit_error_rate: 99, wcdma_scdma_rscp: 5, wcdma_ecno: 12, ssRsrp: 2147483647, ssRsrq: 2147483647, ssSinr: 2147483647, csiRsrp: 2147483647, csiRsrq: 2147483647, csiSinr: 2147483647
07-23 17:25:19.068  2516  2760 D OplusSignalSmooth/0: onSignalStrengthResultExt,oldSignalStrength:SignalStrength:{mCdma=CellSignalStrengthCdma: cdmaDbm=2147483647 cdmaEcio=2147483647 evdoDbm=2147483647 evdoEcio=2147483647 evdoSnr=2147483647 level=0,mGsm=CellSignalStrengthGsm: rssi=-73 ber=99 mTa=2147483647 mLevel=4,mWcdma=CellSignalStrengthWcdma: ss=2147483647 ber=2147483647 rscp=2147483647 ecno=2147483647 level=0,mTdscdma=CellSignalStrengthTdscdma: rssi=2147483647 ber=2147483647 rscp=2147483647 level=0,mLte=CellSignalStrengthLte: rssi=2147483647 rsrp=2147483647 rsrq=2147483647 rssnr=2147483647 cqiTableIndex=2147483647 cqi=2147483647 ta=2147483647 level=0 parametersUseForLevel=1,mNr=CellSignalStrengthNr:{ csiRsrp = 2147483647 csiRsrq = 2147483647 csiCqiTableIndex = 2147483647 csiCqiReport = [] ssRsrp = 2147483647 ssRsrq = 2147483647 ssSinr = 2147483647 level = 0 parametersUseForLevel = 1 timingAdvance = 2147483647 },primary=CellSignalStrengthGsm}
07-23 17:25:19.068  2516  2760 D OplusSignalSmooth/0: mOrigSignalStrength:SignalStrength:{mCdma=CellSignalStrengthCdma: cdmaDbm=2147483647 cdmaEcio=2147483647 evdoDbm=2147483647 evdoEcio=2147483647 evdoSnr=2147483647 level=0,mGsm=CellSignalStrengthGsm: rssi=-77 ber=99 mTa=2147483647 mLevel=4,mWcdma=CellSignalStrengthWcdma: ss=2147483647 ber=2147483647 rscp=2147483647 ecno=2147483647 level=0,mTdscdma=CellSignalStrengthTdscdma: rssi=2147483647 ber=2147483647 rscp=2147483647 level=0,mLte=CellSignalStrengthLte: rssi=2147483647 rsrp=2147483647 rsrq=2147483647 rssnr=2147483647 cqiTableIndex=2147483647 cqi=2147483647 ta=2147483647 level=0 parametersUseForLevel=1,mNr=CellSignalStrengthNr:{ csiRsrp = 2147483647 csiRsrq = 2147483647 csiCqiTableIndex = 2147483647 csiCqiReport = [] ssRsrp = 2147483647 ssRsrq = 2147483647 ssSinr = 2147483647 level = 0 parametersUseForLevel = 1 timingAdvance = 2147483647 },primary=CellSignalStrengthGsm}
07-23 17:25:19.068  2516  2760 D OplusSignalSmooth/0: no service fix signal...
07-23 17:25:19.092  2516  2760 D OplusSignalSmooth/0: notifySignalStrength, mSignalStrength: SignalStrength:{mCdma=CellSignalStrengthCdma: cdmaDbm=2147483647 cdmaEcio=2147483647 evdoDbm=2147483647 evdoEcio=2147483647 evdoSnr=2147483647 level=0,mGsm=CellSignalStrengthGsm: rssi=-77 ber=99 mTa=2147483647 mLevel=4,mWcdma=CellSignalStrengthWcdma: ss=2147483647 ber=2147483647 rscp=2147483647 ecno=2147483647 level=0,mTdscdma=CellSignalStrengthTdscdma: rssi=2147483647 ber=2147483647 rscp=2147483647 level=0,mLte=CellSignalStrengthLte: rssi=2147483647 rsrp=2147483647 rsrq=2147483647 rssnr=2147483647 cqiTableIndex=2147483647 cqi=2147483647 ta=2147483647 level=0 parametersUseForLevel=1,mNr=CellSignalStrengthNr:{ csiRsrp = 2147483647 csiRsrq = 2147483647 csiCqiTableIndex = 2147483647 csiCqiReport = [] ssRsrp = 2147483647 ssRsrq = 2147483647 ssSinr = 2147483647 level = 0 parametersUseForLevel = 1 timingAdvance = 2147483647 },primary=CellSignalStrengthGsm}
07-23 17:25:20.682  2466  9586 D NetworkMonitor/113: Forcing reevaluation for UID 1000. Dns signal count: 0
07-23 17:25:33.431  1835  5644 W NotificationService: Toast already killed. pkg=zln.mossogb.wfs token=android.os.BinderProxy@5a60535
07-23 17:25:35.004  2466  9586 D NetworkMonitor/113: Forcing reevaluation for UID 1000. Dns signal count: 0
07-23 17:25:35.322  1835  3996 W NotificationService: Toast already killed. pkg=zln.mossogb.wfs token=android.os.BinderProxy@f9285f7
07-23 17:25:39.948 17990 19597 I ModuleManager: injectNow: PID=26657 verified has libcameraservice.so (4 mapping(s))
07-23 17:25:40.309 17990 19597 I ModuleManager: injectNow: evicting lingering injector/watchdog before re-inject
07-23 17:25:41.675 17990 19597 D ModuleManager: Watchdog stop requested
07-23 17:25:43.653  1835  1849 W NotificationService: Toast already killed. pkg=zln.mossogb.wfs token=android.os.BinderProxy@c28478
07-23 17:25:44.344  1835  1890 I OplusThermalStats: getHeatReasonDetails wifiSignal:4
07-23 17:25:44.344  1835  1890 I OplusThermalStats: getHeatReasonDetails phoneSignal:4
07-23 17:25:45.828 26657 26657 E cameraserver: createInstance(64bit) : createExtendedFactory
07-23 17:25:45.836 26657 26657 E cameraserver: createInstance(64bit) : createExtendedFactory
07-23 17:25:45.836 26657 26657 E cameraserver: Opened libinputextensionsimpl.so
07-23 17:25:45.837 26657 26657 E cameraserver: Opened libinputextensionsimpl.so
07-23 17:25:45.844 26657 26657 E cameraserver: createInstance(64bit) : createExtendedFactory
07-23 17:25:45.845 26657 26657 E cameraserver: createInstance(64bit) : createExtendedFactory
07-23 17:25:45.846 26657 26657 E cameraserver: Opened libsensorextimpl.so
07-23 17:25:45.846 26657 26657 E cameraserver: Opened libsensorextimpl.so
07-23 17:25:45.858 26657 26657 I amkush/main: exe check: path='/system/bin/cameraserver' base='cameraserver' match=1 pid=26657
07-23 17:25:45.861 26657 26657 I amkush/main: confirmed cameraserver process with libcameraservice.so — starting init thread
07-23 17:25:45.868 26657 24112 I amkush/sym_resolver: ELF scan: checking '/system/bin/cameraserver' base=0x57c2dfe000
07-23 17:25:45.868 26657 24112 I amkush/sym_resolver: ELF scan: '/system/bin/cameraserver' → 0 match(es)
07-23 17:25:45.868 26657 24112 I amkush/sym_resolver: ELF scan: checking '/system/lib64/libcameraservice.so' base=0x7624a20000
07-23 17:25:45.875 26657 24112 I amkush/sym_resolver: ELF scan: FOUND[0] score=160 variant=3 addr=0x7624c90010 size=1396: android::HidlCamera3Device::processCaptureResult_3_4(android::hardware::hidl_vec<android::hardware::camera::device::V3_4::CaptureResult> const&)
07-23 17:25:45.876 26657 24112 I amkush/sym_resolver: ELF scan: FOUND[1] score=155 variant=5 addr=0x7624c9cdc0 size=1380: android::AidlCamera3Device::processCaptureResult(std::__1::vector<aidl::android::hardware::camera::device::CaptureResult, std::__1::allocator<aidl::android::hardware::camera::device::CaptureResult> > const&)
07-23 17:25:45.877 26657 24112 I amkush/sym_resolver: ELF scan: FOUND[2] score=20 variant=2 addr=0x7624cea23c size=4: android::camera3::processCaptureResult(android::camera3::CaptureOutputStates&, android::camera3::camera_capture_result const*)
07-23 17:25:45.877 26657 24112 I amkush/sym_resolver: ELF scan: FOUND[3] score=155 variant=4 addr=0x7624c905a0 size=1496: android::HidlCamera3Device::processCaptureResult(android::hardware::hidl_vec<android::hardware::camera::device::V3_2::CaptureResult> const&)
07-23 17:25:45.877 26657 24112 I amkush/sym_resolver: ELF scan: '/system/lib64/libcameraservice.so' → 4 match(es)
07-23 17:25:45.878 26657 24112 I amkush/sym_resolver: resolve_all_pcr: processCaptureResult scan found 4 variant(s)
07-23 17:25:45.878 26657 24112 I amkush/sym_resolver: ELF scan: checking '/system/bin/cameraserver' base=0x57c2dfe000
07-23 17:25:45.878 26657 24112 I amkush/sym_resolver: ELF scan: '/system/bin/cameraserver' → 0 match(es)
07-23 17:25:45.878 26657 24112 I amkush/sym_resolver: ELF scan: checking '/system/lib64/libcameraservice.so' base=0x7624a20000
07-23 17:25:45.885 26657 24112 I amkush/sym_resolver: ELF scan: '/system/lib64/libcameraservice.so' → 1 match(es)
07-23 17:25:45.908 26657 26657 I auditd  : type=1400 audit(0.0:11975): avc:  denied  { execmem } for  comm="Binder:camerase" scontext=u:r:cameraserver:s0 tcontext=u:r:cameraserver:s0 tclass=process permissive=1
07-23 17:25:45.908 26657 26657 I Binder:camerase: type=1400 audit(0.0:11975): avc:  denied  { execmem } for  scontext=u:r:cameraserver:s0 tcontext=u:r:cameraserver:s0 tclass=process permissive=1
07-23 17:25:45.926 26657 24112 I amkush/sym_resolver: ELF scan: checking '/system/bin/cameraserver' base=0x57c2dfe000
07-23 17:25:45.927 26657 24112 I amkush/sym_resolver: ELF scan: '/system/bin/cameraserver' → 0 match(es)
07-23 17:25:45.927 26657 24112 I amkush/sym_resolver: ELF scan: checking '/system/lib64/libcameraservice.so' base=0x7624a20000
07-23 17:25:45.930 26657 24112 I amkush/sym_resolver: ELF scan: '/system/lib64/libcameraservice.so' → 4 match(es)
07-23 17:25:45.942 26657 24112 I amkush/hook_proxy: CS[0]: SKIPPING variant=1 (Camera3Device — no camera3_stream_configuration_t*, hooking with HAL ABI crashes cameraserver)
07-23 17:25:45.942 26657 24112 I amkush/hook_proxy: CS[1]: SKIPPING variant=1 (Camera3Device — no camera3_stream_configuration_t*, hooking with HAL ABI crashes cameraserver)
07-23 17:25:46.431 17990 19597 I ModuleManager: I: Proccess current cmdline ("/system/bin/cameraserver").
07-23 17:25:47.279  1708  1741 D RmcNwHdlr: [0] requestSignalStrength:sigRegisted[0000], sigUpdated[0X01]
07-23 17:25:47.280  1708  1741 D RmcNwHdlr: [0] handleSignalStrength, gsm_signal_strength: 20, gsm_bit_error_rate: 99, gsm_timing_advance: 2147483647, cdma_dbm: 2147483647, cdma_ecio: 2147483647, evdo_dbm: 2147483647, evdo_ecio: 2147483647, evdo_snr: 2147483647, lte_signal_strength: 99, lte_rsrp: 2147483647, lte_rsrq: 2147483647, lte_rssnr: 2147483647, lte_cqi: 2147483647, lte_timing_advance: 2147483647, tdscdma_signal_strength: 99, tdscdma_bit_error_rate: 99, tdscdma_rscp: 255, wcdma_signal_strength: 0, wcdma_bit_error_rate: 99, wcdma_scdma_rscp: 5, wcdma_ecno: 12, ssRsrp: 2147483647, ssRsrq: 2147483647, ssSinr: 2147483647, csiRsrp: 2147483647, csiRsrq: 2147483647, csiSinr: 2147483647
07-23 17:25:47.289  2516  2760 D OplusSignalSmooth/0: onSignalStrengthResultExt,oldSignalStrength:SignalStrength:{mCdma=CellSignalStrengthCdma: cdmaDbm=2147483647 cdmaEcio=2147483647 evdoDbm=2147483647 evdoEcio=2147483647 evdoSnr=2147483647 level=0,mGsm=CellSignalStrengthGsm: rssi=-77 ber=99 mTa=2147483647 mLevel=4,mWcdma=CellSignalStrengthWcdma: ss=2147483647 ber=2147483647 rscp=2147483647 ecno=2147483647 level=0,mTdscdma=CellSignalStrengthTdscdma: rssi=2147483647 ber=2147483647 rscp=2147483647 level=0,mLte=CellSignalStrengthLte: rssi=2147483647 rsrp=2147483647 rsrq=2147483647 rssnr=2147483647 cqiTableIndex=2147483647 cqi=2147483647 ta=2147483647 level=0 parametersUseForLevel=1,mNr=CellSignalStrengthNr:{ csiRsrp = 2147483647 csiRsrq = 2147483647 csiCqiTableIndex = 2147483647 csiCqiReport = [] ssRsrp = 2147483647 ssRsrq = 2147483647 ssSinr = 2147483647 level = 0 parametersUseForLevel = 1 timingAdvance = 2147483647 },primary=CellSignalStrengthGsm}
07-23 17:25:47.289  2516  2760 D OplusSignalSmooth/0: mOrigSignalStrength:SignalStrength:{mCdma=CellSignalStrengthCdma: cdmaDbm=2147483647 cdmaEcio=2147483647 evdoDbm=2147483647 evdoEcio=2147483647 evdoSnr=2147483647 level=0,mGsm=CellSignalStrengthGsm: rssi=-73 ber=99 mTa=2147483647 mLevel=4,mWcdma=CellSignalStrengthWcdma: ss=2147483647 ber=2147483647 rscp=2147483647 ecno=2147483647 level=0,mTdscdma=CellSignalStrengthTdscdma: rssi=2147483647 ber=2147483647 rscp=2147483647 level=0,mLte=CellSignalStrengthLte: rssi=2147483647 rsrp=2147483647 rsrq=2147483647 rssnr=2147483647 cqiTableIndex=2147483647 cqi=2147483647 ta=2147483647 level=0 parametersUseForLevel=1,mNr=CellSignalStrengthNr:{ csiRsrp = 2147483647 csiRsrq = 2147483647 csiCqiTableIndex = 2147483647 csiCqiReport = [] ssRsrp = 2147483647 ssRsrq = 2147483647 ssSinr = 2147483647 level = 0 parametersUseForLevel = 1 timingAdvance = 2147483647 },primary=CellSignalStrengthGsm}
07-23 17:25:47.289  2516  2760 D OplusSignalSmooth/0: no service fix signal...
07-23 17:25:47.293  2516  2760 D OplusSignalSmooth/0: notifySignalStrength, mSignalStrength: SignalStrength:{mCdma=CellSignalStrengthCdma: cdmaDbm=2147483647 cdmaEcio=2147483647 evdoDbm=2147483647 evdoEcio=2147483647 evdoSnr=2147483647 level=0,mGsm=CellSignalStrengthGsm: rssi=-73 ber=99 mTa=2147483647 mLevel=4,mWcdma=CellSignalStrengthWcdma: ss=2147483647 ber=2147483647 rscp=2147483647 ecno=2147483647 level=0,mTdscdma=CellSignalStrengthTdscdma: rssi=2147483647 ber=2147483647 rscp=2147483647 level=0,mLte=CellSignalStrengthLte: rssi=2147483647 rsrp=2147483647 rsrq=2147483647 rssnr=2147483647 cqiTableIndex=2147483647 cqi=2147483647 ta=2147483647 level=0 parametersUseForLevel=1,mNr=CellSignalStrengthNr:{ csiRsrp = 2147483647 csiRsrq = 2147483647 csiCqiTableIndex = 2147483647 csiCqiReport = [] ssRsrp = 2147483647 ssRsrq = 2147483647 ssSinr = 2147483647 level = 0 parametersUseForLevel = 1 timingAdvance = 2147483647 },primary=CellSignalStrengthGsm}
07-23 17:25:48.403  2466  9586 D NetworkMonitor/113: Forcing reevaluation for UID 1000. Dns signal count: 0
07-23 17:25:51.997  2516  2745 D RILJ    : [0754]< GET_CELL_INFO_LIST [CellInfoGsm:{mRegistered=NO mTimeStamp=92348222856990ns mCellConnectionStatus=0 CellIdentityGsm:{ mLac=25505 mCid=46077 mArfcn=767 mBsic=0xe mMcc=404 mMnc=94 mAlphaLong=IND airtel mAlphaShort=airtel mAdditionalPlmns={}} CellSignalStrengthGsm: rssi=-73 ber=99 mTa=2147483647 mLevel=4}, CellInfoGsm:{mRegistered=NO mTimeStamp=92348222856990ns mCellConnectionStatus=0 CellIdentityGsm:{ mLac=25505 mCid=46078 mArfcn=672 mBsic=0xd mMcc=404 mMnc=94 mAlphaLong=IND airtel mAlphaShort=airtel mAdditionalPlmns={}} CellSignalStrengthGsm: rssi=-89 ber=99 mTa=2147483647 mLevel=4}, CellInfoGsm:{mRegistered=NO mTimeStamp=92348222856990ns mCellConnectionStatus=0 CellIdentityGsm:{ mLac=22482 mCid=59611 mArfcn=768 mBsic=0x34 mMcc=404 mMnc=94 mAlphaLong=IND airtel mAlphaShort=airtel mAdditionalPlmns={}} CellSignalStrengthGsm: rssi=-89 ber=99 mTa=2147483647 mLevel=4}, CellInfoGsm:{mRegistered=NO mTimeStamp=92348222856990ns mCellConnectionStatus=0 CellIdentityGsm:{ mLac=22633 mCid=12666 mArfcn=669 mBsic=0x21 mMcc=404 mMnc=94 mAlphaLong=IND airtel mAlphaShort=airtel mAdditionalPlmns={}} CellSignalStrengthGsm: rssi=-99 ber=99 mTa=2147483647 mLevel=2}] [PHONE0]
07-23 17:25:52.013  2516  2516 D SST     : [0] cellinfo = CellInfoGsm:{mRegistered=NO mTimeStamp=92348222856990ns mCellConnectionStatus=0 CellIdentityGsm:{ mLac=25505 mCid=46077 mArfcn=767 mBsic=0xe mMcc=404 mMnc=94 mAlphaLong=IND airtel mAlphaShort=airtel mAdditionalPlmns={}} CellSignalStrengthGsm: rssi=-73 ber=99 mTa=2147483647 mLevel=4}
07-23 17:25:52.013  2516  2516 D SST     : [0] cellinfo = CellInfoGsm:{mRegistered=NO mTimeStamp=92348222856990ns mCellConnectionStatus=0 CellIdentityGsm:{ mLac=25505 mCid=46078 mArfcn=672 mBsic=0xd mMcc=404 mMnc=94 mAlphaLong=IND airtel mAlphaShort=airtel mAdditionalPlmns={}} CellSignalStrengthGsm: rssi=-89 ber=99 mTa=2147483647 mLevel=4}
07-23 17:25:52.013  2516  2516 D SST     : [0] cellinfo = CellInfoGsm:{mRegistered=NO mTimeStamp=92348222856990ns mCellConnectionStatus=0 CellIdentityGsm:{ mLac=22482 mCid=59611 mArfcn=768 mBsic=0x34 mMcc=404 mMnc=94 mAlphaLong=IND airtel mAlphaShort=airtel mAdditionalPlmns={}} CellSignalStrengthGsm: rssi=-89 ber=99 mTa=2147483647 mLevel=4}
07-23 17:25:52.013  2516  2516 D SST     : [0] cellinfo = CellInfoGsm:{mRegistered=NO mTimeStamp=92348222856990ns mCellConnectionStatus=0 CellIdentityGsm:{ mLac=22633 mCid=12666 mArfcn=669 mBsic=0x21 mMcc=404 mMnc=94 mAlphaLong=IND airtel mAlphaShort=airtel mAdditionalPlmns={}} CellSignalStrengthGsm: rssi=-99 ber=99 mTa=2147483647 mLevel=2}
07-23 17:25:52.029  2516  2516 D LocaleTracker-0: processCellInfo: cell info=[CellInfoGsm:{mRegistered=NO mTimeStamp=92348222856990ns mCellConnectionStatus=0 CellIdentityGsm:{ mLac=25505 mCid=46077 mArfcn=767 mBsic=0xe mMcc=404 mMnc=94 mAlphaLong=IND airtel mAlphaShort=airtel mAdditionalPlmns={}} CellSignalStrengthGsm: rssi=-73 ber=99 mTa=2147483647 mLevel=4}, CellInfoGsm:{mRegistered=NO mTimeStamp=92348222856990ns mCellConnectionStatus=0 CellIdentityGsm:{ mLac=25505 mCid=46078 mArfcn=672 mBsic=0xd mMcc=404 mMnc=94 mAlphaLong=IND airtel mAlphaShort=airtel mAdditionalPlmns={}} CellSignalStrengthGsm: rssi=-89 ber=99 mTa=2147483647 mLevel=4}, CellInfoGsm:{mRegistered=NO mTimeStamp=92348222856990ns mCellConnectionStatus=0 CellIdentityGsm:{ mLac=22482 mCid=59611 mArfcn=768 mBsic=0x34 mMcc=404 mMnc=94 mAlphaLong=IND airtel mAlphaShort=airtel mAdditionalPlmns={}} CellSignalStrengthGsm: rssi=-89 ber=99 mTa=2147483647 mLevel=4}, CellInfoGsm:{mRegistered=NO mTimeStamp=92348222856990ns mCellConnectionStatus=0 CellIdentityGsm:{ mLac=22633 mCid=12666 mArfcn=669 mBsic=0x21 mMcc=404 mMnc=94 mAlphaLong=IND airtel mAlphaShort=airtel mAdditionalPlmns={}} CellSignalStrengthGsm: rssi=-99 ber=99 mTa=2147483647 mLevel=2}]
07-23 17:25:52.085  2516  2516 D NitzStateMachineImpl: handleCountryDetected: countryIsoCode=in, mLatestNitzSignal=null
07-23 17:25:56.698  1708  1741 D RmcNwHdlr: [0] requestSignalStrength:sigRegisted[0000], sigUpdated[0X01]
07-23 17:25:56.698  1708  1741 D RmcNwHdlr: [0] handleSignalStrength, gsm_signal_strength: 18, gsm_bit_error_rate: 99, gsm_timing_advance: 2147483647, cdma_dbm: 2147483647, cdma_ecio: 2147483647, evdo_dbm: 2147483647, evdo_ecio: 2147483647, evdo_snr: 2147483647, lte_signal_strength: 99, lte_rsrp: 2147483647, lte_rsrq: 2147483647, lte_rssnr: 2147483647, lte_cqi: 2147483647, lte_timing_advance: 2147483647, tdscdma_signal_strength: 99, tdscdma_bit_error_rate: 99, tdscdma_rscp: 255, wcdma_signal_strength: 0, wcdma_bit_error_rate: 99, wcdma_scdma_rscp: 5, wcdma_ecno: 12, ssRsrp: 2147483647, ssRsrq: 2147483647, ssSinr: 2147483647, csiRsrp: 2147483647, csiRsrq: 2147483647, csiSinr: 2147483647
07-23 17:25:56.721  2516  2760 D OplusSignalSmooth/0: onSignalStrengthResultExt,oldSignalStrength:SignalStrength:{mCdma=CellSignalStrengthCdma: cdmaDbm=2147483647 cdmaEcio=2147483647 evdoDbm=2147483647 evdoEcio=2147483647 evdoSnr=2147483647 level=0,mGsm=CellSignalStrengthGsm: rssi=-73 ber=99 mTa=2147483647 mLevel=4,mWcdma=CellSignalStrengthWcdma: ss=2147483647 ber=2147483647 rscp=2147483647 ecno=2147483647 level=0,mTdscdma=CellSignalStrengthTdscdma: rssi=2147483647 ber=2147483647 rscp=2147483647 level=0,mLte=CellSignalStrengthLte: rssi=2147483647 rsrp=2147483647 rsrq=2147483647 rssnr=2147483647 cqiTableIndex=2147483647 cqi=2147483647 ta=2147483647 level=0 parametersUseForLevel=1,mNr=CellSignalStrengthNr:{ csiRsrp = 2147483647 csiRsrq = 2147483647 csiCqiTableIndex = 2147483647 csiCqiReport = [] ssRsrp = 2147483647 ssRsrq = 2147483647 ssSinr = 2147483647 level = 0 parametersUseForLevel = 1 timingAdvance = 2147483647 },primary=CellSignalStrengthGsm}
07-23 17:25:56.721  2516  2760 D OplusSignalSmooth/0: mOrigSignalStrength:SignalStrength:{mCdma=CellSignalStrengthCdma: cdmaDbm=2147483647 cdmaEcio=2147483647 evdoDbm=2147483647 evdoEcio=2147483647 evdoSnr=2147483647 level=0,mGsm=CellSignalStrengthGsm: rssi=-77 ber=99 mTa=2147483647 mLevel=4,mWcdma=CellSignalStrengthWcdma: ss=2147483647 ber=2147483647 rscp=2147483647 ecno=2147483647 level=0,mTdscdma=CellSignalStrengthTdscdma: rssi=2147483647 ber=2147483647 rscp=2147483647 level=0,mLte=CellSignalStrengthLte: rssi=2147483647 rsrp=2147483647 rsrq=2147483647 rssnr=2147483647 cqiTableIndex=2147483647 cqi=2147483647 ta=2147483647 level=0 parametersUseForLevel=1,mNr=CellSignalStrengthNr:{ csiRsrp = 2147483647 csiRsrq = 2147483647 csiCqiTableIndex = 2147483647 csiCqiReport = [] ssRsrp = 2147483647 ssRsrq = 2147483647 ssSinr = 2147483647 level = 0 parametersUseForLevel = 1 timingAdvance = 2147483647 },primary=CellSignalStrengthGsm}
07-23 17:25:56.721  2516  2760 D OplusSignalSmooth/0: no service fix signal...
07-23 17:25:56.728  2516  2760 D OplusSignalSmooth/0: notifySignalStrength, mSignalStrength: SignalStrength:{mCdma=CellSignalStrengthCdma: cdmaDbm=2147483647 cdmaEcio=2147483647 evdoDbm=2147483647 evdoEcio=2147483647 evdoSnr=2147483647 level=0,mGsm=CellSignalStrengthGsm: rssi=-77 ber=99 mTa=2147483647 mLevel=4,mWcdma=CellSignalStrengthWcdma: ss=2147483647 ber=2147483647 rscp=2147483647 ecno=2147483647 level=0,mTdscdma=CellSignalStrengthTdscdma: rssi=2147483647 ber=2147483647 rscp=2147483647 level=0,mLte=CellSignalStrengthLte: rssi=2147483647 rsrp=2147483647 rsrq=2147483647 rssnr=2147483647 cqiTableIndex=2147483647 cqi=2147483647 ta=2147483647 level=0 parametersUseForLevel=1,mNr=CellSignalStrengthNr:{ csiRsrp = 2147483647 csiRsrq = 2147483647 csiCqiTableIndex = 2147483647 csiCqiReport = [] ssRsrp = 2147483647 ssRsrq = 2147483647 ssSinr = 2147483647 level = 0 parametersUseForLevel = 1 timingAdvance = 2147483647 },primary=CellSignalStrengthGsm}
07-23 17:26:01.632  2466  9586 D NetworkMonitor/113: Forcing reevaluation for UID 1000. Dns signal count: 0
07-23 17:26:06.112  1708  1741 D RmcNwHdlr: [0] requestSignalStrength:sigRegisted[0000], sigUpdated[0X01]
07-23 17:26:06.112  1708  1741 D RmcNwHdlr: [0] handleSignalStrength, gsm_signal_strength: 20, gsm_bit_error_rate: 99, gsm_timing_advance: 2147483647, cdma_dbm: 2147483647, cdma_ecio: 2147483647, evdo_dbm: 2147483647, evdo_ecio: 2147483647, evdo_snr: 2147483647, lte_signal_strength: 99, lte_rsrp: 2147483647, lte_rsrq: 2147483647, lte_rssnr: 2147483647, lte_cqi: 2147483647, lte_timing_advance: 2147483647, tdscdma_signal_strength: 99, tdscdma_bit_error_rate: 99, tdscdma_rscp: 255, wcdma_signal_strength: 0, wcdma_bit_error_rate: 99, wcdma_scdma_rscp: 5, wcdma_ecno: 12, ssRsrp: 2147483647, ssRsrq: 2147483647, ssSinr: 2147483647, csiRsrp: 2147483647, csiRsrq: 2147483647, csiSinr: 2147483647
07-23 17:26:06.133  2516  2760 D OplusSignalSmooth/0: onSignalStrengthResultExt,oldSignalStrength:SignalStrength:{mCdma=CellSignalStrengthCdma: cdmaDbm=2147483647 cdmaEcio=2147483647 evdoDbm=2147483647 evdoEcio=2147483647 evdoSnr=2147483647 level=0,mGsm=CellSignalStrengthGsm: rssi=-77 ber=99 mTa=2147483647 mLevel=4,mWcdma=CellSignalStrengthWcdma: ss=2147483647 ber=2147483647 rscp=2147483647 ecno=2147483647 level=0,mTdscdma=CellSignalStrengthTdscdma: rssi=2147483647 ber=2147483647 rscp=2147483647 level=0,mLte=CellSignalStrengthLte: rssi=2147483647 rsrp=2147483647 rsrq=2147483647 rssnr=2147483647 cqiTableIndex=2147483647 cqi=2147483647 ta=2147483647 level=0 parametersUseForLevel=1,mNr=CellSignalStrengthNr:{ csiRsrp = 2147483647 csiRsrq = 2147483647 csiCqiTableIndex = 2147483647 csiCqiReport = [] ssRsrp = 2147483647 ssRsrq = 2147483647 ssSinr = 2147483647 level = 0 parametersUseForLevel = 1 timingAdvance = 2147483647 },primary=CellSignalStrengthGsm}
07-23 17:26:06.133  2516  2760 D OplusSignalSmooth/0: mOrigSignalStrength:SignalStrength:{mCdma=CellSignalStrengthCdma: cdmaDbm=2147483647 cdmaEcio=2147483647 evdoDbm=2147483647 evdoEcio=2147483647 evdoSnr=2147483647 level=0,mGsm=CellSignalStrengthGsm: rssi=-73 ber=99 mTa=2147483647 mLevel=4,mWcdma=CellSignalStrengthWcdma: ss=2147483647 ber=2147483647 rscp=2147483647 ecno=2147483647 level=0,mTdscdma=CellSignalStrengthTdscdma: rssi=2147483647 ber=2147483647 rscp=2147483647 level=0,mLte=CellSignalStrengthLte: rssi=2147483647 rsrp=2147483647 rsrq=2147483647 rssnr=2147483647 cqiTableIndex=2147483647 cqi=2147483647 ta=2147483647 level=0 parametersUseForLevel=1,mNr=CellSignalStrengthNr:{ csiRsrp = 2147483647 csiRsrq = 2147483647 csiCqiTableIndex = 2147483647 csiCqiReport = [] ssRsrp = 2147483647 ssRsrq = 2147483647 ssSinr = 2147483647 level = 0 parametersUseForLevel = 1 timingAdvance = 2147483647 },primary=CellSignalStrengthGsm}
07-23 17:26:06.133  2516  2760 D OplusSignalSmooth/0: no service fix signal...
07-23 17:26:06.136  2516  2760 D OplusSignalSmooth/0: notifySignalStrength, mSignalStrength: SignalStrength:{mCdma=CellSignalStrengthCdma: cdmaDbm=2147483647 cdmaEcio=2147483647 evdoDbm=2147483647 evdoEcio=2147483647 evdoSnr=2147483647 level=0,mGsm=CellSignalStrengthGsm: rssi=-73 ber=99 mTa=2147483647 mLevel=4,mWcdma=CellSignalStrengthWcdma: ss=2147483647 ber=2147483647 rscp=2147483647 ecno=2147483647 level=0,mTdscdma=CellSignalStrengthTdscdma: rssi=2147483647 ber=2147483647 rscp=2147483647 level=0,mLte=CellSignalStrengthLte: rssi=2147483647 rsrp=2147483647 rsrq=2147483647 rssnr=2147483647 cqiTableIndex=2147483647 cqi=2147483647 ta=2147483647 level=0 parametersUseForLevel=1,mNr=CellSignalStrengthNr:{ csiRsrp = 2147483647 csiRsrq = 2147483647 csiCqiTableIndex = 2147483647 csiCqiReport = [] ssRsrp = 2147483647 ssRsrq = 2147483647 ssSinr = 2147483647 level = 0 parametersUseForLevel = 1 timingAdvance = 2147483647 },primary=CellSignalStrengthGsm}
07-23 17:26:15.539  1708  1741 D RmcNwHdlr: [0] requestSignalStrength:sigRegisted[0000], sigUpdated[0X01]
07-23 17:26:15.540  1708  1741 D RmcNwHdlr: [0] handleSignalStrength, gsm_signal_strength: 21, gsm_bit_error_rate: 99, gsm_timing_advance: 2147483647, cdma_dbm: 2147483647, cdma_ecio: 2147483647, evdo_dbm: 2147483647, evdo_ecio: 2147483647, evdo_snr: 2147483647, lte_signal_strength: 99, lte_rsrp: 2147483647, lte_rsrq: 2147483647, lte_rssnr: 2147483647, lte_cqi: 2147483647, lte_timing_advance: 2147483647, tdscdma_signal_strength: 99, tdscdma_bit_error_rate: 99, tdscdma_rscp: 255, wcdma_signal_strength: 0, wcdma_bit_error_rate: 99, wcdma_scdma_rscp: 5, wcdma_ecno: 12, ssRsrp: 2147483647, ssRsrq: 2147483647, ssSinr: 2147483647, csiRsrp: 2147483647, csiRsrq: 2147483647, csiSinr: 2147483647
07-23 17:26:15.546  2516  2760 D OplusSignalSmooth/0: onSignalStrengthResultExt,oldSignalStrength:SignalStrength:{mCdma=CellSignalStrengthCdma: cdmaDbm=2147483647 cdmaEcio=2147483647 evdoDbm=2147483647 evdoEcio=2147483647 evdoSnr=2147483647 level=0,mGsm=CellSignalStrengthGsm: rssi=-73 ber=99 mTa=2147483647 mLevel=4,mWcdma=CellSignalStrengthWcdma: ss=2147483647 ber=2147483647 rscp=2147483647 ecno=2147483647 level=0,mTdscdma=CellSignalStrengthTdscdma: rssi=2147483647 ber=2147483647 rscp=2147483647 level=0,mLte=CellSignalStrengthLte: rssi=2147483647 rsrp=2147483647 rsrq=2147483647 rssnr=2147483647 cqiTableIndex=2147483647 cqi=2147483647 ta=2147483647 level=0 parametersUseForLevel=1,mNr=CellSignalStrengthNr:{ csiRsrp = 2147483647 csiRsrq = 2147483647 csiCqiTableIndex = 2147483647 csiCqiReport = [] ssRsrp = 2147483647 ssRsrq = 2147483647 ssSinr = 2147483647 level = 0 parametersUseForLevel = 1 timingAdvance = 2147483647 },primary=CellSignalStrengthGsm}
07-23 17:26:15.546  2516  2760 D OplusSignalSmooth/0: mOrigSignalStrength:SignalStrength:{mCdma=CellSignalStrengthCdma: cdmaDbm=2147483647 cdmaEcio=2147483647 evdoDbm=2147483647 evdoEcio=2147483647 evdoSnr=2147483647 level=0,mGsm=CellSignalStrengthGsm: rssi=-71 ber=99 mTa=2147483647 mLevel=4,mWcdma=CellSignalStrengthWcdma: ss=2147483647 ber=2147483647 rscp=2147483647 ecno=2147483647 level=0,mTdscdma=CellSignalStrengthTdscdma: rssi=2147483647 ber=2147483647 rscp=2147483647 level=0,mLte=CellSignalStrengthLte: rssi=2147483647 rsrp=2147483647 rsrq=2147483647 rssnr=2147483647 cqiTableIndex=2147483647 cqi=2147483647 ta=2147483647 level=0 parametersUseForLevel=1,mNr=CellSignalStrengthNr:{ csiRsrp = 2147483647 csiRsrq = 2147483647 csiCqiTableIndex = 2147483647 csiCqiReport = [] ssRsrp = 2147483647 ssRsrq = 2147483647 ssSinr = 2147483647 level = 0 parametersUseForLevel = 1 timingAdvance = 2147483647 },primary=CellSignalStrengthGsm}
07-23 17:26:15.546  2516  2760 D OplusSignalSmooth/0: no service fix signal...
07-23 17:26:15.553  2516  2760 D OplusSignalSmooth/0: notifySignalStrength, mSignalStrength: SignalStrength:{mCdma=CellSignalStrengthCdma: cdmaDbm=2147483647 cdmaEcio=2147483647 evdoDbm=2147483647 evdoEcio=2147483647 evdoSnr=2147483647 level=0,mGsm=CellSignalStrengthGsm: rssi=-71 ber=99 mTa=2147483647 mLevel=4,mWcdma=CellSignalStrengthWcdma: ss=2147483647 ber=2147483647 rscp=2147483647 ecno=2147483647 level=0,mTdscdma=CellSignalStrengthTdscdma: rssi=2147483647 ber=2147483647 rscp=2147483647 level=0,mLte=CellSignalStrengthLte: rssi=2147483647 rsrp=2147483647 rsrq=2147483647 rssnr=2147483647 cqiTableIndex=2147483647 cqi=2147483647 ta=2147483647 level=0 parametersUseForLevel=1,mNr=CellSignalStrengthNr:{ csiRsrp = 2147483647 csiRsrq = 2147483647 csiCqiTableIndex = 2147483647 csiCqiReport = [] ssRsrp = 2147483647 ssRsrq = 2147483647 ssSinr = 2147483647 level = 0 parametersUseForLevel = 1 timingAdvance = 2147483647 },primary=CellSignalStrengthGsm}
07-23 17:26:16.973  1835  1849 W NotificationService: Toast already killed. pkg=zln.mossogb.wfs token=android.os.BinderProxy@9f31eee
07-23 17:26:17.719  1835  1849 W NotificationService: Toast already killed. pkg=zln.mossogb.wfs token=android.os.BinderProxy@2dc1dc6
07-23 17:26:18.335  1835  3228 W NotificationService: Toast already killed. pkg=zln.mossogb.wfs token=android.os.BinderProxy@5cf8a95
07-23 17:26:23.310  1835  1884 I libprocessgroup: Successfully killed process cgroup uid 10156 pid 17680 in 27ms
07-23 17:26:23.436   865   865 I Zygote  : Process 17680 exited due to signal 9 (Killed)
07-23 17:26:24.960  1708  1741 D RmcNwHdlr: [0] requestSignalStrength:sigRegisted[0000], sigUpdated[0X01]
07-23 17:26:24.960  1708  1741 D RmcNwHdlr: [0] handleSignalStrength, gsm_signal_strength: 20, gsm_bit_error_rate: 99, gsm_timing_advance: 2147483647, cdma_dbm: 2147483647, cdma_ecio: 2147483647, evdo_dbm: 2147483647, evdo_ecio: 2147483647, evdo_snr: 2147483647, lte_signal_strength: 99, lte_rsrp: 2147483647, lte_rsrq: 2147483647, lte_rssnr: 2147483647, lte_cqi: 2147483647, lte_timing_advance: 2147483647, tdscdma_signal_strength: 99, tdscdma_bit_error_rate: 99, tdscdma_rscp: 255, wcdma_signal_strength: 0, wcdma_bit_error_rate: 99, wcdma_scdma_rscp: 5, wcdma_ecno: 12, ssRsrp: 2147483647, ssRsrq: 2147483647, ssSinr: 2147483647, csiRsrp: 2147483647, csiRsrq: 2147483647, csiSinr: 2147483647
07-23 17:26:24.967  2516  2760 D OplusSignalSmooth/0: onSignalStrengthResultExt,oldSignalStrength:SignalStrength:{mCdma=CellSignalStrengthCdma: cdmaDbm=2147483647 cdmaEcio=2147483647 evdoDbm=2147483647 evdoEcio=2147483647 evdoSnr=2147483647 level=0,mGsm=CellSignalStrengthGsm: rssi=-71 ber=99 mTa=2147483647 mLevel=4,mWcdma=CellSignalStrengthWcdma: ss=2147483647 ber=2147483647 rscp=2147483647 ecno=2147483647 level=0,mTdscdma=CellSignalStrengthTdscdma: rssi=2147483647 ber=2147483647 rscp=2147483647 level=0,mLte=CellSignalStrengthLte: rssi=2147483647 rsrp=2147483647 rsrq=2147483647 rssnr=2147483647 cqiTableIndex=2147483647 cqi=2147483647 ta=2147483647 level=0 parametersUseForLevel=1,mNr=CellSignalStrengthNr:{ csiRsrp = 2147483647 csiRsrq = 2147483647 csiCqiTableIndex = 2147483647 csiCqiReport = [] ssRsrp = 2147483647 ssRsrq = 2147483647 ssSinr = 2147483647 level = 0 parametersUseForLevel = 1 timingAdvance = 2147483647 },primary=CellSignalStrengthGsm}
07-23 17:26:24.967  2516  2760 D OplusSignalSmooth/0: mOrigSignalStrength:SignalStrength:{mCdma=CellSignalStrengthCdma: cdmaDbm=2147483647 cdmaEcio=2147483647 evdoDbm=2147483647 evdoEcio=2147483647 evdoSnr=2147483647 level=0,mGsm=CellSignalStrengthGsm: rssi=-73 ber=99 mTa=2147483647 mLevel=4,mWcdma=CellSignalStrengthWcdma: ss=2147483647 ber=2147483647 rscp=2147483647 ecno=2147483647 level=0,mTdscdma=CellSignalStrengthTdscdma: rssi=2147483647 ber=2147483647 rscp=2147483647 level=0,mLte=CellSignalStrengthLte: rssi=2147483647 rsrp=2147483647 rsrq=2147483647 rssnr=2147483647 cqiTableIndex=2147483647 cqi=2147483647 ta=2147483647 level=0 parametersUseForLevel=1,mNr=CellSignalStrengthNr:{ csiRsrp = 2147483647 csiRsrq = 2147483647 csiCqiTableIndex = 2147483647 csiCqiReport = [] ssRsrp = 2147483647 ssRsrq = 2147483647 ssSinr = 2147483647 level = 0 parametersUseForLevel = 1 timingAdvance = 2147483647 },primary=CellSignalStrengthGsm}
07-23 17:26:24.967  2516  2760 D OplusSignalSmooth/0: no service fix signal...
07-23 17:26:24.969  2516  2760 D OplusSignalSmooth/0: notifySignalStrength, mSignalStrength: SignalStrength:{mCdma=CellSignalStrengthCdma: cdmaDbm=2147483647 cdmaEcio=2147483647 evdoDbm=2147483647 evdoEcio=2147483647 evdoSnr=2147483647 level=0,mGsm=CellSignalStrengthGsm: rssi=-73 ber=99 mTa=2147483647 mLevel=4,mWcdma=CellSignalStrengthWcdma: ss=2147483647 ber=2147483647 rscp=2147483647 ecno=2147483647 level=0,mTdscdma=CellSignalStrengthTdscdma: rssi=2147483647 ber=2147483647 rscp=2147483647 level=0,mLte=CellSignalStrengthLte: rssi=2147483647 rsrp=2147483647 rsrq=2147483647 rssnr=2147483647 cqiTableIndex=2147483647 cqi=2147483647 ta=2147483647 level=0 parametersUseForLevel=1,mNr=CellSignalStrengthNr:{ csiRsrp = 2147483647 csiRsrq = 2147483647 csiCqiTableIndex = 2147483647 csiCqiReport = [] ssRsrp = 2147483647 ssRsrq = 2147483647 ssSinr = 2147483647 level = 0 parametersUseForLevel = 1 timingAdvance = 2147483647 },primary=CellSignalStrengthGsm}
07-23 17:26:28.182 17990 19597 I ModuleManager: injectNow: watchdog already running — skipping auto-start
