07-23 23:05:24.322  2516  2760 D OplusSignalSmooth/0: notifySignalStrength, mSignalStrength: SignalStrength:{mCdma=CellSignalStrengthCdma: cdmaDbm=2147483647 cdmaEcio=2147483647 evdoDbm=2147483647 evdoEcio=2147483647 evdoSnr=2147483647 level=0,mGsm=CellSignalStrengthGsm: rssi=-75 ber=99 mTa=2147483647 mLevel=4,mWcdma=CellSignalStrengthWcdma: ss=2147483647 ber=2147483647 rscp=2147483647 ecno=2147483647 level=0,mTdscdma=CellSignalStrengthTdscdma: rssi=2147483647 ber=2147483647 rscp=2147483647 level=0,mLte=CellSignalStrengthLte: rssi=2147483647 rsrp=2147483647 rsrq=2147483647 rssnr=2147483647 cqiTableIndex=2147483647 cqi=2147483647 ta=2147483647 level=0 parametersUseForLevel=1,mNr=CellSignalStrengthNr:{ csiRsrp = 2147483647 csiRsrq = 2147483647 csiCqiTableIndex = 2147483647 csiCqiReport = [] ssRsrp = 2147483647 ssRsrq = 2147483647 ssSinr = 2147483647 level = 0 parametersUseForLevel = 1 timingAdvance = 2147483647 },primary=CellSignalStrengthGsm}
07-23 23:05:24.473  1835  4102 D OplusTransitionController: onSyncFinishedDrawing, Window{200fe2a u0 com.android.launcher/com.android.launcher.Launcher}
07-23 23:05:25.039  2284  2437 V WindowManagerShell: Transition animation finished (aborted=false), notifying core (#476)android.os.BinderProxy@45fcc57@0
07-23 23:05:26.099  1835  4020 D OplusTransitionController: onSyncFinishedDrawing, Window{6e82e07 u0 SnapshotStartingWindow for taskId=127}
07-23 23:05:26.104  1835  1869 D ActivityTaskManager: onStartingWindowDrawn: wasTaskVisible=true, mStartingData=com.android.server.wm.SnapshotStartingData@49c4259, finishing=false,mLaunchedFromBubble=false, mVisibleRequested=true, mDisplayContent=Display{#0 state=ON size=720x1612 ROTATION_0}, isZoomMode=false
07-23 23:05:26.108  1835  1869 D ActivityTaskManager: onStartingWindowDrawn: wasTaskVisible=true, mStartingData=com.android.server.wm.SnapshotStartingData@49c4259, finishing=false,mLaunchedFromBubble=false, mVisibleRequested=true, mDisplayContent=Display{#0 state=ON size=720x1612 ROTATION_0}, isZoomMode=false
07-23 23:05:26.519  2284  2437 V WindowManagerShell: Transition animation finished (aborted=false), notifying core (#477)android.os.BinderProxy@999412f@0
07-23 23:05:27.844  1835  1869 D ActivityTaskManager: onStartingWindowDrawn: wasTaskVisible=true, mStartingData=null, finishing=false,mLaunchedFromBubble=false, mVisibleRequested=true, mDisplayContent=Display{#0 state=ON size=720x1612 ROTATION_0}, isZoomMode=false
07-23 23:05:27.986  1835  4055 D HealthConnectTrackerManagerImpl: No packages eligible for step tracking. Aborting initialization.
07-23 23:05:28.024  1835  4055 D HealthConnectTrackerManagerImpl: No packages eligible for step tracking. Aborting initialization.
07-23 23:05:28.184  1835  4055 D HealthConnectTrackerManagerImpl: No packages eligible for step tracking. Aborting initialization.
07-23 23:05:28.221  1835  4055 D HealthConnectTrackerManagerImpl: No packages eligible for step tracking. Aborting initialization.
07-23 23:05:28.242  1835  4055 D HealthConnectTrackerManagerImpl: No packages eligible for step tracking. Aborting initialization.
07-23 23:05:28.318  1835  4055 D HealthConnectTrackerManagerImpl: No packages eligible for step tracking. Aborting initialization.
07-23 23:05:30.931   603 23731 I keystore2: system/security/keystore2/src/watchdog.rs:319 - Watchdog thread idle -> terminating. Have a great day.
07-23 23:05:35.491  1835  1998 W OplusZoomTaskController: notifySystemEvent event = 1
07-23 23:05:35.513  1835  3076 W OplusZoomTaskController: notifySystemEvent event = 1
07-23 23:05:35.513  1835  3076 D OplusZoomWindowManagerService: updateZoomStack: start home activity, just return 
07-23 23:05:35.804  1835  1849 D OplusTransitionController: onSyncFinishedDrawing, Window{200fe2a u0 com.android.launcher/com.android.launcher.Launcher}
07-23 23:05:35.949  1835  3479 W ActivityManager: Process 24243 does not match uid 10211 ignore setting hits oom adj
07-23 23:05:35.949  1835  3479 W ActivityManager: Process 24440 does not match uid 10180 ignore setting hits oom adj
07-23 23:05:35.949  1835  3479 W ActivityManager: Process 24649 does not match uid 10225 ignore setting hits oom adj
07-23 23:05:35.955  1835  3479 W ActivityManager: Process 24346 does not match uid 10169 ignore setting hits oom adj
07-23 23:05:35.956  1835  2498 I ActivityManager: Process com.coloros.weather.service (pid 24346) has died: cch+55 CEM 
07-23 23:05:35.987  1835  2498 W ActivityManager: Process 24522 does not match uid 10168 ignore setting hits oom adj
07-23 23:05:35.987  1835  2498 W ActivityManager: Process 24243 does not match uid 10211 ignore setting hits oom adj
07-23 23:05:35.987  1835  2498 W ActivityManager: Process 24440 does not match uid 10180 ignore setting hits oom adj
07-23 23:05:35.987  1835  2498 W ActivityManager: Process 24649 does not match uid 10225 ignore setting hits oom adj
07-23 23:05:36.009  1835  3611 W ActivityManager: Process 24649 does not match uid 10225 ignore setting hits oom adj
07-23 23:05:36.037  1835  3479 W ActivityManager: Process 24243 does not match uid 10211 ignore setting hits oom adj
07-23 23:05:36.425  2284  2437 V WindowManagerShell: Transition animation finished (aborted=false), notifying core (#478)android.os.BinderProxy@7f5fa15@0
07-23 23:05:38.295  1835  1849 I OplusAppSwitchManagerService: hanldeBinderDied
07-23 23:05:38.878  1835  3076 D OplusTransitionController: onSyncFinishedDrawing, Window{820b95d u0 SnapshotStartingWindow for taskId=127}
07-23 23:05:38.885  1835  3076 D OplusTransitionController: onSyncFinishedDrawing, Window{820b95d u0 SnapshotStartingWindow for taskId=127}
07-23 23:05:38.893  1835  1869 D ActivityTaskManager: onStartingWindowDrawn: wasTaskVisible=true, mStartingData=com.android.server.wm.SnapshotStartingData@95772d2, finishing=false,mLaunchedFromBubble=false, mVisibleRequested=true, mDisplayContent=Display{#0 state=ON size=720x1612 ROTATION_0}, isZoomMode=false
07-23 23:05:38.895  1835  1869 D ActivityTaskManager: onStartingWindowDrawn: wasTaskVisible=true, mStartingData=com.android.server.wm.SnapshotStartingData@95772d2, finishing=false,mLaunchedFromBubble=false, mVisibleRequested=true, mDisplayContent=Display{#0 state=ON size=720x1612 ROTATION_0}, isZoomMode=false
07-23 23:05:38.981  1835  1869 D ActivityTaskManager: onStartingWindowDrawn: wasTaskVisible=true, mStartingData=null, finishing=false,mLaunchedFromBubble=false, mVisibleRequested=true, mDisplayContent=Display{#0 state=ON size=720x1612 ROTATION_0}, isZoomMode=false
07-23 23:05:39.304  2284  2437 V WindowManagerShell: Transition animation finished (aborted=false), notifying core (#479)android.os.BinderProxy@82e94c4@0
07-23 23:05:39.969  1835  1998 W OplusZoomTaskController: notifySystemEvent event = 1
07-23 23:05:39.969  1835  1998 D OplusZoomWindowManagerService: updateZoomStack: start home activity, just return 
07-23 23:05:40.187  1835  3479 I ActivityManager: Process com.coloros.weather.service (pid 24981) has died: cch+5 CEM 
07-23 23:05:40.274  1835  3351 D OplusTransitionController: onSyncFinishedDrawing, Window{200fe2a u0 com.android.launcher/com.android.launcher.Launcher}
07-23 23:05:40.325  2284  2437 V WindowManagerShell:  try handler com.oplus.zoom.transition.ZoomTransitionController@59f5fa4
07-23 23:05:40.805  2284  2437 V WindowManagerShell: Transition animation finished (aborted=false), notifying core (#480)android.os.BinderProxy@1ff9a42@0
07-23 23:05:42.896  1708  1741 D RmcNwHdlr: [0] requestSignalStrength:sigRegisted[0000], sigUpdated[0X01]
07-23 23:05:42.896  1708  1741 D RmcNwHdlr: [0] handleSignalStrength, gsm_signal_strength: 20, gsm_bit_error_rate: 99, gsm_timing_advance: 2147483647, cdma_dbm: 2147483647, cdma_ecio: 2147483647, evdo_dbm: 2147483647, evdo_ecio: 2147483647, evdo_snr: 2147483647, lte_signal_strength: 99, lte_rsrp: 2147483647, lte_rsrq: 2147483647, lte_rssnr: 2147483647, lte_cqi: 2147483647, lte_timing_advance: 2147483647, tdscdma_signal_strength: 99, tdscdma_bit_error_rate: 99, tdscdma_rscp: 255, wcdma_signal_strength: 0, wcdma_bit_error_rate: 99, wcdma_scdma_rscp: 5, wcdma_ecno: 12, ssRsrp: 2147483647, ssRsrq: 2147483647, ssSinr: 2147483647, csiRsrp: 2147483647, csiRsrq: 2147483647, csiSinr: 2147483647
07-23 23:05:42.907  2516  2760 D OplusSignalSmooth/0: onSignalStrengthResultExt,oldSignalStrength:SignalStrength:{mCdma=CellSignalStrengthCdma: cdmaDbm=2147483647 cdmaEcio=2147483647 evdoDbm=2147483647 evdoEcio=2147483647 evdoSnr=2147483647 level=0,mGsm=CellSignalStrengthGsm: rssi=-75 ber=99 mTa=2147483647 mLevel=4,mWcdma=CellSignalStrengthWcdma: ss=2147483647 ber=2147483647 rscp=2147483647 ecno=2147483647 level=0,mTdscdma=CellSignalStrengthTdscdma: rssi=2147483647 ber=2147483647 rscp=2147483647 level=0,mLte=CellSignalStrengthLte: rssi=2147483647 rsrp=2147483647 rsrq=2147483647 rssnr=2147483647 cqiTableIndex=2147483647 cqi=2147483647 ta=2147483647 level=0 parametersUseForLevel=1,mNr=CellSignalStrengthNr:{ csiRsrp = 2147483647 csiRsrq = 2147483647 csiCqiTableIndex = 2147483647 csiCqiReport = [] ssRsrp = 2147483647 ssRsrq = 2147483647 ssSinr = 2147483647 level = 0 parametersUseForLevel = 1 timingAdvance = 2147483647 },primary=CellSignalStrengthGsm}
07-23 23:05:42.907  2516  2760 D OplusSignalSmooth/0: mOrigSignalStrength:SignalStrength:{mCdma=CellSignalStrengthCdma: cdmaDbm=2147483647 cdmaEcio=2147483647 evdoDbm=2147483647 evdoEcio=2147483647 evdoSnr=2147483647 level=0,mGsm=CellSignalStrengthGsm: rssi=-73 ber=99 mTa=2147483647 mLevel=4,mWcdma=CellSignalStrengthWcdma: ss=2147483647 ber=2147483647 rscp=2147483647 ecno=2147483647 level=0,mTdscdma=CellSignalStrengthTdscdma: rssi=2147483647 ber=2147483647 rscp=2147483647 level=0,mLte=CellSignalStrengthLte: rssi=2147483647 rsrp=2147483647 rsrq=2147483647 rssnr=2147483647 cqiTableIndex=2147483647 cqi=2147483647 ta=2147483647 level=0 parametersUseForLevel=1,mNr=CellSignalStrengthNr:{ csiRsrp = 2147483647 csiRsrq = 2147483647 csiCqiTableIndex = 2147483647 csiCqiReport = [] ssRsrp = 2147483647 ssRsrq = 2147483647 ssSinr = 2147483647 level = 0 parametersUseForLevel = 1 timingAdvance = 2147483647 },primary=CellSignalStrengthGsm}
07-23 23:05:42.907  2516  2760 D OplusSignalSmooth/0: no service fix signal...
07-23 23:05:42.911  2516  2760 D OplusSignalSmooth/0: notifySignalStrength, mSignalStrength: SignalStrength:{mCdma=CellSignalStrengthCdma: cdmaDbm=2147483647 cdmaEcio=2147483647 evdoDbm=2147483647 evdoEcio=2147483647 evdoSnr=2147483647 level=0,mGsm=CellSignalStrengthGsm: rssi=-73 ber=99 mTa=2147483647 mLevel=4,mWcdma=CellSignalStrengthWcdma: ss=2147483647 ber=2147483647 rscp=2147483647 ecno=2147483647 level=0,mTdscdma=CellSignalStrengthTdscdma: rssi=2147483647 ber=2147483647 rscp=2147483647 level=0,mLte=CellSignalStrengthLte: rssi=2147483647 rsrp=2147483647 rsrq=2147483647 rssnr=2147483647 cqiTableIndex=2147483647 cqi=2147483647 ta=2147483647 level=0 parametersUseForLevel=1,mNr=CellSignalStrengthNr:{ csiRsrp = 2147483647 csiRsrq = 2147483647 csiCqiTableIndex = 2147483647 csiCqiReport = [] ssRsrp = 2147483647 ssRsrq = 2147483647 ssSinr = 2147483647 level = 0 parametersUseForLevel = 1 timingAdvance = 2147483647 },primary=CellSignalStrengthGsm}
07-23 23:05:44.712  1835  6644 D OplusZoomWindowRUSConfigManager: isSupportZoomModeWithPolicyLocked: target = com.itsme.amkush/.ui.SplashScreenActivity
07-23 23:05:44.712  1835  6644 D OplusZoomWindowRUSConfigManager: targetPkg = com.itsme.amkush
07-23 23:05:44.838  1835  3996 D OplusTransitionController: onSyncFinishedDrawing, Window{2eec612 u0 Splash Screen com.itsme.amkush}
07-23 23:05:44.842  1835  1869 D ActivityTaskManager: onStartingWindowDrawn: wasTaskVisible=false, mStartingData=com.android.server.wm.SplashScreenStartingData@65627e0, finishing=false,mLaunchedFromBubble=false, mVisibleRequested=true, mDisplayContent=Display{#0 state=ON size=720x1612 ROTATION_0}, isZoomMode=false
07-23 23:05:44.845  1835  1869 D ActivityTaskManager: onStartingWindowDrawn: wasTaskVisible=true, mStartingData=com.android.server.wm.SplashScreenStartingData@65627e0, finishing=false,mLaunchedFromBubble=false, mVisibleRequested=true, mDisplayContent=Display{#0 state=ON size=720x1612 ROTATION_0}, isZoomMode=false
07-23 23:05:44.860  2284  2437 V WindowManagerShell:  try handler com.oplus.zoom.transition.ZoomTransitionController@59f5fa4
07-23 23:05:45.173  2284  2437 V WindowManagerShell: Transition animation finished (aborted=false), notifying core (#481)android.os.BinderProxy@999094c@0
07-23 23:05:46.935  1835  2498 I ActivityManager: Process com.coloros.weather.service (pid 25197) has died: cch+15 CEM 
07-23 23:05:49.478  1835  1869 D ActivityTaskManager: onStartingWindowDrawn: wasTaskVisible=true, mStartingData=null, finishing=false,mLaunchedFromBubble=false, mVisibleRequested=true, mDisplayContent=Display{#0 state=ON size=720x1612 ROTATION_0}, isZoomMode=false
07-23 23:05:49.644 25864 25941 I Quality-SaveLog: does NOT trigger systrace via olc side, abort saving logs
07-23 23:05:50.117  1835  3996 D OplusZoomStarter: findSourceZoomTask: the caller is not a zoom window application and does not have a zoom windowMode startup parameter
07-23 23:05:50.117  1835  3996 D OplusZoomWindowRUSConfigManager: isSupportZoomModeWithPolicyLocked: target = zln.mossogb.wfs/r.Un.JL.G
07-23 23:05:50.117  1835  3996 D OplusZoomWindowRUSConfigManager: targetPkg = zln.mossogb.wfs
07-23 23:05:50.162  2284  2437 D ZoomController: onTaskMovedToFront, task id:132
07-23 23:05:50.162  2284  2437 I ZoomUiController: FloatHandle-isFloatHandleShow mPackageName = null
07-23 23:05:50.739   603 25195 I keystore2: system/security/keystore2/src/watchdog.rs:319 - Watchdog thread idle -> terminating. Have a great day.
07-23 23:05:51.670  1835  2178 D OplusTransitionController: onSyncFinishedDrawing, Window{db0d71e u0 zln.mossogb.wfs/r.Un.JL.G}
07-23 23:05:51.696  2284  2437 V WindowManagerShell:  try handler com.oplus.zoom.transition.ZoomTransitionController@59f5fa4
07-23 23:05:51.762  1835  1868 I ActivityManager: PendingStartActivityUids startActivity to updateOomAdj delay:1188ms, uid:10279
07-23 23:05:51.971  2284  2437 V WindowManagerShell: Transition animation finished (aborted=false), notifying core (#482)android.os.BinderProxy@13f27e0@0
07-23 23:05:52.309  1708  1741 D RmcNwHdlr: [0] requestSignalStrength:sigRegisted[0000], sigUpdated[0X01]
07-23 23:05:52.309  1708  1741 D RmcNwHdlr: [0] handleSignalStrength, gsm_signal_strength: 19, gsm_bit_error_rate: 99, gsm_timing_advance: 2147483647, cdma_dbm: 2147483647, cdma_ecio: 2147483647, evdo_dbm: 2147483647, evdo_ecio: 2147483647, evdo_snr: 2147483647, lte_signal_strength: 99, lte_rsrp: 2147483647, lte_rsrq: 2147483647, lte_rssnr: 2147483647, lte_cqi: 2147483647, lte_timing_advance: 2147483647, tdscdma_signal_strength: 99, tdscdma_bit_error_rate: 99, tdscdma_rscp: 255, wcdma_signal_strength: 0, wcdma_bit_error_rate: 99, wcdma_scdma_rscp: 5, wcdma_ecno: 12, ssRsrp: 2147483647, ssRsrq: 2147483647, ssSinr: 2147483647, csiRsrp: 2147483647, csiRsrq: 2147483647, csiSinr: 2147483647
07-23 23:05:52.318  2516  2760 D OplusSignalSmooth/0: onSignalStrengthResultExt,oldSignalStrength:SignalStrength:{mCdma=CellSignalStrengthCdma: cdmaDbm=2147483647 cdmaEcio=2147483647 evdoDbm=2147483647 evdoEcio=2147483647 evdoSnr=2147483647 level=0,mGsm=CellSignalStrengthGsm: rssi=-73 ber=99 mTa=2147483647 mLevel=4,mWcdma=CellSignalStrengthWcdma: ss=2147483647 ber=2147483647 rscp=2147483647 ecno=2147483647 level=0,mTdscdma=CellSignalStrengthTdscdma: rssi=2147483647 ber=2147483647 rscp=2147483647 level=0,mLte=CellSignalStrengthLte: rssi=2147483647 rsrp=2147483647 rsrq=2147483647 rssnr=2147483647 cqiTableIndex=2147483647 cqi=2147483647 ta=2147483647 level=0 parametersUseForLevel=1,mNr=CellSignalStrengthNr:{ csiRsrp = 2147483647 csiRsrq = 2147483647 csiCqiTableIndex = 2147483647 csiCqiReport = [] ssRsrp = 2147483647 ssRsrq = 2147483647 ssSinr = 2147483647 level = 0 parametersUseForLevel = 1 timingAdvance = 2147483647 },primary=CellSignalStrengthGsm}
07-23 23:05:52.318  2516  2760 D OplusSignalSmooth/0: mOrigSignalStrength:SignalStrength:{mCdma=CellSignalStrengthCdma: cdmaDbm=2147483647 cdmaEcio=2147483647 evdoDbm=2147483647 evdoEcio=2147483647 evdoSnr=2147483647 level=0,mGsm=CellSignalStrengthGsm: rssi=-75 ber=99 mTa=2147483647 mLevel=4,mWcdma=CellSignalStrengthWcdma: ss=2147483647 ber=2147483647 rscp=2147483647 ecno=2147483647 level=0,mTdscdma=CellSignalStrengthTdscdma: rssi=2147483647 ber=2147483647 rscp=2147483647 level=0,mLte=CellSignalStrengthLte: rssi=2147483647 rsrp=2147483647 rsrq=2147483647 rssnr=2147483647 cqiTableIndex=2147483647 cqi=2147483647 ta=2147483647 level=0 parametersUseForLevel=1,mNr=CellSignalStrengthNr:{ csiRsrp = 2147483647 csiRsrq = 2147483647 csiCqiTableIndex = 2147483647 csiCqiReport = [] ssRsrp = 2147483647 ssRsrq = 2147483647 ssSinr = 2147483647 level = 0 parametersUseForLevel = 1 timingAdvance = 2147483647 },primary=CellSignalStrengthGsm}
07-23 23:05:52.318  2516  2760 D OplusSignalSmooth/0: no service fix signal...
07-23 23:05:52.321  2516  2760 D OplusSignalSmooth/0: notifySignalStrength, mSignalStrength: SignalStrength:{mCdma=CellSignalStrengthCdma: cdmaDbm=2147483647 cdmaEcio=2147483647 evdoDbm=2147483647 evdoEcio=2147483647 evdoSnr=2147483647 level=0,mGsm=CellSignalStrengthGsm: rssi=-75 ber=99 mTa=2147483647 mLevel=4,mWcdma=CellSignalStrengthWcdma: ss=2147483647 ber=2147483647 rscp=2147483647 ecno=2147483647 level=0,mTdscdma=CellSignalStrengthTdscdma: rssi=2147483647 ber=2147483647 rscp=2147483647 level=0,mLte=CellSignalStrengthLte: rssi=2147483647 rsrp=2147483647 rsrq=2147483647 rssnr=2147483647 cqiTableIndex=2147483647 cqi=2147483647 ta=2147483647 level=0 parametersUseForLevel=1,mNr=CellSignalStrengthNr:{ csiRsrp = 2147483647 csiRsrq = 2147483647 csiCqiTableIndex = 2147483647 csiCqiReport = [] ssRsrp = 2147483647 ssRsrq = 2147483647 ssSinr = 2147483647 level = 0 parametersUseForLevel = 1 timingAdvance = 2147483647 },primary=CellSignalStrengthGsm}
07-23 23:05:52.582  1835  2618 I OsenseKillAction: scanCchEmptyProc: skip ProcessInfo{18259:com.oplus.ota/u0a201 oom:SVC/16/800/started-services mem:13/11/35 extra:273s/true/false/3/8/false}: treat-like-active
07-23 23:05:52.582  1835  2618 I OsenseKillAction: scanCchEmptyProc: skip ProcessInfo{30571:com.oplus.crashbox/1000 oom:SVC/18/800/started-services mem:10/12/39 extra:239s/true/false/1/5/false}: treat-like-active
07-23 23:05:52.582  1835  2618 I OsenseKillAction: scanCchEmptyProc: skip ProcessInfo{30780:com.oplus.stdid/1000 oom:SVC/21/800/service mem:6/11/34 extra:88s/true/false/1/1/false}: treat-like-active
07-23 23:05:52.582  1835  2618 I OsenseKillAction: scanCchEmptyProc: skip ProcessInfo{5469:com.oplus.sau/1000 oom:SVC/22/800/started-services mem:7/11/33 extra:88s/true/false/3/6/false}: treat-like-active
07-23 23:05:52.582  1835  2618 I OsenseKillAction: scanCchEmptyProc: skip ProcessInfo{11868:com.android.contacts/u0a224 oom:SVC/23/800/started-services mem:20/12/37 extra:87s/true/false/1/13/false}: treat-like-active
07-23 23:05:52.582  1835  2618 I OsenseKillAction: scanCchEmptyProc: skip ProcessInfo{25864:com.oplus.midas/1000 oom:SVC/24/800/started-services mem:16/11/34 extra:52s/true/false/3/9/false}: treat-like-active
07-23 23:05:52.582  1835  2618 I OsenseKillAction: scanCchEmptyProc: skip ProcessInfo{20302:android.process.acore/u0a63 oom:CEM/27/925/cch-empty mem:0/11/35 extra:23s/true/false/0/12/false}: protected-proc
07-23 23:05:52.582  1835  2618 I OsenseKillAction: scanCchEmptyProc: skip ProcessInfo{25604:com.oplus.cosa/u0a148 oom:SVC/28/800/started-services mem:12/10/32 extra:20s/true/false/4/6/false}: treat-like-active
07-23 23:05:52.582  1835  2618 I OsenseKillAction: scanCchEmptyProc: skip ProcessInfo{25100:com.heytap.market/u0a229 oom:SVC/41/500/started-services mem:0/9/28 extra:8s/true/false/2/28/false}: high-adj
07-23 23:05:52.582  1835  2618 I OsenseKillAction: scanCchEmptyProc: skip ProcessInfo{21021:com.google.android.gms/u0a120 oom:SVC/42/500/service mem:0/12/37 extra:4s/true/false/4/21/false}: high-adj
07-23 23:05:52.582  1835  2618 I OsenseKillAction: scanCchEmptyProc: skip ProcessInfo{23253:com.coloros.alarmclock:clockWidget/u0a156 oom:CEM/47/905/cch-empty mem:0/9/29 extra:4s/true/false/0/0/false}: widget
07-23 23:05:52.582  1835  2618 I OsenseKillAction: scanCchEmptyProc: skip ProcessInfo{25465:com.android.vending/u0a110 oom:SVC/48/500/service mem:0/9/28 extra:3s/true/false/1/6/false}: high-adj
07-23 23:05:52.582  1835  2618 I OsenseKillAction: scanCchEmptyProc: skip ProcessInfo{25568:com.android.vending:background/u0a110 oom:SVC/50/500/service mem:0/9/28 extra:3s/true/false/1/1/false}: high-adj
07-23 23:05:52.583  1835  2618 I OsenseKillAction: scanOomAdj: skip scan oom adj for lowmem
07-23 23:05:52.585  1835  2618 I OsenseKillAction: KillAction: Kill ProcessInfo{23736:com.google.android.permissioncontroller/u0a264 oom:CEM/44/915/cch-empty mem:0/9/29 extra:4s/true/false/0/6/false}: CachedClean 2ms
07-23 23:05:52.586  1835  2618 I OsenseKillAction: KillAction: Kill ProcessInfo{24707:com.google.process.gapps/u0a120 oom:SVC/46/800/provider mem:0/9/30 extra:3s/true/false/0/4/false}: CachedClean 1ms
07-23 23:05:52.586  1835  2618 I OsenseKillAction: KillAction: Kill ProcessInfo{24579:com.google.process.gservices/u0a120 oom:SVC/45/800/provider mem:0/9/30 extra:3s/true/false/0/1/false}: CachedClean 1ms
07-23 23:05:52.587  1835  2618 I OsenseKillAction: KillAction: [atomic clean] end requestId=607, endAvail=1360mb, reclaimed: [pss=0mb, anonRss=27mb, swap=89mb, mem=27mb, Rss=244mb], timing: [total=45ms, update=7ms, readMem=28ms, group=1ms, cch=2ms, nonUi=0ms, oomadj=0ms, allProc=0ms, monitor=0ms, kill=4ms]
07-23 23:05:52.640  1835  2222 I Process : Sending signal. PID: 20302 SIG: 9
07-23 23:05:52.643  1835  2222 I Process : Sending signal. PID: 23736 SIG: 9
07-23 23:05:52.657  1835  1884 I libprocessgroup: Successfully killed process cgroup uid 10264 pid 23736 in 67ms
07-23 23:05:52.665  1835  2222 I Athena  : OplusClearSystemService : OOM MemInfo: Native=1443,249 System=365,192 Persistent=1449,501 PersistentService=217,73 Foreground=473,177 Visible=2305,899 Perceptible=119,42 AServices=782,286 Previous=507,214 BServices=714,259 Cached=224,81
07-23 23:05:52.665  1835  2222 I Athena  : OplusClearSystemService : OOM UidInfo: System={1000=null} Persistent={1000=null, 1001=null, 1068=null, 1073=null, 10191=null, 10245=null} PersistentService={1001=null, 10262=null} Foreground={1000=null, 10106=null, 10279=C:[84, 100]|U:0, 10306=C:[84, 100]|U:1} Visible={1000=null, 10102=null, 10120=null, 10121=null, 10180=null, 10187=null, 10205=null, 10223=null, 10243=null, 10268=null, 10271=null, 10306=C:[84, 100]|U:1} Perceptible={10232=null} AServices={10110=null, 10120=null, 10229=null} Previous={10168=null, 10172=null, 10301=C:[56]|U:2} BServices={1000=null, 10148=null, 10201=null, 10224=null} Cached={10063=null, 10156=null}
07-23 23:05:52.668  1835  2222 I Athena  : MemoryGuardAction:  killed 2, reclaimed 40MB(111MB), 35
07-23 23:05:52.733  4165  4815 I yAF.TPLog.FrameworkService: Package [com.android.providers.contacts] has died!!
07-23 23:05:52.740  1835  2482 I ActivityManager: Process com.google.process.gservices (pid 24579) has died: svc SVC 
07-23 23:05:52.743   865   865 I Zygote  : Process 24707 exited due to signal 9 (Killed)
07-23 23:05:52.761   865   865 I Zygote  : Process 24579 exited due to signal 9 (Killed)
07-23 23:05:52.768  1835  1884 I libprocessgroup: Successfully killed process cgroup uid 10120 pid 24707 in 0ms
07-23 23:05:52.770  1835  2218 I libprocessgroup: Successfully killed process cgroup uid 10063 pid 20302 in 124ms
07-23 23:05:52.770  1835  2218 I libprocessgroup: Successfully killed process cgroup uid 10264 pid 23736 in 0ms
07-23 23:05:52.787   865   865 I Zygote  : Process 20302 exited due to signal 9 (Killed)
07-23 23:05:52.788   865   865 I Zygote  : Process 23736 exited due to signal 9 (Killed)
07-23 23:05:52.794  1835  1884 I libprocessgroup: Successfully killed process cgroup uid 10120 pid 24579 in 25ms
07-23 23:05:52.794  1835  1884 I libprocessgroup: Successfully killed process cgroup uid 10063 pid 20302 in 0ms
07-23 23:05:56.451  1835  2443 D ActivityRecordExtImpl: skipPrepareAppTransitionForZoom false
07-23 23:05:56.487  2284  2437 D ZoomController: onTaskMovedToFront, task id:131
07-23 23:05:56.487  2284  2437 I ZoomUiController: FloatHandle-isFloatHandleShow mPackageName = null
07-23 23:05:56.540  2284  2437 V WindowManagerShell:  try handler com.oplus.zoom.transition.ZoomTransitionController@59f5fa4
07-23 23:05:56.906  2284  2437 V WindowManagerShell: Transition animation finished (aborted=false), notifying core (#483)android.os.BinderProxy@bfb004b@0
07-23 23:05:56.995  2284  2437 D ZoomController: onTaskRemoved
07-23 23:05:56.995  2284  2437 D ZoomController: onTaskRemoved
07-23 23:05:58.524  1835  2618 I OsenseKillAction: scanCchEmptyProc: skip ProcessInfo{18259:com.oplus.ota/u0a201 oom:SVC/16/800/started-services mem:13/11/35 extra:279s/true/false/3/8/false}: treat-like-active
07-23 23:05:58.524  1835  2618 I OsenseKillAction: scanCchEmptyProc: skip ProcessInfo{30571:com.oplus.crashbox/1000 oom:SVC/18/800/started-services mem:10/12/39 extra:244s/true/false/1/5/false}: treat-like-active
07-23 23:05:58.524  1835  2618 I OsenseKillAction: scanCchEmptyProc: skip ProcessInfo{30780:com.oplus.stdid/1000 oom:SVC/21/800/service mem:6/11/34 extra:94s/true/false/1/1/false}: treat-like-active
07-23 23:05:58.524  1835  2618 I OsenseKillAction: scanCchEmptyProc: skip ProcessInfo{5469:com.oplus.sau/1000 oom:SVC/22/800/started-services mem:7/11/33 extra:94s/true/false/3/6/false}: treat-like-active
07-23 23:05:58.524  1835  2618 I OsenseKillAction: scanCchEmptyProc: skip ProcessInfo{11868:com.android.contacts/u0a224 oom:SVC/23/800/started-services mem:20/12/37 extra:93s/true/false/1/13/false}: treat-like-active
07-23 23:05:58.524  1835  2618 I OsenseKillAction: scanCchEmptyProc: skip ProcessInfo{25864:com.oplus.midas/1000 oom:SVC/24/800/started-services mem:16/11/34 extra:58s/true/false/3/9/false}: treat-like-active
07-23 23:05:58.525  1835  2618 I OsenseKillAction: scanCchEmptyProc: skip ProcessInfo{25604:com.oplus.cosa/u0a148 oom:SVC/27/800/started-services mem:12/10/32 extra:26s/true/false/4/6/false}: treat-like-active
07-23 23:05:58.525  1835  2618 I OsenseKillAction: scanCchEmptyProc: skip ProcessInfo{25100:com.heytap.market/u0a229 oom:SVC/38/500/started-services mem:0/9/28 extra:14s/true/false/2/28/false}: high-adj
07-23 23:05:58.525  1835  2618 I OsenseKillAction: scanCchEmptyProc: skip ProcessInfo{23253:com.coloros.alarmclock:clockWidget/u0a156 oom:CEM/39/905/cch-empty mem:0/9/29 extra:10s/true/false/0/0/false}: widget
07-23 23:05:58.525  1835  2618 I OsenseKillAction: scanCchEmptyProc: skip ProcessInfo{25568:com.android.vending:background/u0a110 oom:CEM/43/905/cch-empty mem:0/9/28 extra:2s/true/false/1/1/false}: treat-like-active
07-23 23:05:58.525  1835  2618 I OsenseKillAction: scanCchEmptyProc: skip ProcessInfo{21021:com.google.android.gms/u0a120 oom:CEM/44/915/cch-empty mem:0/12/38 extra:2s/true/false/2/21/false}: treat-like-active
07-23 23:05:58.525  1835  2618 I OsenseKillAction: scanCchEmptyProc: skip ProcessInfo{25641:zln.mossogb.wfs/u0a279 oom:CEM/48/905/cch-empty mem:0/9/27 extra:0s/false/true/0/1/false}: shown-ui
07-23 23:05:58.526  1835  2618 I OsenseKillAction: scanOomAdj: skip scan oom adj for lowmem
07-23 23:05:58.527  1835  2618 I OsenseKillAction: KillAction: Kill ProcessInfo{25465:com.android.vending/u0a110 oom:CEM/45/905/cch-empty mem:0/9/28 extra:2s/true/false/0/6/false}: CachedClean 1ms
07-23 23:05:58.528  1835  2618 I OsenseKillAction: KillAction: Kill ProcessInfo{25974:com.google.process.gservices/u0a120 oom:CEM/49/905/cch-empty mem:0/9/30 extra:0s/true/false/0/1/false}: CachedClean 0ms
07-23 23:05:58.528  1835  2618 I OsenseKillAction: KillAction: [atomic clean] end requestId=609, endAvail=1330mb, reclaimed: [pss=0mb, anonRss=18mb, swap=58mb, mem=18mb, Rss=233mb], timing: [total=42ms, update=7ms, readMem=27ms, group=2ms, cch=1ms, nonUi=1ms, oomadj=0ms, allProc=0ms, monitor=0ms, kill=2ms]
07-23 23:05:58.561  1835  1884 I libprocessgroup: Successfully killed process cgroup uid 10110 pid 25465 in 32ms
07-23 23:05:58.586  1835  2222 I Process : Sending signal. PID: 25568 SIG: 9
07-23 23:05:58.589  1835  2222 I Process : Sending signal. PID: 21021 SIG: 9
07-23 23:05:58.592  1835  2222 I Process : Sending signal. PID: 23253 SIG: 9
07-23 23:05:58.594  1835  2222 I Process : Sending signal. PID: 25974 SIG: 9
07-23 23:05:58.596  1835  2222 I Process : Sending signal. PID: 25465 SIG: 9
07-23 23:05:58.617  1835  2222 I Athena  : OplusClearSystemService : OOM MemInfo: Native=1575,298 System=374,200 Persistent=1452,502 PersistentService=218,73 Foreground=545,248 Visible=2084,768 Perceptible=119,42 PerceptibleMedium=294,139 AServices=226,88 Previous=213,76 BServices=714,258 Cached=759,271
07-23 23:05:58.618  1835  2222 I Athena  : OplusClearSystemService : OOM UidInfo: System={1000=null} Persistent={1000=null, 1001=null, 1068=null, 1073=null, 10191=null, 10245=null} PersistentService={1001=null, 10262=null} Foreground={1000=null, 10106=null, 10279=C:[54], 10306=C:[84, 100]|U:0} Visible={1000=null, 10102=null, 10120=null, 10121=null, 10180=null, 10187=null, 10205=null, 10223=null, 10243=null, 10268=null, 10271=null} Perceptible={10232=null} PerceptibleMedium={10301=C:[8, 84]|U:1} AServices={10229=null} Previous={10168=null, 10172=null} BServices={1000=null, 10148=null, 10201=null, 10224=null} Cached={10110=null, 10120=null, 10156=null, 10279=C:[54]}
07-23 23:05:58.620  1835  2222 I Athena  : MemoryGuardAction:  killed 5, reclaimed 208MB(595MB), 125
07-23 23:05:58.706  1835  3611 I ActivityManager: Process com.google.process.gservices (pid 25974) has died: cch+5 CEM 
07-23 23:05:58.721  1835  2218 I libprocessgroup: Successfully killed process cgroup uid 10110 pid 25568 in 132ms
07-23 23:05:58.729   865   865 I Zygote  : Process 25974 exited due to signal 9 (Killed)
07-23 23:05:58.731   865   865 I Zygote  : Process 25465 exited due to signal 9 (Killed)
07-23 23:05:58.736   865   865 I Zygote  : Process 21021 exited due to signal 9 (Killed)
07-23 23:05:58.737   865   865 I Zygote  : Process 23253 exited due to signal 9 (Killed)
07-23 23:05:58.737  1835  3611 W ActivityManager: Process 21021 does not match uid 10120 ignore setting hits oom adj
07-23 23:05:58.738  1835  3611 W ActivityManager: Process 23253 does not match uid 10156 ignore setting hits oom adj
07-23 23:05:58.739  1835  1884 I libprocessgroup: Successfully killed process cgroup uid 10120 pid 25974 in 0ms
07-23 23:05:58.743  1835  3611 I ActivityManager: PendingStartActivityUids startActivity to updateOomAdj delay:2256ms, uid:10306
07-23 23:05:58.754  1835  2482 W ActivityManager: Process 23253 does not match uid 10156 ignore setting hits oom adj
07-23 23:05:58.806  1835  1884 I libprocessgroup: Successfully killed process cgroup uid 10120 pid 21021 in 0ms
07-23 23:05:58.806  1835  1884 I libprocessgroup: Successfully killed process cgroup uid 10156 pid 23253 in 0ms
07-23 23:05:58.834   865   865 I Zygote  : Process 25568 exited due to signal 9 (Killed)
07-23 23:05:58.837  1835  2218 I libprocessgroup: Successfully killed process cgroup uid 10120 pid 21021 in 0ms
07-23 23:05:58.837  1835  2218 I libprocessgroup: Successfully killed process cgroup uid 10156 pid 23253 in 0ms
07-23 23:05:58.837  1835  1884 I libprocessgroup: Successfully killed process cgroup uid 10110 pid 25568 in 0ms
07-23 23:05:58.837  1835  2218 I libprocessgroup: Successfully killed process cgroup uid 10120 pid 25974 in 0ms
07-23 23:05:58.837  1835  2218 I libprocessgroup: Successfully killed process cgroup uid 10110 pid 25465 in 0ms
07-23 23:06:00.302  2466 13926 D NetworkMonitor/116: Forcing reevaluation for UID 1000. Dns signal count: 0
07-23 23:06:16.286  4118  4985 W Battery : ThermalControllHandler: ZoomWindowsInfo=[],PipWindowsInfo=[],AppFloatingWindowsInfo=[]
07-23 23:06:20.557  1708  1741 D RmcNwHdlr: [0] requestSignalStrength:sigRegisted[0000], sigUpdated[0X01]
07-23 23:06:20.557  1708  1741 D RmcNwHdlr: [0] handleSignalStrength, gsm_signal_strength: 20, gsm_bit_error_rate: 99, gsm_timing_advance: 2147483647, cdma_dbm: 2147483647, cdma_ecio: 2147483647, evdo_dbm: 2147483647, evdo_ecio: 2147483647, evdo_snr: 2147483647, lte_signal_strength: 99, lte_rsrp: 2147483647, lte_rsrq: 2147483647, lte_rssnr: 2147483647, lte_cqi: 2147483647, lte_timing_advance: 2147483647, tdscdma_signal_strength: 99, tdscdma_bit_error_rate: 99, tdscdma_rscp: 255, wcdma_signal_strength: 0, wcdma_bit_error_rate: 99, wcdma_scdma_rscp: 5, wcdma_ecno: 12, ssRsrp: 2147483647, ssRsrq: 2147483647, ssSinr: 2147483647, csiRsrp: 2147483647, csiRsrq: 2147483647, csiSinr: 2147483647
07-23 23:06:20.573  2516  2760 D OplusSignalSmooth/0: onSignalStrengthResultExt,oldSignalStrength:SignalStrength:{mCdma=CellSignalStrengthCdma: cdmaDbm=2147483647 cdmaEcio=2147483647 evdoDbm=2147483647 evdoEcio=2147483647 evdoSnr=2147483647 level=0,mGsm=CellSignalStrengthGsm: rssi=-75 ber=99 mTa=2147483647 mLevel=4,mWcdma=CellSignalStrengthWcdma: ss=2147483647 ber=2147483647 rscp=2147483647 ecno=2147483647 level=0,mTdscdma=CellSignalStrengthTdscdma: rssi=2147483647 ber=2147483647 rscp=2147483647 level=0,mLte=CellSignalStrengthLte: rssi=2147483647 rsrp=2147483647 rsrq=2147483647 rssnr=2147483647 cqiTableIndex=2147483647 cqi=2147483647 ta=2147483647 level=0 parametersUseForLevel=1,mNr=CellSignalStrengthNr:{ csiRsrp = 2147483647 csiRsrq = 2147483647 csiCqiTableIndex = 2147483647 csiCqiReport = [] ssRsrp = 2147483647 ssRsrq = 2147483647 ssSinr = 2147483647 level = 0 parametersUseForLevel = 1 timingAdvance = 2147483647 },primary=CellSignalStrengthGsm}
07-23 23:06:20.573  2516  2760 D OplusSignalSmooth/0: mOrigSignalStrength:SignalStrength:{mCdma=CellSignalStrengthCdma: cdmaDbm=2147483647 cdmaEcio=2147483647 evdoDbm=2147483647 evdoEcio=2147483647 evdoSnr=2147483647 level=0,mGsm=CellSignalStrengthGsm: rssi=-73 ber=99 mTa=2147483647 mLevel=4,mWcdma=CellSignalStrengthWcdma: ss=2147483647 ber=2147483647 rscp=2147483647 ecno=2147483647 level=0,mTdscdma=CellSignalStrengthTdscdma: rssi=2147483647 ber=2147483647 rscp=2147483647 level=0,mLte=CellSignalStrengthLte: rssi=2147483647 rsrp=2147483647 rsrq=2147483647 rssnr=2147483647 cqiTableIndex=2147483647 cqi=2147483647 ta=2147483647 level=0 parametersUseForLevel=1,mNr=CellSignalStrengthNr:{ csiRsrp = 2147483647 csiRsrq = 2147483647 csiCqiTableIndex = 2147483647 csiCqiReport = [] ssRsrp = 2147483647 ssRsrq = 2147483647 ssSinr = 2147483647 level = 0 parametersUseForLevel = 1 timingAdvance = 2147483647 },primary=CellSignalStrengthGsm}
07-23 23:06:20.573  2516  2760 D OplusSignalSmooth/0: no service fix signal...
07-23 23:06:20.577  2516  2760 D OplusSignalSmooth/0: notifySignalStrength, mSignalStrength: SignalStrength:{mCdma=CellSignalStrengthCdma: cdmaDbm=2147483647 cdmaEcio=2147483647 evdoDbm=2147483647 evdoEcio=2147483647 evdoSnr=2147483647 level=0,mGsm=CellSignalStrengthGsm: rssi=-73 ber=99 mTa=2147483647 mLevel=4,mWcdma=CellSignalStrengthWcdma: ss=2147483647 ber=2147483647 rscp=2147483647 ecno=2147483647 level=0,mTdscdma=CellSignalStrengthTdscdma: rssi=2147483647 ber=2147483647 rscp=2147483647 level=0,mLte=CellSignalStrengthLte: rssi=2147483647 rsrp=2147483647 rsrq=2147483647 rssnr=2147483647 cqiTableIndex=2147483647 cqi=2147483647 ta=2147483647 level=0 parametersUseForLevel=1,mNr=CellSignalStrengthNr:{ csiRsrp = 2147483647 csiRsrq = 2147483647 csiCqiTableIndex = 2147483647 csiCqiReport = [] ssRsrp = 2147483647 ssRsrq = 2147483647 ssSinr = 2147483647 level = 0 parametersUseForLevel = 1 timingAdvance = 2147483647 },primary=CellSignalStrengthGsm}
07-23 23:06:23.878  1835  2441 D OplusZoomWindowRUSConfigManager: isSupportZoomModeWithPolicyLocked: target = com.android.settings/.Settings$AppManageExternalStorageActivity
07-23 23:06:23.878  1835  2441 D OplusZoomWindowRUSConfigManager: targetPkg = com.android.settings
07-23 23:06:23.878  1835  2441 I OplusZoomWindowRUSConfigManager: target pkg is unsupport zoom window mode
07-23 23:06:23.886  1835  2441 D OplusZoomWindowRUSConfigManager: isSupportZoomModeWithPolicyLocked: target = com.android.settings/.Settings$AppManageExternalStorageActivity
07-23 23:06:23.886  1835  2441 D OplusZoomWindowRUSConfigManager: targetPkg = com.android.settings
07-23 23:06:23.886  1835  2441 I OplusZoomWindowRUSConfigManager: target pkg is unsupport zoom window mode
07-23 23:06:23.968  1835  2441 D OplusTransitionController: onSyncFinishedDrawing, Window{ed9f3e2 u0 Splash Screen com.android.settings}
07-23 23:06:23.971  1835  1869 D ActivityTaskManager: onStartingWindowDrawn: wasTaskVisible=true, mStartingData=com.android.server.wm.SplashScreenStartingData@fb1230, finishing=false,mLaunchedFromBubble=false, mVisibleRequested=true, mDisplayContent=Display{#0 state=ON size=720x1612 ROTATION_0}, isZoomMode=false
07-23 23:06:23.974  1835  1869 D ActivityTaskManager: onStartingWindowDrawn: wasTaskVisible=true, mStartingData=com.android.server.wm.SplashScreenStartingData@fb1230, finishing=false,mLaunchedFromBubble=false, mVisibleRequested=true, mDisplayContent=Display{#0 state=ON size=720x1612 ROTATION_0}, isZoomMode=false
07-23 23:06:23.978  1835  1869 D ActivityTaskManager: onStartingWindowDrawn: wasTaskVisible=true, mStartingData=com.android.server.wm.SplashScreenStartingData@fb1230, finishing=false,mLaunchedFromBubble=false, mVisibleRequested=true, mDisplayContent=Display{#0 state=ON size=720x1612 ROTATION_0}, isZoomMode=false
07-23 23:06:23.981  1835  1869 D ActivityTaskManager: onStartingWindowDrawn: wasTaskVisible=true, mStartingData=com.android.server.wm.SplashScreenStartingData@fb1230, finishing=false,mLaunchedFromBubble=false, mVisibleRequested=true, mDisplayContent=Display{#0 state=ON size=720x1612 ROTATION_0}, isZoomMode=false
07-23 23:06:23.999  2284  2437 V WindowManagerShell:  try handler com.oplus.zoom.transition.ZoomTransitionController@59f5fa4
07-23 23:06:24.555  2284  2437 V WindowManagerShell: Transition animation finished (aborted=false), notifying core (#484)android.os.BinderProxy@1cfb4a0@0
07-23 23:06:25.898  1835  1869 D ActivityTaskManager: onStartingWindowDrawn: wasTaskVisible=true, mStartingData=null, finishing=false,mLaunchedFromBubble=false, mVisibleRequested=true, mDisplayContent=Display{#0 state=ON size=720x1612 ROTATION_0}, isZoomMode=false
07-23 23:06:26.004  1835  2618 I OsenseKillAction: scanCchEmptyProc: skip ProcessInfo{18259:com.oplus.ota/u0a201 oom:SVC/16/800/started-services mem:13/11/35 extra:306s/true/false/3/8/false}: treat-like-active
07-23 23:06:26.004  1835  2618 I OsenseKillAction: scanCchEmptyProc: skip ProcessInfo{30571:com.oplus.crashbox/1000 oom:SVC/18/800/started-services mem:10/12/39 extra:272s/true/false/1/5/false}: treat-like-active
07-23 23:06:26.004  1835  2618 I OsenseKillAction: scanCchEmptyProc: skip ProcessInfo{30780:com.oplus.stdid/1000 oom:SVC/21/800/service mem:6/11/34 extra:122s/true/false/1/1/false}: treat-like-active
07-23 23:06:26.004  1835  2618 I OsenseKillAction: scanCchEmptyProc: skip ProcessInfo{5469:com.oplus.sau/1000 oom:SVC/22/800/started-services mem:7/11/33 extra:121s/true/false/3/6/false}: treat-like-active
07-23 23:06:26.004  1835  2618 I OsenseKillAction: scanCchEmptyProc: skip ProcessInfo{11868:com.android.contacts/u0a224 oom:SVC/23/800/started-services mem:20/12/37 extra:121s/true/false/1/13/false}: treat-like-active
07-23 23:06:26.004  1835  2618 I OsenseKillAction: scanCchEmptyProc: skip ProcessInfo{25641:zln.mossogb.wfs/u0a279 oom:CEM/34/915/cch-empty mem:0/8/26 extra:28s/false/true/0/1/false}: shown-ui
07-23 23:06:26.004  1835  2618 I OsenseKillAction: scanCchEmptyProc: skip ProcessInfo{25100:com.heytap.market/u0a229 oom:SVC/37/500/started-services mem:100/9/28 extra:9s/true/false/2/28/false}: high-adj
07-23 23:06:26.004  1835  2618 I OsenseKillAction: scanCchEmptyProc: skip ProcessInfo{25604:com.oplus.cosa/u0a148 oom:SVC/39/500/started-services mem:12/10/32 extra:9s/true/false/4/6/false}: high-adj
07-23 23:06:26.004  1835  2618 I OsenseKillAction: scanCchEmptyProc: skip ProcessInfo{25864:com.oplus.midas/1000 oom:SVC/43/500/started-services mem:16/11/34 extra:2s/true/false/3/9/false}: high-adj
07-23 23:06:26.005  1835  2618 I OsenseKillAction: scanOomAdj: skip scan oom adj for lowmem
07-23 23:06:26.007  1835  2618 I OsenseKillAction: KillAction: Kill ProcessInfo{24271:com.coloros.securepay/u0a172 oom:CEM/26/925/cch-empty mem:11/9/29 extra:50s/true/false/0/5/false}: CachedClean 2ms
07-23 23:06:26.009  1835  2618 I OsenseKillAction: KillAction: Kill ProcessInfo{21286:com.google.android.googlequicksearchbox:search/u0a121 oom:CEM/42/905/cch-empty mem:47/11/34 extra:2s/true/false/0/14/false}: CachedClean 2ms
07-23 23:06:26.009  1835  2618 I OsenseKillAction: KillAction: [atomic clean] end requestId=611, endAvail=1438mb, reclaimed: [pss=59mb, anonRss=20mb, swap=63mb, mem=20mb, Rss=180mb], timing: [total=47ms, update=8ms, readMem=30ms, group=1ms, cch=1ms, nonUi=0ms, oomadj=0ms, allProc=0ms, monitor=0ms, kill=4ms]
07-23 23:06:26.015  1835  1884 I libprocessgroup: Successfully killed process cgroup uid 10172 pid 24271 in 7ms
07-23 23:06:26.060  1835  2222 I Process : Sending signal. PID: 24271 SIG: 9
07-23 23:06:26.062  1835  2222 I Process : Sending signal. PID: 21286 SIG: 9
07-23 23:06:26.083  1835  2222 I Athena  : OplusClearSystemService : OOM MemInfo: Native=1592,298 System=358,188 Persistent=1461,510 PersistentService=218,74 Foreground=749,260 Visible=1946,719 Perceptible=119,42 AServices=420,149 Previous=239,141 BServices=494,174 Cached=445,190
07-23 23:06:26.083  1835  2222 I Athena  : OplusClearSystemService : OOM UidInfo: System={1000=null} Persistent={1000=null, 1001=null, 1068=null, 1073=null, 10191=null, 10245=null} PersistentService={1001=null, 10262=null} Foreground={1000=null, 10106=null, 10168=null, 10235=null, 10279=C:[54], 10306=C:[84, 100]|U:0} Visible={1000=null, 10102=null, 10120=null, 10121=null, 10180=null, 10187=null, 10205=null, 10223=null, 10243=null, 10268=null, 10271=null} Perceptible={10232=null} AServices={1000=null, 10148=null, 10229=null} Previous={10306=C:[84, 100]|U:0} BServices={1000=null, 10201=null, 10224=null} Cached={10279=C:[54], 10301=C:[8, 84]|U:1}
07-23 23:06:26.086  1835  2222 I Athena  : MemoryGuardAction:  killed 2, reclaimed 0MB(0MB), 0
07-23 23:06:26.090  1835  2218 I libprocessgroup: Successfully killed process cgroup uid 10172 pid 24271 in 27ms
07-23 23:06:26.159   865   865 I Zygote  : Process 24271 exited due to signal 9 (Killed)
07-23 23:06:26.192   865   865 I Zygote  : Process 21286 exited due to signal 9 (Killed)
07-23 23:06:26.206  1835  2218 I libprocessgroup: Successfully killed process cgroup uid 10121 pid 21286 in 43ms
07-23 23:06:26.206  1835  1884 I libprocessgroup: Successfully killed process cgroup uid 10121 pid 21286 in 0ms
07-23 23:06:28.487  1835  3996 D ActivityRecordExtImpl: skipPrepareAppTransitionForZoom false
07-23 23:06:28.720  1835  1848 D OplusZoomWindowRUSConfigManager: isSupportZoomModeWithPolicyLocked: target = com.itsme.amkush/.ui.HomeScreen
07-23 23:06:28.720  1835  1848 D OplusZoomWindowRUSConfigManager: targetPkg = com.itsme.amkush
07-23 23:06:28.728  1835  1848 D OplusZoomWindowRUSConfigManager: isSupportZoomModeWithPolicyLocked: target = com.itsme.amkush/.ui.HomeScreen
07-23 23:06:28.728  1835  1848 D OplusZoomWindowRUSConfigManager: targetPkg = com.itsme.amkush
07-23 23:06:28.837  1835  1848 D OplusTransitionController: onSyncFinishedDrawing, Window{f953934 u0 com.itsme.amkush/com.itsme.amkush.ui.SplashScreenActivity}
07-23 23:06:29.912  1835  1848 D OplusTransitionController: onSyncFinishedDrawing, Window{f44f04a u0 com.itsme.amkush/com.itsme.amkush.ui.HomeScreen}
07-23 23:06:29.930  2284  2437 V WindowManagerShell:  try handler com.oplus.zoom.transition.ZoomTransitionController@59f5fa4
07-23 23:06:30.474  2284  2437 V WindowManagerShell: Transition animation finished (aborted=false), notifying core (#485)android.os.BinderProxy@5edcfeb@0
07-23 23:06:30.704  1835  2618 I OsenseKillAction: scanCchEmptyProc: skip ProcessInfo{18259:com.oplus.ota/u0a201 oom:SVC/16/800/started-services mem:13/11/35 extra:311s/true/false/3/8/false}: treat-like-active
07-23 23:06:30.704  1835  2618 I OsenseKillAction: scanCchEmptyProc: skip ProcessInfo{30571:com.oplus.crashbox/1000 oom:SVC/18/500/started-services mem:10/12/39 extra:277s/true/false/1/5/false}: high-adj
07-23 23:06:30.704  1835  2618 I OsenseKillAction: scanCchEmptyProc: skip ProcessInfo{30780:com.oplus.stdid/1000 oom:SVC/21/800/service mem:6/11/34 extra:126s/true/false/1/1/false}: treat-like-active
07-23 23:06:30.704  1835  2618 I OsenseKillAction: scanCchEmptyProc: skip ProcessInfo{5469:com.oplus.sau/1000 oom:SVC/22/800/started-services mem:7/11/33 extra:126s/true/false/3/6/false}: treat-like-active
07-23 23:06:30.704  1835  2618 I OsenseKillAction: scanCchEmptyProc: skip ProcessInfo{11868:com.android.contacts/u0a224 oom:SVC/23/800/started-services mem:20/12/37 extra:125s/true/false/1/13/false}: treat-like-active
07-23 23:06:30.705  1835  2618 I OsenseKillAction: scanCchEmptyProc: skip ProcessInfo{25641:zln.mossogb.wfs/u0a279 oom:CEM/29/905/cch-empty mem:0/8/26 extra:33s/false/true/0/1/false}: shown-ui
07-23 23:06:30.705  1835  2618 I OsenseKillAction: scanCchEmptyProc: skip ProcessInfo{25604:com.oplus.cosa/u0a148 oom:SVC/30/500/started-services mem:12/10/32 extra:13s/true/false/4/6/false}: high-adj
07-23 23:06:30.705  1835  2618 I OsenseKillAction: scanCchEmptyProc: skip ProcessInfo{25864:com.oplus.midas/1000 oom:SVC/31/500/started-services mem:16/11/34 extra:6s/true/false/3/9/false}: high-adj
07-23 23:06:30.705  1835  2618 I OsenseKillAction: scanCchEmptyProc: skip ProcessInfo{25100:com.heytap.market/u0a229 oom:SVC/41/800/started-services mem:100/9/28 extra:4s/true/false/2/28/false}: treat-like-active
07-23 23:06:30.705  1835  2618 I OsenseKillAction: scanCchEmptyProc: skip ProcessInfo{26060:com.android.settings/1000 oom:CEM/45/905/cch-empty mem:0/18/27 extra:0s/true/true/0/19/false}: shown-ui
07-23 23:06:30.706  1835  2618 I OsenseKillAction: scanOomAdj: skip scan oom adj for lowmem
07-23 23:06:30.707  1835  2618 I OsenseKillAction: KillAction: Kill ProcessInfo{26185:com.facebook.system/u0a219 oom:CEM/42/915/cch-empty mem:0/9/30 extra:2s/true/false/0/3/false}: CachedClean 1ms
07-23 23:06:30.708  1835  2618 I OsenseKillAction: KillAction: Kill ProcessInfo{25020:com.oplus.romupdate/u0a168 oom:CEM/43/915/cch-empty mem:9/9/29 extra:0s/true/false/0/2/false}: CachedClean 1ms
07-23 23:06:30.709  1835  2618 I OsenseKillAction: KillAction: Kill ProcessInfo{26122:com.facebook.appmanager/u0a235 oom:CEM/44/905/cch-empty mem:0/9/29 extra:1s/true/false/0/10/false}: CachedClean 1ms
07-23 23:06:30.710  1835  2618 I OsenseKillAction: KillAction: [atomic clean] end requestId=613, endAvail=1414mb, reclaimed: [pss=9mb, anonRss=27mb, swap=88mb, mem=27mb, Rss=246mb], timing: [total=45ms, update=7ms, readMem=28ms, group=2ms, cch=1ms, nonUi=1ms, oomadj=0ms, allProc=0ms, monitor=0ms, kill=4ms]
07-23 23:06:30.723  1835  1884 I libprocessgroup: Successfully killed process cgroup uid 10219 pid 26185 in 0ms
07-23 23:06:30.760  1835  2222 I Process : Sending signal. PID: 26185 SIG: 9
07-23 23:06:30.761  1835  2222 I Process : Sending signal. PID: 25020 SIG: 9
07-23 23:06:30.762  1835  2222 I Process : Sending signal. PID: 26060 SIG: 9
07-23 23:06:30.765  1835  2222 I Process : Sending signal. PID: 26122 SIG: 9
07-23 23:06:30.767  1835  2218 I libprocessgroup: Successfully killed process cgroup uid 10219 pid 26185 in 0ms
07-23 23:06:30.769   865   865 I Zygote  : Process 25020 exited due to signal 9 (Killed)
07-23 23:06:30.789  1835  2222 I Athena  : OplusClearSystemService : OOM MemInfo: Native=1653,306 System=367,198 Persistent=1461,502 PersistentService=218,74 Foreground=614,278 Visible=1943,715 Perceptible=119,42 AServices=320,120 BServices=592,202 Cached=703,259
07-23 23:06:30.789  1835  2222 I Athena  : OplusClearSystemService : OOM UidInfo: System={1000=null} Persistent={1000=null, 1001=null, 1068=null, 1073=null, 10191=null, 10245=null} PersistentService={1001=null, 10262=null} Foreground={1000=null, 10106=null, 10279=C:[54], 10306=C:[84, 100]|U:0} Visible={1000=null, 10102=null, 10120=null, 10121=null, 10180=null, 10187=null, 10205=null, 10223=null, 10243=null, 10268=null, 10271=null} Perceptible={10232=null} AServices={1000=null, 10148=null} BServices={1000=null, 10201=null, 10224=null, 10229=null} Cached={1000=null, 10279=C:[54], 10301=C:[84]|U:1}
07-23 23:06:30.792  1835  2222 I Athena  : MemoryGuardAction:  killed 4, reclaimed 68MB(258MB), 27
07-23 23:06:30.803  1835  2498 I ActivityManager: PendingStartActivityUids startActivity to updateOomAdj delay:1939ms, uid:10306
07-23 23:06:30.858   865   865 I Zygote  : Process 26185 exited due to signal 9 (Killed)
07-23 23:06:30.864  1835  1884 I libprocessgroup: Successfully killed process cgroup uid 10168 pid 25020 in 0ms
07-23 23:06:30.865  1835  1884 I libprocessgroup: Successfully killed process cgroup uid 10235 pid 26122 in 0ms
07-23 23:06:30.865  1835  2218 I libprocessgroup: Successfully killed process cgroup uid 10168 pid 25020 in 0ms
07-23 23:06:30.869   865   865 I Zygote  : Process 26122 exited due to signal 9 (Killed)
07-23 23:06:30.869  1835  2218 I libprocessgroup: Successfully killed process cgroup uid 1000 pid 26060 in 0ms
07-23 23:06:30.901   865   865 I Zygote  : Process 26060 exited due to signal 9 (Killed)
07-23 23:06:30.902  1835  2218 I libprocessgroup: Successfully killed process cgroup uid 10235 pid 26122 in 0ms
07-23 23:06:30.905  1835  1884 I libprocessgroup: Successfully killed process cgroup uid 1000 pid 26060 in 0ms
07-23 23:06:35.220  2466 13926 D NetworkMonitor/116: Forcing reevaluation for UID 1000. Dns signal count: 0
07-23 23:06:39.387  1708  1741 D RmcNwHdlr: [0] requestSignalStrength:sigRegisted[0000], sigUpdated[0X01]
