07-23 15:06:34.792  1285 26389 E mtkcam-dev3-hidl: [1-hidl-session::processCaptureResult] Transaction error in ICameraDeviceCallback::processCaptureResult_3_4: Status(EX_TRANSACTION_FAILED): 'DEAD_OBJECT: ' (processCaptureResult){#830:vendor/mediatek/proprietary/hardware/mtkcam3/main/hal/entry/hidl/device/3.x/HidlCameraDeviceSession.cpp}
07-23 15:06:34.793  1285  1833 W mtkcam-dev3-hidl: [1-hidl-session::serviceDied] ICameraDevice3Session has died - {.pid = 9156, .ptr = 0, .arch = IS_64BIT}; removing it - cookie:0xb4000070812a3800 this: 0xb4000070812a3800
07-23 15:06:34.793  1285  1833 W mtkcam-dev3-hidl: [1-hidl-session::serviceDied] CameraService has died, force to close camera device 1
07-23 15:06:34.795  1285  1833 I mtkcam-InFlightRequest: [abort] +
07-23 15:06:34.795  1285  1833 I mtkcam-InFlightRequest: [abort] - frames:{ } being aborted (#0 in-flight frames)
07-23 15:06:34.796  1835  5307 W ContextImpl: Calling a method in the system process without a qualified user: android.app.ContextImpl.sendBroadcast:1232 com.android.server.camera.OplusCameraStateBroadcast.notifyCameraState:52 com.android.server.camera.CameraServiceProxyExtImpl.extendNotifyCameraState:318 com.android.server.camera.CameraServiceProxy.binderDied:845 android.os.IBinder$DeathRecipient.binderDied:319 
07-23 15:06:34.804  1285  1833 W aaa_hal_sttCtrl: [abortDeque] 
07-23 15:06:34.804  1285  1833 I afo_buf_mgr: [abortDequeue] abortDma done
07-23 15:06:34.804  1285  1833 I afo_buf_mgr: [abortDequeue] +
07-23 15:06:34.804  1285  1833 I afo_buf_mgr: [abortDequeue] -
07-23 15:06:34.835  1285  1833 I mtkcam-InFlightRequest: [abort] +
07-23 15:06:34.835  1285  1833 I mtkcam-InFlightRequest: [abort] - frames:{ } being aborted (#0 in-flight frames)
07-23 15:06:34.835 24268 24420 W System.err: 	at android.hardware.camera2.CameraManager$CameraManagerGlobal.connectCameraServiceLocked(CameraManager.java:1960)
07-23 15:06:34.847 24268 24420 W System.err: 	at android.hardware.camera2.CameraManager$CameraManagerGlobal.connectCameraServiceLocked(CameraManager.java:1960)
07-23 15:06:34.885  1835  1968 E NativeTombstoneManager: Tombstone's UID (1047) not an app, ignoring
07-23 15:06:35.451  1835  1968 I BootReceiver: Copying /data/tombstones/tombstone_21 to DropBox (SYSTEM_TOMBSTONE)
07-23 15:06:35.510 26657 26657 I cameraserver: ServiceManager: 0xb40000763b23d080
07-23 15:06:35.510 26657 26657 I CameraService: CameraService started (pid=26657)
07-23 15:06:35.516  1835  1968 I DropBoxManagerService: add tag=SYSTEM_TOMBSTONE isTagEnabled=true flags=0x6
07-23 15:06:35.528 26657 26657 I CameraServiceExtFactory: getInstance Open Camera Ext Factory (system_ext/lib64/libcsextimpl.so) success
07-23 15:06:35.528 26657 26657 I CameraServiceExtFactory: getInstance Create Camera Ext Factory Impl success
07-23 15:06:35.532 26657 26657 E cameraserver: JsonParser.cpp: 233 [getFileVersion] /data/system/camera_rus/fwk_config_v2.json not exist or fail to access
07-23 15:06:35.533 26657 26657 E cameraserver: JsonParser.cpp: 233 [getFileVersion]  not exist or fail to access
07-23 15:06:35.533 26657 26657 E cameraserver: JsonParser.cpp: 233 [getFileVersion] /data/system/camera_rus/fwk_common_config.json not exist or fail to access
07-23 15:06:35.536 26657 26657 E cameraserver: APSInterface.cpp: 1005 loadAPSLib dlopen libfwk.aps.interface.so fail error (null)
07-23 15:06:35.536 26657 26657 I CameraService: CameraService process starting
07-23 15:06:35.550 26657 26657 I cameraserver: Connecting to new camera provider: internal/0, isRemote? 1
07-23 15:06:35.568 26657 26657 I CameraProviderManager: Enumerating new camera device: device@3.6/internal/0
07-23 15:06:35.570 26657 26657 I CameraProviderManager: Enumerating new camera device: device@3.6/internal/1
07-23 15:06:35.575 26657 26657 I CameraProviderManager: Enumerating new camera device: device@3.6/internal/2
07-23 15:06:35.580 26657 26657 I CameraProviderManager: Enumerating new camera device: device@3.6/internal/3
07-23 15:06:35.582 26657 26657 I CameraProviderManager: Camera provider internal/0 ready with 4 camera devices
07-23 15:06:35.583 26657 26674 W CameraProviderManager: addHidlProviderLocked: Camera provider HAL with name 'internal/0' already registered
07-23 15:06:35.583 26657 26657 I CameraService: onDeviceStatusChanged: Status changed for cameraId=3, newStatus=1
07-23 15:06:35.583 26657 26657 I CameraService: onDeviceStatusChanged: Unknown camera ID 3, a new camera is added
07-23 15:06:35.584 26657 26657 I CameraService: onDeviceStatusChanged: Status changed for cameraId=2, newStatus=1
07-23 15:06:35.584 26657 26657 I CameraService: onDeviceStatusChanged: Unknown camera ID 2, a new camera is added
07-23 15:06:35.584 26657 26657 I CameraService: onDeviceStatusChanged: Status changed for cameraId=1, newStatus=1
07-23 15:06:35.584 26657 26657 I CameraService: onDeviceStatusChanged: Unknown camera ID 1, a new camera is added
07-23 15:06:35.584 26657 26657 I CameraService: onDeviceStatusChanged: Status changed for cameraId=0, newStatus=1
07-23 15:06:35.584 26657 26657 I CameraService: onDeviceStatusChanged: Unknown camera ID 0, a new camera is added
07-23 15:06:35.584 26657 26657 E OplusCameraService: CameraServiceExtImpl.cpp: 3577 closeAON() closeAON: no front camera device path
07-23 15:06:35.585  1835  1968 D DropBoxManagerService: file :: /data/system/dropbox/SYSTEM_TOMBSTONE@1784799395577.txt.gz
07-23 15:06:35.586  1835  1968 I dropbox_file_copy: [/data/tombstones/tombstone_21,4194304,SYSTEM_TOMBSTONE]
07-23 15:06:35.608 26657 26657 I HidlServiceManagement: Registered android.frameworks.cameraservice.service@2.2::ICameraService/default
07-23 15:06:35.612 26657 26657 I CameraService: CameraService pinged cameraservice proxy
07-23 15:06:35.613  1835  1968 E NativeTombstoneManager: Tombstone's UID (1047) not an app, ignoring
07-23 15:06:35.615 26657 26657 I cameraserver: ServiceManager: 0xb40000763b23d080 done instantiate
07-23 15:06:35.626  1835  1968 I DropBoxManagerService: add tag=SYSTEM_TOMBSTONE_PROTO_WITH_HEADERS isTagEnabled=true flags=0x4
07-23 15:06:35.666  1835  1968 D DropBoxManagerService: file :: /data/system/dropbox/SYSTEM_TOMBSTONE_PROTO_WITH_HEADERS@1784799395665.dat.gz
07-23 15:06:35.920 26657 26683 E cameraserver: CameraServiceExtImpl_mt6765.cpp: 443 Set UX successfully for 26683
07-23 15:06:36.184 24268 24325 E AtomicFile: Failed to sync file output stream
07-23 15:06:36.720 26684 26698 W CrashBox_PackageUtils: getAppName: /system/bin/cameraserver is invalid package name.
07-23 15:06:36.720 26684 26698 W CrashBox_PackageUtils: getAppVersionName: /system/bin/cameraserver is invalid package name.
07-23 15:06:36.871 26684 26754 W CrashBox_PackageUtils: getPackageUid: /system/bin/cameraserver is invalid package name.
07-23 15:06:36.898 26684 26754 W CrashBox_PackageUtils: getInstallerPackageName: /system/bin/cameraserver is invalid package name.
07-23 15:06:36.943  2466 14620 D NetworkMonitor/112: Forcing reevaluation for UID 1000. Dns signal count: 0
07-23 15:06:38.655  1708  1741 D RmcNwHdlr: [0] requestSignalStrength:sigRegisted[0000], sigUpdated[0X01]
07-23 15:06:38.656  1708  1741 D RmcNwHdlr: [0] handleSignalStrength, gsm_signal_strength: 22, gsm_bit_error_rate: 99, gsm_timing_advance: 2147483647, cdma_dbm: 2147483647, cdma_ecio: 2147483647, evdo_dbm: 2147483647, evdo_ecio: 2147483647, evdo_snr: 2147483647, lte_signal_strength: 99, lte_rsrp: 2147483647, lte_rsrq: 2147483647, lte_rssnr: 2147483647, lte_cqi: 2147483647, lte_timing_advance: 2147483647, tdscdma_signal_strength: 99, tdscdma_bit_error_rate: 99, tdscdma_rscp: 255, wcdma_signal_strength: 0, wcdma_bit_error_rate: 99, wcdma_scdma_rscp: 5, wcdma_ecno: 12, ssRsrp: 2147483647, ssRsrq: 2147483647, ssSinr: 2147483647, csiRsrp: 2147483647, csiRsrq: 2147483647, csiSinr: 2147483647
07-23 15:06:38.672  2516  2760 D OplusSignalSmooth/0: onSignalStrengthResultExt,oldSignalStrength:SignalStrength:{mCdma=CellSignalStrengthCdma: cdmaDbm=2147483647 cdmaEcio=2147483647 evdoDbm=2147483647 evdoEcio=2147483647 evdoSnr=2147483647 level=0,mGsm=CellSignalStrengthGsm: rssi=-71 ber=99 mTa=2147483647 mLevel=4,mWcdma=CellSignalStrengthWcdma: ss=2147483647 ber=2147483647 rscp=2147483647 ecno=2147483647 level=0,mTdscdma=CellSignalStrengthTdscdma: rssi=2147483647 ber=2147483647 rscp=2147483647 level=0,mLte=CellSignalStrengthLte: rssi=2147483647 rsrp=2147483647 rsrq=2147483647 rssnr=2147483647 cqiTableIndex=2147483647 cqi=2147483647 ta=2147483647 level=0 parametersUseForLevel=1,mNr=CellSignalStrengthNr:{ csiRsrp = 2147483647 csiRsrq = 2147483647 csiCqiTableIndex = 2147483647 csiCqiReport = [] ssRsrp = 2147483647 ssRsrq = 2147483647 ssSinr = 2147483647 level = 0 parametersUseForLevel = 1 timingAdvance = 2147483647 },primary=CellSignalStrengthGsm}
07-23 15:06:38.672  2516  2760 D OplusSignalSmooth/0: mOrigSignalStrength:SignalStrength:{mCdma=CellSignalStrengthCdma: cdmaDbm=2147483647 cdmaEcio=2147483647 evdoDbm=2147483647 evdoEcio=2147483647 evdoSnr=2147483647 level=0,mGsm=CellSignalStrengthGsm: rssi=-69 ber=99 mTa=2147483647 mLevel=4,mWcdma=CellSignalStrengthWcdma: ss=2147483647 ber=2147483647 rscp=2147483647 ecno=2147483647 level=0,mTdscdma=CellSignalStrengthTdscdma: rssi=2147483647 ber=2147483647 rscp=2147483647 level=0,mLte=CellSignalStrengthLte: rssi=2147483647 rsrp=2147483647 rsrq=2147483647 rssnr=2147483647 cqiTableIndex=2147483647 cqi=2147483647 ta=2147483647 level=0 parametersUseForLevel=1,mNr=CellSignalStrengthNr:{ csiRsrp = 2147483647 csiRsrq = 2147483647 csiCqiTableIndex = 2147483647 csiCqiReport = [] ssRsrp = 2147483647 ssRsrq = 2147483647 ssSinr = 2147483647 level = 0 parametersUseForLevel = 1 timingAdvance = 2147483647 },primary=CellSignalStrengthGsm}
07-23 15:06:38.673  2516  2760 D OplusSignalSmooth/0: no service fix signal...
07-23 15:06:38.688  2516  2760 D OplusSignalSmooth/0: notifySignalStrength, mSignalStrength: SignalStrength:{mCdma=CellSignalStrengthCdma: cdmaDbm=2147483647 cdmaEcio=2147483647 evdoDbm=2147483647 evdoEcio=2147483647 evdoSnr=2147483647 level=0,mGsm=CellSignalStrengthGsm: rssi=-69 ber=99 mTa=2147483647 mLevel=4,mWcdma=CellSignalStrengthWcdma: ss=2147483647 ber=2147483647 rscp=2147483647 ecno=2147483647 level=0,mTdscdma=CellSignalStrengthTdscdma: rssi=2147483647 ber=2147483647 rscp=2147483647 level=0,mLte=CellSignalStrengthLte: rssi=2147483647 rsrp=2147483647 rsrq=2147483647 rssnr=2147483647 cqiTableIndex=2147483647 cqi=2147483647 ta=2147483647 level=0 parametersUseForLevel=1,mNr=CellSignalStrengthNr:{ csiRsrp = 2147483647 csiRsrq = 2147483647 csiCqiTableIndex = 2147483647 csiCqiReport = [] ssRsrp = 2147483647 ssRsrq = 2147483647 ssSinr = 2147483647 level = 0 parametersUseForLevel = 1 timingAdvance = 2147483647 },primary=CellSignalStrengthGsm}
07-23 15:06:41.257  1835  1892 D BatteryStatsImplExtImpl: , modem=[activity:SettleObj{ what=LO date=07-23 15:01:44.134 duration=3599 screenOnRatio=6.95 screenOffRatio=93.05 power=70 current=104.01 networkType=WIFI dataNetworkType=0 signalStrength=0 aodState=0 softAp=false charge=false simCount=0 defaultPhone=-1 apssSleepC=0 apssSleepRatio=0 mpssSleepC=0 mpssSleepRatio=0 vminSleepC=0 vminSleepRatio=0 modemPowermA[]=[0,0,0] sleepRatio=0 idleRatio=100.00 rxRatio=0 5gRxRatio=0 txSumRatio=0 mtkTxRatio[]=[0,0,0,0,0,0,0,0] mtk5gTxRatio[]=[0,0,0,0,0,0,0,0]5gTxSumRatio=0 rrcConn10sC[]=[0, 0] rrcConn20sC[]=[0, 0] rrcConnMore20sC[]=[0, 0] rrcConnC[]=[0, 0] csChangedC[]=[0, 0] psChangedC[]=[0, 0] nwSrchC[]=[0, 0] nwSrchRatio[]=[0,0] lteRrcConnRatio[]=[0,0] psRegRatio[]=[0,0] csRegRatio[]=[0,0] psNoRegRatio[]=[0,0] csNoRegRatio[]=[0,0] sigGrid0Ratio[]=[0,0] endcActRatio[]=[0,0] ccciWakeupC={} allWakeupC={} appInWakeupC={} appOutWakeupC={} appWakeupRatio={} appTrafficC={} saRrcConn10sC[]=[0, 0] saRrcConn20sC[]=[0, 0] saRrcConnMore20sC[]=[0, 0] saRrcConnC[]=[0, 0] saRrcConnRatio[]=[0,0] sigGridSim0Ratio[]=[0,0,0,0,0] sigGridSim1Ratio[]=[0,0,0,0,0] lteNrSigGridSim0Ratio[]=[0,0,0,0,0,0,0,0,0,0] lteNrSigGridSim1Ratio[]=[0,0,0,0,0,0,0,0,0,0] cellUpdateC[]=[0, 0] hoC[]=[0, 0] reselC[]=[0, 0] redirectC[]=[0, 0] iRatC[]=[0, 0] iRhoC[]=[0, 0] iRreselC[]=[0, 0] iRredirectC[]=[0, 0] luC[]=[0, 0] rauC[]=[0, 0] guC[]=[0, 0] lteTauC[]=[0, 0] lteAttachC[]=[0, 0] pdnConC[]=[0, 0] eRrcCauseSim0C[]=[0, 0, 0, 0, 0, 0, 0] eRrcCauseSim1C[]=[0, 0, 0, 0, 0, 0, 0] nRrcCauseSim0C[]=[0, 0, 0, 0, 0, 0, 0, 0, 0, 0] nRrcCauseSim1C[]=[0, 0, 0, 0, 0, 0, 0, 0, 0, 0] saRachC[]=[0, 0] saRlfC[]=[0, 0] saReestabC[]=[0, 0] mLteRrcConnRatio[]=[0,0] rrcConnC[]=[0, 0] lteCdrxCfgRatio[]=[0,0] lteCdrxActRatio[]=[0,0] eDlLayerSim0Ratio[]=[0,0,0,0] eDlLayerSim1Ratio[]=[0,0,0,0] lteCaRatio[]=[0,0] saRrcConnRatio[]=[0,0] endcActRatio[]=[0,0] saRrcConnC[]=[0, 0] nrCdrxCfgRatio[]=[0,0] nrCdrxActRatio[]=[0,0] nUlDlLayerSim0Ratio[]=[0,0,0,0,0,0,0,0] nUlDlLayerSim1Ratio[]=[0,0,0,0,0,0,0,0] nrCaRatio[]=[0,0] nBwpSim0Ratio[]=[0,0,0,0,0,0,0,0,0,0] nBwpSim1Ratio[]=[0,0,0,0,0,0,0,0,0,0] dsdsRatio[]=[0,0] drdsdsRatio[]=[0,0] dsdaRatio[]=[0,0] drdsdaRatio[]=[0,0] maxCCCfgT[]=[0, 0] maxCCCfgRatio[]=[0,0] maxCCSentC[]=[0, 0] maxMimoCfgT[]=[0, 0] maxMimoCfgRatio[]=[0,0] maxMimoSentC[]=[0, 0] releasePreferCfgT[]=[0, 0] releasePreferCfgRatio[]=[0,0] release2IdleSentC[]=[0, 0] release2OutOfConnectSentC[]=[0, 0] releaseSentC[]=[0, 0] wusCfgT[]=[0, 0] wusCfgRatio[]=[0,0] wus0CfgC[]=[0, 0] wus1fgC[]=[0, 0] skipUlTxCfgT[]=[0, 0] skipUlTxCfgRatio[]=[0,0] skipUlDyTxC[]=[0, 0] plmnSearchT[]=[0, 0] lteBgSearchT[]=[0, 0] nrBgSearchT[]=[0, 0]}]
07-23 15:06:41.688 26684 26698 W CrashBox_PackageUtils: getInstallerPackageName: /system/bin/cameraserver is invalid package name.
07-23 15:06:43.309 24268 24325 E AtomicFile: Failed to sync file output stream
07-23 15:06:45.490 26657 26682 E cameraserver: CameraServiceExtImpl_mt6765.cpp: 443 Set UX successfully for 26682
07-23 15:06:45.739  1835  1848 W System.err: 	at com.android.server.camera.CameraServiceProxy$2.isCameraDisabled(CameraServiceProxy.java:632)
07-23 15:06:45.739  1835  1848 W System.err: 	at android.hardware.ICameraServiceProxy$Stub.onTransact(ICameraServiceProxy.java:174)
07-23 15:06:45.739 26657 26682 I CameraService: CameraService::connect call (PID 24268 "com.android.chrome", camera ID 0) and Camera API version 2
07-23 15:06:45.744 26657 26682 I CameraService: makeClient: Camera2 API, override to portrait 0
07-23 15:06:45.752 26657 26682 I CameraService: onTorchStatusChangedLocked: Torch status changed for cameraId=0, newStatus=0
07-23 15:06:45.765 26657 26682 I CameraProviderManager: Camera device device@3.6/internal/0 torch status is now NOT_AVAILABLE
07-23 15:06:45.765 26657 26682 I CameraService: onTorchStatusChangedLocked: Torch status changed for cameraId=0, newStatus=0
07-23 15:06:45.765 26657 26682 I CameraProviderManager: Camera device device@3.6/internal/2 torch status is now NOT_AVAILABLE
07-23 15:06:45.765 26657 26682 I CameraService: onTorchStatusChangedLocked: Torch status changed for cameraId=2, newStatus=0
07-23 15:06:45.776 26657 26682 I CameraProviderManager: Camera device device@3.6/internal/3 torch status is now NOT_AVAILABLE
07-23 15:06:45.776 26657 26682 I CameraService: onTorchStatusChangedLocked: Torch status changed for cameraId=3, newStatus=0
07-23 15:06:45.791  1835  4005 V CameraService_proxy: The activity is N or above and claims to support resizeable-activity. Crop-rotate-scale is disabled.
07-23 15:06:45.799 26657 27428 E cameraserver: CameraServiceExtImpl_mt6765.cpp: 443 Set UX successfully for 27428
07-23 15:06:45.800 26657 27431 E cameraserver: CameraServiceExtImpl_mt6765.cpp: 443 Set UX successfully for 27431
07-23 15:06:45.820 26657 26682 I CameraServiceProxyWrapper: logOpen: id 0, facing 0, effectiveApiLevel 2, isNdk 0, latencyMs 80
07-23 15:06:45.821 26657 26682 D cameraserver: FGS Logger Transaction failed
07-23 15:06:45.821 26657 26682 D cameraserver: -129
07-23 15:06:45.829  1835  4005 W ContextImpl: Calling a method in the system process without a qualified user: android.app.ContextImpl.sendBroadcast:1232 com.android.server.camera.OplusCameraStateBroadcast.notifyCameraState:52 com.android.server.camera.CameraServiceProxyExtImpl.extendNotifyCameraState:318 com.android.server.camera.CameraServiceProxy.updateActivityCount:1324 com.android.server.camera.CameraServiceProxy.-$$Nest$mupdateActivityCount:0 
07-23 15:06:45.868 26657 26682 E OplusCameraService: CameraServiceExtImpl.cpp: 3195 addRemovePackageName() addRemovePackageName: mApsInterface is not able
07-23 15:06:45.895 26657 26682 E OplusCameraService: CameraServiceExtImpl.cpp: 3195 addRemovePackageName() addRemovePackageName: mApsInterface is not able
07-23 15:06:45.906  1835  3075 W ContextImpl: Calling a method in the system process without a qualified user: android.app.ContextImpl.sendBroadcast:1232 com.android.server.camera.OplusCameraStateBroadcast.notifyCameraState:52 com.android.server.camera.CameraServiceProxyExtImpl.extendNotifyCameraState:318 com.android.server.camera.CameraServiceProxy.updateActivityCount:1324 com.android.server.camera.CameraServiceProxy.-$$Nest$mupdateActivityCount:0 
07-23 15:06:45.917 26657 27428 E OplusCameraService: CameraServiceExtImpl.cpp: 3195 addRemovePackageName() addRemovePackageName: mApsInterface is not able
07-23 15:06:46.023  1285 27444 I MtkCam/P1NodeUtility: [done] [Cam::0] StageCtrl signal(0)
07-23 15:06:46.061  1285  1833 I mtkcam-InFlightRequest: [abort] +
07-23 15:06:46.061  1285  1833 I mtkcam-InFlightRequest: [abort] - frames:{ } being aborted (#0 in-flight frames)
07-23 15:06:46.116  1285  1833 W aaa_hal_sttCtrl: [abortDeque] 
07-23 15:06:46.116  1285  1833 I afo_buf_mgr: [abortDequeue] abortDma done
07-23 15:06:46.116  1285  1833 I afo_buf_mgr: [abortDequeue] +
07-23 15:06:46.116  1285  1833 I afo_buf_mgr: [abortDequeue] -
07-23 15:06:46.217 26657 27428 E OplusCameraService: CameraServiceExtImpl.cpp: 3195 addRemovePackageName() addRemovePackageName: mApsInterface is not able
07-23 15:06:46.516  1285 27538 I MtkCam/P1NodeUtility: [done] [Cam::0] StageCtrl signal(0)
07-23 15:06:46.759 26657 26674 E cameraserver: CameraServiceExtImpl_mt6765.cpp: 443 Set UX successfully for 26674
07-23 15:06:49.478  1285   410 I mtkcam-InFlightRequest: [abort] +
07-23 15:06:49.478  1285   410 I mtkcam-InFlightRequest: [abort] - frames:{ 43 42 41 40 39 } being aborted (#5 in-flight frames)
07-23 15:06:49.523  1285   410 W aaa_hal_sttCtrl: [abortDeque] 
07-23 15:06:49.523  1285   410 I afo_buf_mgr: [abortDequeue] abortDma done
07-23 15:06:49.523  1285   410 I afo_buf_mgr: [abortDequeue] +
07-23 15:06:49.523  1285   410 I afo_buf_mgr: [abortDequeue] -
07-23 15:06:49.550  1835  4005 W ContextImpl: Calling a method in the system process without a qualified user: android.app.ContextImpl.sendBroadcast:1232 com.android.server.camera.OplusCameraStateBroadcast.notifyCameraState:52 com.android.server.camera.CameraServiceProxyExtImpl.extendNotifyCameraState:318 com.android.server.camera.CameraServiceProxy.updateActivityCount:1324 com.android.server.camera.CameraServiceProxy.-$$Nest$mupdateActivityCount:0 
07-23 15:06:49.554  1285   410 I mtkcam-InFlightRequest: [abort] +
07-23 15:06:49.554  1285   410 I mtkcam-InFlightRequest: [abort] - frames:{ } being aborted (#0 in-flight frames)
07-23 15:06:49.651  1835 27715 W CameraService_proxy: Unknown extension type: -1
07-23 15:06:49.704 26657 26682 I CameraProviderManager: Camera device device@3.6/internal/0 torch status is now AVAILABLE_OFF
07-23 15:06:49.704 26657 26682 I CameraService: onTorchStatusChangedLocked: Torch status changed for cameraId=0, newStatus=1
07-23 15:06:49.705 26657 26682 I CameraProviderManager: Camera device device@3.6/internal/2 torch status is now AVAILABLE_OFF
07-23 15:06:49.705 26657 26682 I CameraService: onTorchStatusChangedLocked: Torch status changed for cameraId=2, newStatus=1
07-23 15:06:49.712 26657 26682 I CameraProviderManager: Camera device device@3.6/internal/3 torch status is now AVAILABLE_OFF
07-23 15:06:49.712 26657 26682 I CameraService: onTorchStatusChangedLocked: Torch status changed for cameraId=3, newStatus=1
07-23 15:06:49.727  1835  3351 W ContextImpl: Calling a method in the system process without a qualified user: android.app.ContextImpl.sendBroadcast:1232 com.android.server.camera.OplusCameraStateBroadcast.notifyCameraState:52 com.android.server.camera.CameraServiceProxyExtImpl.extendNotifyCameraState:318 com.android.server.camera.CameraServiceProxy.updateActivityCount:1324 com.android.server.camera.CameraServiceProxy.-$$Nest$mupdateActivityCount:0 
07-23 15:06:49.728 26657 26682 I CameraService: disconnect: Disconnected client for camera 0 for PID 24268
07-23 15:06:49.730 26657 26682 D cameraserver: FGS Logger Transaction failed
07-23 15:06:49.730 26657 26682 D cameraserver: -129
07-23 15:06:49.743 26657 26682 E cameraserver: CameraServiceExtImpl_mt6765.cpp: 443 Set UX successfully for 26682
07-23 15:06:49.755  1835 27715 W CameraService_proxy: Unknown extension type: -1
07-23 15:06:49.855  1835 27715 W CameraService_proxy: Unknown extension type: -1
07-23 15:06:49.880  1835  5754 W System.err: 	at com.android.server.camera.CameraServiceProxy$2.isCameraDisabled(CameraServiceProxy.java:632)
07-23 15:06:49.880  1835  5754 W System.err: 	at android.hardware.ICameraServiceProxy$Stub.onTransact(ICameraServiceProxy.java:174)
07-23 15:06:49.880 26657 26682 I CameraService: CameraService::connect call (PID 24268 "com.android.chrome", camera ID 0) and Camera API version 2
07-23 15:06:49.882 26657 26682 I CameraService: makeClient: Camera2 API, override to portrait 0
07-23 15:06:49.888 26657 26682 I CameraService: onTorchStatusChangedLocked: Torch status changed for cameraId=0, newStatus=0
07-23 15:06:49.895 26657 26682 I CameraProviderManager: Camera device device@3.6/internal/0 torch status is now NOT_AVAILABLE
07-23 15:06:49.895 26657 26682 I CameraService: onTorchStatusChangedLocked: Torch status changed for cameraId=0, newStatus=0
07-23 15:06:49.895 26657 26682 I CameraProviderManager: Camera device device@3.6/internal/2 torch status is now NOT_AVAILABLE
07-23 15:06:49.895 26657 26682 I CameraService: onTorchStatusChangedLocked: Torch status changed for cameraId=2, newStatus=0
07-23 15:06:49.902 26657 26682 I CameraProviderManager: Camera device device@3.6/internal/3 torch status is now NOT_AVAILABLE
07-23 15:06:49.902 26657 26682 I CameraService: onTorchStatusChangedLocked: Torch status changed for cameraId=3, newStatus=0
07-23 15:06:49.914  1835  3227 V CameraService_proxy: The activity is N or above and claims to support resizeable-activity. Crop-rotate-scale is disabled.
07-23 15:06:49.918 26657 26682 I CameraServiceProxyWrapper: logOpen: id 0, facing 0, effectiveApiLevel 2, isNdk 0, latencyMs 37
07-23 15:06:49.918 26657 26682 D cameraserver: FGS Logger Transaction failed
07-23 15:06:49.918 26657 26682 D cameraserver: -129
07-23 15:06:49.922  1835  3228 W ContextImpl: Calling a method in the system process without a qualified user: android.app.ContextImpl.sendBroadcast:1232 com.android.server.camera.OplusCameraStateBroadcast.notifyCameraState:52 com.android.server.camera.CameraServiceProxyExtImpl.extendNotifyCameraState:318 com.android.server.camera.CameraServiceProxy.updateActivityCount:1324 com.android.server.camera.CameraServiceProxy.-$$Nest$mupdateActivityCount:0 
07-23 15:06:49.970 26657 27740 E cameraserver: CameraServiceExtImpl_mt6765.cpp: 443 Set UX successfully for 27740
07-23 15:06:49.972 26657 26682 E OplusCameraService: CameraServiceExtImpl.cpp: 3195 addRemovePackageName() addRemovePackageName: mApsInterface is not able
07-23 15:06:49.981 26657 27743 E cameraserver: CameraServiceExtImpl_mt6765.cpp: 443 Set UX successfully for 27743
07-23 15:06:49.984 26657 26683 E cameraserver: CameraServiceExtImpl_mt6765.cpp: 443 Set UX successfully for 26683
07-23 15:06:50.029 26657 26682 E OplusCameraService: CameraServiceExtImpl.cpp: 3195 addRemovePackageName() addRemovePackageName: mApsInterface is not able
07-23 15:06:50.035 26657 27740 E OplusCameraService: CameraServiceExtImpl.cpp: 3195 addRemovePackageName() addRemovePackageName: mApsInterface is not able
07-23 15:06:50.037  1835  3227 W ContextImpl: Calling a method in the system process without a qualified user: android.app.ContextImpl.sendBroadcast:1232 com.android.server.camera.OplusCameraStateBroadcast.notifyCameraState:52 com.android.server.camera.CameraServiceProxyExtImpl.extendNotifyCameraState:318 com.android.server.camera.CameraServiceProxy.updateActivityCount:1324 com.android.server.camera.CameraServiceProxy.-$$Nest$mupdateActivityCount:0 
07-23 15:06:50.057  1835 27715 W CameraService_proxy: Unknown extension type: -1
07-23 15:06:50.164  1285 27765 I MtkCam/P1NodeUtility: [done] [Cam::0] StageCtrl signal(0)
07-23 15:06:50.203  1285 16238 I mtkcam-InFlightRequest: [abort] +
07-23 15:06:50.203  1285 16238 I mtkcam-InFlightRequest: [abort] - frames:{ } being aborted (#0 in-flight frames)
07-23 15:06:50.303  1285 16238 W aaa_hal_sttCtrl: [abortDeque] 
07-23 15:06:50.303  1285 16238 I afo_buf_mgr: [abortDequeue] abortDma done
07-23 15:06:50.303  1285 16238 I afo_buf_mgr: [abortDequeue] +
07-23 15:06:50.303  1285 16238 I afo_buf_mgr: [abortDequeue] -
07-23 15:06:50.387 26657 27740 E OplusCameraService: CameraServiceExtImpl.cpp: 3195 addRemovePackageName() addRemovePackageName: mApsInterface is not able
07-23 15:06:50.572  1285 27857 I MtkCam/P1NodeUtility: [done] [Cam::0] StageCtrl signal(0)
07-23 15:06:50.621  1285 27861 I MtkCam/P1NodeUtility: [done] [Cam::0] StageCtrl signal(1)
07-23 15:06:50.972  1835 27715 W CameraService_proxy: Unknown extension type: -1
07-23 15:06:51.074  1835 27715 W CameraService_proxy: Unknown extension type: -1
07-23 15:06:51.349  1285 27942 I MtkCam/CapturePipe/Pipe: [onData]R/F Num: 0/0 - dataid=deque, Finished Abort(0)/Fail(0)
07-23 15:06:51.352  1285 27942 I MtkCam/CapturePipe/Pipe: [onData]R/F Num: 1/1 - dataid=deque, Finished Abort(0)/Fail(0)
07-23 15:06:51.352 26657 26674 E cameraserver: CameraServiceExtImpl_mt6765.cpp: 443 Set UX successfully for 26674
07-23 15:06:51.365  1285 27942 I MtkCam/CapturePipe/Pipe: [onData]R/F Num: 2/2 - dataid=deque, Finished Abort(0)/Fail(0)
07-23 15:06:51.613  1835 27715 W CameraService_proxy: Unknown extension type: -1
07-23 15:06:51.740  1285 27942 I MtkCam/CapturePipe/Pipe: [onData]R/F Num: 8/8 - dataid=deque, Finished Abort(0)/Fail(0)
07-23 15:06:51.789  1285 27942 I MtkCam/CapturePipe/Pipe: [onData]R/F Num: 9/9 - dataid=deque, Finished Abort(0)/Fail(0)
07-23 15:06:51.852  1835  2618 I OsenseKillAction: scanCchEmptyProc: skip ProcessInfo{9933:com.oplus.securitypermission/1000 oom:SVC/22/800/started-services mem:15/11/35 extra:67s/true/false/5/5/false}: treat-like-active
07-23 15:06:51.852  1835  2618 I OsenseKillAction: scanCchEmptyProc: skip ProcessInfo{16595:com.oplus.cosa/u0a148 oom:SVC/23/500/started-services mem:12/12/36 extra:62s/true/false/3/6/false}: high-adj
07-23 15:06:51.852  1835  2618 I OsenseKillAction: scanCchEmptyProc: skip ProcessInfo{23986:com.coloros.alarmclock:clockWidget/u0a156 oom:CEM/25/905/cch-empty mem:10/10/32 extra:57s/true/false/0/0/false}: widget
07-23 15:06:51.852  1835  2618 I OsenseKillAction: scanCchEmptyProc: skip ProcessInfo{9988:com.oplus.midas/1000 oom:SVC/37/800/started-services mem:25/12/38 extra:10s/true/false/3/9/false}: treat-like-active
07-23 15:06:51.852  1835  2618 I OsenseKillAction: scanCchEmptyProc: skip ProcessInfo{20582:com.heytap.market/u0a229 oom:SVC/38/500/started-services mem:98/20/62 extra:10s/true/false/2/28/false}: high-adj
07-23 15:06:51.852  1835  2618 I OsenseKillAction: scanCchEmptyProc: skip ProcessInfo{14812:org.telegram.messenger.web/u0a301 oom:SVC/42/905/cch-started-ui-services mem:152/35/82 extra:478s/false/true/1/7/false}: shown-ui
07-23 15:06:51.853  1835  2618 I OsenseKillAction: scanOomAdj: skip scan oom adj for lowmem
07-23 15:06:51.855  1835  2618 I OsenseKillAction: KillAction: Kill ProcessInfo{24663:com.google.process.gapps/u0a120 oom:CEM/26/925/cch-empty mem:8/9/29 extra:50s/true/false/0/4/false}: CachedClean 1ms
07-23 15:06:51.857  1835  2618 I OsenseKillAction: KillAction: Kill ProcessInfo{25916:zln.mossogb.wfs/u0a279 oom:CEM/31/915/cch-empty mem:0/9/28 extra:22s/false/false/0/1/false}: CachedClean 2ms
07-23 15:06:51.860  1835  2618 I OsenseKillAction: KillAction: Kill ProcessInfo{27054:com.android.settings/1000 oom:CEM/39/905/cch-empty mem:0/9/29 extra:10s/true/false/0/19/false}: CachedClean 3ms
07-23 15:06:51.861  1835  2618 I OsenseKillAction: KillAction: Kill ProcessInfo{27160:com.oplus.romupdate/u0a168 oom:CEM/40/905/cch-empty mem:0/9/29 extra:9s/true/false/0/2/false}: CachedClean 2ms
07-23 15:06:51.862  1835  2618 I OsenseKillAction: KillAction: [atomic clean] end requestId=392, endAvail=689mb, reclaimed: [pss=8mb, anonRss=36mb, swap=115mb, mem=36mb, Rss=347mb], timing: [total=51ms, update=7ms, readMem=30ms, group=1ms, cch=1ms, nonUi=0ms, oomadj=0ms, allProc=0ms, monitor=0ms, kill=8ms]
07-23 15:06:51.884  1835  1884 I libprocessgroup: Successfully killed process cgroup uid 10120 pid 24663 in 27ms
07-23 15:06:51.913   865   865 I Zygote  : Process 25916 exited due to signal 9 (Killed)
07-23 15:06:51.948  1285 27942 I MtkCam/CapturePipe/Pipe: [onData]R/F Num: 10/10 - dataid=deque, Finished Abort(0)/Fail(0)
07-23 15:06:52.033  1835  2482 W ActivityManager: Process 24663 does not match uid 10120 ignore setting hits oom adj
07-23 15:06:52.199  1835  4109 I OplusAppSwitchManagerService: hanldeBinderDied
07-23 15:06:52.201  1835  3996 I OplusAppSwitchManagerService: hanldeBinderDied
07-23 15:06:52.821  1285 27942 I MtkCam/CapturePipe/Pipe: [onData]R/F Num: 23/23 - dataid=deque, Finished Abort(0)/Fail(0)
07-23 15:06:52.894  1285 27942 I MtkCam/CapturePipe/Pipe: [onData]R/F Num: 24/24 - dataid=deque, Finished Abort(0)/Fail(0)
07-23 15:06:52.899   865   865 I Zygote  : Process 25166 exited due to signal 9 (Killed)
07-23 15:06:52.900  1835  1884 I libprocessgroup: Successfully killed process cgroup uid 10284 pid 25166 in 0ms
07-23 15:06:52.907  1835  2218 I libprocessgroup: Successfully killed process cgroup uid 1000 pid 9988 in 0ms
07-23 15:06:52.916  1835  2218 I libprocessgroup: Successfully killed process cgroup uid 1000 pid 9933 in 0ms
07-23 15:06:52.916  1835  2218 I libprocessgroup: Successfully killed process cgroup uid 10135 pid 24443 in 0ms
07-23 15:06:54.500  1285 27942 I MtkCam/CapturePipe/Pipe: [onData]R/F Num: 47/47 - dataid=deque, Finished Abort(0)/Fail(0)
07-23 15:06:54.563  1285 27942 I MtkCam/CapturePipe/Pipe: [onData]R/F Num: 48/48 - dataid=deque, Finished Abort(0)/Fail(0)
07-23 15:06:54.629  1835  1884 I libprocessgroup: Successfully killed process cgroup uid 90007 pid 27991 in 0ms
07-23 15:06:54.635  1285 27942 I MtkCam/CapturePipe/Pipe: [onData]R/F Num: 49/49 - dataid=deque, Finished Abort(0)/Fail(0)
07-23 15:06:56.186  1285 27942 I MtkCam/CapturePipe/Pipe: [onData]R/F Num: 70/70 - dataid=deque, Finished Abort(0)/Fail(0)
07-23 15:06:56.246  1285 27942 I MtkCam/CapturePipe/Pipe: [onData]R/F Num: 71/71 - dataid=deque, Finished Abort(0)/Fail(0)
07-23 15:06:57.194  1835  3479 I ActivityManager: Process com.google.process.gservices (pid 23347) has died: cch+15 CEM 
07-23 15:06:57.320  1835  3076 I OplusAppSwitchManagerService: hanldeBinderDied
07-23 15:06:57.406  1835  2498 W ActivityManager: Process 28068 does not match uid 10168 ignore setting hits oom adj
07-23 15:06:57.433  1835  2178 I OplusAppSwitchManagerService: hanldeBinderDied
07-23 15:06:57.461  1835  2482 W ActivityManager: Process 16595 does not match uid 10148 ignore setting hits oom adj
07-23 15:06:57.502  1708  1741 D RmcNwHdlr: [0] requestSignalStrength:sigRegisted[0000], sigUpdated[0X01]
07-23 15:06:57.502  1708  1741 D RmcNwHdlr: [0] handleSignalStrength, gsm_signal_strength: 23, gsm_bit_error_rate: 99, gsm_timing_advance: 2147483647, cdma_dbm: 2147483647, cdma_ecio: 2147483647, evdo_dbm: 2147483647, evdo_ecio: 2147483647, evdo_snr: 2147483647, lte_signal_strength: 99, lte_rsrp: 2147483647, lte_rsrq: 2147483647, lte_rssnr: 2147483647, lte_cqi: 2147483647, lte_timing_advance: 2147483647, tdscdma_signal_strength: 99, tdscdma_bit_error_rate: 99, tdscdma_rscp: 255, wcdma_signal_strength: 0, wcdma_bit_error_rate: 99, wcdma_scdma_rscp: 5, wcdma_ecno: 12, ssRsrp: 2147483647, ssRsrq: 2147483647, ssSinr: 2147483647, csiRsrp: 2147483647, csiRsrq: 2147483647, csiSinr: 2147483647
07-23 15:06:57.503  1835  4109 I OplusAppSwitchManagerService: hanldeBinderDied
07-23 15:06:57.622  2516  2760 D OplusSignalSmooth/0: onSignalStrengthResultExt,oldSignalStrength:SignalStrength:{mCdma=CellSignalStrengthCdma: cdmaDbm=2147483647 cdmaEcio=2147483647 evdoDbm=2147483647 evdoEcio=2147483647 evdoSnr=2147483647 level=0,mGsm=CellSignalStrengthGsm: rssi=-69 ber=99 mTa=2147483647 mLevel=4,mWcdma=CellSignalStrengthWcdma: ss=2147483647 ber=2147483647 rscp=2147483647 ecno=2147483647 level=0,mTdscdma=CellSignalStrengthTdscdma: rssi=2147483647 ber=2147483647 rscp=2147483647 level=0,mLte=CellSignalStrengthLte: rssi=2147483647 rsrp=2147483647 rsrq=2147483647 rssnr=2147483647 cqiTableIndex=2147483647 cqi=2147483647 ta=2147483647 level=0 parametersUseForLevel=1,mNr=CellSignalStrengthNr:{ csiRsrp = 2147483647 csiRsrq = 2147483647 csiCqiTableIndex = 2147483647 csiCqiReport = [] ssRsrp = 2147483647 ssRsrq = 2147483647 ssSinr = 2147483647 level = 0 parametersUseForLevel = 1 timingAdvance = 2147483647 },primary=CellSignalStrengthGsm}
07-23 15:06:57.622  2516  2760 D OplusSignalSmooth/0: mOrigSignalStrength:SignalStrength:{mCdma=CellSignalStrengthCdma: cdmaDbm=2147483647 cdmaEcio=2147483647 evdoDbm=2147483647 evdoEcio=2147483647 evdoSnr=2147483647 level=0,mGsm=CellSignalStrengthGsm: rssi=-67 ber=99 mTa=2147483647 mLevel=4,mWcdma=CellSignalStrengthWcdma: ss=2147483647 ber=2147483647 rscp=2147483647 ecno=2147483647 level=0,mTdscdma=CellSignalStrengthTdscdma: rssi=2147483647 ber=2147483647 rscp=2147483647 level=0,mLte=CellSignalStrengthLte: rssi=2147483647 rsrp=2147483647 rsrq=2147483647 rssnr=2147483647 cqiTableIndex=2147483647 cqi=2147483647 ta=2147483647 level=0 parametersUseForLevel=1,mNr=CellSignalStrengthNr:{ csiRsrp = 2147483647 csiRsrq = 2147483647 csiCqiTableIndex = 2147483647 csiCqiReport = [] ssRsrp = 2147483647 ssRsrq = 2147483647 ssSinr = 2147483647 level = 0 parametersUseForLevel = 1 timingAdvance = 2147483647 },primary=CellSignalStrengthGsm}
07-23 15:06:57.622  2516  2760 D OplusSignalSmooth/0: no service fix signal...
07-23 15:06:57.815  2516  2760 D OplusSignalSmooth/0: notifySignalStrength, mSignalStrength: SignalStrength:{mCdma=CellSignalStrengthCdma: cdmaDbm=2147483647 cdmaEcio=2147483647 evdoDbm=2147483647 evdoEcio=2147483647 evdoSnr=2147483647 level=0,mGsm=CellSignalStrengthGsm: rssi=-67 ber=99 mTa=2147483647 mLevel=4,mWcdma=CellSignalStrengthWcdma: ss=2147483647 ber=2147483647 rscp=2147483647 ecno=2147483647 level=0,mTdscdma=CellSignalStrengthTdscdma: rssi=2147483647 ber=2147483647 rscp=2147483647 level=0,mLte=CellSignalStrengthLte: rssi=2147483647 rsrp=2147483647 rsrq=2147483647 rssnr=2147483647 cqiTableIndex=2147483647 cqi=2147483647 ta=2147483647 level=0 parametersUseForLevel=1,mNr=CellSignalStrengthNr:{ csiRsrp = 2147483647 csiRsrq = 2147483647 csiCqiTableIndex = 2147483647 csiCqiReport = [] ssRsrp = 2147483647 ssRsrq = 2147483647 ssSinr = 2147483647 level = 0 parametersUseForLevel = 1 timingAdvance = 2147483647 },primary=CellSignalStrengthGsm}
07-23 15:06:58.415  1285 27942 I MtkCam/CapturePipe/Pipe: [onData]R/F Num: 102/102 - dataid=deque, Finished Abort(0)/Fail(0)
07-23 15:06:58.484  1285 27942 I MtkCam/CapturePipe/Pipe: [onData]R/F Num: 103/103 - dataid=deque, Finished Abort(0)/Fail(0)
07-23 15:07:01.437  1285 27942 I MtkCam/CapturePipe/Pipe: [onData]R/F Num: 145/145 - dataid=deque, Finished Abort(0)/Fail(0)
07-23 15:07:01.501  1285 27942 I MtkCam/CapturePipe/Pipe: [onData]R/F Num: 146/146 - dataid=deque, Finished Abort(0)/Fail(0)
07-23 15:07:03.872  1285 27942 I MtkCam/CapturePipe/Pipe: [onData]R/F Num: 178/178 - dataid=deque, Finished Abort(0)/Fail(0)
07-23 15:07:04.864  1285 27942 I MtkCam/CapturePipe/Pipe: [onData]R/F Num: 194/194 - dataid=deque, Finished Abort(0)/Fail(0)
07-23 15:07:04.934  1285 27942 I MtkCam/CapturePipe/Pipe: [onData]R/F Num: 195/195 - dataid=deque, Finished Abort(0)/Fail(0)
07-23 15:07:05.004  1285 27942 I MtkCam/CapturePipe/Pipe: [onData]R/F Num: 196/196 - dataid=deque, Finished Abort(0)/Fail(0)
07-23 15:07:05.071  1285 27942 I MtkCam/CapturePipe/Pipe: [onData]R/F Num: 197/197 - dataid=deque, Finished Abort(0)/Fail(0)
07-23 15:07:05.993  1285 27942 I MtkCam/CapturePipe/Pipe: [onData]R/F Num: 210/210 - dataid=deque, Finished Abort(0)/Fail(0)
07-23 15:07:06.066  1285 27942 I MtkCam/CapturePipe/Pipe: [onData]R/F Num: 211/211 - dataid=deque, Finished Abort(0)/Fail(0)
07-23 15:07:06.125  1285 27942 I MtkCam/CapturePipe/Pipe: [onData]R/F Num: 212/212 - dataid=deque, Finished Abort(0)/Fail(0)
07-23 15:07:06.897  1708  1741 D RmcNwHdlr: [0] requestSignalStrength:sigRegisted[0000], sigUpdated[0X01]
07-23 15:07:06.898  1708  1741 D RmcNwHdlr: [0] handleSignalStrength, gsm_signal_strength: 22, gsm_bit_error_rate: 99, gsm_timing_advance: 2147483647, cdma_dbm: 2147483647, cdma_ecio: 2147483647, evdo_dbm: 2147483647, evdo_ecio: 2147483647, evdo_snr: 2147483647, lte_signal_strength: 99, lte_rsrp: 2147483647, lte_rsrq: 2147483647, lte_rssnr: 2147483647, lte_cqi: 2147483647, lte_timing_advance: 2147483647, tdscdma_signal_strength: 99, tdscdma_bit_error_rate: 99, tdscdma_rscp: 255, wcdma_signal_strength: 0, wcdma_bit_error_rate: 99, wcdma_scdma_rscp: 5, wcdma_ecno: 12, ssRsrp: 2147483647, ssRsrq: 2147483647, ssSinr: 2147483647, csiRsrp: 2147483647, csiRsrq: 2147483647, csiSinr: 2147483647
07-23 15:07:06.914  2516  2760 D OplusSignalSmooth/0: onSignalStrengthResultExt,oldSignalStrength:SignalStrength:{mCdma=CellSignalStrengthCdma: cdmaDbm=2147483647 cdmaEcio=2147483647 evdoDbm=2147483647 evdoEcio=2147483647 evdoSnr=2147483647 level=0,mGsm=CellSignalStrengthGsm: rssi=-67 ber=99 mTa=2147483647 mLevel=4,mWcdma=CellSignalStrengthWcdma: ss=2147483647 ber=2147483647 rscp=2147483647 ecno=2147483647 level=0,mTdscdma=CellSignalStrengthTdscdma: rssi=2147483647 ber=2147483647 rscp=2147483647 level=0,mLte=CellSignalStrengthLte: rssi=2147483647 rsrp=2147483647 rsrq=2147483647 rssnr=2147483647 cqiTableIndex=2147483647 cqi=2147483647 ta=2147483647 level=0 parametersUseForLevel=1,mNr=CellSignalStrengthNr:{ csiRsrp = 2147483647 csiRsrq = 2147483647 csiCqiTableIndex = 2147483647 csiCqiReport = [] ssRsrp = 2147483647 ssRsrq = 2147483647 ssSinr = 2147483647 level = 0 parametersUseForLevel = 1 timingAdvance = 2147483647 },primary=CellSignalStrengthGsm}
07-23 15:07:06.914  2516  2760 D OplusSignalSmooth/0: mOrigSignalStrength:SignalStrength:{mCdma=CellSignalStrengthCdma: cdmaDbm=2147483647 cdmaEcio=2147483647 evdoDbm=2147483647 evdoEcio=2147483647 evdoSnr=2147483647 level=0,mGsm=CellSignalStrengthGsm: rssi=-69 ber=99 mTa=2147483647 mLevel=4,mWcdma=CellSignalStrengthWcdma: ss=2147483647 ber=2147483647 rscp=2147483647 ecno=2147483647 level=0,mTdscdma=CellSignalStrengthTdscdma: rssi=2147483647 ber=2147483647 rscp=2147483647 level=0,mLte=CellSignalStrengthLte: rssi=2147483647 rsrp=2147483647 rsrq=2147483647 rssnr=2147483647 cqiTableIndex=2147483647 cqi=2147483647 ta=2147483647 level=0 parametersUseForLevel=1,mNr=CellSignalStrengthNr:{ csiRsrp = 2147483647 csiRsrq = 2147483647 csiCqiTableIndex = 2147483647 csiCqiReport = [] ssRsrp = 2147483647 ssRsrq = 2147483647 ssSinr = 2147483647 level = 0 parametersUseForLevel = 1 timingAdvance = 2147483647 },primary=CellSignalStrengthGsm}
07-23 15:07:06.914  2516  2760 D OplusSignalSmooth/0: no service fix signal...
07-23 15:07:06.956  2516  2760 D OplusSignalSmooth/0: notifySignalStrength, mSignalStrength: SignalStrength:{mCdma=CellSignalStrengthCdma: cdmaDbm=2147483647 cdmaEcio=2147483647 evdoDbm=2147483647 evdoEcio=2147483647 evdoSnr=2147483647 level=0,mGsm=CellSignalStrengthGsm: rssi=-69 ber=99 mTa=2147483647 mLevel=4,mWcdma=CellSignalStrengthWcdma: ss=2147483647 ber=2147483647 rscp=2147483647 ecno=2147483647 level=0,mTdscdma=CellSignalStrengthTdscdma: rssi=2147483647 ber=2147483647 rscp=2147483647 level=0,mLte=CellSignalStrengthLte: rssi=2147483647 rsrp=2147483647 rsrq=2147483647 rssnr=2147483647 cqiTableIndex=2147483647 cqi=2147483647 ta=2147483647 level=0 parametersUseForLevel=1,mNr=CellSignalStrengthNr:{ csiRsrp = 2147483647 csiRsrq = 2147483647 csiCqiTableIndex = 2147483647 csiCqiReport = [] ssRsrp = 2147483647 ssRsrq = 2147483647 ssSinr = 2147483647 level = 0 parametersUseForLevel = 1 timingAdvance = 2147483647 },primary=CellSignalStrengthGsm}
07-23 15:07:07.607  1285 27942 I MtkCam/CapturePipe/Pipe: [onData]R/F Num: 233/233 - dataid=deque, Finished Abort(0)/Fail(0)
07-23 15:07:07.670  1285 27942 I MtkCam/CapturePipe/Pipe: [onData]R/F Num: 234/234 - dataid=deque, Finished Abort(0)/Fail(0)
07-23 15:07:08.365  1285 27942 I MtkCam/CapturePipe/Pipe: [onData]R/F Num: 243/243 - dataid=deque, Finished Abort(0)/Fail(0)
07-23 15:07:08.437  1285 27942 I MtkCam/CapturePipe/Pipe: [onData]R/F Num: 244/244 - dataid=deque, Finished Abort(0)/Fail(0)
07-23 15:07:09.145  1285 27942 I MtkCam/CapturePipe/Pipe: [onData]R/F Num: 254/254 - dataid=deque, Finished Abort(0)/Fail(0)
07-23 15:07:09.213  1285 27942 I MtkCam/CapturePipe/Pipe: [onData]R/F Num: 255/255 - dataid=deque, Finished Abort(0)/Fail(0)
07-23 15:07:09.280  1285 27942 I MtkCam/CapturePipe/Pipe: [onData]R/F Num: 256/256 - dataid=deque, Finished Abort(0)/Fail(0)
07-23 15:07:09.378  1285 27942 I MtkCam/CapturePipe/Pipe: [onData]R/F Num: 257/257 - dataid=deque, Finished Abort(0)/Fail(0)
07-23 15:07:11.249  1285 27942 I MtkCam/CapturePipe/Pipe: [onData]R/F Num: 284/284 - dataid=deque, Finished Abort(0)/Fail(0)
07-23 15:07:11.314  1285 27942 I MtkCam/CapturePipe/Pipe: [onData]R/F Num: 285/285 - dataid=deque, Finished Abort(0)/Fail(0)
07-23 15:07:11.396  1285 27942 I MtkCam/CapturePipe/Pipe: [onData]R/F Num: 286/286 - dataid=deque, Finished Abort(0)/Fail(0)
07-23 15:07:13.121  1285 27919 I MtkCam/CapturePipe/Pipe: [onData]R/F Num: 309/309 - dataid=deque, Finished Abort(0)/Fail(0)
07-23 15:07:13.233  1285 27942 I MtkCam/CapturePipe/Pipe: [onData]R/F Num: 310/310 - dataid=deque, Finished Abort(0)/Fail(0)
07-23 15:07:13.268  1285 27942 I MtkCam/CapturePipe/Pipe: [onData]R/F Num: 311/311 - dataid=deque, Finished Abort(0)/Fail(0)
07-23 15:07:13.700  1285 27942 I MtkCam/CapturePipe/Pipe: [onData]R/F Num: 318/318 - dataid=deque, Finished Abort(0)/Fail(0)
07-23 15:07:13.767  1285 27942 I MtkCam/CapturePipe/Pipe: [onData]R/F Num: 319/319 - dataid=deque, Finished Abort(0)/Fail(0)
07-23 15:07:13.841  1285 27942 I MtkCam/CapturePipe/Pipe: [onData]R/F Num: 320/320 - dataid=deque, Finished Abort(0)/Fail(0)
07-23 15:07:14.973  1285 27942 I MtkCam/CapturePipe/Pipe: [onData]R/F Num: 333/333 - dataid=deque, Finished Abort(0)/Fail(0)
07-23 15:07:15.019  1285 27942 I MtkCam/CapturePipe/Pipe: [onData]R/F Num: 334/334 - dataid=deque, Finished Abort(0)/Fail(0)
07-23 15:07:15.034  1285 27942 I MtkCam/CapturePipe/Pipe: [onData]R/F Num: 335/335 - dataid=deque, Finished Abort(0)/Fail(0)
07-23 15:07:15.061  1285 27942 I MtkCam/CapturePipe/Pipe: [onData]R/F Num: 336/336 - dataid=deque, Finished Abort(0)/Fail(0)
07-23 15:07:16.235  1835  3227 I OplusAppSwitchManagerService: hanldeBinderDied
07-23 15:07:16.319  1708  1741 D RmcNwHdlr: [0] requestSignalStrength:sigRegisted[0000], sigUpdated[0X01]
07-23 15:07:16.321  1708  1741 D RmcNwHdlr: [0] handleSignalStrength, gsm_signal_strength: 23, gsm_bit_error_rate: 99, gsm_timing_advance: 2147483647, cdma_dbm: 2147483647, cdma_ecio: 2147483647, evdo_dbm: 2147483647, evdo_ecio: 2147483647, evdo_snr: 2147483647, lte_signal_strength: 99, lte_rsrp: 2147483647, lte_rsrq: 2147483647, lte_rssnr: 2147483647, lte_cqi: 2147483647, lte_timing_advance: 2147483647, tdscdma_signal_strength: 99, tdscdma_bit_error_rate: 99, tdscdma_rscp: 255, wcdma_signal_strength: 0, wcdma_bit_error_rate: 99, wcdma_scdma_rscp: 5, wcdma_ecno: 12, ssRsrp: 2147483647, ssRsrq: 2147483647, ssSinr: 2147483647, csiRsrp: 2147483647, csiRsrq: 2147483647, csiSinr: 2147483647
07-23 15:07:16.392  1835  3228 I OplusAppSwitchManagerService: hanldeBinderDied
07-23 15:07:16.452  2516  2760 D OplusSignalSmooth/0: onSignalStrengthResultExt,oldSignalStrength:SignalStrength:{mCdma=CellSignalStrengthCdma: cdmaDbm=2147483647 cdmaEcio=2147483647 evdoDbm=2147483647 evdoEcio=2147483647 evdoSnr=2147483647 level=0,mGsm=CellSignalStrengthGsm: rssi=-69 ber=99 mTa=2147483647 mLevel=4,mWcdma=CellSignalStrengthWcdma: ss=2147483647 ber=2147483647 rscp=2147483647 ecno=2147483647 level=0,mTdscdma=CellSignalStrengthTdscdma: rssi=2147483647 ber=2147483647 rscp=2147483647 level=0,mLte=CellSignalStrengthLte: rssi=2147483647 rsrp=2147483647 rsrq=2147483647 rssnr=2147483647 cqiTableIndex=2147483647 cqi=2147483647 ta=2147483647 level=0 parametersUseForLevel=1,mNr=CellSignalStrengthNr:{ csiRsrp = 2147483647 csiRsrq = 2147483647 csiCqiTableIndex = 2147483647 csiCqiReport = [] ssRsrp = 2147483647 ssRsrq = 2147483647 ssSinr = 2147483647 level = 0 parametersUseForLevel = 1 timingAdvance = 2147483647 },primary=CellSignalStrengthGsm}
07-23 15:07:16.452  2516  2760 D OplusSignalSmooth/0: mOrigSignalStrength:SignalStrength:{mCdma=CellSignalStrengthCdma: cdmaDbm=2147483647 cdmaEcio=2147483647 evdoDbm=2147483647 evdoEcio=2147483647 evdoSnr=2147483647 level=0,mGsm=CellSignalStrengthGsm: rssi=-67 ber=99 mTa=2147483647 mLevel=4,mWcdma=CellSignalStrengthWcdma: ss=2147483647 ber=2147483647 rscp=2147483647 ecno=2147483647 level=0,mTdscdma=CellSignalStrengthTdscdma: rssi=2147483647 ber=2147483647 rscp=2147483647 level=0,mLte=CellSignalStrengthLte: rssi=2147483647 rsrp=2147483647 rsrq=2147483647 rssnr=2147483647 cqiTableIndex=2147483647 cqi=2147483647 ta=2147483647 level=0 parametersUseForLevel=1,mNr=CellSignalStrengthNr:{ csiRsrp = 2147483647 csiRsrq = 2147483647 csiCqiTableIndex = 2147483647 csiCqiReport = [] ssRsrp = 2147483647 ssRsrq = 2147483647 ssSinr = 2147483647 level = 0 parametersUseForLevel = 1 timingAdvance = 2147483647 },primary=CellSignalStrengthGsm}
07-23 15:07:16.458  1835  3611 W ActivityManager: Process 28174 does not match uid 10148 ignore setting hits oom adj
07-23 15:07:16.458  1835  3611 W ActivityManager: Process 28311 does not match uid 1000 ignore setting hits oom adj
07-23 15:07:16.473  2516  2760 D OplusSignalSmooth/0: no service fix signal...
07-23 15:07:16.574  1835  2498 W ActivityManager: Process 28174 does not match uid 10148 ignore setting hits oom adj
07-23 15:07:16.642  1835  2482 W ActivityManager: Process 28311 does not match uid 1000 ignore setting hits oom adj
07-23 15:07:16.657  1835  3479 W ActivityManager: Process 28311 does not match uid 1000 ignore setting hits oom adj
07-23 15:07:16.696  1835  3611 W ActivityManager: Process 28311 does not match uid 1000 ignore setting hits oom adj
07-23 15:07:16.705  2516  2760 D OplusSignalSmooth/0: notifySignalStrength, mSignalStrength: SignalStrength:{mCdma=CellSignalStrengthCdma: cdmaDbm=2147483647 cdmaEcio=2147483647 evdoDbm=2147483647 evdoEcio=2147483647 evdoSnr=2147483647 level=0,mGsm=CellSignalStrengthGsm: rssi=-67 ber=99 mTa=2147483647 mLevel=4,mWcdma=CellSignalStrengthWcdma: ss=2147483647 ber=2147483647 rscp=2147483647 ecno=2147483647 level=0,mTdscdma=CellSignalStrengthTdscdma: rssi=2147483647 ber=2147483647 rscp=2147483647 level=0,mLte=CellSignalStrengthLte: rssi=2147483647 rsrp=2147483647 rsrq=2147483647 rssnr=2147483647 cqiTableIndex=2147483647 cqi=2147483647 ta=2147483647 level=0 parametersUseForLevel=1,mNr=CellSignalStrengthNr:{ csiRsrp = 2147483647 csiRsrq = 2147483647 csiCqiTableIndex = 2147483647 csiCqiReport = [] ssRsrp = 2147483647 ssRsrq = 2147483647 ssSinr = 2147483647 level = 0 parametersUseForLevel = 1 timingAdvance = 2147483647 },primary=CellSignalStrengthGsm}
07-23 15:07:17.610  1285 27942 I MtkCam/CapturePipe/Pipe: [onData]R/F Num: 370/370 - dataid=deque, Finished Abort(0)/Fail(0)
07-23 15:07:22.435  1285 27942 I MtkCam/CapturePipe/Pipe: [onData]R/F Num: 430/430 - dataid=deque, Finished Abort(0)/Fail(0)
07-23 15:07:24.742  1285 27942 I MtkCam/CapturePipe/Pipe: [onData]R/F Num: 462/462 - dataid=deque, Finished Abort(0)/Fail(0)
07-23 15:07:24.810  1285 27942 I MtkCam/CapturePipe/Pipe: [onData]R/F Num: 463/463 - dataid=deque, Finished Abort(0)/Fail(0)
07-23 15:07:26.306  1835  3230 W ActivityManager: Slow operation: 72ms so far, now at finishAttachApplicationInner: after updateOomAdjLocked
07-23 15:07:26.640  1285 27942 I MtkCam/CapturePipe/Pipe: [onData]R/F Num: 489/489 - dataid=deque, Finished Abort(0)/Fail(0)
07-23 15:07:26.753  1285 27942 I MtkCam/CapturePipe/Pipe: [onData]R/F Num: 490/490 - dataid=deque, Finished Abort(0)/Fail(0)
07-23 15:07:26.824  1285 27942 I MtkCam/CapturePipe/Pipe: [onData]R/F Num: 491/491 - dataid=deque, Finished Abort(0)/Fail(0)
07-23 15:07:27.817  1285 27942 I MtkCam/CapturePipe/Pipe: [onData]R/F Num: 506/506 - dataid=deque, Finished Abort(0)/Fail(0)
07-23 15:07:27.900  1285 27942 I MtkCam/CapturePipe/Pipe: [onData]R/F Num: 507/507 - dataid=deque, Finished Abort(0)/Fail(0)
07-23 15:07:27.966  1285 27942 I MtkCam/CapturePipe/Pipe: [onData]R/F Num: 508/508 - dataid=deque, Finished Abort(0)/Fail(0)
07-23 15:07:28.037  1285 27942 I MtkCam/CapturePipe/Pipe: [onData]R/F Num: 509/509 - dataid=deque, Finished Abort(0)/Fail(0)
07-23 15:07:29.045  1285 27919 I MtkCam/CapturePipe/Pipe: [onData]R/F Num: 523/523 - dataid=deque, Finished Abort(0)/Fail(0)
07-23 15:07:29.128  1285 27942 I MtkCam/CapturePipe/Pipe: [onData]R/F Num: 524/524 - dataid=deque, Finished Abort(0)/Fail(0)
07-23 15:07:29.183  1285 27942 I MtkCam/CapturePipe/Pipe: [onData]R/F Num: 525/525 - dataid=deque, Finished Abort(0)/Fail(0)
07-23 15:07:30.492  1285 27942 I MtkCam/CapturePipe/Pipe: [onData]R/F Num: 539/539 - dataid=deque, Finished Abort(0)/Fail(0)
07-23 15:07:30.570  1285 27942 I MtkCam/CapturePipe/Pipe: [onData]R/F Num: 540/540 - dataid=deque, Finished Abort(0)/Fail(0)
