07-24 17:27:00.992  2516  2760 D OplusSignalSmooth/0: onSignalStrengthResultExt,oldSignalStrength:SignalStrength:{mCdma=CellSignalStrengthCdma: cdmaDbm=2147483647 cdmaEcio=2147483647 evdoDbm=2147483647 evdoEcio=2147483647 evdoSnr=2147483647 level=0,mGsm=CellSignalStrengthGsm: rssi=-53 ber=99 mTa=2147483647 mLevel=4,mWcdma=CellSignalStrengthWcdma: ss=2147483647 ber=2147483647 rscp=2147483647 ecno=2147483647 level=0,mTdscdma=CellSignalStrengthTdscdma: rssi=2147483647 ber=2147483647 rscp=2147483647 level=0,mLte=CellSignalStrengthLte: rssi=2147483647 rsrp=2147483647 rsrq=2147483647 rssnr=2147483647 cqiTableIndex=2147483647 cqi=2147483647 ta=2147483647 level=0 parametersUseForLevel=1,mNr=CellSignalStrengthNr:{ csiRsrp = 2147483647 csiRsrq = 2147483647 csiCqiTableIndex = 2147483647 csiCqiReport = [] ssRsrp = 2147483647 ssRsrq = 2147483647 ssSinr = 2147483647 level = 0 parametersUseForLevel = 1 timingAdvance = 2147483647 },primary=CellSignalStrengthGsm}
07-24 17:27:00.992  2516  2760 D OplusSignalSmooth/0: mOrigSignalStrength:SignalStrength:{mCdma=CellSignalStrengthCdma: cdmaDbm=2147483647 cdmaEcio=2147483647 evdoDbm=2147483647 evdoEcio=2147483647 evdoSnr=2147483647 level=0,mGsm=CellSignalStrengthGsm: rssi=-51 ber=99 mTa=2147483647 mLevel=4,mWcdma=CellSignalStrengthWcdma: ss=2147483647 ber=2147483647 rscp=2147483647 ecno=2147483647 level=0,mTdscdma=CellSignalStrengthTdscdma: rssi=2147483647 ber=2147483647 rscp=2147483647 level=0,mLte=CellSignalStrengthLte: rssi=2147483647 rsrp=2147483647 rsrq=2147483647 rssnr=2147483647 cqiTableIndex=2147483647 cqi=2147483647 ta=2147483647 level=0 parametersUseForLevel=1,mNr=CellSignalStrengthNr:{ csiRsrp = 2147483647 csiRsrq = 2147483647 csiCqiTableIndex = 2147483647 csiCqiReport = [] ssRsrp = 2147483647 ssRsrq = 2147483647 ssSinr = 2147483647 level = 0 parametersUseForLevel = 1 timingAdvance = 2147483647 },primary=CellSignalStrengthGsm}
07-24 17:27:00.992  2516  2760 D OplusSignalSmooth/0: no service fix signal...
07-24 17:27:00.995  2516  2760 D OplusSignalSmooth/0: notifySignalStrength, mSignalStrength: SignalStrength:{mCdma=CellSignalStrengthCdma: cdmaDbm=2147483647 cdmaEcio=2147483647 evdoDbm=2147483647 evdoEcio=2147483647 evdoSnr=2147483647 level=0,mGsm=CellSignalStrengthGsm: rssi=-51 ber=99 mTa=2147483647 mLevel=4,mWcdma=CellSignalStrengthWcdma: ss=2147483647 ber=2147483647 rscp=2147483647 ecno=2147483647 level=0,mTdscdma=CellSignalStrengthTdscdma: rssi=2147483647 ber=2147483647 rscp=2147483647 level=0,mLte=CellSignalStrengthLte: rssi=2147483647 rsrp=2147483647 rsrq=2147483647 rssnr=2147483647 cqiTableIndex=2147483647 cqi=2147483647 ta=2147483647 level=0 parametersUseForLevel=1,mNr=CellSignalStrengthNr:{ csiRsrp = 2147483647 csiRsrq = 2147483647 csiCqiTableIndex = 2147483647 csiCqiReport = [] ssRsrp = 2147483647 ssRsrq = 2147483647 ssSinr = 2147483647 level = 0 parametersUseForLevel = 1 timingAdvance = 2147483647 },primary=CellSignalStrengthGsm}
07-24 17:27:06.821  1835  3351 D ActivityRecordExtImpl: skipPrepareAppTransitionForZoom false
07-24 17:27:06.934  2284  2437 V WindowManagerShell:  try handler com.oplus.zoom.transition.ZoomTransitionController@59f5fa4
07-24 17:27:07.295  2284  2437 V WindowManagerShell: Transition animation finished (aborted=false), notifying core (#581)android.os.BinderProxy@1f09b0a@0
07-24 17:27:07.542  1708  1741 D RmcNwHdlr: [0] requestSignalStrength:sigRegisted[0000], sigUpdated[0X01]
07-24 17:27:07.542  1708  1741 D RmcNwHdlr: [0] handleSignalStrength, gsm_signal_strength: 30, gsm_bit_error_rate: 99, gsm_timing_advance: 2147483647, cdma_dbm: 2147483647, cdma_ecio: 2147483647, evdo_dbm: 2147483647, evdo_ecio: 2147483647, evdo_snr: 2147483647, lte_signal_strength: 99, lte_rsrp: 2147483647, lte_rsrq: 2147483647, lte_rssnr: 2147483647, lte_cqi: 2147483647, lte_timing_advance: 2147483647, tdscdma_signal_strength: 99, tdscdma_bit_error_rate: 99, tdscdma_rscp: 255, wcdma_signal_strength: 0, wcdma_bit_error_rate: 99, wcdma_scdma_rscp: 5, wcdma_ecno: 12, ssRsrp: 2147483647, ssRsrq: 2147483647, ssSinr: 2147483647, csiRsrp: 2147483647, csiRsrq: 2147483647, csiSinr: 2147483647
07-24 17:27:07.553  2516  2760 D OplusSignalSmooth/0: onSignalStrengthResultExt,oldSignalStrength:SignalStrength:{mCdma=CellSignalStrengthCdma: cdmaDbm=2147483647 cdmaEcio=2147483647 evdoDbm=2147483647 evdoEcio=2147483647 evdoSnr=2147483647 level=0,mGsm=CellSignalStrengthGsm: rssi=-51 ber=99 mTa=2147483647 mLevel=4,mWcdma=CellSignalStrengthWcdma: ss=2147483647 ber=2147483647 rscp=2147483647 ecno=2147483647 level=0,mTdscdma=CellSignalStrengthTdscdma: rssi=2147483647 ber=2147483647 rscp=2147483647 level=0,mLte=CellSignalStrengthLte: rssi=2147483647 rsrp=2147483647 rsrq=2147483647 rssnr=2147483647 cqiTableIndex=2147483647 cqi=2147483647 ta=2147483647 level=0 parametersUseForLevel=1,mNr=CellSignalStrengthNr:{ csiRsrp = 2147483647 csiRsrq = 2147483647 csiCqiTableIndex = 2147483647 csiCqiReport = [] ssRsrp = 2147483647 ssRsrq = 2147483647 ssSinr = 2147483647 level = 0 parametersUseForLevel = 1 timingAdvance = 2147483647 },primary=CellSignalStrengthGsm}
07-24 17:27:07.553  2516  2760 D OplusSignalSmooth/0: mOrigSignalStrength:SignalStrength:{mCdma=CellSignalStrengthCdma: cdmaDbm=2147483647 cdmaEcio=2147483647 evdoDbm=2147483647 evdoEcio=2147483647 evdoSnr=2147483647 level=0,mGsm=CellSignalStrengthGsm: rssi=-53 ber=99 mTa=2147483647 mLevel=4,mWcdma=CellSignalStrengthWcdma: ss=2147483647 ber=2147483647 rscp=2147483647 ecno=2147483647 level=0,mTdscdma=CellSignalStrengthTdscdma: rssi=2147483647 ber=2147483647 rscp=2147483647 level=0,mLte=CellSignalStrengthLte: rssi=2147483647 rsrp=2147483647 rsrq=2147483647 rssnr=2147483647 cqiTableIndex=2147483647 cqi=2147483647 ta=2147483647 level=0 parametersUseForLevel=1,mNr=CellSignalStrengthNr:{ csiRsrp = 2147483647 csiRsrq = 2147483647 csiCqiTableIndex = 2147483647 csiCqiReport = [] ssRsrp = 2147483647 ssRsrq = 2147483647 ssSinr = 2147483647 level = 0 parametersUseForLevel = 1 timingAdvance = 2147483647 },primary=CellSignalStrengthGsm}
07-24 17:27:07.553  2516  2760 D OplusSignalSmooth/0: no service fix signal...
07-24 17:27:07.557  2516  2760 D OplusSignalSmooth/0: notifySignalStrength, mSignalStrength: SignalStrength:{mCdma=CellSignalStrengthCdma: cdmaDbm=2147483647 cdmaEcio=2147483647 evdoDbm=2147483647 evdoEcio=2147483647 evdoSnr=2147483647 level=0,mGsm=CellSignalStrengthGsm: rssi=-53 ber=99 mTa=2147483647 mLevel=4,mWcdma=CellSignalStrengthWcdma: ss=2147483647 ber=2147483647 rscp=2147483647 ecno=2147483647 level=0,mTdscdma=CellSignalStrengthTdscdma: rssi=2147483647 ber=2147483647 rscp=2147483647 level=0,mLte=CellSignalStrengthLte: rssi=2147483647 rsrp=2147483647 rsrq=2147483647 rssnr=2147483647 cqiTableIndex=2147483647 cqi=2147483647 ta=2147483647 level=0 parametersUseForLevel=1,mNr=CellSignalStrengthNr:{ csiRsrp = 2147483647 csiRsrq = 2147483647 csiCqiTableIndex = 2147483647 csiCqiReport = [] ssRsrp = 2147483647 ssRsrq = 2147483647 ssSinr = 2147483647 level = 0 parametersUseForLevel = 1 timingAdvance = 2147483647 },primary=CellSignalStrengthGsm}
07-24 17:27:08.929  1835  2482 I ActivityManager: Process com.google.process.gservices (pid 15454) has died: cch+25 CEM 
07-24 17:27:08.965  1835  2482 I ActivityManager: PendingStartActivityUids startActivity to updateOomAdj delay:2109ms, uid:10307
07-24 17:27:13.193  1708  1741 D RmcNwHdlr: [0] requestSignalStrength:sigRegisted[0000], sigUpdated[0X01]
07-24 17:27:13.193  1708  1741 D RmcNwHdlr: [0] handleSignalStrength, gsm_signal_strength: 31, gsm_bit_error_rate: 99, gsm_timing_advance: 2147483647, cdma_dbm: 2147483647, cdma_ecio: 2147483647, evdo_dbm: 2147483647, evdo_ecio: 2147483647, evdo_snr: 2147483647, lte_signal_strength: 99, lte_rsrp: 2147483647, lte_rsrq: 2147483647, lte_rssnr: 2147483647, lte_cqi: 2147483647, lte_timing_advance: 2147483647, tdscdma_signal_strength: 99, tdscdma_bit_error_rate: 99, tdscdma_rscp: 255, wcdma_signal_strength: 0, wcdma_bit_error_rate: 99, wcdma_scdma_rscp: 5, wcdma_ecno: 12, ssRsrp: 2147483647, ssRsrq: 2147483647, ssSinr: 2147483647, csiRsrp: 2147483647, csiRsrq: 2147483647, csiSinr: 2147483647
07-24 17:27:13.205  2516  2760 D OplusSignalSmooth/0: onSignalStrengthResultExt,oldSignalStrength:SignalStrength:{mCdma=CellSignalStrengthCdma: cdmaDbm=2147483647 cdmaEcio=2147483647 evdoDbm=2147483647 evdoEcio=2147483647 evdoSnr=2147483647 level=0,mGsm=CellSignalStrengthGsm: rssi=-53 ber=99 mTa=2147483647 mLevel=4,mWcdma=CellSignalStrengthWcdma: ss=2147483647 ber=2147483647 rscp=2147483647 ecno=2147483647 level=0,mTdscdma=CellSignalStrengthTdscdma: rssi=2147483647 ber=2147483647 rscp=2147483647 level=0,mLte=CellSignalStrengthLte: rssi=2147483647 rsrp=2147483647 rsrq=2147483647 rssnr=2147483647 cqiTableIndex=2147483647 cqi=2147483647 ta=2147483647 level=0 parametersUseForLevel=1,mNr=CellSignalStrengthNr:{ csiRsrp = 2147483647 csiRsrq = 2147483647 csiCqiTableIndex = 2147483647 csiCqiReport = [] ssRsrp = 2147483647 ssRsrq = 2147483647 ssSinr = 2147483647 level = 0 parametersUseForLevel = 1 timingAdvance = 2147483647 },primary=CellSignalStrengthGsm}
07-24 17:27:13.205  2516  2760 D OplusSignalSmooth/0: mOrigSignalStrength:SignalStrength:{mCdma=CellSignalStrengthCdma: cdmaDbm=2147483647 cdmaEcio=2147483647 evdoDbm=2147483647 evdoEcio=2147483647 evdoSnr=2147483647 level=0,mGsm=CellSignalStrengthGsm: rssi=-51 ber=99 mTa=2147483647 mLevel=4,mWcdma=CellSignalStrengthWcdma: ss=2147483647 ber=2147483647 rscp=2147483647 ecno=2147483647 level=0,mTdscdma=CellSignalStrengthTdscdma: rssi=2147483647 ber=2147483647 rscp=2147483647 level=0,mLte=CellSignalStrengthLte: rssi=2147483647 rsrp=2147483647 rsrq=2147483647 rssnr=2147483647 cqiTableIndex=2147483647 cqi=2147483647 ta=2147483647 level=0 parametersUseForLevel=1,mNr=CellSignalStrengthNr:{ csiRsrp = 2147483647 csiRsrq = 2147483647 csiCqiTableIndex = 2147483647 csiCqiReport = [] ssRsrp = 2147483647 ssRsrq = 2147483647 ssSinr = 2147483647 level = 0 parametersUseForLevel = 1 timingAdvance = 2147483647 },primary=CellSignalStrengthGsm}
07-24 17:27:13.205  2516  2760 D OplusSignalSmooth/0: no service fix signal...
07-24 17:27:13.209  2516  2760 D OplusSignalSmooth/0: notifySignalStrength, mSignalStrength: SignalStrength:{mCdma=CellSignalStrengthCdma: cdmaDbm=2147483647 cdmaEcio=2147483647 evdoDbm=2147483647 evdoEcio=2147483647 evdoSnr=2147483647 level=0,mGsm=CellSignalStrengthGsm: rssi=-51 ber=99 mTa=2147483647 mLevel=4,mWcdma=CellSignalStrengthWcdma: ss=2147483647 ber=2147483647 rscp=2147483647 ecno=2147483647 level=0,mTdscdma=CellSignalStrengthTdscdma: rssi=2147483647 ber=2147483647 rscp=2147483647 level=0,mLte=CellSignalStrengthLte: rssi=2147483647 rsrp=2147483647 rsrq=2147483647 rssnr=2147483647 cqiTableIndex=2147483647 cqi=2147483647 ta=2147483647 level=0 parametersUseForLevel=1,mNr=CellSignalStrengthNr:{ csiRsrp = 2147483647 csiRsrq = 2147483647 csiCqiTableIndex = 2147483647 csiCqiReport = [] ssRsrp = 2147483647 ssRsrq = 2147483647 ssSinr = 2147483647 level = 0 parametersUseForLevel = 1 timingAdvance = 2147483647 },primary=CellSignalStrengthGsm}
07-24 17:27:17.928  1708  1741 D RmcNwHdlr: [0] requestSignalStrength:sigRegisted[0000], sigUpdated[0X01]
07-24 17:27:17.929  1708  1741 D RmcNwHdlr: [0] handleSignalStrength, gsm_signal_strength: 30, gsm_bit_error_rate: 99, gsm_timing_advance: 2147483647, cdma_dbm: 2147483647, cdma_ecio: 2147483647, evdo_dbm: 2147483647, evdo_ecio: 2147483647, evdo_snr: 2147483647, lte_signal_strength: 99, lte_rsrp: 2147483647, lte_rsrq: 2147483647, lte_rssnr: 2147483647, lte_cqi: 2147483647, lte_timing_advance: 2147483647, tdscdma_signal_strength: 99, tdscdma_bit_error_rate: 99, tdscdma_rscp: 255, wcdma_signal_strength: 0, wcdma_bit_error_rate: 99, wcdma_scdma_rscp: 5, wcdma_ecno: 12, ssRsrp: 2147483647, ssRsrq: 2147483647, ssSinr: 2147483647, csiRsrp: 2147483647, csiRsrq: 2147483647, csiSinr: 2147483647
07-24 17:27:17.947  2516  2760 D OplusSignalSmooth/0: onSignalStrengthResultExt,oldSignalStrength:SignalStrength:{mCdma=CellSignalStrengthCdma: cdmaDbm=2147483647 cdmaEcio=2147483647 evdoDbm=2147483647 evdoEcio=2147483647 evdoSnr=2147483647 level=0,mGsm=CellSignalStrengthGsm: rssi=-51 ber=99 mTa=2147483647 mLevel=4,mWcdma=CellSignalStrengthWcdma: ss=2147483647 ber=2147483647 rscp=2147483647 ecno=2147483647 level=0,mTdscdma=CellSignalStrengthTdscdma: rssi=2147483647 ber=2147483647 rscp=2147483647 level=0,mLte=CellSignalStrengthLte: rssi=2147483647 rsrp=2147483647 rsrq=2147483647 rssnr=2147483647 cqiTableIndex=2147483647 cqi=2147483647 ta=2147483647 level=0 parametersUseForLevel=1,mNr=CellSignalStrengthNr:{ csiRsrp = 2147483647 csiRsrq = 2147483647 csiCqiTableIndex = 2147483647 csiCqiReport = [] ssRsrp = 2147483647 ssRsrq = 2147483647 ssSinr = 2147483647 level = 0 parametersUseForLevel = 1 timingAdvance = 2147483647 },primary=CellSignalStrengthGsm}
07-24 17:27:17.947  2516  2760 D OplusSignalSmooth/0: mOrigSignalStrength:SignalStrength:{mCdma=CellSignalStrengthCdma: cdmaDbm=2147483647 cdmaEcio=2147483647 evdoDbm=2147483647 evdoEcio=2147483647 evdoSnr=2147483647 level=0,mGsm=CellSignalStrengthGsm: rssi=-53 ber=99 mTa=2147483647 mLevel=4,mWcdma=CellSignalStrengthWcdma: ss=2147483647 ber=2147483647 rscp=2147483647 ecno=2147483647 level=0,mTdscdma=CellSignalStrengthTdscdma: rssi=2147483647 ber=2147483647 rscp=2147483647 level=0,mLte=CellSignalStrengthLte: rssi=2147483647 rsrp=2147483647 rsrq=2147483647 rssnr=2147483647 cqiTableIndex=2147483647 cqi=2147483647 ta=2147483647 level=0 parametersUseForLevel=1,mNr=CellSignalStrengthNr:{ csiRsrp = 2147483647 csiRsrq = 2147483647 csiCqiTableIndex = 2147483647 csiCqiReport = [] ssRsrp = 2147483647 ssRsrq = 2147483647 ssSinr = 2147483647 level = 0 parametersUseForLevel = 1 timingAdvance = 2147483647 },primary=CellSignalStrengthGsm}
07-24 17:27:17.947  2516  2760 D OplusSignalSmooth/0: no service fix signal...
07-24 17:27:17.950  2516  2760 D OplusSignalSmooth/0: notifySignalStrength, mSignalStrength: SignalStrength:{mCdma=CellSignalStrengthCdma: cdmaDbm=2147483647 cdmaEcio=2147483647 evdoDbm=2147483647 evdoEcio=2147483647 evdoSnr=2147483647 level=0,mGsm=CellSignalStrengthGsm: rssi=-53 ber=99 mTa=2147483647 mLevel=4,mWcdma=CellSignalStrengthWcdma: ss=2147483647 ber=2147483647 rscp=2147483647 ecno=2147483647 level=0,mTdscdma=CellSignalStrengthTdscdma: rssi=2147483647 ber=2147483647 rscp=2147483647 level=0,mLte=CellSignalStrengthLte: rssi=2147483647 rsrp=2147483647 rsrq=2147483647 rssnr=2147483647 cqiTableIndex=2147483647 cqi=2147483647 ta=2147483647 level=0 parametersUseForLevel=1,mNr=CellSignalStrengthNr:{ csiRsrp = 2147483647 csiRsrq = 2147483647 csiCqiTableIndex = 2147483647 csiCqiReport = [] ssRsrp = 2147483647 ssRsrq = 2147483647 ssSinr = 2147483647 level = 0 parametersUseForLevel = 1 timingAdvance = 2147483647 },primary=CellSignalStrengthGsm}
07-24 17:27:22.608  1708  1741 D RmcNwHdlr: [0] requestSignalStrength:sigRegisted[0000], sigUpdated[0X01]
07-24 17:27:22.608  1708  1741 D RmcNwHdlr: [0] handleSignalStrength, gsm_signal_strength: 31, gsm_bit_error_rate: 99, gsm_timing_advance: 2147483647, cdma_dbm: 2147483647, cdma_ecio: 2147483647, evdo_dbm: 2147483647, evdo_ecio: 2147483647, evdo_snr: 2147483647, lte_signal_strength: 99, lte_rsrp: 2147483647, lte_rsrq: 2147483647, lte_rssnr: 2147483647, lte_cqi: 2147483647, lte_timing_advance: 2147483647, tdscdma_signal_strength: 99, tdscdma_bit_error_rate: 99, tdscdma_rscp: 255, wcdma_signal_strength: 0, wcdma_bit_error_rate: 99, wcdma_scdma_rscp: 5, wcdma_ecno: 12, ssRsrp: 2147483647, ssRsrq: 2147483647, ssSinr: 2147483647, csiRsrp: 2147483647, csiRsrq: 2147483647, csiSinr: 2147483647
07-24 17:27:22.625  2516  2760 D OplusSignalSmooth/0: onSignalStrengthResultExt,oldSignalStrength:SignalStrength:{mCdma=CellSignalStrengthCdma: cdmaDbm=2147483647 cdmaEcio=2147483647 evdoDbm=2147483647 evdoEcio=2147483647 evdoSnr=2147483647 level=0,mGsm=CellSignalStrengthGsm: rssi=-53 ber=99 mTa=2147483647 mLevel=4,mWcdma=CellSignalStrengthWcdma: ss=2147483647 ber=2147483647 rscp=2147483647 ecno=2147483647 level=0,mTdscdma=CellSignalStrengthTdscdma: rssi=2147483647 ber=2147483647 rscp=2147483647 level=0,mLte=CellSignalStrengthLte: rssi=2147483647 rsrp=2147483647 rsrq=2147483647 rssnr=2147483647 cqiTableIndex=2147483647 cqi=2147483647 ta=2147483647 level=0 parametersUseForLevel=1,mNr=CellSignalStrengthNr:{ csiRsrp = 2147483647 csiRsrq = 2147483647 csiCqiTableIndex = 2147483647 csiCqiReport = [] ssRsrp = 2147483647 ssRsrq = 2147483647 ssSinr = 2147483647 level = 0 parametersUseForLevel = 1 timingAdvance = 2147483647 },primary=CellSignalStrengthGsm}
07-24 17:27:22.626  2516  2760 D OplusSignalSmooth/0: mOrigSignalStrength:SignalStrength:{mCdma=CellSignalStrengthCdma: cdmaDbm=2147483647 cdmaEcio=2147483647 evdoDbm=2147483647 evdoEcio=2147483647 evdoSnr=2147483647 level=0,mGsm=CellSignalStrengthGsm: rssi=-51 ber=99 mTa=2147483647 mLevel=4,mWcdma=CellSignalStrengthWcdma: ss=2147483647 ber=2147483647 rscp=2147483647 ecno=2147483647 level=0,mTdscdma=CellSignalStrengthTdscdma: rssi=2147483647 ber=2147483647 rscp=2147483647 level=0,mLte=CellSignalStrengthLte: rssi=2147483647 rsrp=2147483647 rsrq=2147483647 rssnr=2147483647 cqiTableIndex=2147483647 cqi=2147483647 ta=2147483647 level=0 parametersUseForLevel=1,mNr=CellSignalStrengthNr:{ csiRsrp = 2147483647 csiRsrq = 2147483647 csiCqiTableIndex = 2147483647 csiCqiReport = [] ssRsrp = 2147483647 ssRsrq = 2147483647 ssSinr = 2147483647 level = 0 parametersUseForLevel = 1 timingAdvance = 2147483647 },primary=CellSignalStrengthGsm}
07-24 17:27:22.626  2516  2760 D OplusSignalSmooth/0: no service fix signal...
07-24 17:27:22.635  2516  2760 D OplusSignalSmooth/0: notifySignalStrength, mSignalStrength: SignalStrength:{mCdma=CellSignalStrengthCdma: cdmaDbm=2147483647 cdmaEcio=2147483647 evdoDbm=2147483647 evdoEcio=2147483647 evdoSnr=2147483647 level=0,mGsm=CellSignalStrengthGsm: rssi=-51 ber=99 mTa=2147483647 mLevel=4,mWcdma=CellSignalStrengthWcdma: ss=2147483647 ber=2147483647 rscp=2147483647 ecno=2147483647 level=0,mTdscdma=CellSignalStrengthTdscdma: rssi=2147483647 ber=2147483647 rscp=2147483647 level=0,mLte=CellSignalStrengthLte: rssi=2147483647 rsrp=2147483647 rsrq=2147483647 rssnr=2147483647 cqiTableIndex=2147483647 cqi=2147483647 ta=2147483647 level=0 parametersUseForLevel=1,mNr=CellSignalStrengthNr:{ csiRsrp = 2147483647 csiRsrq = 2147483647 csiCqiTableIndex = 2147483647 csiCqiReport = [] ssRsrp = 2147483647 ssRsrq = 2147483647 ssSinr = 2147483647 level = 0 parametersUseForLevel = 1 timingAdvance = 2147483647 },primary=CellSignalStrengthGsm}
07-24 17:27:25.425  1835  5303 D OplusZoomWindowRUSConfigManager: isSupportZoomModeWithPolicyLocked: target = com.android.settings/.Settings$AppManageExternalStorageActivity
07-24 17:27:25.425  1835  5303 D OplusZoomWindowRUSConfigManager: targetPkg = com.android.settings
07-24 17:27:25.425  1835  5303 I OplusZoomWindowRUSConfigManager: target pkg is unsupport zoom window mode
07-24 17:27:25.434  1835  5303 D OplusZoomWindowRUSConfigManager: isSupportZoomModeWithPolicyLocked: target = com.android.settings/.Settings$AppManageExternalStorageActivity
07-24 17:27:25.434  1835  5303 D OplusZoomWindowRUSConfigManager: targetPkg = com.android.settings
07-24 17:27:25.434  1835  5303 I OplusZoomWindowRUSConfigManager: target pkg is unsupport zoom window mode
07-24 17:27:25.513  1835  2441 D OplusTransitionController: onSyncFinishedDrawing, Window{eefb00b u0 Splash Screen com.android.settings}
07-24 17:27:25.520  1835  1869 D ActivityTaskManager: onStartingWindowDrawn: wasTaskVisible=true, mStartingData=com.android.server.wm.SplashScreenStartingData@107e901, finishing=false,mLaunchedFromBubble=false, mVisibleRequested=true, mDisplayContent=Display{#0 state=ON size=720x1612 ROTATION_0}, isZoomMode=false
07-24 17:27:25.523  1835  1869 D ActivityTaskManager: onStartingWindowDrawn: wasTaskVisible=true, mStartingData=com.android.server.wm.SplashScreenStartingData@107e901, finishing=false,mLaunchedFromBubble=false, mVisibleRequested=true, mDisplayContent=Display{#0 state=ON size=720x1612 ROTATION_0}, isZoomMode=false
07-24 17:27:25.528  1835  1869 D ActivityTaskManager: onStartingWindowDrawn: wasTaskVisible=true, mStartingData=com.android.server.wm.SplashScreenStartingData@107e901, finishing=false,mLaunchedFromBubble=false, mVisibleRequested=true, mDisplayContent=Display{#0 state=ON size=720x1612 ROTATION_0}, isZoomMode=false
07-24 17:27:25.530  1835  1869 D ActivityTaskManager: onStartingWindowDrawn: wasTaskVisible=true, mStartingData=com.android.server.wm.SplashScreenStartingData@107e901, finishing=false,mLaunchedFromBubble=false, mVisibleRequested=true, mDisplayContent=Display{#0 state=ON size=720x1612 ROTATION_0}, isZoomMode=false
07-24 17:27:25.539  2284  2437 V WindowManagerShell:  try handler com.oplus.zoom.transition.ZoomTransitionController@59f5fa4
07-24 17:27:26.188  2284  2437 V WindowManagerShell: Transition animation finished (aborted=false), notifying core (#582)android.os.BinderProxy@c4cd0e0@0
07-24 17:27:27.562  1835  2618 I OsenseKillAction: scanCchEmptyProc: skip ProcessInfo{2186:com.oplus.ota/u0a201 oom:SVC/16/800/started-services mem:7/11/35 extra:581s/true/false/3/8/false}: treat-like-active
07-24 17:27:27.562  1835  2618 I OsenseKillAction: scanCchEmptyProc: skip ProcessInfo{4382:com.android.contacts/u0a224 oom:SVC/18/800/started-services mem:13/12/38 extra:511s/true/false/1/13/false}: treat-like-active
07-24 17:27:27.562  1835  2618 I OsenseKillAction: scanCchEmptyProc: skip ProcessInfo{10511:com.oplus.stdsp/u0a141 oom:SVC/20/800/started-services mem:9/9/29 extra:258s/true/false/1/0/false}: treat-like-active
07-24 17:27:27.562  1835  2618 I OsenseKillAction: scanCchEmptyProc: skip ProcessInfo{2855:com.oplus.midas/1000 oom:SVC/24/500/started-services mem:14/12/37 extra:47s/true/false/3/9/false}: high-adj
07-24 17:27:27.562  1835  2618 I OsenseKillAction: scanCchEmptyProc: skip ProcessInfo{15768:android.process.acore/u0a63 oom:CEM/26/925/cch-empty mem:28/9/28 extra:41s/true/false/0/12/false}: protected-proc
07-24 17:27:27.562  1835  2618 I OsenseKillAction: scanCchEmptyProc: skip ProcessInfo{16549:com.oplus.securitypermission/1000 oom:SVC/27/500/started-services mem:15/12/36 extra:36s/true/false/5/5/false}: high-adj
07-24 17:27:27.562  1835  2618 I OsenseKillAction: scanCchEmptyProc: skip ProcessInfo{15643:com.coloros.alarmclock:clockWidget/u0a156 oom:CEM/28/915/cch-empty mem:0/9/29 extra:27s/true/false/0/0/false}: widget
07-24 17:27:27.562  1835  2618 I OsenseKillAction: scanCchEmptyProc: skip ProcessInfo{16118:zln.mossogb.wfs/u0a279 oom:CEM/29/905/cch-empty mem:0/8/26 extra:20s/false/true/0/1/false}: shown-ui
07-24 17:27:27.562  1835  2618 I OsenseKillAction: scanCchEmptyProc: skip ProcessInfo{2017:com.oplus.cosa/u0a148 oom:SVC/30/500/started-services mem:17/10/32 extra:18s/true/false/4/6/false}: high-adj
07-24 17:27:27.563  1835  2618 I OsenseKillAction: KillAction: don't check adj for non perceptible fgs app: ProcessInfo{13804:com.termux/u0a291 oom:FGS/40/200/fg-service mem:40/17/27}
07-24 17:27:27.563  1835  2618 I OsenseKillAction: scanCchEmptyProc: skip ProcessInfo{13804:com.termux/u0a291 oom:FGS/40/200/fg-service mem:40/17/27 extra:52s/false/true/1/4/false}: shown-ui
07-24 17:27:27.564  1835  2618 I OsenseKillAction: scanOomAdj: skip scan oom adj for lowmem
07-24 17:27:27.564  1835  2618 I OsenseKillAction: KillAction: [atomic clean] end requestId=740, endAvail=1453mb, reclaimed: [pss=0mb, anonRss=0mb, swap=0mb, mem=0mb, Rss=0mb], timing: [total=41ms, update=8ms, readMem=28ms, group=1ms, cch=1ms, nonUi=1ms, oomadj=0ms, allProc=0ms, monitor=0ms, kill=0ms]
07-24 17:27:27.577  1835  1869 D ActivityTaskManager: onStartingWindowDrawn: wasTaskVisible=true, mStartingData=null, finishing=false,mLaunchedFromBubble=false, mVisibleRequested=true, mDisplayContent=Display{#0 state=ON size=720x1612 ROTATION_0}, isZoomMode=false
07-24 17:27:27.628  1835  2222 I Process : Sending signal. PID: 15768 SIG: 9
07-24 17:27:27.644  1835  2218 I libprocessgroup: Successfully killed process cgroup uid 10063 pid 15768 in 0ms
07-24 17:27:27.654  1835  2222 I Athena  : OplusClearSystemService : OOM MemInfo: Native=1637,315 System=355,185 Persistent=1476,537 PersistentService=213,73 Foreground=553,187 Visible=1777,648 Perceptible=282,93 PerceptibleMedium=282,119 AServices=320,116 Previous=241,138 BServices=305,106 Cached=408,140
07-24 17:27:27.654  1835  2222 I Athena  : OplusClearSystemService : OOM UidInfo: System={1000=null} Persistent={1000=null, 1001=null, 1068=null, 1073=null, 10191=null, 10245=null} PersistentService={1001=null, 10262=null} Foreground={1000=null, 10106=null, 10168=null, 10279=C:[54], 10291=C:[56]|U:2, 10307=C:[84, 100]|U:0} Visible={1000=null, 10102=null, 10120=null, 10121=null, 10180=null, 10187=null, 10205=null, 10223=null, 10243=null, 10271=null} Perceptible={10232=null, 10291=C:[56]|U:2} PerceptibleMedium={10301=C:[84]|U:1} AServices={1000=null, 10148=null} Previous={10307=C:[84, 100]|U:0} BServices={10141=null, 10201=null, 10224=null} Cached={10063=null, 10156=null, 10279=C:[54]}
07-24 17:27:27.658  1835  2222 I Athena  : MemoryGuardAction:  killed 1, reclaimed 48MB(131MB), 28
07-24 17:27:27.748   865   865 I Zygote  : Process 15768 exited due to signal 9 (Killed)
07-24 17:27:27.749  4165  4290 I yAF.TPLog.FrameworkService: Package [com.android.providers.contacts] has died!!
07-24 17:27:27.752  1835  1884 I libprocessgroup: Successfully killed process cgroup uid 10063 pid 15768 in 0ms
07-24 17:27:27.882  2466 30631 D NetworkMonitor/118: Forcing reevaluation for UID 1000. Dns signal count: 0
07-24 17:27:29.471  1835  5303 D ActivityRecordExtImpl: skipPrepareAppTransitionForZoom false
07-24 17:27:29.820  1835  5754 D OplusZoomWindowRUSConfigManager: isSupportZoomModeWithPolicyLocked: target = com.itsme.amkush/.ui.HomeScreen
07-24 17:27:29.820  1835  5754 D OplusZoomWindowRUSConfigManager: targetPkg = com.itsme.amkush
07-24 17:27:29.830  1835  5754 D OplusZoomWindowRUSConfigManager: isSupportZoomModeWithPolicyLocked: target = com.itsme.amkush/.ui.HomeScreen
07-24 17:27:29.830  1835  5754 D OplusZoomWindowRUSConfigManager: targetPkg = com.itsme.amkush
07-24 17:27:29.943  1835  5754 D OplusTransitionController: onSyncFinishedDrawing, Window{c12db82 u0 com.itsme.amkush/com.itsme.amkush.ui.SplashScreenActivity}
07-24 17:27:30.139  1708  1741 D RmcNwHdlr: [0] requestSignalStrength:sigRegisted[0000], sigUpdated[0X01]
07-24 17:27:30.139  1708  1741 D RmcNwHdlr: [0] handleSignalStrength, gsm_signal_strength: 30, gsm_bit_error_rate: 99, gsm_timing_advance: 2147483647, cdma_dbm: 2147483647, cdma_ecio: 2147483647, evdo_dbm: 2147483647, evdo_ecio: 2147483647, evdo_snr: 2147483647, lte_signal_strength: 99, lte_rsrp: 2147483647, lte_rsrq: 2147483647, lte_rssnr: 2147483647, lte_cqi: 2147483647, lte_timing_advance: 2147483647, tdscdma_signal_strength: 99, tdscdma_bit_error_rate: 99, tdscdma_rscp: 255, wcdma_signal_strength: 0, wcdma_bit_error_rate: 99, wcdma_scdma_rscp: 5, wcdma_ecno: 12, ssRsrp: 2147483647, ssRsrq: 2147483647, ssSinr: 2147483647, csiRsrp: 2147483647, csiRsrq: 2147483647, csiSinr: 2147483647
07-24 17:27:30.146  2516  2760 D OplusSignalSmooth/0: onSignalStrengthResultExt,oldSignalStrength:SignalStrength:{mCdma=CellSignalStrengthCdma: cdmaDbm=2147483647 cdmaEcio=2147483647 evdoDbm=2147483647 evdoEcio=2147483647 evdoSnr=2147483647 level=0,mGsm=CellSignalStrengthGsm: rssi=-51 ber=99 mTa=2147483647 mLevel=4,mWcdma=CellSignalStrengthWcdma: ss=2147483647 ber=2147483647 rscp=2147483647 ecno=2147483647 level=0,mTdscdma=CellSignalStrengthTdscdma: rssi=2147483647 ber=2147483647 rscp=2147483647 level=0,mLte=CellSignalStrengthLte: rssi=2147483647 rsrp=2147483647 rsrq=2147483647 rssnr=2147483647 cqiTableIndex=2147483647 cqi=2147483647 ta=2147483647 level=0 parametersUseForLevel=1,mNr=CellSignalStrengthNr:{ csiRsrp = 2147483647 csiRsrq = 2147483647 csiCqiTableIndex = 2147483647 csiCqiReport = [] ssRsrp = 2147483647 ssRsrq = 2147483647 ssSinr = 2147483647 level = 0 parametersUseForLevel = 1 timingAdvance = 2147483647 },primary=CellSignalStrengthGsm}
07-24 17:27:30.146  2516  2760 D OplusSignalSmooth/0: mOrigSignalStrength:SignalStrength:{mCdma=CellSignalStrengthCdma: cdmaDbm=2147483647 cdmaEcio=2147483647 evdoDbm=2147483647 evdoEcio=2147483647 evdoSnr=2147483647 level=0,mGsm=CellSignalStrengthGsm: rssi=-53 ber=99 mTa=2147483647 mLevel=4,mWcdma=CellSignalStrengthWcdma: ss=2147483647 ber=2147483647 rscp=2147483647 ecno=2147483647 level=0,mTdscdma=CellSignalStrengthTdscdma: rssi=2147483647 ber=2147483647 rscp=2147483647 level=0,mLte=CellSignalStrengthLte: rssi=2147483647 rsrp=2147483647 rsrq=2147483647 rssnr=2147483647 cqiTableIndex=2147483647 cqi=2147483647 ta=2147483647 level=0 parametersUseForLevel=1,mNr=CellSignalStrengthNr:{ csiRsrp = 2147483647 csiRsrq = 2147483647 csiCqiTableIndex = 2147483647 csiCqiReport = [] ssRsrp = 2147483647 ssRsrq = 2147483647 ssSinr = 2147483647 level = 0 parametersUseForLevel = 1 timingAdvance = 2147483647 },primary=CellSignalStrengthGsm}
07-24 17:27:30.146  2516  2760 D OplusSignalSmooth/0: no service fix signal...
07-24 17:27:30.148  2516  2760 D OplusSignalSmooth/0: notifySignalStrength, mSignalStrength: SignalStrength:{mCdma=CellSignalStrengthCdma: cdmaDbm=2147483647 cdmaEcio=2147483647 evdoDbm=2147483647 evdoEcio=2147483647 evdoSnr=2147483647 level=0,mGsm=CellSignalStrengthGsm: rssi=-53 ber=99 mTa=2147483647 mLevel=4,mWcdma=CellSignalStrengthWcdma: ss=2147483647 ber=2147483647 rscp=2147483647 ecno=2147483647 level=0,mTdscdma=CellSignalStrengthTdscdma: rssi=2147483647 ber=2147483647 rscp=2147483647 level=0,mLte=CellSignalStrengthLte: rssi=2147483647 rsrp=2147483647 rsrq=2147483647 rssnr=2147483647 cqiTableIndex=2147483647 cqi=2147483647 ta=2147483647 level=0 parametersUseForLevel=1,mNr=CellSignalStrengthNr:{ csiRsrp = 2147483647 csiRsrq = 2147483647 csiCqiTableIndex = 2147483647 csiCqiReport = [] ssRsrp = 2147483647 ssRsrq = 2147483647 ssSinr = 2147483647 level = 0 parametersUseForLevel = 1 timingAdvance = 2147483647 },primary=CellSignalStrengthGsm}
07-24 17:27:31.040  1835  5754 D OplusTransitionController: onSyncFinishedDrawing, Window{dbbca1c u0 com.itsme.amkush/com.itsme.amkush.ui.HomeScreen}
07-24 17:27:31.056  2284  2437 V WindowManagerShell:  try handler com.oplus.zoom.transition.ZoomTransitionController@59f5fa4
07-24 17:27:31.642  2284  2437 V WindowManagerShell: Transition animation finished (aborted=false), notifying core (#583)android.os.BinderProxy@c59d17a@0
07-24 17:27:31.785  1835  2618 I OsenseKillAction: scanCchEmptyProc: skip ProcessInfo{2186:com.oplus.ota/u0a201 oom:SVC/16/800/started-services mem:7/11/35 extra:585s/true/false/3/8/false}: treat-like-active
07-24 17:27:31.785  1835  2618 I OsenseKillAction: scanCchEmptyProc: skip ProcessInfo{4382:com.android.contacts/u0a224 oom:SVC/18/800/started-services mem:13/12/38 extra:515s/true/false/1/13/false}: treat-like-active
07-24 17:27:31.785  1835  2618 I OsenseKillAction: scanCchEmptyProc: skip ProcessInfo{10511:com.oplus.stdsp/u0a141 oom:SVC/20/800/started-services mem:9/9/29 extra:262s/true/false/1/0/false}: treat-like-active
07-24 17:27:31.785  1835  2618 I OsenseKillAction: scanCchEmptyProc: skip ProcessInfo{2855:com.oplus.midas/1000 oom:SVC/24/800/started-services mem:14/12/37 extra:51s/true/false/3/9/false}: treat-like-active
07-24 17:27:31.785  1835  2618 I OsenseKillAction: scanCchEmptyProc: skip ProcessInfo{16549:com.oplus.securitypermission/1000 oom:SVC/26/500/started-services mem:15/12/36 extra:40s/true/false/5/5/false}: high-adj
07-24 17:27:31.785  1835  2618 I OsenseKillAction: scanCchEmptyProc: skip ProcessInfo{15643:com.coloros.alarmclock:clockWidget/u0a156 oom:CEM/27/915/cch-empty mem:0/9/29 extra:31s/true/false/0/0/false}: widget
07-24 17:27:31.785  1835  2618 I OsenseKillAction: scanCchEmptyProc: skip ProcessInfo{16118:zln.mossogb.wfs/u0a279 oom:CEM/28/905/cch-empty mem:0/8/26 extra:24s/false/true/0/1/false}: shown-ui
07-24 17:27:31.785  1835  2618 I OsenseKillAction: scanCchEmptyProc: skip ProcessInfo{2017:com.oplus.cosa/u0a148 oom:SVC/29/500/started-services mem:17/10/32 extra:23s/true/false/4/6/false}: high-adj
07-24 17:27:31.785  1835  2618 I OsenseKillAction: scanCchEmptyProc: skip ProcessInfo{16359:com.android.settings/1000 oom:CEM/39/905/cch-empty mem:0/18/27 extra:0s/true/true/0/19/false}: shown-ui
07-24 17:27:31.785  1835  2618 I OsenseKillAction: KillAction: don't check adj for non perceptible fgs app: ProcessInfo{13804:com.termux/u0a291 oom:FGS/40/200/fg-service mem:40/17/27}
07-24 17:27:31.785  1835  2618 I OsenseKillAction: scanCchEmptyProc: skip ProcessInfo{13804:com.termux/u0a291 oom:FGS/40/200/fg-service mem:40/17/27 extra:56s/false/true/1/4/false}: shown-ui
07-24 17:27:31.786  1835  2618 I OsenseKillAction: scanOomAdj: skip scan oom adj for lowmem
07-24 17:27:31.787  1835  2618 I OsenseKillAction: KillAction: Kill ProcessInfo{16414:com.oplus.romupdate/u0a168 oom:CEM/37/915/cch-empty mem:0/9/30 extra:0s/true/false/0/2/false}: CachedClean 0ms
07-24 17:27:31.788  1835  2618 I OsenseKillAction: KillAction: [atomic clean] end requestId=742, endAvail=1403mb, reclaimed: [pss=0mb, anonRss=9mb, swap=30mb, mem=9mb, Rss=80mb], timing: [total=43ms, update=7ms, readMem=28ms, group=1ms, cch=1ms, nonUi=0ms, oomadj=0ms, allProc=0ms, monitor=0ms, kill=2ms]
07-24 17:27:31.811  1835  1884 I libprocessgroup: Successfully killed process cgroup uid 10168 pid 16414 in 0ms
07-24 17:27:31.852  1835  2222 I Process : Sending signal. PID: 16414 SIG: 9
07-24 17:27:31.853  1835  2222 I Process : Sending signal. PID: 16359 SIG: 9
07-24 17:27:31.863  1835  2218 I libprocessgroup: Successfully killed process cgroup uid 10168 pid 16414 in 0ms
07-24 17:27:31.867  1835  2498 I ActivityManager: PendingStartActivityUids startActivity to updateOomAdj delay:1898ms, uid:10307
07-24 17:27:31.887  1835  2222 I Athena  : OplusClearSystemService : OOM MemInfo: Native=1696,322 System=365,195 Persistent=1476,537 PersistentService=213,73 Foreground=762,394 Visible=1775,648 Perceptible=281,93 PerceptibleMedium=282,119 AServices=216,80 BServices=409,142 Cached=509,158
07-24 17:27:31.887  1835  2222 I Athena  : OplusClearSystemService : OOM UidInfo: System={1000=null} Persistent={1000=null, 1001=null, 1068=null, 1073=null, 10191=null, 10245=null} PersistentService={1001=null, 10262=null} Foreground={1000=null, 10106=null, 10279=C:[54], 10291=C:[56]|U:2, 10307=C:[84, 100]|U:0} Visible={1000=null, 10102=null, 10120=null, 10121=null, 10180=null, 10187=null, 10205=null, 10223=null, 10243=null, 10271=null} Perceptible={10232=null, 10291=C:[56]|U:2} PerceptibleMedium={10301=C:[84]|U:1} AServices={1000=null, 10148=null} BServices={1000=null, 10141=null, 10201=null, 10224=null} Cached={1000=null, 10156=null, 10279=C:[54]}
07-24 17:27:31.889  1835  2222 I Athena  : MemoryGuardAction:  killed 2, reclaimed 66MB(233MB), 27
07-24 17:27:31.917   865   865 I Zygote  : Process 16414 exited due to signal 9 (Killed)
07-24 17:27:31.992   865   865 I Zygote  : Process 16359 exited due to signal 9 (Killed)
07-24 17:27:32.037  1835  2218 I libprocessgroup: Successfully killed process cgroup uid 1000 pid 16359 in 0ms
07-24 17:27:32.051  1835  1884 I libprocessgroup: Successfully killed process cgroup uid 1000 pid 16359 in 0ms
07-24 17:27:35.792  1708  1741 D RmcNwHdlr: [0] requestSignalStrength:sigRegisted[0000], sigUpdated[0X01]
07-24 17:27:35.792  1708  1741 D RmcNwHdlr: [0] handleSignalStrength, gsm_signal_strength: 29, gsm_bit_error_rate: 99, gsm_timing_advance: 2147483647, cdma_dbm: 2147483647, cdma_ecio: 2147483647, evdo_dbm: 2147483647, evdo_ecio: 2147483647, evdo_snr: 2147483647, lte_signal_strength: 99, lte_rsrp: 2147483647, lte_rsrq: 2147483647, lte_rssnr: 2147483647, lte_cqi: 2147483647, lte_timing_advance: 2147483647, tdscdma_signal_strength: 99, tdscdma_bit_error_rate: 99, tdscdma_rscp: 255, wcdma_signal_strength: 0, wcdma_bit_error_rate: 99, wcdma_scdma_rscp: 5, wcdma_ecno: 12, ssRsrp: 2147483647, ssRsrq: 2147483647, ssSinr: 2147483647, csiRsrp: 2147483647, csiRsrq: 2147483647, csiSinr: 2147483647
07-24 17:27:35.801  2516  2760 D OplusSignalSmooth/0: onSignalStrengthResultExt,oldSignalStrength:SignalStrength:{mCdma=CellSignalStrengthCdma: cdmaDbm=2147483647 cdmaEcio=2147483647 evdoDbm=2147483647 evdoEcio=2147483647 evdoSnr=2147483647 level=0,mGsm=CellSignalStrengthGsm: rssi=-53 ber=99 mTa=2147483647 mLevel=4,mWcdma=CellSignalStrengthWcdma: ss=2147483647 ber=2147483647 rscp=2147483647 ecno=2147483647 level=0,mTdscdma=CellSignalStrengthTdscdma: rssi=2147483647 ber=2147483647 rscp=2147483647 level=0,mLte=CellSignalStrengthLte: rssi=2147483647 rsrp=2147483647 rsrq=2147483647 rssnr=2147483647 cqiTableIndex=2147483647 cqi=2147483647 ta=2147483647 level=0 parametersUseForLevel=1,mNr=CellSignalStrengthNr:{ csiRsrp = 2147483647 csiRsrq = 2147483647 csiCqiTableIndex = 2147483647 csiCqiReport = [] ssRsrp = 2147483647 ssRsrq = 2147483647 ssSinr = 2147483647 level = 0 parametersUseForLevel = 1 timingAdvance = 2147483647 },primary=CellSignalStrengthGsm}
07-24 17:27:35.801  2516  2760 D OplusSignalSmooth/0: mOrigSignalStrength:SignalStrength:{mCdma=CellSignalStrengthCdma: cdmaDbm=2147483647 cdmaEcio=2147483647 evdoDbm=2147483647 evdoEcio=2147483647 evdoSnr=2147483647 level=0,mGsm=CellSignalStrengthGsm: rssi=-55 ber=99 mTa=2147483647 mLevel=4,mWcdma=CellSignalStrengthWcdma: ss=2147483647 ber=2147483647 rscp=2147483647 ecno=2147483647 level=0,mTdscdma=CellSignalStrengthTdscdma: rssi=2147483647 ber=2147483647 rscp=2147483647 level=0,mLte=CellSignalStrengthLte: rssi=2147483647 rsrp=2147483647 rsrq=2147483647 rssnr=2147483647 cqiTableIndex=2147483647 cqi=2147483647 ta=2147483647 level=0 parametersUseForLevel=1,mNr=CellSignalStrengthNr:{ csiRsrp = 2147483647 csiRsrq = 2147483647 csiCqiTableIndex = 2147483647 csiCqiReport = [] ssRsrp = 2147483647 ssRsrq = 2147483647 ssSinr = 2147483647 level = 0 parametersUseForLevel = 1 timingAdvance = 2147483647 },primary=CellSignalStrengthGsm}
07-24 17:27:35.802  2516  2760 D OplusSignalSmooth/0: no service fix signal...
07-24 17:27:35.806  2516  2760 D OplusSignalSmooth/0: notifySignalStrength, mSignalStrength: SignalStrength:{mCdma=CellSignalStrengthCdma: cdmaDbm=2147483647 cdmaEcio=2147483647 evdoDbm=2147483647 evdoEcio=2147483647 evdoSnr=2147483647 level=0,mGsm=CellSignalStrengthGsm: rssi=-55 ber=99 mTa=2147483647 mLevel=4,mWcdma=CellSignalStrengthWcdma: ss=2147483647 ber=2147483647 rscp=2147483647 ecno=2147483647 level=0,mTdscdma=CellSignalStrengthTdscdma: rssi=2147483647 ber=2147483647 rscp=2147483647 level=0,mLte=CellSignalStrengthLte: rssi=2147483647 rsrp=2147483647 rsrq=2147483647 rssnr=2147483647 cqiTableIndex=2147483647 cqi=2147483647 ta=2147483647 level=0 parametersUseForLevel=1,mNr=CellSignalStrengthNr:{ csiRsrp = 2147483647 csiRsrq = 2147483647 csiCqiTableIndex = 2147483647 csiCqiReport = [] ssRsrp = 2147483647 ssRsrq = 2147483647 ssSinr = 2147483647 level = 0 parametersUseForLevel = 1 timingAdvance = 2147483647 },primary=CellSignalStrengthGsm}
07-24 17:27:38.117  2466 30631 D NetworkMonitor/118: Forcing reevaluation for UID 1000. Dns signal count: 0
07-24 17:27:38.608  1835  4109 W NotificationService: Toast already killed. pkg=zln.mossogb.wfs token=android.os.BinderProxy@843380d
07-24 17:27:41.129  1835  3227 W NotificationService: Toast already killed. pkg=zln.mossogb.wfs token=android.os.BinderProxy@6be1208
07-24 17:27:41.438  1708  1741 D RmcNwHdlr: [0] requestSignalStrength:sigRegisted[0000], sigUpdated[0X01]
07-24 17:27:41.438  1708  1741 D RmcNwHdlr: [0] handleSignalStrength, gsm_signal_strength: 31, gsm_bit_error_rate: 99, gsm_timing_advance: 2147483647, cdma_dbm: 2147483647, cdma_ecio: 2147483647, evdo_dbm: 2147483647, evdo_ecio: 2147483647, evdo_snr: 2147483647, lte_signal_strength: 99, lte_rsrp: 2147483647, lte_rsrq: 2147483647, lte_rssnr: 2147483647, lte_cqi: 2147483647, lte_timing_advance: 2147483647, tdscdma_signal_strength: 99, tdscdma_bit_error_rate: 99, tdscdma_rscp: 255, wcdma_signal_strength: 0, wcdma_bit_error_rate: 99, wcdma_scdma_rscp: 5, wcdma_ecno: 12, ssRsrp: 2147483647, ssRsrq: 2147483647, ssSinr: 2147483647, csiRsrp: 2147483647, csiRsrq: 2147483647, csiSinr: 2147483647
07-24 17:27:41.459  2516  2760 D OplusSignalSmooth/0: onSignalStrengthResultExt,oldSignalStrength:SignalStrength:{mCdma=CellSignalStrengthCdma: cdmaDbm=2147483647 cdmaEcio=2147483647 evdoDbm=2147483647 evdoEcio=2147483647 evdoSnr=2147483647 level=0,mGsm=CellSignalStrengthGsm: rssi=-55 ber=99 mTa=2147483647 mLevel=4,mWcdma=CellSignalStrengthWcdma: ss=2147483647 ber=2147483647 rscp=2147483647 ecno=2147483647 level=0,mTdscdma=CellSignalStrengthTdscdma: rssi=2147483647 ber=2147483647 rscp=2147483647 level=0,mLte=CellSignalStrengthLte: rssi=2147483647 rsrp=2147483647 rsrq=2147483647 rssnr=2147483647 cqiTableIndex=2147483647 cqi=2147483647 ta=2147483647 level=0 parametersUseForLevel=1,mNr=CellSignalStrengthNr:{ csiRsrp = 2147483647 csiRsrq = 2147483647 csiCqiTableIndex = 2147483647 csiCqiReport = [] ssRsrp = 2147483647 ssRsrq = 2147483647 ssSinr = 2147483647 level = 0 parametersUseForLevel = 1 timingAdvance = 2147483647 },primary=CellSignalStrengthGsm}
07-24 17:27:41.460  2516  2760 D OplusSignalSmooth/0: mOrigSignalStrength:SignalStrength:{mCdma=CellSignalStrengthCdma: cdmaDbm=2147483647 cdmaEcio=2147483647 evdoDbm=2147483647 evdoEcio=2147483647 evdoSnr=2147483647 level=0,mGsm=CellSignalStrengthGsm: rssi=-51 ber=99 mTa=2147483647 mLevel=4,mWcdma=CellSignalStrengthWcdma: ss=2147483647 ber=2147483647 rscp=2147483647 ecno=2147483647 level=0,mTdscdma=CellSignalStrengthTdscdma: rssi=2147483647 ber=2147483647 rscp=2147483647 level=0,mLte=CellSignalStrengthLte: rssi=2147483647 rsrp=2147483647 rsrq=2147483647 rssnr=2147483647 cqiTableIndex=2147483647 cqi=2147483647 ta=2147483647 level=0 parametersUseForLevel=1,mNr=CellSignalStrengthNr:{ csiRsrp = 2147483647 csiRsrq = 2147483647 csiCqiTableIndex = 2147483647 csiCqiReport = [] ssRsrp = 2147483647 ssRsrq = 2147483647 ssSinr = 2147483647 level = 0 parametersUseForLevel = 1 timingAdvance = 2147483647 },primary=CellSignalStrengthGsm}
07-24 17:27:41.460  2516  2760 D OplusSignalSmooth/0: no service fix signal...
07-24 17:27:41.467  2516  2760 D OplusSignalSmooth/0: notifySignalStrength, mSignalStrength: SignalStrength:{mCdma=CellSignalStrengthCdma: cdmaDbm=2147483647 cdmaEcio=2147483647 evdoDbm=2147483647 evdoEcio=2147483647 evdoSnr=2147483647 level=0,mGsm=CellSignalStrengthGsm: rssi=-51 ber=99 mTa=2147483647 mLevel=4,mWcdma=CellSignalStrengthWcdma: ss=2147483647 ber=2147483647 rscp=2147483647 ecno=2147483647 level=0,mTdscdma=CellSignalStrengthTdscdma: rssi=2147483647 ber=2147483647 rscp=2147483647 level=0,mLte=CellSignalStrengthLte: rssi=2147483647 rsrp=2147483647 rsrq=2147483647 rssnr=2147483647 cqiTableIndex=2147483647 cqi=2147483647 ta=2147483647 level=0 parametersUseForLevel=1,mNr=CellSignalStrengthNr:{ csiRsrp = 2147483647 csiRsrq = 2147483647 csiCqiTableIndex = 2147483647 csiCqiReport = [] ssRsrp = 2147483647 ssRsrq = 2147483647 ssSinr = 2147483647 level = 0 parametersUseForLevel = 1 timingAdvance = 2147483647 },primary=CellSignalStrengthGsm}
07-24 17:27:49.710 17391 17391 I Finsky  : [2] SCH: system job 9856 received onStopJob signal.
07-24 17:27:49.804 17391 17391 I Finsky  : [2] SCH: system job 9842 received onStopJob signal.
07-24 17:27:50.568  1835  1941 W NotificationService: Toast already killed. pkg=zln.mossogb.wfs token=android.os.BinderProxy@5950e34
07-24 17:27:58.637  1835  3351 W NotificationService: Toast already killed. pkg=zln.mossogb.wfs token=android.os.BinderProxy@5fd31ce
07-24 17:27:59.683  2466 30631 D NetworkMonitor/118: Forcing reevaluation for UID 1000. Dns signal count: 0
07-24 17:28:01.252  1835  1941 W NotificationService: Toast already killed. pkg=zln.mossogb.wfs token=android.os.BinderProxy@6b2a67b
07-24 17:28:09.875  2466 30631 D NetworkMonitor/118: Forcing reevaluation for UID 1000. Dns signal count: 0
07-24 17:28:16.099   603 18136 I keystore2: system/security/keystore2/src/watchdog.rs:319 - Watchdog thread idle -> terminating. Have a great day.
07-24 17:28:22.561  1835  1892 D BatteryStatsImplExtImpl: , modem=[activity:SettleObj{ what=LO date=07-24 17:01:45.641 duration=3599 screenOnRatio=0.06 screenOffRatio=99.94 power=38 current=267.00 networkType=null dataNetworkType=0 signalStrength=0 aodState=0 softAp=false charge=false simCount=0 defaultPhone=-1 apssSleepC=0 apssSleepRatio=0 mpssSleepC=0 mpssSleepRatio=0 vminSleepC=0 vminSleepRatio=0 modemPowermA[]=[0,0,0] sleepRatio=0 idleRatio=100.00 rxRatio=0 5gRxRatio=0 txSumRatio=0 mtkTxRatio[]=[0,0,0,0,0,0,0,0] mtk5gTxRatio[]=[0,0,0,0,0,0,0,0]5gTxSumRatio=0 rrcConn10sC[]=[0, 0] rrcConn20sC[]=[0, 0] rrcConnMore20sC[]=[0, 0] rrcConnC[]=[0, 0] csChangedC[]=[0, 0] psChangedC[]=[0, 0] nwSrchC[]=[0, 0] nwSrchRatio[]=[0,0] lteRrcConnRatio[]=[0,0] psRegRatio[]=[0,0] csRegRatio[]=[0,0] psNoRegRatio[]=[0,0] csNoRegRatio[]=[0,0] sigGrid0Ratio[]=[0,0] endcActRatio[]=[0,0] ccciWakeupC={} allWakeupC={} appInWakeupC={} appOutWakeupC={} appWakeupRatio={} appTrafficC={} saRrcConn10sC[]=[0, 0] saRrcConn20sC[]=[0, 0] saRrcConnMore20sC[]=[0, 0] saRrcConnC[]=[0, 0] saRrcConnRatio[]=[0,0] sigGridSim0Ratio[]=[0,0,0,0,0] sigGridSim1Ratio[]=[0,0,0,0,0] lteNrSigGridSim0Ratio[]=[0,0,0,0,0,0,0,0,0,0] lteNrSigGridSim1Ratio[]=[0,0,0,0,0,0,0,0,0,0] cellUpdateC[]=[0, 0] hoC[]=[0, 0] reselC[]=[0, 0] redirectC[]=[0, 0] iRatC[]=[0, 0] iRhoC[]=[0, 0] iRreselC[]=[0, 0] iRredirectC[]=[0, 0] luC[]=[0, 0] rauC[]=[0, 0] guC[]=[0, 0] lteTauC[]=[0, 0] lteAttachC[]=[0, 0] pdnConC[]=[0, 0] eRrcCauseSim0C[]=[0, 0, 0, 0, 0, 0, 0] eRrcCauseSim1C[]=[0, 0, 0, 0, 0, 0, 0] nRrcCauseSim0C[]=[0, 0, 0, 0, 0, 0, 0, 0, 0, 0] nRrcCauseSim1C[]=[0, 0, 0, 0, 0, 0, 0, 0, 0, 0] saRachC[]=[0, 0] saRlfC[]=[0, 0] saReestabC[]=[0, 0] mLteRrcConnRatio[]=[0,0] rrcConnC[]=[0, 0] lteCdrxCfgRatio[]=[0,0] lteCdrxActRatio[]=[0,0] eDlLayerSim0Ratio[]=[0,0,0,0] eDlLayerSim1Ratio[]=[0,0,0,0] lteCaRatio[]=[0,0] saRrcConnRatio[]=[0,0] endcActRatio[]=[0,0] saRrcConnC[]=[0, 0] nrCdrxCfgRatio[]=[0,0] nrCdrxActRatio[]=[0,0] nUlDlLayerSim0Ratio[]=[0,0,0,0,0,0,0,0] nUlDlLayerSim1Ratio[]=[0,0,0,0,0,0,0,0] nrCaRatio[]=[0,0] nBwpSim0Ratio[]=[0,0,0,0,0,0,0,0,0,0] nBwpSim1Ratio[]=[0,0,0,0,0,0,0,0,0,0] dsdsRatio[]=[0,0] drdsdsRatio[]=[0,0] dsdaRatio[]=[0,0] drdsdaRatio[]=[0,0] maxCCCfgT[]=[0, 0] maxCCCfgRatio[]=[0,0] maxCCSentC[]=[0, 0] maxMimoCfgT[]=[0, 0] maxMimoCfgRatio[]=[0,0] maxMimoSentC[]=[0, 0] releasePreferCfgT[]=[0, 0] releasePreferCfgRatio[]=[0,0] release2IdleSentC[]=[0, 0] release2OutOfConnectSentC[]=[0, 0] releaseSentC[]=[0, 0] wusCfgT[]=[0, 0] wusCfgRatio[]=[0,0] wus0CfgC[]=[0, 0] wus1fgC[]=[0, 0] skipUlTxCfgT[]=[0, 0] skipUlTxCfgRatio[]=[0,0] skipUlDyTxC[]=[0, 0] plmnSearchT[]=[0, 0] lteBgSearchT[]=[0, 0] nrBgSearchT[]=[0, 0]}]
07-24 17:28:23.372  1708  1741 D RmcNwHdlr: [0] requestSignalStrength:sigRegisted[0000], sigUpdated[0X01]
07-24 17:28:23.372  1708  1741 D RmcNwHdlr: [0] handleSignalStrength, gsm_signal_strength: 28, gsm_bit_error_rate: 99, gsm_timing_advance: 2147483647, cdma_dbm: 2147483647, cdma_ecio: 2147483647, evdo_dbm: 2147483647, evdo_ecio: 2147483647, evdo_snr: 2147483647, lte_signal_strength: 99, lte_rsrp: 2147483647, lte_rsrq: 2147483647, lte_rssnr: 2147483647, lte_cqi: 2147483647, lte_timing_advance: 2147483647, tdscdma_signal_strength: 99, tdscdma_bit_error_rate: 99, tdscdma_rscp: 255, wcdma_signal_strength: 0, wcdma_bit_error_rate: 99, wcdma_scdma_rscp: 5, wcdma_ecno: 12, ssRsrp: 2147483647, ssRsrq: 2147483647, ssSinr: 2147483647, csiRsrp: 2147483647, csiRsrq: 2147483647, csiSinr: 2147483647
07-24 17:28:23.375  2516  2760 D OplusSignalSmooth/0: onSignalStrengthResultExt,oldSignalStrength:SignalStrength:{mCdma=CellSignalStrengthCdma: cdmaDbm=2147483647 cdmaEcio=2147483647 evdoDbm=2147483647 evdoEcio=2147483647 evdoSnr=2147483647 level=0,mGsm=CellSignalStrengthGsm: rssi=-51 ber=99 mTa=2147483647 mLevel=4,mWcdma=CellSignalStrengthWcdma: ss=2147483647 ber=2147483647 rscp=2147483647 ecno=2147483647 level=0,mTdscdma=CellSignalStrengthTdscdma: rssi=2147483647 ber=2147483647 rscp=2147483647 level=0,mLte=CellSignalStrengthLte: rssi=2147483647 rsrp=2147483647 rsrq=2147483647 rssnr=2147483647 cqiTableIndex=2147483647 cqi=2147483647 ta=2147483647 level=0 parametersUseForLevel=1,mNr=CellSignalStrengthNr:{ csiRsrp = 2147483647 csiRsrq = 2147483647 csiCqiTableIndex = 2147483647 csiCqiReport = [] ssRsrp = 2147483647 ssRsrq = 2147483647 ssSinr = 2147483647 level = 0 parametersUseForLevel = 1 timingAdvance = 2147483647 },primary=CellSignalStrengthGsm}
07-24 17:28:23.375  2516  2760 D OplusSignalSmooth/0: mOrigSignalStrength:SignalStrength:{mCdma=CellSignalStrengthCdma: cdmaDbm=2147483647 cdmaEcio=2147483647 evdoDbm=2147483647 evdoEcio=2147483647 evdoSnr=2147483647 level=0,mGsm=CellSignalStrengthGsm: rssi=-57 ber=99 mTa=2147483647 mLevel=4,mWcdma=CellSignalStrengthWcdma: ss=2147483647 ber=2147483647 rscp=2147483647 ecno=2147483647 level=0,mTdscdma=CellSignalStrengthTdscdma: rssi=2147483647 ber=2147483647 rscp=2147483647 level=0,mLte=CellSignalStrengthLte: rssi=2147483647 rsrp=2147483647 rsrq=2147483647 rssnr=2147483647 cqiTableIndex=2147483647 cqi=2147483647 ta=2147483647 level=0 parametersUseForLevel=1,mNr=CellSignalStrengthNr:{ csiRsrp = 2147483647 csiRsrq = 2147483647 csiCqiTableIndex = 2147483647 csiCqiReport = [] ssRsrp = 2147483647 ssRsrq = 2147483647 ssSinr = 2147483647 level = 0 parametersUseForLevel = 1 timingAdvance = 2147483647 },primary=CellSignalStrengthGsm}
07-24 17:28:23.376  2516  2760 D OplusSignalSmooth/0: no service fix signal...
