07-23 09:37:49.321  1487  1681 E RILMUXD : 3275:thread_serial_device_read(): Interrupt signal EINTR caught
07-23 09:37:49.588  1487  1681 E RILMUXD : 3275:thread_serial_device_read(): Interrupt signal EINTR caught
07-23 09:41:45.252  1487  1681 E RILMUXD : 3275:thread_serial_device_read(): Interrupt signal EINTR caught
07-23 09:42:32.252  1487  1681 E RILMUXD : 3275:thread_serial_device_read(): Interrupt signal EINTR caught
07-23 09:42:32.528  1487  1681 E RILMUXD : 3275:thread_serial_device_read(): Interrupt signal EINTR caught
07-23 09:42:32.633  2516  2516 D DeviceStateMonitor: shouldEnableSignalStrengthReports, mIsAlwaysSignalStrengthReportingEnabled:false mIsCharging:false mIsScreenOn:falsemIsRadioOnfalse
07-23 09:42:32.649  2516  2516 D DeviceStateMonitor: shouldEnableSignalStrengthReports, mIsAlwaysSignalStrengthReportingEnabled:false mIsCharging:false mIsScreenOn:falsemIsRadioOntrue
07-23 09:46:45.256  1487  1681 E RILMUXD : 3275:thread_serial_device_read(): Interrupt signal EINTR caught
07-23 09:46:45.969  1835  1883 I am_proc_start: [0,11534,10152,com.google.android.apps.maps:server_recovery_process_scheduled,broadcast,{com.google.android.apps.maps/com.google.android.apps.gmm.plugins.serverrecovery.ScheduledRecoverySignalHandlerImpl}]
07-23 09:47:47.229  1487  1681 E RILMUXD : 3275:thread_serial_device_read(): Interrupt signal EINTR caught
07-23 09:47:48.393  1487  1681 E RILMUXD : 3275:thread_serial_device_read(): Interrupt signal EINTR caught
07-23 09:52:32.251  1487  1681 E RILMUXD : 3275:thread_serial_device_read(): Interrupt signal EINTR caught
07-23 09:55:11.077  1487  1681 E RILMUXD : 3275:thread_serial_device_read(): Interrupt signal EINTR caught
07-23 09:56:55.251  1487  1681 E RILMUXD : 3275:thread_serial_device_read(): Interrupt signal EINTR caught
07-23 10:01:44.241  1487  1681 E RILMUXD : 3275:thread_serial_device_read(): Interrupt signal EINTR caught
07-23 10:02:32.247  1487  1681 E RILMUXD : 3275:thread_serial_device_read(): Interrupt signal EINTR caught
07-23 10:02:32.805  1487  1681 E RILMUXD : 3275:thread_serial_device_read(): Interrupt signal EINTR caught
07-23 10:12:32.257  1487  1681 E RILMUXD : 3275:thread_serial_device_read(): Interrupt signal EINTR caught
07-23 10:16:44.247  1487  1681 E RILMUXD : 3275:thread_serial_device_read(): Interrupt signal EINTR caught
07-23 10:16:45.776  1487  1681 E RILMUXD : 3275:thread_serial_device_read(): Interrupt signal EINTR caught
07-23 10:22:32.250  1487  1681 E RILMUXD : 3275:thread_serial_device_read(): Interrupt signal EINTR caught
07-23 10:30:01.248  1487  1681 E RILMUXD : 3275:thread_serial_device_read(): Interrupt signal EINTR caught
07-23 10:31:45.233  1487  1681 E RILMUXD : 3275:thread_serial_device_read(): Interrupt signal EINTR caught
07-23 10:32:32.218  1487  1681 E RILMUXD : 3275:thread_serial_device_read(): Interrupt signal EINTR caught
07-23 10:39:40.779  1487  1681 E RILMUXD : 3275:thread_serial_device_read(): Interrupt signal EINTR caught
07-23 10:39:41.057  1487  1681 E RILMUXD : 3275:thread_serial_device_read(): Interrupt signal EINTR caught
07-23 10:42:32.227  1487  1681 E RILMUXD : 3275:thread_serial_device_read(): Interrupt signal EINTR caught
07-23 10:46:45.238  1487  1681 E RILMUXD : 3275:thread_serial_device_read(): Interrupt signal EINTR caught
07-23 10:52:32.246  1487  1681 E RILMUXD : 3275:thread_serial_device_read(): Interrupt signal EINTR caught
07-23 11:01:44.215  1487  1681 E RILMUXD : 3275:thread_serial_device_read(): Interrupt signal EINTR caught
07-23 11:01:48.698  1487  1681 E RILMUXD : 3275:thread_serial_device_read(): Interrupt signal EINTR caught
07-23 11:02:32.242  1487  1681 E RILMUXD : 3275:thread_serial_device_read(): Interrupt signal EINTR caught
07-23 11:05:41.232  1487  1681 E RILMUXD : 3275:thread_serial_device_read(): Interrupt signal EINTR caught
07-23 11:12:32.256  1487  1681 E RILMUXD : 3275:thread_serial_device_read(): Interrupt signal EINTR caught
07-23 11:16:44.240  1487  1681 E RILMUXD : 3275:thread_serial_device_read(): Interrupt signal EINTR caught
07-23 11:22:32.248  1487  1681 E RILMUXD : 3275:thread_serial_device_read(): Interrupt signal EINTR caught
07-23 11:30:01.251  1487  1681 E RILMUXD : 3275:thread_serial_device_read(): Interrupt signal EINTR caught
07-23 11:31:45.228  1487  1681 E RILMUXD : 3275:thread_serial_device_read(): Interrupt signal EINTR caught
07-23 11:32:32.233  1487  1681 E RILMUXD : 3275:thread_serial_device_read(): Interrupt signal EINTR caught
07-23 11:32:33.466  1487  1681 E RILMUXD : 3275:thread_serial_device_read(): Interrupt signal EINTR caught
07-23 11:42:32.223  1487  1681 E RILMUXD : 3275:thread_serial_device_read(): Interrupt signal EINTR caught
07-23 11:46:44.242  1487  1681 E RILMUXD : 3275:thread_serial_device_read(): Interrupt signal EINTR caught
07-23 11:46:45.444  1487  1681 E RILMUXD : 3275:thread_serial_device_read(): Interrupt signal EINTR caught
07-23 11:52:32.252  1487  1681 E RILMUXD : 3275:thread_serial_device_read(): Interrupt signal EINTR caught
07-23 11:54:11.078  1487  1681 E RILMUXD : 3275:thread_serial_device_read(): Interrupt signal EINTR caught
07-23 11:57:26.222  1487  1681 E RILMUXD : 3275:thread_serial_device_read(): Interrupt signal EINTR caught
07-23 12:01:44.243  1487  1681 E RILMUXD : 3275:thread_serial_device_read(): Interrupt signal EINTR caught
07-23 12:02:32.235  1487  1681 E RILMUXD : 3275:thread_serial_device_read(): Interrupt signal EINTR caught
07-23 12:12:32.251  1487  1681 E RILMUXD : 3275:thread_serial_device_read(): Interrupt signal EINTR caught
07-23 12:16:44.251  1487  1681 E RILMUXD : 3275:thread_serial_device_read(): Interrupt signal EINTR caught
07-23 12:16:45.530  1487  1681 E RILMUXD : 3275:thread_serial_device_read(): Interrupt signal EINTR caught
07-23 12:22:32.252  1487  1681 E RILMUXD : 3275:thread_serial_device_read(): Interrupt signal EINTR caught
07-23 12:30:01.254  1487  1681 E RILMUXD : 3275:thread_serial_device_read(): Interrupt signal EINTR caught
07-23 12:31:45.219  1487  1681 E RILMUXD : 3275:thread_serial_device_read(): Interrupt signal EINTR caught
07-23 12:31:46.716  1487  1681 E RILMUXD : 3275:thread_serial_device_read(): Interrupt signal EINTR caught
07-23 12:31:47.335  1487  1681 E RILMUXD : 3275:thread_serial_device_read(): Interrupt signal EINTR caught
07-23 12:32:32.239  1487  1681 E RILMUXD : 3275:thread_serial_device_read(): Interrupt signal EINTR caught
07-23 12:42:32.229  1487  1681 E RILMUXD : 3275:thread_serial_device_read(): Interrupt signal EINTR caught
07-23 12:46:44.237  1487  1681 E RILMUXD : 3275:thread_serial_device_read(): Interrupt signal EINTR caught
07-23 12:52:32.253  1487  1681 E RILMUXD : 3275:thread_serial_device_read(): Interrupt signal EINTR caught
07-23 13:01:45.246  1487  1681 E RILMUXD : 3275:thread_serial_device_read(): Interrupt signal EINTR caught
07-23 13:02:32.220  1487  1681 E RILMUXD : 3275:thread_serial_device_read(): Interrupt signal EINTR caught
07-23 13:12:32.234  1487  1681 E RILMUXD : 3275:thread_serial_device_read(): Interrupt signal EINTR caught
07-23 13:12:32.534  1487  1681 E RILMUXD : 3275:thread_serial_device_read(): Interrupt signal EINTR caught
07-23 13:16:45.260  1487  1681 E RILMUXD : 3275:thread_serial_device_read(): Interrupt signal EINTR caught
07-23 13:22:32.227  1487  1681 E RILMUXD : 3275:thread_serial_device_read(): Interrupt signal EINTR caught
07-23 13:30:01.227  1487  1681 E RILMUXD : 3275:thread_serial_device_read(): Interrupt signal EINTR caught
07-23 13:31:45.221  1487  1681 E RILMUXD : 3275:thread_serial_device_read(): Interrupt signal EINTR caught
07-23 13:32:32.221  1487  1681 E RILMUXD : 3275:thread_serial_device_read(): Interrupt signal EINTR caught
07-23 13:42:32.230  1487  1681 E RILMUXD : 3275:thread_serial_device_read(): Interrupt signal EINTR caught
07-23 13:46:45.234  1487  1681 E RILMUXD : 3275:thread_serial_device_read(): Interrupt signal EINTR caught
07-23 13:46:46.185  1487  1681 E RILMUXD : 3275:thread_serial_device_read(): Interrupt signal EINTR caught
07-23 13:52:32.225  1487  1681 E RILMUXD : 3275:thread_serial_device_read(): Interrupt signal EINTR caught
07-23 13:53:11.095  1487  1681 E RILMUXD : 3275:thread_serial_device_read(): Interrupt signal EINTR caught
07-23 14:01:44.247  1487  1681 E RILMUXD : 3275:thread_serial_device_read(): Interrupt signal EINTR caught
07-23 14:02:32.252  1487  1681 E RILMUXD : 3275:thread_serial_device_read(): Interrupt signal EINTR caught
07-23 14:12:32.236  1487  1681 E RILMUXD : 3275:thread_serial_device_read(): Interrupt signal EINTR caught
07-23 14:16:44.249  1487  1681 E RILMUXD : 3275:thread_serial_device_read(): Interrupt signal EINTR caught
07-23 14:16:45.482  1487  1681 E RILMUXD : 3275:thread_serial_device_read(): Interrupt signal EINTR caught
07-23 14:22:32.240  1487  1681 E RILMUXD : 3275:thread_serial_device_read(): Interrupt signal EINTR caught
07-23 14:30:01.239  1487  1681 E RILMUXD : 3275:thread_serial_device_read(): Interrupt signal EINTR caught
07-23 14:31:45.240  1487  1681 E RILMUXD : 3275:thread_serial_device_read(): Interrupt signal EINTR caught
07-23 14:32:32.251  1487  1681 E RILMUXD : 3275:thread_serial_device_read(): Interrupt signal EINTR caught
07-23 14:32:32.510  1487  1681 E RILMUXD : 3275:thread_serial_device_read(): Interrupt signal EINTR caught
07-23 14:38:00.646  1487  1681 E RILMUXD : 3275:thread_serial_device_read(): Interrupt signal EINTR caught
07-23 14:38:00.918  1487  1681 E RILMUXD : 3275:thread_serial_device_read(): Interrupt signal EINTR caught
07-23 14:42:32.232  1487  1681 E RILMUXD : 3275:thread_serial_device_read(): Interrupt signal EINTR caught
07-23 14:46:44.228  1487  1681 E RILMUXD : 3275:thread_serial_device_read(): Interrupt signal EINTR caught
07-23 14:52:32.226  1487  1681 E RILMUXD : 3275:thread_serial_device_read(): Interrupt signal EINTR caught
07-23 14:57:33.416  1487  1681 E RILMUXD : 3275:thread_serial_device_read(): Interrupt signal EINTR caught
07-23 14:57:33.880  2516  2760 D OplusSignalSmooth/0: EventHandler:1
07-23 14:57:33.881  2516  2760 D OplusSignalSmooth/1: EventHandler:1
07-23 14:57:34.092  2516  2516 D DeviceStateMonitor: shouldEnableSignalStrengthReports, mIsAlwaysSignalStrengthReportingEnabled:false mIsCharging:false mIsScreenOn:truemIsRadioOntrue
07-23 14:57:34.092  2516  2516 D OplusNetworkPowerState: shouldSkipSignalStrengthReports feature not enable
07-23 14:57:34.134  2516  2516 D DeviceStateMonitor: shouldEnableSignalStrengthReports, mIsAlwaysSignalStrengthReportingEnabled:false mIsCharging:false mIsScreenOn:truemIsRadioOnfalse
07-23 14:57:34.179  1708  1750 D RmcNwReqHdlr: [0] requestSignalStrength:sigRegisted[0000], sigUpdated[0X01]
07-23 14:57:34.179  1708  1750 D RmcNwHdlr: [0] requestSignalStrength, gsm_signal_strength: 24, gsm_bit_error_rate: 99, gsm_timing_advance: 2147483647, cdma_dbm: 2147483647, cdma_ecio: 2147483647, evdo_dbm: 2147483647, evdo_ecio: 2147483647, evdo_snr: 2147483647, lte_signal_strength: 99, lte_rsrp: 2147483647, lte_rsrq: 2147483647, lte_rssnr: 2147483647, lte_cqi: 2147483647, lte_timing_advance: 2147483647, tdscdma_signal_strength: 99, tdscdma_bit_error_rate: 99, tdscdma_rscp: 255, wcdma_signal_strength: 0, wcdma_bit_error_rate: 99, wcdma_scdma_rscp: 5, wcdma_ecno: 12, ssRsrp: 2147483647, ssRsrq: 2147483647, ssSinr: 2147483647, csiRsrp: 2147483647, csiRsrq: 2147483647, csiSinr: 2147483647
07-23 14:57:34.518  2516  2516 D RILJ    : [0672]> SET_SIGNAL_STRENGTH_REPORTING_CRITERIA [PHONE0]
07-23 14:57:34.520  2516  2516 D SSCtr   : setSignalStrengthReportingCriteria consolidatedSignalThresholdInfos=[SignalThresholdInfo{mRan=1 mSignalMeasurementType=1 mHysteresisMs=3000 mHysteresisDb=2 mThresholds=[-107, -103, -97, -89] mIsEnabled=true}, SignalThresholdInfo{mRan=2 mSignalMeasurementType=2 mHysteresisMs=3000 mHysteresisDb=2 mThresholds=[-115, -105, -95, -85] mIsEnabled=true}, SignalThresholdInfo{mRan=3 mSignalMeasurementType=3 mHysteresisMs=3000 mHysteresisDb=2 mThresholds=[-128, -118, -108, -98] mIsEnabled=true}, SignalThresholdInfo{mRan=3 mSignalMeasurementType=4 mHysteresisMs=3000 mHysteresisDb=2 mThresholds=[] mIsEnabled=false}, SignalThresholdInfo{mRan=3 mSignalMeasurementType=5 mHysteresisMs=3000 mHysteresisDb=2 mThresholds=[] mIsEnabled=false}, SignalThresholdInfo{mRan=6 mSignalMeasurementType=6 mHysteresisMs=3000 mHysteresisDb=2 mThresholds=[-110, -90, -80, -65] mIsEnabled=true}, SignalThresholdInfo{mRan=6 mSignalMeasurementType=7 mHysteresisMs=3000 mHysteresisDb=2 mThresholds=[] mIsEnabled=false}, SignalThresholdInfo{mRan=6 mSignalMeasurementType=8 mHysteresisMs=3000 mHysteresisDb=2 mThresholds=[] mIsEnabled=false}, SignalThresholdInfo{mRan=2 mSignalMeasurementType=9 mHysteresisMs=3000 mHysteresisDb=2 mThresholds=[] mIsEnabled=false}]
07-23 14:57:34.540  2516  2745 D RILJ    : [0672]< SET_SIGNAL_STRENGTH_REPORTING_CRITERIA  [PHONE0]
07-23 14:57:34.569  2516  2760 D OplusSignalSmooth/0: onSignalStrengthResultExt,oldSignalStrength:SignalStrength:{mCdma=CellSignalStrengthCdma: cdmaDbm=2147483647 cdmaEcio=2147483647 evdoDbm=2147483647 evdoEcio=2147483647 evdoSnr=2147483647 level=0,mGsm=CellSignalStrengthGsm: rssi=-73 ber=99 mTa=2147483647 mLevel=4,mWcdma=CellSignalStrengthWcdma: ss=2147483647 ber=2147483647 rscp=2147483647 ecno=2147483647 level=0,mTdscdma=CellSignalStrengthTdscdma: rssi=2147483647 ber=2147483647 rscp=2147483647 level=0,mLte=CellSignalStrengthLte: rssi=2147483647 rsrp=2147483647 rsrq=2147483647 rssnr=2147483647 cqiTableIndex=2147483647 cqi=2147483647 ta=2147483647 level=0 parametersUseForLevel=1,mNr=CellSignalStrengthNr:{ csiRsrp = 2147483647 csiRsrq = 2147483647 csiCqiTableIndex = 2147483647 csiCqiReport = [] ssRsrp = 2147483647 ssRsrq = 2147483647 ssSinr = 2147483647 level = 0 parametersUseForLevel = 1 timingAdvance = 2147483647 },primary=CellSignalStrengthGsm}
07-23 14:57:34.570  2516  2760 D OplusSignalSmooth/0: mOrigSignalStrength:SignalStrength:{mCdma=CellSignalStrengthCdma: cdmaDbm=2147483647 cdmaEcio=2147483647 evdoDbm=2147483647 evdoEcio=2147483647 evdoSnr=2147483647 level=0,mGsm=CellSignalStrengthGsm: rssi=-65 ber=99 mTa=2147483647 mLevel=4,mWcdma=CellSignalStrengthWcdma: ss=2147483647 ber=2147483647 rscp=2147483647 ecno=2147483647 level=0,mTdscdma=CellSignalStrengthTdscdma: rssi=2147483647 ber=2147483647 rscp=2147483647 level=0,mLte=CellSignalStrengthLte: rssi=2147483647 rsrp=2147483647 rsrq=2147483647 rssnr=2147483647 cqiTableIndex=2147483647 cqi=2147483647 ta=2147483647 level=0 parametersUseForLevel=1,mNr=CellSignalStrengthNr:{ csiRsrp = 2147483647 csiRsrq = 2147483647 csiCqiTableIndex = 2147483647 csiCqiReport = [] ssRsrp = 2147483647 ssRsrq = 2147483647 ssSinr = 2147483647 level = 0 parametersUseForLevel = 1 timingAdvance = 2147483647 },primary=CellSignalStrengthGsm}
07-23 14:57:34.570  2516  2760 D OplusSignalSmooth/0: no service fix signal...
07-23 14:57:34.578  2516  2760 D OplusSignalSmooth/0: notifySignalStrength, mSignalStrength: SignalStrength:{mCdma=CellSignalStrengthCdma: cdmaDbm=2147483647 cdmaEcio=2147483647 evdoDbm=2147483647 evdoEcio=2147483647 evdoSnr=2147483647 level=0,mGsm=CellSignalStrengthGsm: rssi=-65 ber=99 mTa=2147483647 mLevel=4,mWcdma=CellSignalStrengthWcdma: ss=2147483647 ber=2147483647 rscp=2147483647 ecno=2147483647 level=0,mTdscdma=CellSignalStrengthTdscdma: rssi=2147483647 ber=2147483647 rscp=2147483647 level=0,mLte=CellSignalStrengthLte: rssi=2147483647 rsrp=2147483647 rsrq=2147483647 rssnr=2147483647 cqiTableIndex=2147483647 cqi=2147483647 ta=2147483647 level=0 parametersUseForLevel=1,mNr=CellSignalStrengthNr:{ csiRsrp = 2147483647 csiRsrq = 2147483647 csiCqiTableIndex = 2147483647 csiCqiReport = [] ssRsrp = 2147483647 ssRsrq = 2147483647 ssSinr = 2147483647 level = 0 parametersUseForLevel = 1 timingAdvance = 2147483647 },primary=CellSignalStrengthGsm}
07-23 14:57:34.761  2516  2516 D OplusSignalSmooth/0: oemOosDelayState should not delay oos
07-23 14:57:34.761  2516  2516 D OplusSignalSmooth/0: oemOosDelayState: mOosDelayState = 0, oldstate=0, mSimState = 1, isOos=true, isOosInVowifi:false, mRadioResetState = 0
07-23 14:57:41.035  1708  1741 D RmcNwHdlr: [0] requestSignalStrength:sigRegisted[0000], sigUpdated[0X01]
07-23 14:57:41.035  1708  1741 D RmcNwHdlr: [0] handleSignalStrength, gsm_signal_strength: 19, gsm_bit_error_rate: 99, gsm_timing_advance: 2147483647, cdma_dbm: 2147483647, cdma_ecio: 2147483647, evdo_dbm: 2147483647, evdo_ecio: 2147483647, evdo_snr: 2147483647, lte_signal_strength: 99, lte_rsrp: 2147483647, lte_rsrq: 2147483647, lte_rssnr: 2147483647, lte_cqi: 2147483647, lte_timing_advance: 2147483647, tdscdma_signal_strength: 99, tdscdma_bit_error_rate: 99, tdscdma_rscp: 255, wcdma_signal_strength: 0, wcdma_bit_error_rate: 99, wcdma_scdma_rscp: 5, wcdma_ecno: 12, ssRsrp: 2147483647, ssRsrq: 2147483647, ssSinr: 2147483647, csiRsrp: 2147483647, csiRsrq: 2147483647, csiSinr: 2147483647
07-23 14:57:41.054  2516  2760 D OplusSignalSmooth/0: onSignalStrengthResultExt,oldSignalStrength:SignalStrength:{mCdma=CellSignalStrengthCdma: cdmaDbm=2147483647 cdmaEcio=2147483647 evdoDbm=2147483647 evdoEcio=2147483647 evdoSnr=2147483647 level=0,mGsm=CellSignalStrengthGsm: rssi=-65 ber=99 mTa=2147483647 mLevel=4,mWcdma=CellSignalStrengthWcdma: ss=2147483647 ber=2147483647 rscp=2147483647 ecno=2147483647 level=0,mTdscdma=CellSignalStrengthTdscdma: rssi=2147483647 ber=2147483647 rscp=2147483647 level=0,mLte=CellSignalStrengthLte: rssi=2147483647 rsrp=2147483647 rsrq=2147483647 rssnr=2147483647 cqiTableIndex=2147483647 cqi=2147483647 ta=2147483647 level=0 parametersUseForLevel=1,mNr=CellSignalStrengthNr:{ csiRsrp = 2147483647 csiRsrq = 2147483647 csiCqiTableIndex = 2147483647 csiCqiReport = [] ssRsrp = 2147483647 ssRsrq = 2147483647 ssSinr = 2147483647 level = 0 parametersUseForLevel = 1 timingAdvance = 2147483647 },primary=CellSignalStrengthGsm}
07-23 14:57:41.054  2516  2760 D OplusSignalSmooth/0: mOrigSignalStrength:SignalStrength:{mCdma=CellSignalStrengthCdma: cdmaDbm=2147483647 cdmaEcio=2147483647 evdoDbm=2147483647 evdoEcio=2147483647 evdoSnr=2147483647 level=0,mGsm=CellSignalStrengthGsm: rssi=-75 ber=99 mTa=2147483647 mLevel=4,mWcdma=CellSignalStrengthWcdma: ss=2147483647 ber=2147483647 rscp=2147483647 ecno=2147483647 level=0,mTdscdma=CellSignalStrengthTdscdma: rssi=2147483647 ber=2147483647 rscp=2147483647 level=0,mLte=CellSignalStrengthLte: rssi=2147483647 rsrp=2147483647 rsrq=2147483647 rssnr=2147483647 cqiTableIndex=2147483647 cqi=2147483647 ta=2147483647 level=0 parametersUseForLevel=1,mNr=CellSignalStrengthNr:{ csiRsrp = 2147483647 csiRsrq = 2147483647 csiCqiTableIndex = 2147483647 csiCqiReport = [] ssRsrp = 2147483647 ssRsrq = 2147483647 ssSinr = 2147483647 level = 0 parametersUseForLevel = 1 timingAdvance = 2147483647 },primary=CellSignalStrengthGsm}
07-23 14:57:41.054  2516  2760 D OplusSignalSmooth/0: no service fix signal...
07-23 14:57:41.058  2516  2760 D OplusSignalSmooth/0: notifySignalStrength, mSignalStrength: SignalStrength:{mCdma=CellSignalStrengthCdma: cdmaDbm=2147483647 cdmaEcio=2147483647 evdoDbm=2147483647 evdoEcio=2147483647 evdoSnr=2147483647 level=0,mGsm=CellSignalStrengthGsm: rssi=-75 ber=99 mTa=2147483647 mLevel=4,mWcdma=CellSignalStrengthWcdma: ss=2147483647 ber=2147483647 rscp=2147483647 ecno=2147483647 level=0,mTdscdma=CellSignalStrengthTdscdma: rssi=2147483647 ber=2147483647 rscp=2147483647 level=0,mLte=CellSignalStrengthLte: rssi=2147483647 rsrp=2147483647 rsrq=2147483647 rssnr=2147483647 cqiTableIndex=2147483647 cqi=2147483647 ta=2147483647 level=0 parametersUseForLevel=1,mNr=CellSignalStrengthNr:{ csiRsrp = 2147483647 csiRsrq = 2147483647 csiCqiTableIndex = 2147483647 csiCqiReport = [] ssRsrp = 2147483647 ssRsrq = 2147483647 ssSinr = 2147483647 level = 0 parametersUseForLevel = 1 timingAdvance = 2147483647 },primary=CellSignalStrengthGsm}
07-23 14:57:50.450  1708  1741 D RmcNwHdlr: [0] requestSignalStrength:sigRegisted[0000], sigUpdated[0X01]
07-23 14:57:50.450  1708  1741 D RmcNwHdlr: [0] handleSignalStrength, gsm_signal_strength: 18, gsm_bit_error_rate: 99, gsm_timing_advance: 2147483647, cdma_dbm: 2147483647, cdma_ecio: 2147483647, evdo_dbm: 2147483647, evdo_ecio: 2147483647, evdo_snr: 2147483647, lte_signal_strength: 99, lte_rsrp: 2147483647, lte_rsrq: 2147483647, lte_rssnr: 2147483647, lte_cqi: 2147483647, lte_timing_advance: 2147483647, tdscdma_signal_strength: 99, tdscdma_bit_error_rate: 99, tdscdma_rscp: 255, wcdma_signal_strength: 0, wcdma_bit_error_rate: 99, wcdma_scdma_rscp: 5, wcdma_ecno: 12, ssRsrp: 2147483647, ssRsrq: 2147483647, ssSinr: 2147483647, csiRsrp: 2147483647, csiRsrq: 2147483647, csiSinr: 2147483647
07-23 14:57:50.456  2516  2760 D OplusSignalSmooth/0: onSignalStrengthResultExt,oldSignalStrength:SignalStrength:{mCdma=CellSignalStrengthCdma: cdmaDbm=2147483647 cdmaEcio=2147483647 evdoDbm=2147483647 evdoEcio=2147483647 evdoSnr=2147483647 level=0,mGsm=CellSignalStrengthGsm: rssi=-75 ber=99 mTa=2147483647 mLevel=4,mWcdma=CellSignalStrengthWcdma: ss=2147483647 ber=2147483647 rscp=2147483647 ecno=2147483647 level=0,mTdscdma=CellSignalStrengthTdscdma: rssi=2147483647 ber=2147483647 rscp=2147483647 level=0,mLte=CellSignalStrengthLte: rssi=2147483647 rsrp=2147483647 rsrq=2147483647 rssnr=2147483647 cqiTableIndex=2147483647 cqi=2147483647 ta=2147483647 level=0 parametersUseForLevel=1,mNr=CellSignalStrengthNr:{ csiRsrp = 2147483647 csiRsrq = 2147483647 csiCqiTableIndex = 2147483647 csiCqiReport = [] ssRsrp = 2147483647 ssRsrq = 2147483647 ssSinr = 2147483647 level = 0 parametersUseForLevel = 1 timingAdvance = 2147483647 },primary=CellSignalStrengthGsm}
07-23 14:57:50.456  2516  2760 D OplusSignalSmooth/0: mOrigSignalStrength:SignalStrength:{mCdma=CellSignalStrengthCdma: cdmaDbm=2147483647 cdmaEcio=2147483647 evdoDbm=2147483647 evdoEcio=2147483647 evdoSnr=2147483647 level=0,mGsm=CellSignalStrengthGsm: rssi=-77 ber=99 mTa=2147483647 mLevel=4,mWcdma=CellSignalStrengthWcdma: ss=2147483647 ber=2147483647 rscp=2147483647 ecno=2147483647 level=0,mTdscdma=CellSignalStrengthTdscdma: rssi=2147483647 ber=2147483647 rscp=2147483647 level=0,mLte=CellSignalStrengthLte: rssi=2147483647 rsrp=2147483647 rsrq=2147483647 rssnr=2147483647 cqiTableIndex=2147483647 cqi=2147483647 ta=2147483647 level=0 parametersUseForLevel=1,mNr=CellSignalStrengthNr:{ csiRsrp = 2147483647 csiRsrq = 2147483647 csiCqiTableIndex = 2147483647 csiCqiReport = [] ssRsrp = 2147483647 ssRsrq = 2147483647 ssSinr = 2147483647 level = 0 parametersUseForLevel = 1 timingAdvance = 2147483647 },primary=CellSignalStrengthGsm}
07-23 14:57:50.456  2516  2760 D OplusSignalSmooth/0: no service fix signal...
07-23 14:57:50.459  2516  2760 D OplusSignalSmooth/0: notifySignalStrength, mSignalStrength: SignalStrength:{mCdma=CellSignalStrengthCdma: cdmaDbm=2147483647 cdmaEcio=2147483647 evdoDbm=2147483647 evdoEcio=2147483647 evdoSnr=2147483647 level=0,mGsm=CellSignalStrengthGsm: rssi=-77 ber=99 mTa=2147483647 mLevel=4,mWcdma=CellSignalStrengthWcdma: ss=2147483647 ber=2147483647 rscp=2147483647 ecno=2147483647 level=0,mTdscdma=CellSignalStrengthTdscdma: rssi=2147483647 ber=2147483647 rscp=2147483647 level=0,mLte=CellSignalStrengthLte: rssi=2147483647 rsrp=2147483647 rsrq=2147483647 rssnr=2147483647 cqiTableIndex=2147483647 cqi=2147483647 ta=2147483647 level=0 parametersUseForLevel=1,mNr=CellSignalStrengthNr:{ csiRsrp = 2147483647 csiRsrq = 2147483647 csiCqiTableIndex = 2147483647 csiCqiReport = [] ssRsrp = 2147483647 ssRsrq = 2147483647 ssSinr = 2147483647 level = 0 parametersUseForLevel = 1 timingAdvance = 2147483647 },primary=CellSignalStrengthGsm}
07-23 14:57:52.469  2516  2516 D DeviceStateMonitor: shouldEnableSignalStrengthReports, mIsAlwaysSignalStrengthReportingEnabled:false mIsCharging:false mIsScreenOn:truemIsRadioOnfalse
07-23 14:57:52.509  2516  2516 D DeviceStateMonitor: shouldEnableSignalStrengthReports, mIsAlwaysSignalStrengthReportingEnabled:false mIsCharging:false mIsScreenOn:truemIsRadioOntrue
07-23 14:57:52.510  2516  2516 D OplusNetworkPowerState: shouldSkipSignalStrengthReports feature not enable
07-23 14:57:53.623  1708  1738 D RtcMwi  : [0] onHandleRequest: request id 60527 is RFX_MSG_REQUEST_SET_WIFI_SIGNAL_LEVEL
07-23 14:57:53.637  1708  1738 D RtcMwi  : [0] onHandleResponse, handle RFX_MSG_REQUEST_SET_WIFI_SIGNAL_LEVEL
07-23 14:57:53.680  1708  1738 D RtcMwi  : [0] onHandleRequest: request id 60527 is RFX_MSG_REQUEST_SET_WIFI_SIGNAL_LEVEL
07-23 14:57:53.704  1708  1738 D RtcMwi  : [0] onHandleResponse, handle RFX_MSG_REQUEST_SET_WIFI_SIGNAL_LEVEL
07-23 14:57:53.763  1708  1738 D RtcMwi  : [0] onHandleRequest: request id 60527 is RFX_MSG_REQUEST_SET_WIFI_SIGNAL_LEVEL
07-23 14:57:53.773  1708  1738 D RtcMwi  : [0] onHandleResponse, handle RFX_MSG_REQUEST_SET_WIFI_SIGNAL_LEVEL
07-23 14:57:53.797  1708  1738 D RtcMwi  : [0] onHandleRequest: request id 60527 is RFX_MSG_REQUEST_SET_WIFI_SIGNAL_LEVEL
07-23 14:57:53.806  1708  1738 D RtcMwi  : [0] onHandleResponse, handle RFX_MSG_REQUEST_SET_WIFI_SIGNAL_LEVEL
07-23 14:57:55.114  1708  1738 D RtcMwi  : [0] onHandleRequest: request id 60527 is RFX_MSG_REQUEST_SET_WIFI_SIGNAL_LEVEL
07-23 14:57:55.129  1708  1738 D RtcMwi  : [0] onHandleResponse, handle RFX_MSG_REQUEST_SET_WIFI_SIGNAL_LEVEL
07-23 14:57:59.866  1708  1741 D RmcNwHdlr: [0] requestSignalStrength:sigRegisted[0000], sigUpdated[0X01]
07-23 14:57:59.866  1708  1741 D RmcNwHdlr: [0] handleSignalStrength, gsm_signal_strength: 17, gsm_bit_error_rate: 99, gsm_timing_advance: 2147483647, cdma_dbm: 2147483647, cdma_ecio: 2147483647, evdo_dbm: 2147483647, evdo_ecio: 2147483647, evdo_snr: 2147483647, lte_signal_strength: 99, lte_rsrp: 2147483647, lte_rsrq: 2147483647, lte_rssnr: 2147483647, lte_cqi: 2147483647, lte_timing_advance: 2147483647, tdscdma_signal_strength: 99, tdscdma_bit_error_rate: 99, tdscdma_rscp: 255, wcdma_signal_strength: 0, wcdma_bit_error_rate: 99, wcdma_scdma_rscp: 5, wcdma_ecno: 12, ssRsrp: 2147483647, ssRsrq: 2147483647, ssSinr: 2147483647, csiRsrp: 2147483647, csiRsrq: 2147483647, csiSinr: 2147483647
07-23 14:57:59.874  2516  2760 D OplusSignalSmooth/0: onSignalStrengthResultExt,oldSignalStrength:SignalStrength:{mCdma=CellSignalStrengthCdma: cdmaDbm=2147483647 cdmaEcio=2147483647 evdoDbm=2147483647 evdoEcio=2147483647 evdoSnr=2147483647 level=0,mGsm=CellSignalStrengthGsm: rssi=-77 ber=99 mTa=2147483647 mLevel=4,mWcdma=CellSignalStrengthWcdma: ss=2147483647 ber=2147483647 rscp=2147483647 ecno=2147483647 level=0,mTdscdma=CellSignalStrengthTdscdma: rssi=2147483647 ber=2147483647 rscp=2147483647 level=0,mLte=CellSignalStrengthLte: rssi=2147483647 rsrp=2147483647 rsrq=2147483647 rssnr=2147483647 cqiTableIndex=2147483647 cqi=2147483647 ta=2147483647 level=0 parametersUseForLevel=1,mNr=CellSignalStrengthNr:{ csiRsrp = 2147483647 csiRsrq = 2147483647 csiCqiTableIndex = 2147483647 csiCqiReport = [] ssRsrp = 2147483647 ssRsrq = 2147483647 ssSinr = 2147483647 level = 0 parametersUseForLevel = 1 timingAdvance = 2147483647 },primary=CellSignalStrengthGsm}
07-23 14:57:59.875  2516  2760 D OplusSignalSmooth/0: mOrigSignalStrength:SignalStrength:{mCdma=CellSignalStrengthCdma: cdmaDbm=2147483647 cdmaEcio=2147483647 evdoDbm=2147483647 evdoEcio=2147483647 evdoSnr=2147483647 level=0,mGsm=CellSignalStrengthGsm: rssi=-79 ber=99 mTa=2147483647 mLevel=4,mWcdma=CellSignalStrengthWcdma: ss=2147483647 ber=2147483647 rscp=2147483647 ecno=2147483647 level=0,mTdscdma=CellSignalStrengthTdscdma: rssi=2147483647 ber=2147483647 rscp=2147483647 level=0,mLte=CellSignalStrengthLte: rssi=2147483647 rsrp=2147483647 rsrq=2147483647 rssnr=2147483647 cqiTableIndex=2147483647 cqi=2147483647 ta=2147483647 level=0 parametersUseForLevel=1,mNr=CellSignalStrengthNr:{ csiRsrp = 2147483647 csiRsrq = 2147483647 csiCqiTableIndex = 2147483647 csiCqiReport = [] ssRsrp = 2147483647 ssRsrq = 2147483647 ssSinr = 2147483647 level = 0 parametersUseForLevel = 1 timingAdvance = 2147483647 },primary=CellSignalStrengthGsm}
07-23 14:57:59.875  2516  2760 D OplusSignalSmooth/0: no service fix signal...
07-23 14:57:59.897  2516  2760 D OplusSignalSmooth/0: notifySignalStrength, mSignalStrength: SignalStrength:{mCdma=CellSignalStrengthCdma: cdmaDbm=2147483647 cdmaEcio=2147483647 evdoDbm=2147483647 evdoEcio=2147483647 evdoSnr=2147483647 level=0,mGsm=CellSignalStrengthGsm: rssi=-79 ber=99 mTa=2147483647 mLevel=4,mWcdma=CellSignalStrengthWcdma: ss=2147483647 ber=2147483647 rscp=2147483647 ecno=2147483647 level=0,mTdscdma=CellSignalStrengthTdscdma: rssi=2147483647 ber=2147483647 rscp=2147483647 level=0,mLte=CellSignalStrengthLte: rssi=2147483647 rsrp=2147483647 rsrq=2147483647 rssnr=2147483647 cqiTableIndex=2147483647 cqi=2147483647 ta=2147483647 level=0 parametersUseForLevel=1,mNr=CellSignalStrengthNr:{ csiRsrp = 2147483647 csiRsrq = 2147483647 csiCqiTableIndex = 2147483647 csiCqiReport = [] ssRsrp = 2147483647 ssRsrq = 2147483647 ssSinr = 2147483647 level = 0 parametersUseForLevel = 1 timingAdvance = 2147483647 },primary=CellSignalStrengthGsm}
07-23 14:58:01.276  1708  1738 D RtcMwi  : [0] onHandleRequest: request id 60527 is RFX_MSG_REQUEST_SET_WIFI_SIGNAL_LEVEL
07-23 14:58:01.286  1708  1738 D RtcMwi  : [0] onHandleResponse, handle RFX_MSG_REQUEST_SET_WIFI_SIGNAL_LEVEL
07-23 14:58:09.291  1708  1741 D RmcNwHdlr: [0] requestSignalStrength:sigRegisted[0000], sigUpdated[0X01]
07-23 14:58:09.291  1708  1741 D RmcNwHdlr: [0] handleSignalStrength, gsm_signal_strength: 14, gsm_bit_error_rate: 99, gsm_timing_advance: 2147483647, cdma_dbm: 2147483647, cdma_ecio: 2147483647, evdo_dbm: 2147483647, evdo_ecio: 2147483647, evdo_snr: 2147483647, lte_signal_strength: 99, lte_rsrp: 2147483647, lte_rsrq: 2147483647, lte_rssnr: 2147483647, lte_cqi: 2147483647, lte_timing_advance: 2147483647, tdscdma_signal_strength: 99, tdscdma_bit_error_rate: 99, tdscdma_rscp: 255, wcdma_signal_strength: 0, wcdma_bit_error_rate: 99, wcdma_scdma_rscp: 5, wcdma_ecno: 12, ssRsrp: 2147483647, ssRsrq: 2147483647, ssSinr: 2147483647, csiRsrp: 2147483647, csiRsrq: 2147483647, csiSinr: 2147483647
07-23 14:58:09.299  2516  2760 D OplusSignalSmooth/0: onSignalStrengthResultExt,oldSignalStrength:SignalStrength:{mCdma=CellSignalStrengthCdma: cdmaDbm=2147483647 cdmaEcio=2147483647 evdoDbm=2147483647 evdoEcio=2147483647 evdoSnr=2147483647 level=0,mGsm=CellSignalStrengthGsm: rssi=-79 ber=99 mTa=2147483647 mLevel=4,mWcdma=CellSignalStrengthWcdma: ss=2147483647 ber=2147483647 rscp=2147483647 ecno=2147483647 level=0,mTdscdma=CellSignalStrengthTdscdma: rssi=2147483647 ber=2147483647 rscp=2147483647 level=0,mLte=CellSignalStrengthLte: rssi=2147483647 rsrp=2147483647 rsrq=2147483647 rssnr=2147483647 cqiTableIndex=2147483647 cqi=2147483647 ta=2147483647 level=0 parametersUseForLevel=1,mNr=CellSignalStrengthNr:{ csiRsrp = 2147483647 csiRsrq = 2147483647 csiCqiTableIndex = 2147483647 csiCqiReport = [] ssRsrp = 2147483647 ssRsrq = 2147483647 ssSinr = 2147483647 level = 0 parametersUseForLevel = 1 timingAdvance = 2147483647 },primary=CellSignalStrengthGsm}
07-23 14:58:09.299  2516  2760 D OplusSignalSmooth/0: mOrigSignalStrength:SignalStrength:{mCdma=CellSignalStrengthCdma: cdmaDbm=2147483647 cdmaEcio=2147483647 evdoDbm=2147483647 evdoEcio=2147483647 evdoSnr=2147483647 level=0,mGsm=CellSignalStrengthGsm: rssi=-85 ber=99 mTa=2147483647 mLevel=4,mWcdma=CellSignalStrengthWcdma: ss=2147483647 ber=2147483647 rscp=2147483647 ecno=2147483647 level=0,mTdscdma=CellSignalStrengthTdscdma: rssi=2147483647 ber=2147483647 rscp=2147483647 level=0,mLte=CellSignalStrengthLte: rssi=2147483647 rsrp=2147483647 rsrq=2147483647 rssnr=2147483647 cqiTableIndex=2147483647 cqi=2147483647 ta=2147483647 level=0 parametersUseForLevel=1,mNr=CellSignalStrengthNr:{ csiRsrp = 2147483647 csiRsrq = 2147483647 csiCqiTableIndex = 2147483647 csiCqiReport = [] ssRsrp = 2147483647 ssRsrq = 2147483647 ssSinr = 2147483647 level = 0 parametersUseForLevel = 1 timingAdvance = 2147483647 },primary=CellSignalStrengthGsm}
07-23 14:58:09.299  2516  2760 D OplusSignalSmooth/0: no service fix signal...
07-23 14:58:09.314  2516  2760 D OplusSignalSmooth/0: notifySignalStrength, mSignalStrength: SignalStrength:{mCdma=CellSignalStrengthCdma: cdmaDbm=2147483647 cdmaEcio=2147483647 evdoDbm=2147483647 evdoEcio=2147483647 evdoSnr=2147483647 level=0,mGsm=CellSignalStrengthGsm: rssi=-85 ber=99 mTa=2147483647 mLevel=4,mWcdma=CellSignalStrengthWcdma: ss=2147483647 ber=2147483647 rscp=2147483647 ecno=2147483647 level=0,mTdscdma=CellSignalStrengthTdscdma: rssi=2147483647 ber=2147483647 rscp=2147483647 level=0,mLte=CellSignalStrengthLte: rssi=2147483647 rsrp=2147483647 rsrq=2147483647 rssnr=2147483647 cqiTableIndex=2147483647 cqi=2147483647 ta=2147483647 level=0 parametersUseForLevel=1,mNr=CellSignalStrengthNr:{ csiRsrp = 2147483647 csiRsrq = 2147483647 csiCqiTableIndex = 2147483647 csiCqiReport = [] ssRsrp = 2147483647 ssRsrq = 2147483647 ssSinr = 2147483647 level = 0 parametersUseForLevel = 1 timingAdvance = 2147483647 },primary=CellSignalStrengthGsm}
07-23 14:58:15.224  2516  2516 D OplusSignalSmooth/0: oemOosDelayState should not delay oos
07-23 14:58:15.225  2516  2516 D OplusSignalSmooth/0: oemOosDelayState: mOosDelayState = 0, oldstate=0, mSimState = 1, isOos=true, isOosInVowifi:false, mRadioResetState = 0
07-23 14:58:19.642  1708  1741 D RmcNwHdlr: [0] requestSignalStrength:sigRegisted[0000], sigUpdated[0X01]
07-23 14:58:19.643  1708  1741 D RmcNwHdlr: [0] handleSignalStrength, gsm_signal_strength: 20, gsm_bit_error_rate: 99, gsm_timing_advance: 2147483647, cdma_dbm: 2147483647, cdma_ecio: 2147483647, evdo_dbm: 2147483647, evdo_ecio: 2147483647, evdo_snr: 2147483647, lte_signal_strength: 99, lte_rsrp: 2147483647, lte_rsrq: 2147483647, lte_rssnr: 2147483647, lte_cqi: 2147483647, lte_timing_advance: 2147483647, tdscdma_signal_strength: 99, tdscdma_bit_error_rate: 99, tdscdma_rscp: 255, wcdma_signal_strength: 0, wcdma_bit_error_rate: 99, wcdma_scdma_rscp: 5, wcdma_ecno: 12, ssRsrp: 2147483647, ssRsrq: 2147483647, ssSinr: 2147483647, csiRsrp: 2147483647, csiRsrq: 2147483647, csiSinr: 2147483647
07-23 14:58:19.656  2516  2760 D OplusSignalSmooth/0: onSignalStrengthResultExt,oldSignalStrength:SignalStrength:{mCdma=CellSignalStrengthCdma: cdmaDbm=2147483647 cdmaEcio=2147483647 evdoDbm=2147483647 evdoEcio=2147483647 evdoSnr=2147483647 level=0,mGsm=CellSignalStrengthGsm: rssi=-85 ber=99 mTa=2147483647 mLevel=4,mWcdma=CellSignalStrengthWcdma: ss=2147483647 ber=2147483647 rscp=2147483647 ecno=2147483647 level=0,mTdscdma=CellSignalStrengthTdscdma: rssi=2147483647 ber=2147483647 rscp=2147483647 level=0,mLte=CellSignalStrengthLte: rssi=2147483647 rsrp=2147483647 rsrq=2147483647 rssnr=2147483647 cqiTableIndex=2147483647 cqi=2147483647 ta=2147483647 level=0 parametersUseForLevel=1,mNr=CellSignalStrengthNr:{ csiRsrp = 2147483647 csiRsrq = 2147483647 csiCqiTableIndex = 2147483647 csiCqiReport = [] ssRsrp = 2147483647 ssRsrq = 2147483647 ssSinr = 2147483647 level = 0 parametersUseForLevel = 1 timingAdvance = 2147483647 },primary=CellSignalStrengthGsm}
07-23 14:58:19.657  2516  2760 D OplusSignalSmooth/0: mOrigSignalStrength:SignalStrength:{mCdma=CellSignalStrengthCdma: cdmaDbm=2147483647 cdmaEcio=2147483647 evdoDbm=2147483647 evdoEcio=2147483647 evdoSnr=2147483647 level=0,mGsm=CellSignalStrengthGsm: rssi=-73 ber=99 mTa=2147483647 mLevel=4,mWcdma=CellSignalStrengthWcdma: ss=2147483647 ber=2147483647 rscp=2147483647 ecno=2147483647 level=0,mTdscdma=CellSignalStrengthTdscdma: rssi=2147483647 ber=2147483647 rscp=2147483647 level=0,mLte=CellSignalStrengthLte: rssi=2147483647 rsrp=2147483647 rsrq=2147483647 rssnr=2147483647 cqiTableIndex=2147483647 cqi=2147483647 ta=2147483647 level=0 parametersUseForLevel=1,mNr=CellSignalStrengthNr:{ csiRsrp = 2147483647 csiRsrq = 2147483647 csiCqiTableIndex = 2147483647 csiCqiReport = [] ssRsrp = 2147483647 ssRsrq = 2147483647 ssSinr = 2147483647 level = 0 parametersUseForLevel = 1 timingAdvance = 2147483647 },primary=CellSignalStrengthGsm}
07-23 14:58:19.657  2516  2760 D OplusSignalSmooth/0: no service fix signal...
07-23 14:58:19.668  2516  2760 D OplusSignalSmooth/0: notifySignalStrength, mSignalStrength: SignalStrength:{mCdma=CellSignalStrengthCdma: cdmaDbm=2147483647 cdmaEcio=2147483647 evdoDbm=2147483647 evdoEcio=2147483647 evdoSnr=2147483647 level=0,mGsm=CellSignalStrengthGsm: rssi=-73 ber=99 mTa=2147483647 mLevel=4,mWcdma=CellSignalStrengthWcdma: ss=2147483647 ber=2147483647 rscp=2147483647 ecno=2147483647 level=0,mTdscdma=CellSignalStrengthTdscdma: rssi=2147483647 ber=2147483647 rscp=2147483647 level=0,mLte=CellSignalStrengthLte: rssi=2147483647 rsrp=2147483647 rsrq=2147483647 rssnr=2147483647 cqiTableIndex=2147483647 cqi=2147483647 ta=2147483647 level=0 parametersUseForLevel=1,mNr=CellSignalStrengthNr:{ csiRsrp = 2147483647 csiRsrq = 2147483647 csiCqiTableIndex = 2147483647 csiCqiReport = [] ssRsrp = 2147483647 ssRsrq = 2147483647 ssSinr = 2147483647 level = 0 parametersUseForLevel = 1 timingAdvance = 2147483647 },primary=CellSignalStrengthGsm}
07-23 14:58:29.679  2284  2437 V WindowManagerShell: Transition animation finished (aborted=false), notifying core (#286)android.os.BinderProxy@5848d9f@0
07-23 14:58:32.168  1835  6737 W ContentProviderHelper: Slow operation: 54ms so far, now at getContentProviderImpl: after updateOomAdj
07-23 14:58:33.116 16969 16969 W ContextImpl: Calling a method in the system process without a qualified user: android.app.ContextImpl.bindService:2032 android.content.ContextWrapper.bindService:871 androidx.room.MultiInstanceInvalidationClient.<init>:13 androidx.room.InvalidationTracker.startMultiInstanceInvalidation:2 androidx.room.RoomDatabase.init:35 
07-23 14:58:34.251  1835  1941 D OplusZoomWindowRUSConfigManager: isSupportZoomModeWithPolicyLocked: target = bin.mt.plus/.Main
07-23 14:58:34.251  1835  1941 D OplusZoomWindowRUSConfigManager: targetPkg = bin.mt.plus
07-23 14:58:34.368  1835  4005 D OplusTransitionController: onSyncFinishedDrawing, Window{e9416d6 u0 Splash Screen bin.mt.plus}
07-23 14:58:34.373  1835  1869 D ActivityTaskManager: onStartingWindowDrawn: wasTaskVisible=false, mStartingData=com.android.server.wm.SplashScreenStartingData@3c23044, finishing=false,mLaunchedFromBubble=false, mVisibleRequested=true, mDisplayContent=Display{#0 state=ON size=720x1612 ROTATION_0}, isZoomMode=false
07-23 14:58:34.376  1835  1869 D ActivityTaskManager: onStartingWindowDrawn: wasTaskVisible=true, mStartingData=com.android.server.wm.SplashScreenStartingData@3c23044, finishing=false,mLaunchedFromBubble=false, mVisibleRequested=true, mDisplayContent=Display{#0 state=ON size=720x1612 ROTATION_0}, isZoomMode=false
07-23 14:58:34.406  2284  2437 V WindowManagerShell:  try handler com.oplus.zoom.transition.ZoomTransitionController@59f5fa4
07-23 14:58:34.712  2284  2437 V WindowManagerShell: Transition animation finished (aborted=false), notifying core (#287)android.os.BinderProxy@b59bfe4@0
07-23 14:58:36.417  1835  3611 I ActivityManager: Process com.heytap.mcs.appservice (pid 17209) has died: cch+15 CEM 
07-23 14:58:36.536  1835  2498 I ActivityManager: Process com.coloros.weather.service (pid 16901) has died: cch+15 CEM 
07-23 14:58:36.566  1835  2549 I OplusAppSwitchManagerService: hanldeBinderDied
07-23 14:58:38.148  1835  1869 D ActivityTaskManager: onStartingWindowDrawn: wasTaskVisible=true, mStartingData=null, finishing=false,mLaunchedFromBubble=false, mVisibleRequested=true, mDisplayContent=Display{#0 state=ON size=720x1612 ROTATION_0}, isZoomMode=false
07-23 14:58:38.471  1835  1869 D ActivityTaskManager: onStartingWindowDrawn: wasTaskVisible=true, mStartingData=null, finishing=false,mLaunchedFromBubble=false, mVisibleRequested=true, mDisplayContent=Display{#0 state=ON size=720x1612 ROTATION_0}, isZoomMode=false
07-23 14:58:43.267   603 15654 I keystore2: system/security/keystore2/src/watchdog.rs:319 - Watchdog thread idle -> terminating. Have a great day.
07-23 14:58:44.644  1835  1941 W PackageManager: package com.google.android.gm uid 10150 pid 17587 call SetEnabledSetting(com.google.android.gm component = com.google.android.apps.dynamite.features.hub.navigation.RoomsActivity, 2, 0)
07-23 14:58:44.655  1835  1941 W PackageManager: package com.google.android.gm uid 10150 pid 17587 call SetEnabledSetting(com.google.android.gm component = com.google.android.libraries.communications.conference.ui.greenroom.GreenroomActivity, 1, 0)
07-23 14:58:44.837  1835  3076 W PackageManager: package com.google.android.gm uid 10150 pid 17587 call SetEnabledSetting(com.google.android.gm component = com.google.android.apps.dynamite.features.hub.navigation.RoomsActivity, 2, 0)
07-23 14:58:44.851  1835  5759 W PackageManager: package com.google.android.gm uid 10150 pid 17587 call SetEnabledSetting(com.google.android.gm component = com.google.android.libraries.communications.conference.ui.greenroom.GreenroomActivity, 1, 0)
07-23 14:58:44.881  1835  3228 W PackageManager: package com.google.android.gm uid 10150 pid 17587 call SetEnabledSetting(com.google.android.gm component = com.google.android.apps.dynamite.features.hub.navigation.RoomsActivity, 2, 0)
07-23 14:58:44.893  1835  3076 W PackageManager: package com.google.android.gm uid 10150 pid 17587 call SetEnabledSetting(com.google.android.gm component = com.google.android.libraries.communications.conference.ui.greenroom.GreenroomActivity, 1, 0)
07-23 14:58:50.201  1835  1998 W OplusZoomTaskController: notifySystemEvent event = 1
07-23 14:58:50.418  1835  1940 W OplusZoomTaskController: notifySystemEvent event = 1
07-23 14:58:50.419  1835  1940 D OplusZoomWindowManagerService: updateZoomStack: start home activity, just return 
07-23 14:58:51.068  1835  3611 W ActivityManager: Process 17735 does not match uid 10273 ignore setting hits oom adj
07-23 14:58:51.068  1835  3611 W ActivityManager: Process 17382 does not match uid 10151 ignore setting hits oom adj
07-23 14:58:51.068  1835  3611 W ActivityManager: Process 17375 does not match uid 10225 ignore setting hits oom adj
07-23 14:58:51.068  1835  3611 W ActivityManager: Process 15267 does not match uid 10063 ignore setting hits oom adj
07-23 14:58:51.075  1835  2482 W ActivityManager: Process 17970 does not match uid 10222 ignore setting hits oom adj
07-23 14:58:51.086  1835  2482 W ActivityManager: Process 17735 does not match uid 10273 ignore setting hits oom adj
07-23 14:58:51.086  1835  2482 W ActivityManager: Process 17382 does not match uid 10151 ignore setting hits oom adj
07-23 14:58:51.086  1835  2482 W ActivityManager: Process 17375 does not match uid 10225 ignore setting hits oom adj
07-23 14:58:51.116  1835  2482 W ActivityManager: Process 15267 does not match uid 10063 ignore setting hits oom adj
07-23 14:58:51.147  1835  3479 W ActivityManager: Process 17735 does not match uid 10273 ignore setting hits oom adj
07-23 14:58:51.147  1835  3479 W ActivityManager: Process 17382 does not match uid 10151 ignore setting hits oom adj
07-23 14:58:51.147  1835  3479 W ActivityManager: Process 17375 does not match uid 10225 ignore setting hits oom adj
07-23 14:58:51.147  1835  3479 W ActivityManager: Process 15267 does not match uid 10063 ignore setting hits oom adj
07-23 14:58:51.181  1835  1835 W ActivityManager: Process 17722 does not match uid 10287 ignore setting hits oom adj
07-23 14:58:51.183  1835  1835 W ActivityManager: Process 17735 does not match uid 10273 ignore setting hits oom adj
07-23 14:58:51.183  1835  1835 W ActivityManager: Process 17382 does not match uid 10151 ignore setting hits oom adj
07-23 14:58:51.183  1835  1835 W ActivityManager: Process 17375 does not match uid 10225 ignore setting hits oom adj
07-23 14:58:51.278  1835  2498 W ActivityManager: Process 15267 does not match uid 10063 ignore setting hits oom adj
07-23 14:58:51.287  1835  3611 W ActivityManager: Process 15267 does not match uid 10063 ignore setting hits oom adj
07-23 14:58:51.295  1835  6644 W ActivityManager: Process 17382 does not match uid 10151 ignore setting hits oom adj
07-23 14:58:51.366  1835  2482 W ActivityManager: Process 15267 does not match uid 10063 ignore setting hits oom adj
07-23 14:58:51.441  1835  3351 D OplusTransitionController: onSyncFinishedDrawing, Window{200fe2a u0 com.android.launcher/com.android.launcher.Launcher}
07-23 14:58:52.107  2284  2437 V WindowManagerShell: Transition animation finished (aborted=false), notifying core (#288)android.os.BinderProxy@31d71c7@0
07-23 14:58:52.455  1835  2511 W NotificationService: Toast already killed. pkg=zln.mossogb.wfs token=android.os.BinderProxy@3c760f0
07-23 14:58:53.381  1835  5644 D OplusTransitionController: onSyncFinishedDrawing, Window{315d8ac u0 SnapshotStartingWindow for taskId=99}
07-23 14:58:53.388  1835  1869 D ActivityTaskManager: onStartingWindowDrawn: wasTaskVisible=true, mStartingData=com.android.server.wm.SnapshotStartingData@959d975, finishing=false,mLaunchedFromBubble=false, mVisibleRequested=true, mDisplayContent=Display{#0 state=ON size=720x1612 ROTATION_0}, isZoomMode=false
07-23 14:58:53.391  1835  1869 D ActivityTaskManager: onStartingWindowDrawn: wasTaskVisible=true, mStartingData=com.android.server.wm.SnapshotStartingData@959d975, finishing=false,mLaunchedFromBubble=false, mVisibleRequested=true, mDisplayContent=Display{#0 state=ON size=720x1612 ROTATION_0}, isZoomMode=false
07-23 14:58:53.765  1835  1869 D ActivityTaskManager: onStartingWindowDrawn: wasTaskVisible=true, mStartingData=null, finishing=false,mLaunchedFromBubble=false, mVisibleRequested=true, mDisplayContent=Display{#0 state=ON size=720x1612 ROTATION_0}, isZoomMode=false
07-23 14:58:53.931  2284  2437 V WindowManagerShell: Transition animation finished (aborted=false), notifying core (#289)android.os.BinderProxy@8537c31@0
07-23 14:58:55.516  1835  2498 I ActivityManager: Process com.coloros.weather.service (pid 18440) has died: cch+5 CEM 
07-23 14:58:56.990  1835  1892 D BatteryStatsImplExtImpl: , modem=[activity:SettleObj{ what=LS date=07-23 14:57:35.411 duration=25023 screenOnRatio=0.00 screenOffRatio=100.00 power=72 current=8.78 networkType=null dataNetworkType=0 signalStrength=0 aodState=0 softAp=false charge=false simCount=0 defaultPhone=-1 apssSleepC=0 apssSleepRatio=0 mpssSleepC=0 mpssSleepRatio=0 vminSleepC=0 vminSleepRatio=0 modemPowermA[]=[0,0,0] sleepRatio=0 idleRatio=100.00 rxRatio=0 5gRxRatio=0 txSumRatio=0 mtkTxRatio[]=[0,0,0,0,0,0,0,0] mtk5gTxRatio[]=[0,0,0,0,0,0,0,0]5gTxSumRatio=0 rrcConn10sC[]=[0, 0] rrcConn20sC[]=[0, 0] rrcConnMore20sC[]=[0, 0] rrcConnC[]=[0, 0] csChangedC[]=[0, 0] psChangedC[]=[0, 0] nwSrchC[]=[0, 0] nwSrchRatio[]=[0,0] lteRrcConnRatio[]=[0,0] psRegRatio[]=[0,0] csRegRatio[]=[0,0] psNoRegRatio[]=[0,0] csNoRegRatio[]=[0,0] sigGrid0Ratio[]=[0,0] endcActRatio[]=[0,0] ccciWakeupC={} allWakeupC={} appInWakeupC={} appOutWakeupC={} appWakeupRatio={} appTrafficC={} saRrcConn10sC[]=[0, 0] saRrcConn20sC[]=[0, 0] saRrcConnMore20sC[]=[0, 0] saRrcConnC[]=[0, 0] saRrcConnRatio[]=[0,0] sigGridSim0Ratio[]=[0,0,0,0,0] sigGridSim1Ratio[]=[0,0,0,0,0] lteNrSigGridSim0Ratio[]=[0,0,0,0,0,0,0,0,0,0] lteNrSigGridSim1Ratio[]=[0,0,0,0,0,0,0,0,0,0] cellUpdateC[]=[0, 0] hoC[]=[0, 0] reselC[]=[0, 0] redirectC[]=[0, 0] iRatC[]=[0, 0] iRhoC[]=[0, 0] iRreselC[]=[0, 0] iRredirectC[]=[0, 0] luC[]=[0, 0] rauC[]=[0, 0] guC[]=[0, 0] lteTauC[]=[0, 0] lteAttachC[]=[0, 0] pdnConC[]=[0, 0] eRrcCauseSim0C[]=[0, 0, 0, 0, 0, 0, 0] eRrcCauseSim1C[]=[0, 0, 0, 0, 0, 0, 0] nRrcCauseSim0C[]=[0, 0, 0, 0, 0, 0, 0, 0, 0, 0] nRrcCauseSim1C[]=[0, 0, 0, 0, 0, 0, 0, 0, 0, 0] saRachC[]=[0, 0] saRlfC[]=[0, 0] saReestabC[]=[0, 0] mLteRrcConnRatio[]=[0,0] rrcConnC[]=[0, 0] lteCdrxCfgRatio[]=[0,0] lteCdrxActRatio[]=[0,0] eDlLayerSim0Ratio[]=[0,0,0,0] eDlLayerSim1Ratio[]=[0,0,0,0] lteCaRatio[]=[0,0] saRrcConnRatio[]=[0,0] endcActRatio[]=[0,0] saRrcConnC[]=[0, 0] nrCdrxCfgRatio[]=[0,0] nrCdrxActRatio[]=[0,0] nUlDlLayerSim0Ratio[]=[0,0,0,0,0,0,0,0] nUlDlLayerSim1Ratio[]=[0,0,0,0,0,0,0,0] nrCaRatio[]=[0,0] nBwpSim0Ratio[]=[0,0,0,0,0,0,0,0,0,0] nBwpSim1Ratio[]=[0,0,0,0,0,0,0,0,0,0] dsdsRatio[]=[0,0] drdsdsRatio[]=[0,0] dsdaRatio[]=[0,0] drdsdaRatio[]=[0,0] maxCCCfgT[]=[0, 0] maxCCCfgRatio[]=[0,0] maxCCSentC[]=[0, 0] maxMimoCfgT[]=[0, 0] maxMimoCfgRatio[]=[0,0] maxMimoSentC[]=[0, 0] releasePreferCfgT[]=[0, 0] releasePreferCfgRatio[]=[0,0] release2IdleSentC[]=[0, 0] release2OutOfConnectSentC[]=[0, 0] releaseSentC[]=[0, 0] wusCfgT[]=[0, 0] wusCfgRatio[]=[0,0] wus0CfgC[]=[0, 0] wus1fgC[]=[0, 0] skipUlTxCfgT[]=[0, 0] skipUlTxCfgRatio[]=[0,0] skipUlDyTxC[]=[0, 0] plmnSearchT[]=[0, 0] lteBgSearchT[]=[0, 0] nrBgSearchT[]=[0, 0]}]
07-23 14:58:57.302  1708  1741 D RmcNwHdlr: [0] requestSignalStrength:sigRegisted[0000], sigUpdated[0X01]
07-23 14:58:57.317  1708  1741 D RmcNwHdlr: [0] handleSignalStrength, gsm_signal_strength: 19, gsm_bit_error_rate: 99, gsm_timing_advance: 2147483647, cdma_dbm: 2147483647, cdma_ecio: 2147483647, evdo_dbm: 2147483647, evdo_ecio: 2147483647, evdo_snr: 2147483647, lte_signal_strength: 99, lte_rsrp: 2147483647, lte_rsrq: 2147483647, lte_rssnr: 2147483647, lte_cqi: 2147483647, lte_timing_advance: 2147483647, tdscdma_signal_strength: 99, tdscdma_bit_error_rate: 99, tdscdma_rscp: 255, wcdma_signal_strength: 0, wcdma_bit_error_rate: 99, wcdma_scdma_rscp: 5, wcdma_ecno: 12, ssRsrp: 2147483647, ssRsrq: 2147483647, ssSinr: 2147483647, csiRsrp: 2147483647, csiRsrq: 2147483647, csiSinr: 2147483647
