07-23 07:55:40.261  2516  2760 D OplusSignalSmooth/0: mOrigSignalStrength:SignalStrength:{mCdma=CellSignalStrengthCdma: cdmaDbm=2147483647 cdmaEcio=2147483647 evdoDbm=2147483647 evdoEcio=2147483647 evdoSnr=2147483647 level=0,mGsm=CellSignalStrengthGsm: rssi=-75 ber=99 mTa=2147483647 mLevel=4,mWcdma=CellSignalStrengthWcdma: ss=2147483647 ber=2147483647 rscp=2147483647 ecno=2147483647 level=0,mTdscdma=CellSignalStrengthTdscdma: rssi=2147483647 ber=2147483647 rscp=2147483647 level=0,mLte=CellSignalStrengthLte: rssi=2147483647 rsrp=2147483647 rsrq=2147483647 rssnr=2147483647 cqiTableIndex=2147483647 cqi=2147483647 ta=2147483647 level=0 parametersUseForLevel=1,mNr=CellSignalStrengthNr:{ csiRsrp = 2147483647 csiRsrq = 2147483647 csiCqiTableIndex = 2147483647 csiCqiReport = [] ssRsrp = 2147483647 ssRsrq = 2147483647 ssSinr = 2147483647 level = 0 parametersUseForLevel = 1 timingAdvance = 2147483647 },primary=CellSignalStrengthGsm}
07-23 07:55:40.261  2516  2760 D OplusSignalSmooth/0: no service fix signal...
07-23 07:55:40.268  2516  2760 D OplusSignalSmooth/0: notifySignalStrength, mSignalStrength: SignalStrength:{mCdma=CellSignalStrengthCdma: cdmaDbm=2147483647 cdmaEcio=2147483647 evdoDbm=2147483647 evdoEcio=2147483647 evdoSnr=2147483647 level=0,mGsm=CellSignalStrengthGsm: rssi=-75 ber=99 mTa=2147483647 mLevel=4,mWcdma=CellSignalStrengthWcdma: ss=2147483647 ber=2147483647 rscp=2147483647 ecno=2147483647 level=0,mTdscdma=CellSignalStrengthTdscdma: rssi=2147483647 ber=2147483647 rscp=2147483647 level=0,mLte=CellSignalStrengthLte: rssi=2147483647 rsrp=2147483647 rsrq=2147483647 rssnr=2147483647 cqiTableIndex=2147483647 cqi=2147483647 ta=2147483647 level=0 parametersUseForLevel=1,mNr=CellSignalStrengthNr:{ csiRsrp = 2147483647 csiRsrq = 2147483647 csiCqiTableIndex = 2147483647 csiCqiReport = [] ssRsrp = 2147483647 ssRsrq = 2147483647 ssSinr = 2147483647 level = 0 parametersUseForLevel = 1 timingAdvance = 2147483647 },primary=CellSignalStrengthGsm}
07-23 07:55:49.649  1708  1741 D RmcNwHdlr: [0] requestSignalStrength:sigRegisted[0000], sigUpdated[0X01]
07-23 07:55:49.649  1708  1741 D RmcNwHdlr: [0] handleSignalStrength, gsm_signal_strength: 18, gsm_bit_error_rate: 99, gsm_timing_advance: 2147483647, cdma_dbm: 2147483647, cdma_ecio: 2147483647, evdo_dbm: 2147483647, evdo_ecio: 2147483647, evdo_snr: 2147483647, lte_signal_strength: 99, lte_rsrp: 2147483647, lte_rsrq: 2147483647, lte_rssnr: 2147483647, lte_cqi: 2147483647, lte_timing_advance: 2147483647, tdscdma_signal_strength: 99, tdscdma_bit_error_rate: 99, tdscdma_rscp: 255, wcdma_signal_strength: 0, wcdma_bit_error_rate: 99, wcdma_scdma_rscp: 5, wcdma_ecno: 12, ssRsrp: 2147483647, ssRsrq: 2147483647, ssSinr: 2147483647, csiRsrp: 2147483647, csiRsrq: 2147483647, csiSinr: 2147483647
07-23 07:55:49.661  2516  2760 D OplusSignalSmooth/0: onSignalStrengthResultExt,oldSignalStrength:SignalStrength:{mCdma=CellSignalStrengthCdma: cdmaDbm=2147483647 cdmaEcio=2147483647 evdoDbm=2147483647 evdoEcio=2147483647 evdoSnr=2147483647 level=0,mGsm=CellSignalStrengthGsm: rssi=-75 ber=99 mTa=2147483647 mLevel=4,mWcdma=CellSignalStrengthWcdma: ss=2147483647 ber=2147483647 rscp=2147483647 ecno=2147483647 level=0,mTdscdma=CellSignalStrengthTdscdma: rssi=2147483647 ber=2147483647 rscp=2147483647 level=0,mLte=CellSignalStrengthLte: rssi=2147483647 rsrp=2147483647 rsrq=2147483647 rssnr=2147483647 cqiTableIndex=2147483647 cqi=2147483647 ta=2147483647 level=0 parametersUseForLevel=1,mNr=CellSignalStrengthNr:{ csiRsrp = 2147483647 csiRsrq = 2147483647 csiCqiTableIndex = 2147483647 csiCqiReport = [] ssRsrp = 2147483647 ssRsrq = 2147483647 ssSinr = 2147483647 level = 0 parametersUseForLevel = 1 timingAdvance = 2147483647 },primary=CellSignalStrengthGsm}
07-23 07:55:49.662  2516  2760 D OplusSignalSmooth/0: mOrigSignalStrength:SignalStrength:{mCdma=CellSignalStrengthCdma: cdmaDbm=2147483647 cdmaEcio=2147483647 evdoDbm=2147483647 evdoEcio=2147483647 evdoSnr=2147483647 level=0,mGsm=CellSignalStrengthGsm: rssi=-77 ber=99 mTa=2147483647 mLevel=4,mWcdma=CellSignalStrengthWcdma: ss=2147483647 ber=2147483647 rscp=2147483647 ecno=2147483647 level=0,mTdscdma=CellSignalStrengthTdscdma: rssi=2147483647 ber=2147483647 rscp=2147483647 level=0,mLte=CellSignalStrengthLte: rssi=2147483647 rsrp=2147483647 rsrq=2147483647 rssnr=2147483647 cqiTableIndex=2147483647 cqi=2147483647 ta=2147483647 level=0 parametersUseForLevel=1,mNr=CellSignalStrengthNr:{ csiRsrp = 2147483647 csiRsrq = 2147483647 csiCqiTableIndex = 2147483647 csiCqiReport = [] ssRsrp = 2147483647 ssRsrq = 2147483647 ssSinr = 2147483647 level = 0 parametersUseForLevel = 1 timingAdvance = 2147483647 },primary=CellSignalStrengthGsm}
07-23 07:55:49.662  2516  2760 D OplusSignalSmooth/0: no service fix signal...
07-23 07:55:49.664  2516  2760 D OplusSignalSmooth/0: notifySignalStrength, mSignalStrength: SignalStrength:{mCdma=CellSignalStrengthCdma: cdmaDbm=2147483647 cdmaEcio=2147483647 evdoDbm=2147483647 evdoEcio=2147483647 evdoSnr=2147483647 level=0,mGsm=CellSignalStrengthGsm: rssi=-77 ber=99 mTa=2147483647 mLevel=4,mWcdma=CellSignalStrengthWcdma: ss=2147483647 ber=2147483647 rscp=2147483647 ecno=2147483647 level=0,mTdscdma=CellSignalStrengthTdscdma: rssi=2147483647 ber=2147483647 rscp=2147483647 level=0,mLte=CellSignalStrengthLte: rssi=2147483647 rsrp=2147483647 rsrq=2147483647 rssnr=2147483647 cqiTableIndex=2147483647 cqi=2147483647 ta=2147483647 level=0 parametersUseForLevel=1,mNr=CellSignalStrengthNr:{ csiRsrp = 2147483647 csiRsrq = 2147483647 csiCqiTableIndex = 2147483647 csiCqiReport = [] ssRsrp = 2147483647 ssRsrq = 2147483647 ssSinr = 2147483647 level = 0 parametersUseForLevel = 1 timingAdvance = 2147483647 },primary=CellSignalStrengthGsm}
07-23 07:55:59.063  1708  1741 D RmcNwHdlr: [0] requestSignalStrength:sigRegisted[0000], sigUpdated[0X01]
07-23 07:55:59.063  1708  1741 D RmcNwHdlr: [0] handleSignalStrength, gsm_signal_strength: 22, gsm_bit_error_rate: 99, gsm_timing_advance: 2147483647, cdma_dbm: 2147483647, cdma_ecio: 2147483647, evdo_dbm: 2147483647, evdo_ecio: 2147483647, evdo_snr: 2147483647, lte_signal_strength: 99, lte_rsrp: 2147483647, lte_rsrq: 2147483647, lte_rssnr: 2147483647, lte_cqi: 2147483647, lte_timing_advance: 2147483647, tdscdma_signal_strength: 99, tdscdma_bit_error_rate: 99, tdscdma_rscp: 255, wcdma_signal_strength: 0, wcdma_bit_error_rate: 99, wcdma_scdma_rscp: 5, wcdma_ecno: 12, ssRsrp: 2147483647, ssRsrq: 2147483647, ssSinr: 2147483647, csiRsrp: 2147483647, csiRsrq: 2147483647, csiSinr: 2147483647
07-23 07:55:59.066  2516  2760 D OplusSignalSmooth/0: onSignalStrengthResultExt,oldSignalStrength:SignalStrength:{mCdma=CellSignalStrengthCdma: cdmaDbm=2147483647 cdmaEcio=2147483647 evdoDbm=2147483647 evdoEcio=2147483647 evdoSnr=2147483647 level=0,mGsm=CellSignalStrengthGsm: rssi=-77 ber=99 mTa=2147483647 mLevel=4,mWcdma=CellSignalStrengthWcdma: ss=2147483647 ber=2147483647 rscp=2147483647 ecno=2147483647 level=0,mTdscdma=CellSignalStrengthTdscdma: rssi=2147483647 ber=2147483647 rscp=2147483647 level=0,mLte=CellSignalStrengthLte: rssi=2147483647 rsrp=2147483647 rsrq=2147483647 rssnr=2147483647 cqiTableIndex=2147483647 cqi=2147483647 ta=2147483647 level=0 parametersUseForLevel=1,mNr=CellSignalStrengthNr:{ csiRsrp = 2147483647 csiRsrq = 2147483647 csiCqiTableIndex = 2147483647 csiCqiReport = [] ssRsrp = 2147483647 ssRsrq = 2147483647 ssSinr = 2147483647 level = 0 parametersUseForLevel = 1 timingAdvance = 2147483647 },primary=CellSignalStrengthGsm}
07-23 07:55:59.066  2516  2760 D OplusSignalSmooth/0: mOrigSignalStrength:SignalStrength:{mCdma=CellSignalStrengthCdma: cdmaDbm=2147483647 cdmaEcio=2147483647 evdoDbm=2147483647 evdoEcio=2147483647 evdoSnr=2147483647 level=0,mGsm=CellSignalStrengthGsm: rssi=-69 ber=99 mTa=2147483647 mLevel=4,mWcdma=CellSignalStrengthWcdma: ss=2147483647 ber=2147483647 rscp=2147483647 ecno=2147483647 level=0,mTdscdma=CellSignalStrengthTdscdma: rssi=2147483647 ber=2147483647 rscp=2147483647 level=0,mLte=CellSignalStrengthLte: rssi=2147483647 rsrp=2147483647 rsrq=2147483647 rssnr=2147483647 cqiTableIndex=2147483647 cqi=2147483647 ta=2147483647 level=0 parametersUseForLevel=1,mNr=CellSignalStrengthNr:{ csiRsrp = 2147483647 csiRsrq = 2147483647 csiCqiTableIndex = 2147483647 csiCqiReport = [] ssRsrp = 2147483647 ssRsrq = 2147483647 ssSinr = 2147483647 level = 0 parametersUseForLevel = 1 timingAdvance = 2147483647 },primary=CellSignalStrengthGsm}
07-23 07:55:59.066  2516  2760 D OplusSignalSmooth/0: no service fix signal...
07-23 07:55:59.072  2516  2760 D OplusSignalSmooth/0: notifySignalStrength, mSignalStrength: SignalStrength:{mCdma=CellSignalStrengthCdma: cdmaDbm=2147483647 cdmaEcio=2147483647 evdoDbm=2147483647 evdoEcio=2147483647 evdoSnr=2147483647 level=0,mGsm=CellSignalStrengthGsm: rssi=-69 ber=99 mTa=2147483647 mLevel=4,mWcdma=CellSignalStrengthWcdma: ss=2147483647 ber=2147483647 rscp=2147483647 ecno=2147483647 level=0,mTdscdma=CellSignalStrengthTdscdma: rssi=2147483647 ber=2147483647 rscp=2147483647 level=0,mLte=CellSignalStrengthLte: rssi=2147483647 rsrp=2147483647 rsrq=2147483647 rssnr=2147483647 cqiTableIndex=2147483647 cqi=2147483647 ta=2147483647 level=0 parametersUseForLevel=1,mNr=CellSignalStrengthNr:{ csiRsrp = 2147483647 csiRsrq = 2147483647 csiCqiTableIndex = 2147483647 csiCqiReport = [] ssRsrp = 2147483647 ssRsrq = 2147483647 ssSinr = 2147483647 level = 0 parametersUseForLevel = 1 timingAdvance = 2147483647 },primary=CellSignalStrengthGsm}
07-23 07:56:08.493  1708  1741 D RmcNwHdlr: [0] requestSignalStrength:sigRegisted[0000], sigUpdated[0X01]
07-23 07:56:08.493  1708  1741 D RmcNwHdlr: [0] handleSignalStrength, gsm_signal_strength: 23, gsm_bit_error_rate: 99, gsm_timing_advance: 2147483647, cdma_dbm: 2147483647, cdma_ecio: 2147483647, evdo_dbm: 2147483647, evdo_ecio: 2147483647, evdo_snr: 2147483647, lte_signal_strength: 99, lte_rsrp: 2147483647, lte_rsrq: 2147483647, lte_rssnr: 2147483647, lte_cqi: 2147483647, lte_timing_advance: 2147483647, tdscdma_signal_strength: 99, tdscdma_bit_error_rate: 99, tdscdma_rscp: 255, wcdma_signal_strength: 0, wcdma_bit_error_rate: 99, wcdma_scdma_rscp: 5, wcdma_ecno: 12, ssRsrp: 2147483647, ssRsrq: 2147483647, ssSinr: 2147483647, csiRsrp: 2147483647, csiRsrq: 2147483647, csiSinr: 2147483647
07-23 07:56:08.505  2516  2760 D OplusSignalSmooth/0: onSignalStrengthResultExt,oldSignalStrength:SignalStrength:{mCdma=CellSignalStrengthCdma: cdmaDbm=2147483647 cdmaEcio=2147483647 evdoDbm=2147483647 evdoEcio=2147483647 evdoSnr=2147483647 level=0,mGsm=CellSignalStrengthGsm: rssi=-69 ber=99 mTa=2147483647 mLevel=4,mWcdma=CellSignalStrengthWcdma: ss=2147483647 ber=2147483647 rscp=2147483647 ecno=2147483647 level=0,mTdscdma=CellSignalStrengthTdscdma: rssi=2147483647 ber=2147483647 rscp=2147483647 level=0,mLte=CellSignalStrengthLte: rssi=2147483647 rsrp=2147483647 rsrq=2147483647 rssnr=2147483647 cqiTableIndex=2147483647 cqi=2147483647 ta=2147483647 level=0 parametersUseForLevel=1,mNr=CellSignalStrengthNr:{ csiRsrp = 2147483647 csiRsrq = 2147483647 csiCqiTableIndex = 2147483647 csiCqiReport = [] ssRsrp = 2147483647 ssRsrq = 2147483647 ssSinr = 2147483647 level = 0 parametersUseForLevel = 1 timingAdvance = 2147483647 },primary=CellSignalStrengthGsm}
07-23 07:56:08.505  2516  2760 D OplusSignalSmooth/0: mOrigSignalStrength:SignalStrength:{mCdma=CellSignalStrengthCdma: cdmaDbm=2147483647 cdmaEcio=2147483647 evdoDbm=2147483647 evdoEcio=2147483647 evdoSnr=2147483647 level=0,mGsm=CellSignalStrengthGsm: rssi=-67 ber=99 mTa=2147483647 mLevel=4,mWcdma=CellSignalStrengthWcdma: ss=2147483647 ber=2147483647 rscp=2147483647 ecno=2147483647 level=0,mTdscdma=CellSignalStrengthTdscdma: rssi=2147483647 ber=2147483647 rscp=2147483647 level=0,mLte=CellSignalStrengthLte: rssi=2147483647 rsrp=2147483647 rsrq=2147483647 rssnr=2147483647 cqiTableIndex=2147483647 cqi=2147483647 ta=2147483647 level=0 parametersUseForLevel=1,mNr=CellSignalStrengthNr:{ csiRsrp = 2147483647 csiRsrq = 2147483647 csiCqiTableIndex = 2147483647 csiCqiReport = [] ssRsrp = 2147483647 ssRsrq = 2147483647 ssSinr = 2147483647 level = 0 parametersUseForLevel = 1 timingAdvance = 2147483647 },primary=CellSignalStrengthGsm}
07-23 07:56:08.505  2516  2760 D OplusSignalSmooth/0: no service fix signal...
07-23 07:56:08.533  2516  2760 D OplusSignalSmooth/0: notifySignalStrength, mSignalStrength: SignalStrength:{mCdma=CellSignalStrengthCdma: cdmaDbm=2147483647 cdmaEcio=2147483647 evdoDbm=2147483647 evdoEcio=2147483647 evdoSnr=2147483647 level=0,mGsm=CellSignalStrengthGsm: rssi=-67 ber=99 mTa=2147483647 mLevel=4,mWcdma=CellSignalStrengthWcdma: ss=2147483647 ber=2147483647 rscp=2147483647 ecno=2147483647 level=0,mTdscdma=CellSignalStrengthTdscdma: rssi=2147483647 ber=2147483647 rscp=2147483647 level=0,mLte=CellSignalStrengthLte: rssi=2147483647 rsrp=2147483647 rsrq=2147483647 rssnr=2147483647 cqiTableIndex=2147483647 cqi=2147483647 ta=2147483647 level=0 parametersUseForLevel=1,mNr=CellSignalStrengthNr:{ csiRsrp = 2147483647 csiRsrq = 2147483647 csiCqiTableIndex = 2147483647 csiCqiReport = [] ssRsrp = 2147483647 ssRsrq = 2147483647 ssSinr = 2147483647 level = 0 parametersUseForLevel = 1 timingAdvance = 2147483647 },primary=CellSignalStrengthGsm}
07-23 07:56:17.895  1708  1741 D RmcNwHdlr: [0] requestSignalStrength:sigRegisted[0000], sigUpdated[0X01]
07-23 07:56:17.895  1708  1741 D RmcNwHdlr: [0] handleSignalStrength, gsm_signal_strength: 22, gsm_bit_error_rate: 99, gsm_timing_advance: 2147483647, cdma_dbm: 2147483647, cdma_ecio: 2147483647, evdo_dbm: 2147483647, evdo_ecio: 2147483647, evdo_snr: 2147483647, lte_signal_strength: 99, lte_rsrp: 2147483647, lte_rsrq: 2147483647, lte_rssnr: 2147483647, lte_cqi: 2147483647, lte_timing_advance: 2147483647, tdscdma_signal_strength: 99, tdscdma_bit_error_rate: 99, tdscdma_rscp: 255, wcdma_signal_strength: 0, wcdma_bit_error_rate: 99, wcdma_scdma_rscp: 5, wcdma_ecno: 12, ssRsrp: 2147483647, ssRsrq: 2147483647, ssSinr: 2147483647, csiRsrp: 2147483647, csiRsrq: 2147483647, csiSinr: 2147483647
07-23 07:56:17.903  2516  2760 D OplusSignalSmooth/0: onSignalStrengthResultExt,oldSignalStrength:SignalStrength:{mCdma=CellSignalStrengthCdma: cdmaDbm=2147483647 cdmaEcio=2147483647 evdoDbm=2147483647 evdoEcio=2147483647 evdoSnr=2147483647 level=0,mGsm=CellSignalStrengthGsm: rssi=-67 ber=99 mTa=2147483647 mLevel=4,mWcdma=CellSignalStrengthWcdma: ss=2147483647 ber=2147483647 rscp=2147483647 ecno=2147483647 level=0,mTdscdma=CellSignalStrengthTdscdma: rssi=2147483647 ber=2147483647 rscp=2147483647 level=0,mLte=CellSignalStrengthLte: rssi=2147483647 rsrp=2147483647 rsrq=2147483647 rssnr=2147483647 cqiTableIndex=2147483647 cqi=2147483647 ta=2147483647 level=0 parametersUseForLevel=1,mNr=CellSignalStrengthNr:{ csiRsrp = 2147483647 csiRsrq = 2147483647 csiCqiTableIndex = 2147483647 csiCqiReport = [] ssRsrp = 2147483647 ssRsrq = 2147483647 ssSinr = 2147483647 level = 0 parametersUseForLevel = 1 timingAdvance = 2147483647 },primary=CellSignalStrengthGsm}
07-23 07:56:17.917  2516  2760 D OplusSignalSmooth/0: mOrigSignalStrength:SignalStrength:{mCdma=CellSignalStrengthCdma: cdmaDbm=2147483647 cdmaEcio=2147483647 evdoDbm=2147483647 evdoEcio=2147483647 evdoSnr=2147483647 level=0,mGsm=CellSignalStrengthGsm: rssi=-69 ber=99 mTa=2147483647 mLevel=4,mWcdma=CellSignalStrengthWcdma: ss=2147483647 ber=2147483647 rscp=2147483647 ecno=2147483647 level=0,mTdscdma=CellSignalStrengthTdscdma: rssi=2147483647 ber=2147483647 rscp=2147483647 level=0,mLte=CellSignalStrengthLte: rssi=2147483647 rsrp=2147483647 rsrq=2147483647 rssnr=2147483647 cqiTableIndex=2147483647 cqi=2147483647 ta=2147483647 level=0 parametersUseForLevel=1,mNr=CellSignalStrengthNr:{ csiRsrp = 2147483647 csiRsrq = 2147483647 csiCqiTableIndex = 2147483647 csiCqiReport = [] ssRsrp = 2147483647 ssRsrq = 2147483647 ssSinr = 2147483647 level = 0 parametersUseForLevel = 1 timingAdvance = 2147483647 },primary=CellSignalStrengthGsm}
07-23 07:56:17.918  2516  2760 D OplusSignalSmooth/0: no service fix signal...
07-23 07:56:17.934  2516  2760 D OplusSignalSmooth/0: notifySignalStrength, mSignalStrength: SignalStrength:{mCdma=CellSignalStrengthCdma: cdmaDbm=2147483647 cdmaEcio=2147483647 evdoDbm=2147483647 evdoEcio=2147483647 evdoSnr=2147483647 level=0,mGsm=CellSignalStrengthGsm: rssi=-69 ber=99 mTa=2147483647 mLevel=4,mWcdma=CellSignalStrengthWcdma: ss=2147483647 ber=2147483647 rscp=2147483647 ecno=2147483647 level=0,mTdscdma=CellSignalStrengthTdscdma: rssi=2147483647 ber=2147483647 rscp=2147483647 level=0,mLte=CellSignalStrengthLte: rssi=2147483647 rsrp=2147483647 rsrq=2147483647 rssnr=2147483647 cqiTableIndex=2147483647 cqi=2147483647 ta=2147483647 level=0 parametersUseForLevel=1,mNr=CellSignalStrengthNr:{ csiRsrp = 2147483647 csiRsrq = 2147483647 csiCqiTableIndex = 2147483647 csiCqiReport = [] ssRsrp = 2147483647 ssRsrq = 2147483647 ssSinr = 2147483647 level = 0 parametersUseForLevel = 1 timingAdvance = 2147483647 },primary=CellSignalStrengthGsm}
07-23 07:56:36.728  1708  1741 D RmcNwHdlr: [0] requestSignalStrength:sigRegisted[0000], sigUpdated[0X01]
07-23 07:56:36.729  1708  1741 D RmcNwHdlr: [0] handleSignalStrength, gsm_signal_strength: 16, gsm_bit_error_rate: 99, gsm_timing_advance: 2147483647, cdma_dbm: 2147483647, cdma_ecio: 2147483647, evdo_dbm: 2147483647, evdo_ecio: 2147483647, evdo_snr: 2147483647, lte_signal_strength: 99, lte_rsrp: 2147483647, lte_rsrq: 2147483647, lte_rssnr: 2147483647, lte_cqi: 2147483647, lte_timing_advance: 2147483647, tdscdma_signal_strength: 99, tdscdma_bit_error_rate: 99, tdscdma_rscp: 255, wcdma_signal_strength: 0, wcdma_bit_error_rate: 99, wcdma_scdma_rscp: 5, wcdma_ecno: 12, ssRsrp: 2147483647, ssRsrq: 2147483647, ssSinr: 2147483647, csiRsrp: 2147483647, csiRsrq: 2147483647, csiSinr: 2147483647
07-23 07:56:36.776  2516  2760 D OplusSignalSmooth/0: onSignalStrengthResultExt,oldSignalStrength:SignalStrength:{mCdma=CellSignalStrengthCdma: cdmaDbm=2147483647 cdmaEcio=2147483647 evdoDbm=2147483647 evdoEcio=2147483647 evdoSnr=2147483647 level=0,mGsm=CellSignalStrengthGsm: rssi=-69 ber=99 mTa=2147483647 mLevel=4,mWcdma=CellSignalStrengthWcdma: ss=2147483647 ber=2147483647 rscp=2147483647 ecno=2147483647 level=0,mTdscdma=CellSignalStrengthTdscdma: rssi=2147483647 ber=2147483647 rscp=2147483647 level=0,mLte=CellSignalStrengthLte: rssi=2147483647 rsrp=2147483647 rsrq=2147483647 rssnr=2147483647 cqiTableIndex=2147483647 cqi=2147483647 ta=2147483647 level=0 parametersUseForLevel=1,mNr=CellSignalStrengthNr:{ csiRsrp = 2147483647 csiRsrq = 2147483647 csiCqiTableIndex = 2147483647 csiCqiReport = [] ssRsrp = 2147483647 ssRsrq = 2147483647 ssSinr = 2147483647 level = 0 parametersUseForLevel = 1 timingAdvance = 2147483647 },primary=CellSignalStrengthGsm}
07-23 07:56:36.776  2516  2760 D OplusSignalSmooth/0: mOrigSignalStrength:SignalStrength:{mCdma=CellSignalStrengthCdma: cdmaDbm=2147483647 cdmaEcio=2147483647 evdoDbm=2147483647 evdoEcio=2147483647 evdoSnr=2147483647 level=0,mGsm=CellSignalStrengthGsm: rssi=-81 ber=99 mTa=2147483647 mLevel=4,mWcdma=CellSignalStrengthWcdma: ss=2147483647 ber=2147483647 rscp=2147483647 ecno=2147483647 level=0,mTdscdma=CellSignalStrengthTdscdma: rssi=2147483647 ber=2147483647 rscp=2147483647 level=0,mLte=CellSignalStrengthLte: rssi=2147483647 rsrp=2147483647 rsrq=2147483647 rssnr=2147483647 cqiTableIndex=2147483647 cqi=2147483647 ta=2147483647 level=0 parametersUseForLevel=1,mNr=CellSignalStrengthNr:{ csiRsrp = 2147483647 csiRsrq = 2147483647 csiCqiTableIndex = 2147483647 csiCqiReport = [] ssRsrp = 2147483647 ssRsrq = 2147483647 ssSinr = 2147483647 level = 0 parametersUseForLevel = 1 timingAdvance = 2147483647 },primary=CellSignalStrengthGsm}
07-23 07:56:36.776  2516  2760 D OplusSignalSmooth/0: no service fix signal...
07-23 07:56:36.780  2516  2760 D OplusSignalSmooth/0: notifySignalStrength, mSignalStrength: SignalStrength:{mCdma=CellSignalStrengthCdma: cdmaDbm=2147483647 cdmaEcio=2147483647 evdoDbm=2147483647 evdoEcio=2147483647 evdoSnr=2147483647 level=0,mGsm=CellSignalStrengthGsm: rssi=-81 ber=99 mTa=2147483647 mLevel=4,mWcdma=CellSignalStrengthWcdma: ss=2147483647 ber=2147483647 rscp=2147483647 ecno=2147483647 level=0,mTdscdma=CellSignalStrengthTdscdma: rssi=2147483647 ber=2147483647 rscp=2147483647 level=0,mLte=CellSignalStrengthLte: rssi=2147483647 rsrp=2147483647 rsrq=2147483647 rssnr=2147483647 cqiTableIndex=2147483647 cqi=2147483647 ta=2147483647 level=0 parametersUseForLevel=1,mNr=CellSignalStrengthNr:{ csiRsrp = 2147483647 csiRsrq = 2147483647 csiCqiTableIndex = 2147483647 csiCqiReport = [] ssRsrp = 2147483647 ssRsrq = 2147483647 ssSinr = 2147483647 level = 0 parametersUseForLevel = 1 timingAdvance = 2147483647 },primary=CellSignalStrengthGsm}
07-23 07:56:46.141  1708  1741 D RmcNwHdlr: [0] requestSignalStrength:sigRegisted[0000], sigUpdated[0X01]
07-23 07:56:46.141  1708  1741 D RmcNwHdlr: [0] handleSignalStrength, gsm_signal_strength: 17, gsm_bit_error_rate: 99, gsm_timing_advance: 2147483647, cdma_dbm: 2147483647, cdma_ecio: 2147483647, evdo_dbm: 2147483647, evdo_ecio: 2147483647, evdo_snr: 2147483647, lte_signal_strength: 99, lte_rsrp: 2147483647, lte_rsrq: 2147483647, lte_rssnr: 2147483647, lte_cqi: 2147483647, lte_timing_advance: 2147483647, tdscdma_signal_strength: 99, tdscdma_bit_error_rate: 99, tdscdma_rscp: 255, wcdma_signal_strength: 0, wcdma_bit_error_rate: 99, wcdma_scdma_rscp: 5, wcdma_ecno: 12, ssRsrp: 2147483647, ssRsrq: 2147483647, ssSinr: 2147483647, csiRsrp: 2147483647, csiRsrq: 2147483647, csiSinr: 2147483647
07-23 07:56:46.148  2516  2760 D OplusSignalSmooth/0: onSignalStrengthResultExt,oldSignalStrength:SignalStrength:{mCdma=CellSignalStrengthCdma: cdmaDbm=2147483647 cdmaEcio=2147483647 evdoDbm=2147483647 evdoEcio=2147483647 evdoSnr=2147483647 level=0,mGsm=CellSignalStrengthGsm: rssi=-81 ber=99 mTa=2147483647 mLevel=4,mWcdma=CellSignalStrengthWcdma: ss=2147483647 ber=2147483647 rscp=2147483647 ecno=2147483647 level=0,mTdscdma=CellSignalStrengthTdscdma: rssi=2147483647 ber=2147483647 rscp=2147483647 level=0,mLte=CellSignalStrengthLte: rssi=2147483647 rsrp=2147483647 rsrq=2147483647 rssnr=2147483647 cqiTableIndex=2147483647 cqi=2147483647 ta=2147483647 level=0 parametersUseForLevel=1,mNr=CellSignalStrengthNr:{ csiRsrp = 2147483647 csiRsrq = 2147483647 csiCqiTableIndex = 2147483647 csiCqiReport = [] ssRsrp = 2147483647 ssRsrq = 2147483647 ssSinr = 2147483647 level = 0 parametersUseForLevel = 1 timingAdvance = 2147483647 },primary=CellSignalStrengthGsm}
07-23 07:56:46.148  2516  2760 D OplusSignalSmooth/0: mOrigSignalStrength:SignalStrength:{mCdma=CellSignalStrengthCdma: cdmaDbm=2147483647 cdmaEcio=2147483647 evdoDbm=2147483647 evdoEcio=2147483647 evdoSnr=2147483647 level=0,mGsm=CellSignalStrengthGsm: rssi=-79 ber=99 mTa=2147483647 mLevel=4,mWcdma=CellSignalStrengthWcdma: ss=2147483647 ber=2147483647 rscp=2147483647 ecno=2147483647 level=0,mTdscdma=CellSignalStrengthTdscdma: rssi=2147483647 ber=2147483647 rscp=2147483647 level=0,mLte=CellSignalStrengthLte: rssi=2147483647 rsrp=2147483647 rsrq=2147483647 rssnr=2147483647 cqiTableIndex=2147483647 cqi=2147483647 ta=2147483647 level=0 parametersUseForLevel=1,mNr=CellSignalStrengthNr:{ csiRsrp = 2147483647 csiRsrq = 2147483647 csiCqiTableIndex = 2147483647 csiCqiReport = [] ssRsrp = 2147483647 ssRsrq = 2147483647 ssSinr = 2147483647 level = 0 parametersUseForLevel = 1 timingAdvance = 2147483647 },primary=CellSignalStrengthGsm}
07-23 07:56:46.148  2516  2760 D OplusSignalSmooth/0: no service fix signal...
07-23 07:56:46.154  2516  2760 D OplusSignalSmooth/0: notifySignalStrength, mSignalStrength: SignalStrength:{mCdma=CellSignalStrengthCdma: cdmaDbm=2147483647 cdmaEcio=2147483647 evdoDbm=2147483647 evdoEcio=2147483647 evdoSnr=2147483647 level=0,mGsm=CellSignalStrengthGsm: rssi=-79 ber=99 mTa=2147483647 mLevel=4,mWcdma=CellSignalStrengthWcdma: ss=2147483647 ber=2147483647 rscp=2147483647 ecno=2147483647 level=0,mTdscdma=CellSignalStrengthTdscdma: rssi=2147483647 ber=2147483647 rscp=2147483647 level=0,mLte=CellSignalStrengthLte: rssi=2147483647 rsrp=2147483647 rsrq=2147483647 rssnr=2147483647 cqiTableIndex=2147483647 cqi=2147483647 ta=2147483647 level=0 parametersUseForLevel=1,mNr=CellSignalStrengthNr:{ csiRsrp = 2147483647 csiRsrq = 2147483647 csiCqiTableIndex = 2147483647 csiCqiReport = [] ssRsrp = 2147483647 ssRsrq = 2147483647 ssSinr = 2147483647 level = 0 parametersUseForLevel = 1 timingAdvance = 2147483647 },primary=CellSignalStrengthGsm}
07-23 07:56:55.569  1708  1741 D RmcNwHdlr: [0] requestSignalStrength:sigRegisted[0000], sigUpdated[0X01]
07-23 07:56:55.569  1708  1741 D RmcNwHdlr: [0] handleSignalStrength, gsm_signal_strength: 21, gsm_bit_error_rate: 99, gsm_timing_advance: 2147483647, cdma_dbm: 2147483647, cdma_ecio: 2147483647, evdo_dbm: 2147483647, evdo_ecio: 2147483647, evdo_snr: 2147483647, lte_signal_strength: 99, lte_rsrp: 2147483647, lte_rsrq: 2147483647, lte_rssnr: 2147483647, lte_cqi: 2147483647, lte_timing_advance: 2147483647, tdscdma_signal_strength: 99, tdscdma_bit_error_rate: 99, tdscdma_rscp: 255, wcdma_signal_strength: 0, wcdma_bit_error_rate: 99, wcdma_scdma_rscp: 5, wcdma_ecno: 12, ssRsrp: 2147483647, ssRsrq: 2147483647, ssSinr: 2147483647, csiRsrp: 2147483647, csiRsrq: 2147483647, csiSinr: 2147483647
07-23 07:56:55.591  2516  2760 D OplusSignalSmooth/0: onSignalStrengthResultExt,oldSignalStrength:SignalStrength:{mCdma=CellSignalStrengthCdma: cdmaDbm=2147483647 cdmaEcio=2147483647 evdoDbm=2147483647 evdoEcio=2147483647 evdoSnr=2147483647 level=0,mGsm=CellSignalStrengthGsm: rssi=-79 ber=99 mTa=2147483647 mLevel=4,mWcdma=CellSignalStrengthWcdma: ss=2147483647 ber=2147483647 rscp=2147483647 ecno=2147483647 level=0,mTdscdma=CellSignalStrengthTdscdma: rssi=2147483647 ber=2147483647 rscp=2147483647 level=0,mLte=CellSignalStrengthLte: rssi=2147483647 rsrp=2147483647 rsrq=2147483647 rssnr=2147483647 cqiTableIndex=2147483647 cqi=2147483647 ta=2147483647 level=0 parametersUseForLevel=1,mNr=CellSignalStrengthNr:{ csiRsrp = 2147483647 csiRsrq = 2147483647 csiCqiTableIndex = 2147483647 csiCqiReport = [] ssRsrp = 2147483647 ssRsrq = 2147483647 ssSinr = 2147483647 level = 0 parametersUseForLevel = 1 timingAdvance = 2147483647 },primary=CellSignalStrengthGsm}
07-23 07:56:55.591  2516  2760 D OplusSignalSmooth/0: mOrigSignalStrength:SignalStrength:{mCdma=CellSignalStrengthCdma: cdmaDbm=2147483647 cdmaEcio=2147483647 evdoDbm=2147483647 evdoEcio=2147483647 evdoSnr=2147483647 level=0,mGsm=CellSignalStrengthGsm: rssi=-71 ber=99 mTa=2147483647 mLevel=4,mWcdma=CellSignalStrengthWcdma: ss=2147483647 ber=2147483647 rscp=2147483647 ecno=2147483647 level=0,mTdscdma=CellSignalStrengthTdscdma: rssi=2147483647 ber=2147483647 rscp=2147483647 level=0,mLte=CellSignalStrengthLte: rssi=2147483647 rsrp=2147483647 rsrq=2147483647 rssnr=2147483647 cqiTableIndex=2147483647 cqi=2147483647 ta=2147483647 level=0 parametersUseForLevel=1,mNr=CellSignalStrengthNr:{ csiRsrp = 2147483647 csiRsrq = 2147483647 csiCqiTableIndex = 2147483647 csiCqiReport = [] ssRsrp = 2147483647 ssRsrq = 2147483647 ssSinr = 2147483647 level = 0 parametersUseForLevel = 1 timingAdvance = 2147483647 },primary=CellSignalStrengthGsm}
07-23 07:56:55.591  2516  2760 D OplusSignalSmooth/0: no service fix signal...
07-23 07:56:55.613  2516  2760 D OplusSignalSmooth/0: notifySignalStrength, mSignalStrength: SignalStrength:{mCdma=CellSignalStrengthCdma: cdmaDbm=2147483647 cdmaEcio=2147483647 evdoDbm=2147483647 evdoEcio=2147483647 evdoSnr=2147483647 level=0,mGsm=CellSignalStrengthGsm: rssi=-71 ber=99 mTa=2147483647 mLevel=4,mWcdma=CellSignalStrengthWcdma: ss=2147483647 ber=2147483647 rscp=2147483647 ecno=2147483647 level=0,mTdscdma=CellSignalStrengthTdscdma: rssi=2147483647 ber=2147483647 rscp=2147483647 level=0,mLte=CellSignalStrengthLte: rssi=2147483647 rsrp=2147483647 rsrq=2147483647 rssnr=2147483647 cqiTableIndex=2147483647 cqi=2147483647 ta=2147483647 level=0 parametersUseForLevel=1,mNr=CellSignalStrengthNr:{ csiRsrp = 2147483647 csiRsrq = 2147483647 csiCqiTableIndex = 2147483647 csiCqiReport = [] ssRsrp = 2147483647 ssRsrq = 2147483647 ssSinr = 2147483647 level = 0 parametersUseForLevel = 1 timingAdvance = 2147483647 },primary=CellSignalStrengthGsm}
07-23 07:57:04.974  1708  1741 D RmcNwHdlr: [0] requestSignalStrength:sigRegisted[0000], sigUpdated[0X01]
07-23 07:57:04.974  1708  1741 D RmcNwHdlr: [0] handleSignalStrength, gsm_signal_strength: 20, gsm_bit_error_rate: 99, gsm_timing_advance: 2147483647, cdma_dbm: 2147483647, cdma_ecio: 2147483647, evdo_dbm: 2147483647, evdo_ecio: 2147483647, evdo_snr: 2147483647, lte_signal_strength: 99, lte_rsrp: 2147483647, lte_rsrq: 2147483647, lte_rssnr: 2147483647, lte_cqi: 2147483647, lte_timing_advance: 2147483647, tdscdma_signal_strength: 99, tdscdma_bit_error_rate: 99, tdscdma_rscp: 255, wcdma_signal_strength: 0, wcdma_bit_error_rate: 99, wcdma_scdma_rscp: 5, wcdma_ecno: 12, ssRsrp: 2147483647, ssRsrq: 2147483647, ssSinr: 2147483647, csiRsrp: 2147483647, csiRsrq: 2147483647, csiSinr: 2147483647
07-23 07:57:05.165  2516  2760 D OplusSignalSmooth/0: onSignalStrengthResultExt,oldSignalStrength:SignalStrength:{mCdma=CellSignalStrengthCdma: cdmaDbm=2147483647 cdmaEcio=2147483647 evdoDbm=2147483647 evdoEcio=2147483647 evdoSnr=2147483647 level=0,mGsm=CellSignalStrengthGsm: rssi=-71 ber=99 mTa=2147483647 mLevel=4,mWcdma=CellSignalStrengthWcdma: ss=2147483647 ber=2147483647 rscp=2147483647 ecno=2147483647 level=0,mTdscdma=CellSignalStrengthTdscdma: rssi=2147483647 ber=2147483647 rscp=2147483647 level=0,mLte=CellSignalStrengthLte: rssi=2147483647 rsrp=2147483647 rsrq=2147483647 rssnr=2147483647 cqiTableIndex=2147483647 cqi=2147483647 ta=2147483647 level=0 parametersUseForLevel=1,mNr=CellSignalStrengthNr:{ csiRsrp = 2147483647 csiRsrq = 2147483647 csiCqiTableIndex = 2147483647 csiCqiReport = [] ssRsrp = 2147483647 ssRsrq = 2147483647 ssSinr = 2147483647 level = 0 parametersUseForLevel = 1 timingAdvance = 2147483647 },primary=CellSignalStrengthGsm}
07-23 07:57:05.165  2516  2760 D OplusSignalSmooth/0: mOrigSignalStrength:SignalStrength:{mCdma=CellSignalStrengthCdma: cdmaDbm=2147483647 cdmaEcio=2147483647 evdoDbm=2147483647 evdoEcio=2147483647 evdoSnr=2147483647 level=0,mGsm=CellSignalStrengthGsm: rssi=-73 ber=99 mTa=2147483647 mLevel=4,mWcdma=CellSignalStrengthWcdma: ss=2147483647 ber=2147483647 rscp=2147483647 ecno=2147483647 level=0,mTdscdma=CellSignalStrengthTdscdma: rssi=2147483647 ber=2147483647 rscp=2147483647 level=0,mLte=CellSignalStrengthLte: rssi=2147483647 rsrp=2147483647 rsrq=2147483647 rssnr=2147483647 cqiTableIndex=2147483647 cqi=2147483647 ta=2147483647 level=0 parametersUseForLevel=1,mNr=CellSignalStrengthNr:{ csiRsrp = 2147483647 csiRsrq = 2147483647 csiCqiTableIndex = 2147483647 csiCqiReport = [] ssRsrp = 2147483647 ssRsrq = 2147483647 ssSinr = 2147483647 level = 0 parametersUseForLevel = 1 timingAdvance = 2147483647 },primary=CellSignalStrengthGsm}
07-23 07:57:05.165  2516  2760 D OplusSignalSmooth/0: no service fix signal...
07-23 07:57:05.184  2516  2760 D OplusSignalSmooth/0: notifySignalStrength, mSignalStrength: SignalStrength:{mCdma=CellSignalStrengthCdma: cdmaDbm=2147483647 cdmaEcio=2147483647 evdoDbm=2147483647 evdoEcio=2147483647 evdoSnr=2147483647 level=0,mGsm=CellSignalStrengthGsm: rssi=-73 ber=99 mTa=2147483647 mLevel=4,mWcdma=CellSignalStrengthWcdma: ss=2147483647 ber=2147483647 rscp=2147483647 ecno=2147483647 level=0,mTdscdma=CellSignalStrengthTdscdma: rssi=2147483647 ber=2147483647 rscp=2147483647 level=0,mLte=CellSignalStrengthLte: rssi=2147483647 rsrp=2147483647 rsrq=2147483647 rssnr=2147483647 cqiTableIndex=2147483647 cqi=2147483647 ta=2147483647 level=0 parametersUseForLevel=1,mNr=CellSignalStrengthNr:{ csiRsrp = 2147483647 csiRsrq = 2147483647 csiCqiTableIndex = 2147483647 csiCqiReport = [] ssRsrp = 2147483647 ssRsrq = 2147483647 ssSinr = 2147483647 level = 0 parametersUseForLevel = 1 timingAdvance = 2147483647 },primary=CellSignalStrengthGsm}
07-23 07:57:05.261  2516  2760 D OplusSignalSmooth/0: EventHandler:1
07-23 07:57:05.278  2516  2760 D OplusSignalSmooth/1: EventHandler:1
07-23 07:57:05.326  2516  2516 D DeviceStateMonitor: shouldEnableSignalStrengthReports, mIsAlwaysSignalStrengthReportingEnabled:false mIsCharging:false mIsScreenOn:falsemIsRadioOntrue
07-23 07:57:05.343  2516  2516 D DeviceStateMonitor: shouldEnableSignalStrengthReports, mIsAlwaysSignalStrengthReportingEnabled:false mIsCharging:false mIsScreenOn:falsemIsRadioOnfalse
07-23 07:57:05.344  2516  2516 D RILJ    : [0627]> SET_SIGNAL_STRENGTH_REPORTING_CRITERIA [PHONE0]
07-23 07:57:05.346  2516  2516 D SSCtr   : setSignalStrengthReportingCriteria consolidatedSignalThresholdInfos=[SignalThresholdInfo{mRan=1 mSignalMeasurementType=1 mHysteresisMs=3000 mHysteresisDb=2 mThresholds=[] mIsEnabled=false}, SignalThresholdInfo{mRan=2 mSignalMeasurementType=2 mHysteresisMs=3000 mHysteresisDb=2 mThresholds=[] mIsEnabled=false}, SignalThresholdInfo{mRan=3 mSignalMeasurementType=3 mHysteresisMs=3000 mHysteresisDb=2 mThresholds=[] mIsEnabled=false}, SignalThresholdInfo{mRan=3 mSignalMeasurementType=4 mHysteresisMs=3000 mHysteresisDb=2 mThresholds=[] mIsEnabled=false}, SignalThresholdInfo{mRan=3 mSignalMeasurementType=5 mHysteresisMs=3000 mHysteresisDb=2 mThresholds=[] mIsEnabled=false}, SignalThresholdInfo{mRan=6 mSignalMeasurementType=6 mHysteresisMs=3000 mHysteresisDb=2 mThresholds=[] mIsEnabled=false}, SignalThresholdInfo{mRan=6 mSignalMeasurementType=7 mHysteresisMs=3000 mHysteresisDb=2 mThresholds=[] mIsEnabled=false}, SignalThresholdInfo{mRan=6 mSignalMeasurementType=8 mHysteresisMs=3000 mHysteresisDb=2 mThresholds=[] mIsEnabled=false}, SignalThresholdInfo{mRan=2 mSignalMeasurementType=9 mHysteresisMs=3000 mHysteresisDb=2 mThresholds=[] mIsEnabled=false}]
07-23 07:57:05.508  2516  2745 D RILJ    : [0627]< SET_SIGNAL_STRENGTH_REPORTING_CRITERIA  [PHONE0]
07-23 07:57:05.884  2516  2516 D OplusSignalSmooth/0: oemOosDelayState should not delay oos
07-23 07:57:05.884  2516  2516 D OplusSignalSmooth/0: oemOosDelayState: mOosDelayState = 0, oldstate=0, mSimState = 1, isOos=true, isOosInVowifi:false, mRadioResetState = 0
07-23 07:57:18.806  1487  1681 E RILMUXD : 3275:thread_serial_device_read(): Interrupt signal EINTR caught
07-23 07:57:30.510  1487  1681 E RILMUXD : 3275:thread_serial_device_read(): Interrupt signal EINTR caught
07-23 07:57:31.272  1487  1681 E RILMUXD : 3275:thread_serial_device_read(): Interrupt signal EINTR caught
07-23 07:57:33.184  1487  1681 E RILMUXD : 3275:thread_serial_device_read(): Interrupt signal EINTR caught
07-23 07:57:33.813  1487  1681 E RILMUXD : 3275:thread_serial_device_read(): Interrupt signal EINTR caught
07-23 07:57:35.642  1487  1681 E RILMUXD : 3275:thread_serial_device_read(): Interrupt signal EINTR caught
07-23 07:57:37.923  1487  1681 E RILMUXD : 3275:thread_serial_device_read(): Interrupt signal EINTR caught
07-23 07:57:38.441  1487  1681 E RILMUXD : 3275:thread_serial_device_read(): Interrupt signal EINTR caught
07-23 07:57:40.156  1487  1681 E RILMUXD : 3275:thread_serial_device_read(): Interrupt signal EINTR caught
07-23 07:57:41.316  1487  1681 E RILMUXD : 3275:thread_serial_device_read(): Interrupt signal EINTR caught
07-23 07:57:42.617  1487  1681 E RILMUXD : 3275:thread_serial_device_read(): Interrupt signal EINTR caught
07-23 07:57:45.051  1487  1681 E RILMUXD : 3275:thread_serial_device_read(): Interrupt signal EINTR caught
07-23 07:57:45.482  1487  1681 E RILMUXD : 3275:thread_serial_device_read(): Interrupt signal EINTR caught
07-23 07:57:51.221  1487  1681 E RILMUXD : 3275:thread_serial_device_read(): Interrupt signal EINTR caught
07-23 07:57:52.274  1487  1681 E RILMUXD : 3275:thread_serial_device_read(): Interrupt signal EINTR caught
07-23 07:57:56.749  1487  1681 E RILMUXD : 3275:thread_serial_device_read(): Interrupt signal EINTR caught
07-23 07:58:10.853  1487  1681 E RILMUXD : 3275:thread_serial_device_read(): Interrupt signal EINTR caught
07-23 07:58:14.852  1487  1681 E RILMUXD : 3275:thread_serial_device_read(): Interrupt signal EINTR caught
07-23 07:58:19.680  1487  1681 E RILMUXD : 3275:thread_serial_device_read(): Interrupt signal EINTR caught
07-23 07:58:20.422  1487  1681 E RILMUXD : 3275:thread_serial_device_read(): Interrupt signal EINTR caught
07-23 07:58:21.092  1487  1681 E RILMUXD : 3275:thread_serial_device_read(): Interrupt signal EINTR caught
07-23 07:58:24.981  1487  1681 E RILMUXD : 3275:thread_serial_device_read(): Interrupt signal EINTR caught
07-23 07:58:25.402  1487  1681 E RILMUXD : 3275:thread_serial_device_read(): Interrupt signal EINTR caught
07-23 07:58:48.944  1487  1681 E RILMUXD : 3275:thread_serial_device_read(): Interrupt signal EINTR caught
07-23 07:58:50.613  1487  1681 E RILMUXD : 3275:thread_serial_device_read(): Interrupt signal EINTR caught
07-23 07:58:56.119  1487  1681 E RILMUXD : 3275:thread_serial_device_read(): Interrupt signal EINTR caught
07-23 07:58:57.511  1487  1681 E RILMUXD : 3275:thread_serial_device_read(): Interrupt signal EINTR caught
07-23 07:59:01.042  1487  1681 E RILMUXD : 3275:thread_serial_device_read(): Interrupt signal EINTR caught
07-23 07:59:02.078  1487  1681 E RILMUXD : 3275:thread_serial_device_read(): Interrupt signal EINTR caught
07-23 07:59:48.772  1487  1681 E RILMUXD : 3275:thread_serial_device_read(): Interrupt signal EINTR caught
07-23 07:59:49.979  1487  1681 E RILMUXD : 3275:thread_serial_device_read(): Interrupt signal EINTR caught
07-23 07:59:54.526  1487  1681 E RILMUXD : 3275:thread_serial_device_read(): Interrupt signal EINTR caught
07-23 07:59:58.813  1487  1681 E RILMUXD : 3275:thread_serial_device_read(): Interrupt signal EINTR caught
07-23 08:00:02.697  1487  1681 E RILMUXD : 3275:thread_serial_device_read(): Interrupt signal EINTR caught
07-23 08:00:03.150  1487  1681 E RILMUXD : 3275:thread_serial_device_read(): Interrupt signal EINTR caught
07-23 08:00:04.545  1487  1681 E RILMUXD : 3275:thread_serial_device_read(): Interrupt signal EINTR caught
07-23 08:00:08.024  1487  1681 E RILMUXD : 3275:thread_serial_device_read(): Interrupt signal EINTR caught
07-23 08:00:11.917  1487  1681 E RILMUXD : 3275:thread_serial_device_read(): Interrupt signal EINTR caught
07-23 08:00:12.373  1487  1681 E RILMUXD : 3275:thread_serial_device_read(): Interrupt signal EINTR caught
07-23 08:00:12.750  1487  1681 E RILMUXD : 3275:thread_serial_device_read(): Interrupt signal EINTR caught
07-23 08:00:15.198  1487  1681 E RILMUXD : 3275:thread_serial_device_read(): Interrupt signal EINTR caught
07-23 08:00:31.182  1487  1681 E RILMUXD : 3275:thread_serial_device_read(): Interrupt signal EINTR caught
07-23 08:00:39.951  1487  1681 E RILMUXD : 3275:thread_serial_device_read(): Interrupt signal EINTR caught
07-23 08:00:48.972  1487  1681 E RILMUXD : 3275:thread_serial_device_read(): Interrupt signal EINTR caught
07-23 08:00:49.381  1487  1681 E RILMUXD : 3275:thread_serial_device_read(): Interrupt signal EINTR caught
07-23 08:00:51.010  1487  1681 E RILMUXD : 3275:thread_serial_device_read(): Interrupt signal EINTR caught
07-23 08:01:11.953  1487  1681 E RILMUXD : 3275:thread_serial_device_read(): Interrupt signal EINTR caught
07-23 08:01:12.745  1487  1681 E RILMUXD : 3275:thread_serial_device_read(): Interrupt signal EINTR caught
07-23 08:01:15.201  1487  1681 E RILMUXD : 3275:thread_serial_device_read(): Interrupt signal EINTR caught
07-23 08:01:17.231  1487  1681 E RILMUXD : 3275:thread_serial_device_read(): Interrupt signal EINTR caught
07-23 08:01:17.927  1487  1681 E RILMUXD : 3275:thread_serial_device_read(): Interrupt signal EINTR caught
07-23 08:01:19.701  1487  1681 E RILMUXD : 3275:thread_serial_device_read(): Interrupt signal EINTR caught
07-23 08:01:21.131  1487  1681 E RILMUXD : 3275:thread_serial_device_read(): Interrupt signal EINTR caught
07-23 08:01:23.392  1487  1681 E RILMUXD : 3275:thread_serial_device_read(): Interrupt signal EINTR caught
07-23 08:01:24.100  1487  1681 E RILMUXD : 3275:thread_serial_device_read(): Interrupt signal EINTR caught
07-23 08:01:28.931  1487  1681 E RILMUXD : 3275:thread_serial_device_read(): Interrupt signal EINTR caught
07-23 08:01:30.971  1487  1681 E RILMUXD : 3275:thread_serial_device_read(): Interrupt signal EINTR caught
07-23 08:01:44.251  1487  1681 E RILMUXD : 3275:thread_serial_device_read(): Interrupt signal EINTR caught
07-23 08:01:45.929  1487  1681 E RILMUXD : 3275:thread_serial_device_read(): Interrupt signal EINTR caught
07-23 08:01:51.419  1487  1681 E RILMUXD : 3275:thread_serial_device_read(): Interrupt signal EINTR caught
07-23 08:02:32.220  1487  1681 E RILMUXD : 3275:thread_serial_device_read(): Interrupt signal EINTR caught
07-23 08:04:51.855  1487  1681 E RILMUXD : 3275:thread_serial_device_read(): Interrupt signal EINTR caught
07-23 08:04:57.396  1487  1681 E RILMUXD : 3275:thread_serial_device_read(): Interrupt signal EINTR caught
07-23 08:04:57.814  1487  1681 E RILMUXD : 3275:thread_serial_device_read(): Interrupt signal EINTR caught
07-23 08:05:15.834  1487  1681 E RILMUXD : 3275:thread_serial_device_read(): Interrupt signal EINTR caught
07-23 08:05:17.246  1487  1681 E RILMUXD : 3275:thread_serial_device_read(): Interrupt signal EINTR caught
07-23 08:05:17.877  1487  1681 E RILMUXD : 3275:thread_serial_device_read(): Interrupt signal EINTR caught
07-23 08:05:23.853  1487  1681 E RILMUXD : 3275:thread_serial_device_read(): Interrupt signal EINTR caught
07-23 08:05:24.825  1487  1681 E RILMUXD : 3275:thread_serial_device_read(): Interrupt signal EINTR caught
07-23 08:06:45.222  1487  1681 E RILMUXD : 3275:thread_serial_device_read(): Interrupt signal EINTR caught
07-23 08:06:50.735  1487  1681 E RILMUXD : 3275:thread_serial_device_read(): Interrupt signal EINTR caught
07-23 08:07:55.384  1487  1681 E RILMUXD : 3275:thread_serial_device_read(): Interrupt signal EINTR caught
07-23 08:07:55.799  1487  1681 E RILMUXD : 3275:thread_serial_device_read(): Interrupt signal EINTR caught
07-23 08:07:56.203  1487  1681 E RILMUXD : 3275:thread_serial_device_read(): Interrupt signal EINTR caught
07-23 08:07:57.387  1487  1681 E RILMUXD : 3275:thread_serial_device_read(): Interrupt signal EINTR caught
07-23 08:07:59.681  1487  1681 E RILMUXD : 3275:thread_serial_device_read(): Interrupt signal EINTR caught
07-23 08:08:00.978  1487  1681 E RILMUXD : 3275:thread_serial_device_read(): Interrupt signal EINTR caught
07-23 08:08:01.671  1487  1681 E RILMUXD : 3275:thread_serial_device_read(): Interrupt signal EINTR caught
07-23 08:08:02.964  1487  1681 E RILMUXD : 3275:thread_serial_device_read(): Interrupt signal EINTR caught
07-23 08:08:03.537  1487  1681 E RILMUXD : 3275:thread_serial_device_read(): Interrupt signal EINTR caught
07-23 08:08:03.955  1487  1681 E RILMUXD : 3275:thread_serial_device_read(): Interrupt signal EINTR caught
07-23 08:08:04.514  1487  1681 E RILMUXD : 3275:thread_serial_device_read(): Interrupt signal EINTR caught
07-23 08:08:46.993  1487  1681 E RILMUXD : 3275:thread_serial_device_read(): Interrupt signal EINTR caught
07-23 08:08:47.983  1487  1681 E RILMUXD : 3275:thread_serial_device_read(): Interrupt signal EINTR caught
07-23 08:11:45.260  1487  1681 E RILMUXD : 3275:thread_serial_device_read(): Interrupt signal EINTR caught
07-23 08:11:47.234  1487  1681 E RILMUXD : 3275:thread_serial_device_read(): Interrupt signal EINTR caught
07-23 08:12:32.253  1487  1681 E RILMUXD : 3275:thread_serial_device_read(): Interrupt signal EINTR caught
07-23 08:15:43.537  1487  1681 E RILMUXD : 3275:thread_serial_device_read(): Interrupt signal EINTR caught
07-23 08:16:04.850  1487  1681 E RILMUXD : 3275:thread_serial_device_read(): Interrupt signal EINTR caught
07-23 08:16:44.229  1487  1681 E RILMUXD : 3275:thread_serial_device_read(): Interrupt signal EINTR caught
07-23 08:16:53.183  1487  1681 E RILMUXD : 3275:thread_serial_device_read(): Interrupt signal EINTR caught
07-23 08:20:51.349  1487  1681 E RILMUXD : 3275:thread_serial_device_read(): Interrupt signal EINTR caught
07-23 08:20:52.195  1487  1681 E RILMUXD : 3275:thread_serial_device_read(): Interrupt signal EINTR caught
07-23 08:20:52.567  1708  1738 D RtcMwi  : [0] onHandleRequest: request id 60527 is RFX_MSG_REQUEST_SET_WIFI_SIGNAL_LEVEL
07-23 08:20:52.589  1708  1738 D RtcMwi  : [0] onHandleResponse, handle RFX_MSG_REQUEST_SET_WIFI_SIGNAL_LEVEL
07-23 08:21:06.503  1487  1681 E RILMUXD : 3275:thread_serial_device_read(): Interrupt signal EINTR caught
07-23 08:21:25.553  1487  1681 E RILMUXD : 3275:thread_serial_device_read(): Interrupt signal EINTR caught
07-23 08:21:30.883  1487  1681 E RILMUXD : 3275:thread_serial_device_read(): Interrupt signal EINTR caught
07-23 08:21:31.572  1487  1681 E RILMUXD : 3275:thread_serial_device_read(): Interrupt signal EINTR caught
07-23 08:21:37.433  1487  1681 E RILMUXD : 3275:thread_serial_device_read(): Interrupt signal EINTR caught
07-23 08:21:45.225  1487  1681 E RILMUXD : 3275:thread_serial_device_read(): Interrupt signal EINTR caught
07-23 08:22:32.222  1487  1681 E RILMUXD : 3275:thread_serial_device_read(): Interrupt signal EINTR caught
07-23 08:22:56.065  1487  1681 E RILMUXD : 3275:thread_serial_device_read(): Interrupt signal EINTR caught
07-23 08:22:56.679  1487  1681 E RILMUXD : 3275:thread_serial_device_read(): Interrupt signal EINTR caught
07-23 08:23:03.661  1487  1681 E RILMUXD : 3275:thread_serial_device_read(): Interrupt signal EINTR caught
07-23 08:23:14.912  1487  1681 E RILMUXD : 3275:thread_serial_device_read(): Interrupt signal EINTR caught
07-23 08:23:17.395  1487  1681 E RILMUXD : 3275:thread_serial_device_read(): Interrupt signal EINTR caught
07-23 08:23:18.424  1487  1681 E RILMUXD : 3275:thread_serial_device_read(): Interrupt signal EINTR caught
07-23 08:23:20.455  1487  1681 E RILMUXD : 3275:thread_serial_device_read(): Interrupt signal EINTR caught
07-23 08:23:21.486  1487  1681 E RILMUXD : 3275:thread_serial_device_read(): Interrupt signal EINTR caught
07-23 08:23:24.569  1487  1681 E RILMUXD : 3275:thread_serial_device_read(): Interrupt signal EINTR caught
07-23 08:23:25.008  1487  1681 E RILMUXD : 3275:thread_serial_device_read(): Interrupt signal EINTR caught
07-23 08:23:34.571  1487  1681 E RILMUXD : 3275:thread_serial_device_read(): Interrupt signal EINTR caught
07-23 08:23:35.012  1487  1681 E RILMUXD : 3275:thread_serial_device_read(): Interrupt signal EINTR caught
07-23 08:23:35.618  1487  1681 E RILMUXD : 3275:thread_serial_device_read(): Interrupt signal EINTR caught
07-23 08:23:37.261  1487  1681 E RILMUXD : 3275:thread_serial_device_read(): Interrupt signal EINTR caught
07-23 08:23:38.689  1487  1681 E RILMUXD : 3275:thread_serial_device_read(): Interrupt signal EINTR caught
07-23 08:23:42.591  1487  1681 E RILMUXD : 3275:thread_serial_device_read(): Interrupt signal EINTR caught
07-23 08:23:43.033  1487  1681 E RILMUXD : 3275:thread_serial_device_read(): Interrupt signal EINTR caught
07-23 08:23:43.405  1487  1681 E RILMUXD : 3275:thread_serial_device_read(): Interrupt signal EINTR caught
07-23 08:23:43.996  1487  1681 E RILMUXD : 3275:thread_serial_device_read(): Interrupt signal EINTR caught
07-23 08:23:45.561  1487  1681 E RILMUXD : 3275:thread_serial_device_read(): Interrupt signal EINTR caught
07-23 08:23:46.475  1487  1681 E RILMUXD : 3275:thread_serial_device_read(): Interrupt signal EINTR caught
07-23 08:23:50.981  1487  1681 E RILMUXD : 3275:thread_serial_device_read(): Interrupt signal EINTR caught
07-23 08:24:04.295  1487  1681 E RILMUXD : 3275:thread_serial_device_read(): Interrupt signal EINTR caught
07-23 08:24:05.046  1487  1681 E RILMUXD : 3275:thread_serial_device_read(): Interrupt signal EINTR caught
07-23 08:24:10.829  1487  1681 E RILMUXD : 3275:thread_serial_device_read(): Interrupt signal EINTR caught
07-23 08:24:31.331  1487  1681 E RILMUXD : 3275:thread_serial_device_read(): Interrupt signal EINTR caught
07-23 08:24:33.167  1487  1681 E RILMUXD : 3275:thread_serial_device_read(): Interrupt signal EINTR caught
07-23 08:24:39.911  1487  1681 E RILMUXD : 3275:thread_serial_device_read(): Interrupt signal EINTR caught
07-23 08:24:45.860  1487  1681 E RILMUXD : 3275:thread_serial_device_read(): Interrupt signal EINTR caught
07-23 08:24:46.277  1487  1681 E RILMUXD : 3275:thread_serial_device_read(): Interrupt signal EINTR caught
07-23 08:24:59.797  1487  1681 E RILMUXD : 3275:thread_serial_device_read(): Interrupt signal EINTR caught
07-23 08:25:04.088  1487  1681 E RILMUXD : 3275:thread_serial_device_read(): Interrupt signal EINTR caught
07-23 08:25:04.515  1487  1681 E RILMUXD : 3275:thread_serial_device_read(): Interrupt signal EINTR caught
07-23 08:25:09.208  1487  1681 E RILMUXD : 3275:thread_serial_device_read(): Interrupt signal EINTR caught
07-23 08:25:10.442  1487  1681 E RILMUXD : 3275:thread_serial_device_read(): Interrupt signal EINTR caught
07-23 08:25:14.631  1487  1681 E RILMUXD : 3275:thread_serial_device_read(): Interrupt signal EINTR caught
07-23 08:25:15.689  1487  1681 E RILMUXD : 3275:thread_serial_device_read(): Interrupt signal EINTR caught
07-23 08:25:20.678  1487  1681 E RILMUXD : 3275:thread_serial_device_read(): Interrupt signal EINTR caught
07-23 08:25:31.943  1487  1681 E RILMUXD : 3275:thread_serial_device_read(): Interrupt signal EINTR caught
07-23 08:25:32.395  1487  1681 E RILMUXD : 3275:thread_serial_device_read(): Interrupt signal EINTR caught
07-23 08:26:13.322  1487  1681 E RILMUXD : 3275:thread_serial_device_read(): Interrupt signal EINTR caught
07-23 08:26:13.850  1487  1681 E RILMUXD : 3275:thread_serial_device_read(): Interrupt signal EINTR caught
07-23 08:26:14.719  1487  1681 E RILMUXD : 3275:thread_serial_device_read(): Interrupt signal EINTR caught
07-23 08:26:15.342  1487  1681 E RILMUXD : 3275:thread_serial_device_read(): Interrupt signal EINTR caught
07-23 08:26:24.370  1487  1681 E RILMUXD : 3275:thread_serial_device_read(): Interrupt signal EINTR caught
07-23 08:26:24.795  1487  1681 E RILMUXD : 3275:thread_serial_device_read(): Interrupt signal EINTR caught
07-23 08:26:45.248  1487  1681 E RILMUXD : 3275:thread_serial_device_read(): Interrupt signal EINTR caught
