--------- beginning of main
07-23 23:07:56.904 25426 26234 I ModuleManager: injectNow: PID=9246 verified has libcameraservice.so (4 mapping(s))
07-23 23:07:57.626 25426 26234 I ModuleManager: injectNow: evicting lingering injector/watchdog before re-inject
07-23 23:07:58.457 25426 26234 D ModuleManager: Watchdog stop requested
07-23 23:08:00.005 25426 26234 I ModuleManager: injectNow: disabling SELinux for injection window
07-23 23:08:02.182  9246  9246 I amkush/main: ‚îÄ‚îÄ‚îÄ‚îÄ‚îÄ‚îÄ‚îÄ‚îÄ‚îÄ‚îÄ‚îÄ‚îÄ‚îÄ‚îÄ‚îÄ‚îÄ‚îÄ‚îÄ‚îÄ‚îÄ‚îÄ‚îÄ‚îÄ‚îÄ‚îÄ‚îÄ‚îÄ‚îÄ‚îÄ‚îÄ‚îÄ‚îÄ‚îÄ‚îÄ‚îÄ‚îÄ‚îÄ‚îÄ‚îÄ‚îÄ
07-23 23:08:02.182  9246  9246 I amkush/main: libhookProxy.so loaded  pid=9246
07-23 23:08:02.182  9246  9246 I amkush/main: exe check: path='/system/bin/cameraserver' base='cameraserver' match=1 pid=9246
07-23 23:08:02.187  9246  9246 I amkush/main: confirmed cameraserver process with libcameraservice.so ‚Äî starting init thread
07-23 23:08:02.189  9246  5108 I amkush/main: === amkush injection start  via=ptrace  pid=9246 ===
07-23 23:08:02.189  9246  5108 I amkush/main: [1/4] crash_guard_init ...
07-23 23:08:02.189  9246  5108 I amkush/main: [1/4] crash_guard_init OK
07-23 23:08:02.189  9246  5108 I amkush/main: [2/4] frame_inject_init ...
07-23 23:08:02.189  9246  5108 I amkush/frame_inject: frame_inject_init: loading libraries...
07-23 23:08:02.191  9246  5108 I amkush/frame_inject: frame_inject_init: symbols resolved:
07-23 23:08:02.191  9246  5108 I amkush/frame_inject:   lock=0x721e1648c0  lockPlanes=0x721e1649d0  unlock=0x721e164ce0  describe=0x721e1646d0
07-23 23:08:02.191  9246  5108 I amkush/frame_inject:   createFromHandle=0x72ac5b5370  release=0x721e1646b0
07-23 23:08:02.191  9246  5108 I amkush/frame_inject: frame_inject_init: OK (lockPlanes=YES createFromHandle=YES)
07-23 23:08:02.191  9246  5108 I amkush/main: [2/4] frame_inject_init OK
07-23 23:08:02.191  9246  5108 I amkush/main: [3/4] hook_proxy_install ...
07-23 23:08:02.193  9246  5108 I amkush/hook_proxy: hook_proxy_install: resolving PCR+ROB variants (dynamic ELF scan primary)...
07-23 23:08:02.193  9246  5108 I amkush/sym_resolver: resolve_all_pcr: starting full ELF scan (dynamic, no hardcoded names)
07-23 23:08:02.193  9246  5108 I amkush/sym_resolver: ELF scan: checking '/system/bin/cameraserver' base=0x55b5ab7000
07-23 23:08:02.193  9246  5108 I amkush/sym_resolver: ELF scan: '/system/bin/cameraserver' ‚Üí 0 match(es)
07-23 23:08:02.193  9246  5108 I amkush/sym_resolver: ELF scan: checking '/system/lib64/libcameraservice.so' base=0x72c6a80000
07-23 23:08:02.198  9246  5108 I amkush/sym_resolver: ELF scan: FOUND[0] score=160 variant=3 addr=0x72c6cf0010 size=1396: android::HidlCamera3Device::processCaptureResult_3_4(android::hardware::hidl_vec<android::hardware::camera::device::V3_4::CaptureResult> const&)
07-23 23:08:02.199  9246  5108 I amkush/sym_resolver: ELF scan: FOUND[1] score=155 variant=5 addr=0x72c6cfcdc0 size=1380: android::AidlCamera3Device::processCaptureResult(std::__1::vector<aidl::android::hardware::camera::device::CaptureResult, std::__1::allocator<aidl::android::hardware::camera::device::CaptureResult> > const&)
07-23 23:08:02.199  9246  5108 I amkush/sym_resolver: ELF scan: FOUND[2] score=20 variant=2 addr=0x72c6d4a23c size=4: android::camera3::processCaptureResult(android::camera3::CaptureOutputStates&, android::camera3::camera_capture_result const*)
07-23 23:08:02.200  9246  5108 I amkush/sym_resolver: ELF scan: FOUND[3] score=155 variant=4 addr=0x72c6cf05a0 size=1496: android::HidlCamera3Device::processCaptureResult(android::hardware::hidl_vec<android::hardware::camera::device::V3_2::CaptureResult> const&)
07-23 23:08:02.200  9246  5108 I amkush/sym_resolver: ELF scan: '/system/lib64/libcameraservice.so' ‚Üí 4 match(es)
07-23 23:08:02.201  9246  5108 I amkush/sym_resolver: resolve_all_pcr: processCaptureResult scan found 4 variant(s)
07-23 23:08:02.201  9246  5108 I amkush/sym_resolver: ELF scan: checking '/system/bin/cameraserver' base=0x55b5ab7000
07-23 23:08:02.201  9246  5108 I amkush/sym_resolver: ELF scan: '/system/bin/cameraserver' ‚Üí 0 match(es)
07-23 23:08:02.201  9246  5108 I amkush/sym_resolver: ELF scan: checking '/system/lib64/libcameraservice.so' base=0x72c6a80000
07-23 23:08:02.209  9246  5108 I amkush/sym_resolver: ELF scan: FOUND[0] score=50 variant=6 addr=0x72c6d4a230 size=4: android::camera3::returnOutputBuffers(bool, android::sp<android::NotificationListener>, android::camera3::camera_stream_buffer const*, unsigned long, long, long, bool, long, android::SessionStatsBuilder&, bool, std::__1::unordered_map<int, std::__1::vector<unsigned long, std::__1::allocator<unsigned long> >, std::__1::hash<int>, std::__1::equal_to<int>, std::__1::allocator<std::__1::pair<int const, std::__1::vector<unsigned long, std::__1::allocator<unsigned long> > > > > const&, android::hardware::camera2::impl::CaptureResultExtras const&, android::camera3::ERROR_BUF_STRATEGY, int)
07-23 23:08:02.217  9246  5108 I amkush/sym_resolver: ELF scan: '/system/lib64/libcameraservice.so' ‚Üí 1 match(es)
07-23 23:08:02.218  9246  5108 I amkush/sym_resolver: resolve_all_pcr: returnOutputBuffers scan found 1 variant(s)
07-23 23:08:02.218  9246  5108 I amkush/sym_resolver: resolve_all_pcr: known[0] variant=2 addr=0x72c6d4a23c already in list
07-23 23:08:02.218  9246  5108 I amkush/sym_resolver: resolve_all_pcr: known[1] variant=3 addr=0x72c6cf0010 already in list
07-23 23:08:02.218  9246  5108 I amkush/sym_resolver: resolve_all_pcr: known[2] variant=4 addr=0x72c6cf05a0 already in list
07-23 23:08:02.218  9246  5108 I amkush/sym_resolver: resolve_all_pcr: known[3] variant=5 addr=0x72c6cfcdc0 already in list
07-23 23:08:02.267  9246  5108 I amkush/sym_resolver: resolve_all_pcr: TOTAL 5 variant(s) to hook:
07-23 23:08:02.267  9246  5108 I amkush/sym_resolver:   [0] variant=3 source=elf_scan addr=0x72c6cf0010
07-23 23:08:02.267  9246  5108 I amkush/sym_resolver:   [1] variant=5 source=elf_scan addr=0x72c6cfcdc0
07-23 23:08:02.267  9246  5108 I amkush/sym_resolver:   [2] variant=2 source=elf_scan addr=0x72c6d4a23c
07-23 23:08:02.267  9246  5108 I amkush/sym_resolver:   [3] variant=4 source=elf_scan addr=0x72c6cf05a0
07-23 23:08:02.267  9246  5108 I amkush/sym_resolver:   [4] variant=6 source=elf_scan addr=0x72c6d4a230
07-23 23:08:02.267  9246  5108 I amkush/hook_proxy: PCR[0]: variant=3 addr=0x72c6cf0010 size=1396 source=elf_scan
07-23 23:08:02.271  9246  5108 I amkush/hook_proxy: PCR slot[0] hooked OK: sym_idx=0 variant=3 stub=0xb4000072cbecfce0 fn=0x721e69732c
07-23 23:08:02.271  9246  5108 I amkush/hook_proxy: PCR[1]: variant=5 addr=0x72c6cfcdc0 size=1380 source=elf_scan
07-23 23:08:02.271  9246  5108 I amkush/hook_proxy: PCR slot[1] hooked OK: sym_idx=1 variant=5 stub=0xb4000072cbecfdc0 fn=0x721e697388
07-23 23:08:02.271  9246  5108 I amkush/hook_proxy: PCR[2]: variant=2 addr=0x72c6d4a23c size=4 source=elf_scan
07-23 23:08:02.271  9246  5108 I amkush/hook_proxy: PCR[2]: OutputUtils thunk B‚Üí0x17fe4889 at 0x72c6d4a23c: following to real impl 0x72c6cdc460
07-23 23:08:02.273  9246  5108 I amkush/hook_proxy: PCR slot[2] hooked OK: sym_idx=2 variant=2 stub=0xb4000072cbecfea0 fn=0x721e6973e4
07-23 23:08:02.273  9246  5108 I amkush/hook_proxy: PCR[3]: variant=4 addr=0x72c6cf05a0 size=1496 source=elf_scan
07-23 23:08:02.273  9246  5108 I amkush/hook_proxy: PCR slot[3] hooked OK: sym_idx=3 variant=4 stub=0xb4000072cbed0060 fn=0x721e697440
07-23 23:08:02.273  9246  5108 I amkush/hook_proxy: PCR[4]: variant=6 addr=0x72c6d4a230 size=4 source=elf_scan
07-23 23:08:02.273  9246  5108 I amkush/hook_proxy: PCR[4]: ROB thunk B‚Üí0x17fe4554 at 0x72c6d4a230: following to real impl 0x72c6cdb780
07-23 23:08:02.273  9246  5108 I amkush/hook_proxy: ROB slot[0] hooked OK: sym_idx=4 addr=0x72c6d4a230 stub=0xb4000072cbed0140
07-23 23:08:02.273  9246  5108 I amkush/hook_proxy: PCR: 4 hook(s) installed  ROB: 1 hook(s) installed
07-23 23:08:02.273  9246  5108 I amkush/hook_proxy: returnOutputBuffers hooked ‚Äî HIDL/AIDL injection active.
07-23 23:08:02.273  9246  5108 I amkush/hook_proxy: NOTE: Watch ROB fire counts in diagnostics ‚Äî ROB fires = injection is running.
07-23 23:08:02.273  9246  5108 I amkush/hook_proxy: hook_proxy_install: resolving CS variants (dynamic ELF scan)...
07-23 23:08:02.273  9246  5108 I amkush/sym_resolver: resolve_all_cs: starting full ELF scan for configureStreams
07-23 23:08:02.273  9246  5108 I amkush/sym_resolver: ELF scan: checking '/system/bin/cameraserver' base=0x55b5ab7000
07-23 23:08:02.273  9246  5108 I amkush/sym_resolver: ELF scan: '/system/bin/cameraserver' ‚Üí 0 match(es)
07-23 23:08:02.273  9246  5108 I amkush/sym_resolver: ELF scan: checking '/system/lib64/libcameraservice.so' base=0x72c6a80000
07-23 23:08:02.274  9246  5108 I amkush/sym_resolver: ELF scan: FOUND[0] score=150 variant=1 addr=0x72c6c87bf0 size=9024: android::Camera3Device::configureStreamsLocked(int, android::CameraMetadata const&, bool)
07-23 23:08:02.292  9246  5108 I amkush/sym_resolver: ELF scan: FOUND[1] score=120 variant=1 addr=0x72c6c7d8c0 size=428: android::Camera3Device::configureStreams(android::CameraMetadata const&, int)
07-23 23:08:02.293  9246  5108 I amkush/sym_resolver: ELF scan: FOUND[2] score=230 variant=2 addr=0x72c6ce6810 size=6372: android::HidlCamera3Device::HidlHalInterface::configureStreams(camera_metadata const*, android::camera3::camera_stream_configuration*, std::__1::vector<unsigned int, std::__1::allocator<unsigned int> > const&, long)
07-23 23:08:02.293  9246  5108 I amkush/sym_resolver: ELF scan: FOUND[3] score=230 variant=3 addr=0x72c6d02f20 size=3860: android::AidlCamera3Device::AidlHalInterface::configureStreams(camera_metadata const*, android::camera3::camera_stream_configuration*, std::__1::vector<unsigned int, std::__1::allocator<unsigned int> > const&, long)
07-23 23:08:02.293  9246  5108 I amkush/sym_resolver: ELF scan: '/system/lib64/libcameraservice.so' ‚Üí 4 match(es)
07-23 23:08:02.294  9246  5108 I amkush/sym_resolver: resolve_all_cs: ELF scan found 4 variant(s)
07-23 23:08:02.318  9246  5108 I amkush/sym_resolver: resolve_all_cs: total 4 configureStreams variant(s)
07-23 23:08:02.318  9246  5108 I amkush/hook_proxy: CS[0]: variant=1 addr=0x72c6c87bf0 source=elf_scan
07-23 23:08:02.318  9246  5108 I amkush/hook_proxy: CS[0]: SKIPPING variant=1 (Camera3Device ‚Äî no camera3_stream_configuration_t*, hooking with HAL ABI crashes cameraserver)
07-23 23:08:02.318  9246  5108 I amkush/hook_proxy: CS[1]: variant=1 addr=0x72c6c7d8c0 source=elf_scan
07-23 23:08:02.318  9246  5108 I amkush/hook_proxy: CS[1]: SKIPPING variant=1 (Camera3Device ‚Äî no camera3_stream_configuration_t*, hooking with HAL ABI crashes cameraserver)
07-23 23:08:02.318  9246  5108 I amkush/hook_proxy: CS[2]: variant=2 addr=0x72c6ce6810 source=elf_scan
07-23 23:08:02.318  9246  5108 I amkush/hook_proxy: CS[0] hooked OK: stub=0xb4000072cbed0220 variant=2
07-23 23:08:02.319  9246  5108 I amkush/hook_proxy: CS[3]: variant=3 addr=0x72c6d02f20 source=elf_scan
07-23 23:08:02.326  9246  5108 I amkush/hook_proxy: CS[1] hooked OK: stub=0xb4000072cbed0300 variant=3
07-23 23:08:02.326  9246  5108 I amkush/hook_proxy: CS: 2/4 variant(s) hooked
07-23 23:08:02.326  9246  5108 I amkush/hook_proxy: ‚ïê‚ïê‚ïê‚ïê‚ïê‚ïê‚ïê‚ïê‚ïê‚ïê‚ïê‚ïê‚ïê‚ïê‚ïê HOOK INSTALL COMPLETE ‚ïê‚ïê‚ïê‚ïê‚ïê‚ïê‚ïê‚ïê‚ïê‚ïê‚ïê‚ïê‚ïê‚ïê‚ïê
07-23 23:08:02.326  9246  5108 I amkush/hook_proxy:   PCR hooks: 4  (diagnostics-only for HIDL/AIDL variants)
07-23 23:08:02.326  9246  5108 I amkush/hook_proxy:   ROB hooks: 1  (primary injection ‚Äî returnOutputBuffers)
07-23 23:08:02.326  9246  5108 I amkush/hook_proxy:   CS hooks:  2
07-23 23:08:02.326  9246  5108 I amkush/hook_proxy:   Injection diagnostics will be logged every 200 calls
07-23 23:08:02.326  9246  5108 I amkush/hook_proxy:   Watch 'ROB inject_attempts' ‚Äî those confirm actual frame injection.
07-23 23:08:02.326  9246  5108 I amkush/hook_proxy: ‚ïê‚ïê‚ïê‚ïê‚ïê‚ïê‚ïê‚ïê‚ïê‚ïê‚ïê‚ïê‚ïê‚ïê‚ïê‚ïê‚ïê‚ïê‚ïê‚ïê‚ïê‚ïê‚ïê‚ïê‚ïê‚ïê‚ïê‚ïê‚ïê‚ïê‚ïê‚ïê‚ïê‚ïê‚ïê‚ïê‚ïê‚ïê‚ïê‚ïê‚ïê‚ïê‚ïê‚ïê‚ïê‚ïê‚ïê‚ïê‚ïê‚ïê‚ïê‚ïê‚ïê
07-23 23:08:02.326  9246  5108 I amkush/main: [3/4] hook_proxy_install OK
07-23 23:08:02.326  9246  5108 I amkush/main: [4/4] ipc_socket_start ...
07-23 23:08:02.326  9246  5108 I amkush/main: [4/4] ipc_socket_start OK
07-23 23:08:02.326  9246  5108 I amkush/main: === amkush virtual camera ACTIVE  via=ptrace ===
07-23 23:08:02.337  9246  5115 I amkush/ipc_socket: Listening on abstract socket 'amkush_frame_fd'
07-23 23:08:02.971 25426 26234 I ModuleManager: injectNow: SELinux restored to enforcing
07-23 23:08:02.971 25426 26234 I ModuleManager: === injectNow rc=0 pid=9246 ===
07-23 23:08:02.972 25426 26234 I ModuleManager: injector: I: ======== INJECTION ARGS ========
07-23 23:08:02.972 25426 26234 I ModuleManager: I: pid: 9246
07-23 23:08:02.972 25426 26234 I ModuleManager: I: package: 
07-23 23:08:02.972 25426 26234 I ModuleManager: I: sdk: 34
07-23 23:08:02.972 25426 26234 I ModuleManager: I: launch: 0
07-23 23:08:02.972 25426 26234 I ModuleManager: I: watch: 0
07-23 23:08:02.972 25426 26234 I ModuleManager: I: bp: 0
07-23 23:08:02.972 25426 26234 I ModuleManager: I: delay: 0us
07-23 23:08:02.972 25426 26234 I ModuleManager: I: timeout: 5000ms
07-23 23:08:02.972 25426 26234 I ModuleManager: I: memfd: 1
07-23 23:08:02.972 25426 26234 I ModuleManager: I: free: 0
07-23 23:08:02.972 25426 26234 I ModuleManager: I: hide: 0
07-23 23:08:02.972 25426 26234 I ModuleManager: I: lib[1]: /data/user/0/com.itsme.amkush/files/libhookProxy.so
07-23 23:08:02.972 25426 26234 I ModuleManager: I: ================================
07-23 23:08:02.972 25426 26234 I ModuleManager: I: Direct PID mode: targeting PID 9246
07-23 23:08:02.972 25426 26234 I ModuleManager: I: Attached to process successfully.
07-23 23:08:02.972 25426 26234 I ModuleManager: I: Initializing Injector...
07-23 23:08:02.972 25426 26234 I ModuleManager: I: Injector: dl default
07-23 23:08:02.973 25426 26234 I ModuleManager: injector:  caller set to 0x72b18b0000.
07-23 23:08:02.973 25426 26234 I ModuleManager: I: Injector Initialized.
07-23 23:08:02.973 25426 26234 I ModuleManager: I: Proccess current cmdline ("/system/bin/cameraserver").
07-23 23:08:02.973 25426 26234 I ModuleManager: I: ===== Injecting /data/user/0/com.itsme.amkush/files/libhookProxy.so...
07-23 23:08:02.973 25426 26234 I ModuleManager: I: Injector: using nativeInject...
07-23 23:08:02.973 25426 26234 I ModuleManager: I: nativeInject: memfd Name ("W5m0wMak4T").
07-23 23:08:02.973 25426 26234 I ModuleManager: I: Injector: Library Handle (0x213fbf1890c4159b).
07-23 23:08:02.973 25426 26234 I ModuleManager: I: Injector: Library Base (0x721e640000).
07-23 23:08:02.973 25426 26234 I ModuleManager: W: Injector: Couldn't find JNI_OnLoad symbo
07-23 23:08:02.973 25426 26234 I ModuleManager: injector: l.
07-23 23:08:02.973 25426 26234 I ModuleManager: W: Injector: Couldn't find JavaVM.
07-23 23:08:02.973 25426 26234 I ModuleManager: W: Injector: Skipping EntryPoint
07-23 23:08:02.973 25426 26234 I ModuleManager: I: ===== Successfully injected /data/user/0/com.itsme.amkush/files/libhookProxy.so.
07-23 23:08:02.973 25426 26234 I ModuleManager: I: Injected 1 lib successfully.
07-23 23:08:02.973 25426 26234 I ModuleManager: I: Injection succeeded.
07-23 23:08:02.973 25426 26234 I ModuleManager: I: Injection took 303.060615 MS.
07-23 23:09:23.389 25426 26234 I ModuleManager: injectNow: hook_active_pid state file written (pid=9246)
07-23 23:09:23.393 25426 26234 I ModuleManager: injectNow: app SELinux context='u:r:untrusted_app:s0:c50,c257,c512,c768¿Ä' domain='untrusted_app'
07-23 23:09:25.165 25426 26234 I ModuleManager: injectNow: SELinux rule [untrusted_app] ‚Üí magisk_ok
07-23 23:09:25.165 25426 26234 I ModuleManager: su_ok
07-23 23:09:25.165 25426 26234 I ModuleManager: ksu_ok
07-23 23:09:26.709 25426 26234 I ModuleManager: injectNow: SELinux rule [untrusted_app_25] ‚Üí magisk_ok
07-23 23:09:26.709 25426 26234 I ModuleManager: su_ok
07-23 23:09:26.709 25426 26234 I ModuleManager: ksu_ok
07-23 23:09:27.929 25426 26234 I ModuleManager: injectNow: SELinux rule [untrusted_app_27] ‚Üí magisk_ok
07-23 23:09:27.929 25426 26234 I ModuleManager: su_ok
07-23 23:09:27.929 25426 26234 I ModuleManager: ksu_ok
07-23 23:09:29.151 25426 26234 I ModuleManager: injectNow: SELinux rule [platform_app] ‚Üí magisk_ok
07-23 23:09:29.151 25426 26234 I ModuleManager: su_ok
07-23 23:09:29.151 25426 26234 I ModuleManager: ksu_ok
07-23 23:09:29.994 25426 26234 I ModuleManager: injectNow: SELinux rule [priv_app] ‚Üí magisk_ok
07-23 23:09:29.994 25426 26234 I ModuleManager: su_ok
07-23 23:09:29.994 25426 26234 I ModuleManager: ksu_ok
07-23 23:09:30.505 25426 26234 I ModuleManager: injectNow: watchdog already running ‚Äî skipping auto-start
07-23 23:11:28.024  3958  3958 W ModuleManager: ModuleManager.loadModule():634 Module pwt is not available
07-23 23:11:28.043  3958  3958 W ModuleManager: ModuleManager.loadModule():634 Module pwt is not available
07-23 23:11:28.130  3958  4896 W ModuleManager: ModuleManager.loadModule():634 Module qtw is not available
07-23 23:11:28.267  3958  3958 W ModuleManager: ModuleManager.loadModule():634 Module pwt is not available
07-23 23:12:07.596  9246  5115 I amkush/ipc_socket: Client connected ‚Äî receiving fd
07-23 23:12:07.596  9246  5115 I amkush/frame_source: frame_source_init: 1280x720 stride=1280 fmt=0 slot_sz=1382400 total=4147264
07-23 23:12:07.596  9246  5115 I amkush/ipc_socket: Frame source initialized from received fd=16
07-23 23:12:21.273  3958  3958 W ModuleManager: ModuleManager.loadModule():634 Module pwt is not available
07-23 23:12:21.279  3958  3958 W ModuleManager: ModuleManager.loadModule():634 Module pwt is not available
07-23 23:12:21.315  3958  4896 W ModuleManager: ModuleManager.loadModule():634 Module qtw is not available
07-23 23:12:21.644  3958  3958 W ModuleManager: ModuleManager.loadModule():634 Module pwt is not available
07-23 23:12:22.125  3958  3958 W ModuleManager: ModuleManager.loadModule():634 Module pwt is not available
07-23 23:12:22.207  3958  4896 W ModuleManager: ModuleManager.loadModule():634 Module qtw is not available
07-23 23:12:22.711  3958  3958 W ModuleManager: ModuleManager.loadModule():634 Module pwt is not available
07-23 23:12:25.135  3958  3958 W ModuleManager: ModuleManager.loadModule():634 Module pwt is not available
07-23 23:12:25.258  3958  4896 W ModuleManager: ModuleManager.loadModule():634 Module qtw is not available
07-23 23:12:45.701  9246 11478 I amkush/hook_proxy: CS[0] configureStreams HAL fired (fires=1)
07-23 23:12:45.701  9246 11478 I amkush/hook_proxy: CS[0] stripped PROTECTED from 1 stream(s)
07-23 23:12:45.701  9246 11478 I amkush/hook_proxy: CS[0] pre-call: num_streams=1
07-23 23:12:45.885  9246 11478 I amkush/hook_proxy: CS[0] original returned 0
07-23 23:12:45.885  9246 11478 I amkush/hook_proxy: CS[0] stream map rebuilt: 1 stream(s)
07-23 23:12:46.024  9246 30712 I amkush/hook_proxy: CS[0] configureStreams HAL fired (fires=2)
07-23 23:12:46.024  9246 30712 I amkush/hook_proxy: CS[0] pre-call: num_streams=1
07-23 23:12:46.236  9246 30712 I amkush/hook_proxy: CS[0] original returned 0
07-23 23:12:46.236  9246 30712 I amkush/hook_proxy: CS[0] stream map rebuilt: 1 stream(s)
07-23 23:12:46.700  9246  9301 I amkush/hook_proxy: PCR[hook0] variant=3 fires=1 ‚Äî diagnostics-only (HIDL/AIDL/OutputUtils not injectable; ROB hook is sole inject point)
07-23 23:12:46.700  9246  9301 I amkush/hook_proxy: PCR[hook2] variant=2 fires=1 ‚Äî diagnostics-only (HIDL/AIDL/OutputUtils not injectable; ROB hook is sole inject point)
07-23 23:13:37.656  3958  3958 W ModuleManager: ModuleManager.loadModule():634 Module pwt is not available
07-23 23:13:37.818  3958  4896 W ModuleManager: ModuleManager.loadModule():634 Module qtw is not available
07-23 23:13:37.936  3958  3958 W ModuleManager: ModuleManager.loadModule():634 Module pwt is not available
07-23 23:13:38.491  3958  4896 W ModuleManager: ModuleManager.loadModule():634 Module qtw is not available
07-23 23:13:44.554  3958  3958 W ModuleManager: ModuleManager.loadModule():634 Module pwt is not available
07-23 23:13:44.673  3958  4896 W ModuleManager: ModuleManager.loadModule():634 Module qtw is not available
